W1024 14:29:10.551982       1 client_config.go:659] Neither --kubeconfig nor --master was specified.  Using the inClusterConfig.  This might not work.
2024-10-24T14:29:10.675Z	INFO	util	unable to get CRD with ApiextensionsV1 Client, not found.	{"CRD": "multiclusterglobalhubs.operator.open-cluster-management.io"}
2024-10-24T14:29:10.681Z	INFO	controller-runtime.builder	skip registering a mutating webhook, object does not implement admission.Defaulter or WithDefaulter wasn't called	{"GVK": "observability.open-cluster-management.io/v1beta2, Kind=MultiClusterObservability"}
2024-10-24T14:29:10.681Z	INFO	controller-runtime.builder	Registering a validating webhook	{"GVK": "observability.open-cluster-management.io/v1beta2, Kind=MultiClusterObservability", "path": "/validate-observability-open-cluster-management-io-v1beta2-multiclusterobservability"}
2024-10-24T14:29:10.682Z	INFO	controller-runtime.webhook	Registering webhook	{"path": "/validate-observability-open-cluster-management-io-v1beta2-multiclusterobservability"}
2024-10-24T14:29:10.682Z	INFO	controller-runtime.webhook	Registering webhook	{"path": "/convert"}
2024-10-24T14:29:10.682Z	INFO	controller-runtime.builder	Conversion webhook enabled	{"GVK": "observability.open-cluster-management.io/v1beta2, Kind=MultiClusterObservability"}
2024-10-24T14:29:10.682Z	INFO	setup	add webhook controller to manager
2024-10-24T14:29:10.682Z	INFO	setup	starting manager
2024-10-24T14:29:10.682Z	INFO	controller-runtime.metrics	Starting metrics server
2024-10-24T14:29:10.682Z	INFO	controller-runtime.metrics	Serving metrics server	{"bindAddress": "0.0.0.0:8383", "secure": false}
2024-10-24T14:29:10.682Z	INFO	starting server	{"name": "health probe", "addr": "[::]:8081"}
2024-10-24T14:29:10.682Z	INFO	controller-runtime.webhook	Starting webhook server
I1024 14:29:10.683035       1 enhanced-filtered-cache.go:523] Start enhanced filtered cache
2024-10-24T14:29:10.683Z	INFO	controller-runtime.certwatcher	Updated current TLS certificate
2024-10-24T14:29:10.683Z	INFO	controller-runtime.webhook	Serving webhook server	{"host": "", "port": 9443}
W1024 14:29:10.683432       1 shared_informer.go:463] The sharedIndexInformer has started, run more than once is not allowed
2024-10-24T14:29:10.683Z	INFO	controller-runtime.certwatcher	Starting certificate watcher
W1024 14:29:10.683432       1 shared_informer.go:463] The sharedIndexInformer has started, run more than once is not allowed
W1024 14:29:10.683654       1 shared_informer.go:463] The sharedIndexInformer has started, run more than once is not allowed
W1024 14:29:10.683894       1 shared_informer.go:463] The sharedIndexInformer has started, run more than once is not allowed
W1024 14:29:10.683913       1 shared_informer.go:463] The sharedIndexInformer has started, run more than once is not allowed
W1024 14:29:10.683914       1 shared_informer.go:463] The sharedIndexInformer has started, run more than once is not allowed
W1024 14:29:10.683925       1 shared_informer.go:463] The sharedIndexInformer has started, run more than once is not allowed
W1024 14:29:10.683931       1 shared_informer.go:463] The sharedIndexInformer has started, run more than once is not allowed
W1024 14:29:10.683938       1 shared_informer.go:463] The sharedIndexInformer has started, run more than once is not allowed
W1024 14:29:10.683945       1 shared_informer.go:463] The sharedIndexInformer has started, run more than once is not allowed
W1024 14:29:10.683951       1 shared_informer.go:463] The sharedIndexInformer has started, run more than once is not allowed
W1024 14:29:10.683958       1 shared_informer.go:463] The sharedIndexInformer has started, run more than once is not allowed
W1024 14:29:10.683968       1 shared_informer.go:463] The sharedIndexInformer has started, run more than once is not allowed
W1024 14:29:10.683978       1 shared_informer.go:463] The sharedIndexInformer has started, run more than once is not allowed
W1024 14:29:10.683987       1 shared_informer.go:463] The sharedIndexInformer has started, run more than once is not allowed
W1024 14:29:10.683994       1 shared_informer.go:463] The sharedIndexInformer has started, run more than once is not allowed
W1024 14:29:10.684036       1 shared_informer.go:463] The sharedIndexInformer has started, run more than once is not allowed
W1024 14:29:10.684034       1 shared_informer.go:463] The sharedIndexInformer has started, run more than once is not allowed
I1024 14:29:11.683696       1 leaderelection.go:250] attempting to acquire leader lease open-cluster-management/b9d51391.open-cluster-management.io...
I1024 14:29:28.240832       1 leaderelection.go:260] successfully acquired lease open-cluster-management/b9d51391.open-cluster-management.io
2024-10-24T14:29:28.240Z	DEBUG	events	multicluster-observability-operator-57b6f64fc4-vqhmv_e83aa79e-5736-4871-8ed6-ebf6236fd997 became leader	{"type": "Normal", "object": {"kind":"Lease","namespace":"open-cluster-management","name":"b9d51391.open-cluster-management.io","uid":"e9883bee-95b4-4691-9348-8550a5e70c4b","apiVersion":"coordination.k8s.io/v1","resourceVersion":"2744550"}, "reason": "LeaderElection"}
2024-10-24T14:29:28.240Z	DEBUG	webhook-controller	creating or updating the validatingwebhookconfiguration	{"validatingwebhookconfiguration": "multicluster-observability-operator"}
2024-10-24T14:29:28.241Z	INFO	Starting EventSource	{"controller": "multiclusterobservability", "controllerGroup": "observability.open-cluster-management.io", "controllerKind": "MultiClusterObservability", "source": "kind source: *v1beta2.MultiClusterObservability"}
2024-10-24T14:29:28.241Z	INFO	Starting EventSource	{"controller": "multiclusterobservability", "controllerGroup": "observability.open-cluster-management.io", "controllerKind": "MultiClusterObservability", "source": "kind source: *v1.Deployment"}
2024-10-24T14:29:28.241Z	INFO	Starting EventSource	{"controller": "multiclusterobservability", "controllerGroup": "observability.open-cluster-management.io", "controllerKind": "MultiClusterObservability", "source": "kind source: *v1.StatefulSet"}
2024-10-24T14:29:28.241Z	INFO	Starting EventSource	{"controller": "multiclusterobservability", "controllerGroup": "observability.open-cluster-management.io", "controllerKind": "MultiClusterObservability", "source": "kind source: *v1.ConfigMap"}
2024-10-24T14:29:28.241Z	INFO	Starting EventSource	{"controller": "multiclusterobservability", "controllerGroup": "observability.open-cluster-management.io", "controllerKind": "MultiClusterObservability", "source": "kind source: *v1.Secret"}
2024-10-24T14:29:28.241Z	INFO	Starting EventSource	{"controller": "multiclusterobservability", "controllerGroup": "observability.open-cluster-management.io", "controllerKind": "MultiClusterObservability", "source": "kind source: *v1.Service"}
2024-10-24T14:29:28.241Z	INFO	Starting EventSource	{"controller": "multiclusterobservability", "controllerGroup": "observability.open-cluster-management.io", "controllerKind": "MultiClusterObservability", "source": "kind source: *v1alpha1.Observatorium"}
2024-10-24T14:29:28.241Z	INFO	Starting EventSource	{"controller": "multiclusterobservability", "controllerGroup": "observability.open-cluster-management.io", "controllerKind": "MultiClusterObservability", "source": "kind source: *v1alpha1.AddOnDeploymentConfig"}
2024-10-24T14:29:28.241Z	INFO	Starting EventSource	{"controller": "multiclusterobservability", "controllerGroup": "observability.open-cluster-management.io", "controllerKind": "MultiClusterObservability", "source": "kind source: *v1alpha1.ClusterManagementAddOn"}
2024-10-24T14:29:28.241Z	INFO	Starting EventSource	{"controller": "multiclusterobservability", "controllerGroup": "observability.open-cluster-management.io", "controllerKind": "MultiClusterObservability", "source": "kind source: *v1.ConfigMap"}
2024-10-24T14:29:28.241Z	INFO	Starting EventSource	{"controller": "multiclusterobservability", "controllerGroup": "observability.open-cluster-management.io", "controllerKind": "MultiClusterObservability", "source": "kind source: *v1.Secret"}
2024-10-24T14:29:28.241Z	INFO	Starting EventSource	{"controller": "multiclusterobservability", "controllerGroup": "observability.open-cluster-management.io", "controllerKind": "MultiClusterObservability", "source": "kind source: *v1.Namespace"}
2024-10-24T14:29:28.241Z	INFO	Starting EventSource	{"controller": "multiclusterobservability", "controllerGroup": "observability.open-cluster-management.io", "controllerKind": "MultiClusterObservability", "source": "kind source: *v1.ConfigMap"}
2024-10-24T14:29:28.241Z	INFO	Starting EventSource	{"controller": "multiclusterobservability", "controllerGroup": "observability.open-cluster-management.io", "controllerKind": "MultiClusterObservability", "source": "kind source: *v1.CustomResourceDefinition"}
2024-10-24T14:29:28.241Z	INFO	Starting EventSource	{"controller": "multiclusterobservability", "controllerGroup": "observability.open-cluster-management.io", "controllerKind": "MultiClusterObservability", "source": "kind source: *v1.ImageStream"}
2024-10-24T14:29:28.241Z	INFO	Starting EventSource	{"controller": "multiclusterobservability", "controllerGroup": "observability.open-cluster-management.io", "controllerKind": "MultiClusterObservability", "source": "kind source: *v1.MultiClusterHub"}
2024-10-24T14:29:28.241Z	INFO	Starting Controller	{"controller": "multiclusterobservability", "controllerGroup": "observability.open-cluster-management.io", "controllerKind": "MultiClusterObservability"}
2024-10-24T14:29:28.247Z	DEBUG	config	the length of mch-image-manifest configmap	{"imageManifests": 47}
W1024 14:29:28.251856       1 reflector.go:561] pkg/mod/k8s.io/client-go@v0.31.0-alpha.2/tools/cache/reflector.go:243: failed to list *v1.ImageStream: imagestreams.image.openshift.io is forbidden: User "system:serviceaccount:open-cluster-management:multicluster-observability-operator" cannot list resource "imagestreams" in API group "image.openshift.io" at the cluster scope
E1024 14:29:28.251907       1 reflector.go:158] "Unhandled Error" err="pkg/mod/k8s.io/client-go@v0.31.0-alpha.2/tools/cache/reflector.go:243: Failed to watch *v1.ImageStream: failed to list *v1.ImageStream: imagestreams.image.openshift.io is forbidden: User \"system:serviceaccount:open-cluster-management:multicluster-observability-operator\" cannot list resource \"imagestreams\" in API group \"image.openshift.io\" at the cluster scope" logger="UnhandledError"
2024-10-24T14:29:28.343Z	DEBUG	webhook-controller	the validatingwebhookconfiguration already exists and no change	{"validatingwebhookconfiguration": "multicluster-observability-operator"}
W1024 14:29:29.247342       1 reflector.go:561] pkg/mod/k8s.io/client-go@v0.31.0-alpha.2/tools/cache/reflector.go:243: failed to list *v1.ImageStream: imagestreams.image.openshift.io is forbidden: User "system:serviceaccount:open-cluster-management:multicluster-observability-operator" cannot list resource "imagestreams" in API group "image.openshift.io" at the cluster scope
E1024 14:29:29.247416       1 reflector.go:158] "Unhandled Error" err="pkg/mod/k8s.io/client-go@v0.31.0-alpha.2/tools/cache/reflector.go:243: Failed to watch *v1.ImageStream: failed to list *v1.ImageStream: imagestreams.image.openshift.io is forbidden: User \"system:serviceaccount:open-cluster-management:multicluster-observability-operator\" cannot list resource \"imagestreams\" in API group \"image.openshift.io\" at the cluster scope" logger="UnhandledError"
W1024 14:29:31.500046       1 reflector.go:561] pkg/mod/k8s.io/client-go@v0.31.0-alpha.2/tools/cache/reflector.go:243: failed to list *v1.ImageStream: imagestreams.image.openshift.io is forbidden: User "system:serviceaccount:open-cluster-management:multicluster-observability-operator" cannot list resource "imagestreams" in API group "image.openshift.io" at the cluster scope
E1024 14:29:31.500121       1 reflector.go:158] "Unhandled Error" err="pkg/mod/k8s.io/client-go@v0.31.0-alpha.2/tools/cache/reflector.go:243: Failed to watch *v1.ImageStream: failed to list *v1.ImageStream: imagestreams.image.openshift.io is forbidden: User \"system:serviceaccount:open-cluster-management:multicluster-observability-operator\" cannot list resource \"imagestreams\" in API group \"image.openshift.io\" at the cluster scope" logger="UnhandledError"
W1024 14:29:35.919958       1 reflector.go:561] pkg/mod/k8s.io/client-go@v0.31.0-alpha.2/tools/cache/reflector.go:243: failed to list *v1.ImageStream: imagestreams.image.openshift.io is forbidden: User "system:serviceaccount:open-cluster-management:multicluster-observability-operator" cannot list resource "imagestreams" in API group "image.openshift.io" at the cluster scope
E1024 14:29:35.920018       1 reflector.go:158] "Unhandled Error" err="pkg/mod/k8s.io/client-go@v0.31.0-alpha.2/tools/cache/reflector.go:243: Failed to watch *v1.ImageStream: failed to list *v1.ImageStream: imagestreams.image.openshift.io is forbidden: User \"system:serviceaccount:open-cluster-management:multicluster-observability-operator\" cannot list resource \"imagestreams\" in API group \"image.openshift.io\" at the cluster scope" logger="UnhandledError"
W1024 14:29:46.456962       1 reflector.go:561] pkg/mod/k8s.io/client-go@v0.31.0-alpha.2/tools/cache/reflector.go:243: failed to list *v1.ImageStream: imagestreams.image.openshift.io is forbidden: User "system:serviceaccount:open-cluster-management:multicluster-observability-operator" cannot list resource "imagestreams" in API group "image.openshift.io" at the cluster scope
E1024 14:29:46.457001       1 reflector.go:158] "Unhandled Error" err="pkg/mod/k8s.io/client-go@v0.31.0-alpha.2/tools/cache/reflector.go:243: Failed to watch *v1.ImageStream: failed to list *v1.ImageStream: imagestreams.image.openshift.io is forbidden: User \"system:serviceaccount:open-cluster-management:multicluster-observability-operator\" cannot list resource \"imagestreams\" in API group \"image.openshift.io\" at the cluster scope" logger="UnhandledError"
W1024 14:30:06.446941       1 reflector.go:561] pkg/mod/k8s.io/client-go@v0.31.0-alpha.2/tools/cache/reflector.go:243: failed to list *v1.ImageStream: imagestreams.image.openshift.io is forbidden: User "system:serviceaccount:open-cluster-management:multicluster-observability-operator" cannot list resource "imagestreams" in API group "image.openshift.io" at the cluster scope
E1024 14:30:06.446991       1 reflector.go:158] "Unhandled Error" err="pkg/mod/k8s.io/client-go@v0.31.0-alpha.2/tools/cache/reflector.go:243: Failed to watch *v1.ImageStream: failed to list *v1.ImageStream: imagestreams.image.openshift.io is forbidden: User \"system:serviceaccount:open-cluster-management:multicluster-observability-operator\" cannot list resource \"imagestreams\" in API group \"image.openshift.io\" at the cluster scope" logger="UnhandledError"
2024-10-24T14:30:41.452Z	INFO	Starting workers	{"controller": "multiclusterobservability", "controllerGroup": "observability.open-cluster-management.io", "controllerKind": "MultiClusterObservability", "worker count": 1}
2024-10-24T14:30:41.452Z	INFO	controller_multiclustermonitoring	Reconciling MultiClusterObservability	{"Request.Namespace": "", "Request.Name": "observability"}
2024-10-24T14:30:41.454Z	INFO	util	unable to get CRD with ApiextensionsV1 Client, not found.	{"CRD": "multiclusterglobalhubs.operator.open-cluster-management.io"}
2024-10-24T14:30:41.455Z	INFO	Starting EventSource	{"controller": "managedcluster", "controllerGroup": "cluster.open-cluster-management.io", "controllerKind": "ManagedCluster", "source": "kind source: *v1.ManagedCluster"}
2024-10-24T14:30:41.455Z	INFO	Starting EventSource	{"controller": "managedcluster", "controllerGroup": "cluster.open-cluster-management.io", "controllerKind": "ManagedCluster", "source": "kind source: *v1beta1.ObservabilityAddon"}
2024-10-24T14:30:41.455Z	INFO	Starting EventSource	{"controller": "managedcluster", "controllerGroup": "cluster.open-cluster-management.io", "controllerKind": "ManagedCluster", "source": "kind source: *v1beta2.MultiClusterObservability"}
2024-10-24T14:30:41.455Z	INFO	Starting EventSource	{"controller": "managedcluster", "controllerGroup": "cluster.open-cluster-management.io", "controllerKind": "ManagedCluster", "source": "kind source: *v1.ConfigMap"}
2024-10-24T14:30:41.455Z	INFO	Starting EventSource	{"controller": "managedcluster", "controllerGroup": "cluster.open-cluster-management.io", "controllerKind": "ManagedCluster", "source": "kind source: *v1.Secret"}
2024-10-24T14:30:41.455Z	INFO	Starting EventSource	{"controller": "managedcluster", "controllerGroup": "cluster.open-cluster-management.io", "controllerKind": "ManagedCluster", "source": "kind source: *v1.ServiceAccount"}
2024-10-24T14:30:41.455Z	INFO	Starting EventSource	{"controller": "managedcluster", "controllerGroup": "cluster.open-cluster-management.io", "controllerKind": "ManagedCluster", "source": "kind source: *v1alpha1.AddOnDeploymentConfig"}
2024-10-24T14:30:41.455Z	INFO	Starting EventSource	{"controller": "managedcluster", "controllerGroup": "cluster.open-cluster-management.io", "controllerKind": "ManagedCluster", "source": "kind source: *v1.ManifestWork"}
2024-10-24T14:30:41.455Z	INFO	Starting EventSource	{"controller": "managedcluster", "controllerGroup": "cluster.open-cluster-management.io", "controllerKind": "ManagedCluster", "source": "kind source: *v1alpha1.ClusterManagementAddOn"}
2024-10-24T14:30:41.455Z	INFO	Starting EventSource	{"controller": "managedcluster", "controllerGroup": "cluster.open-cluster-management.io", "controllerKind": "ManagedCluster", "source": "kind source: *v1alpha1.ManagedClusterAddOn"}
2024-10-24T14:30:41.455Z	INFO	Starting EventSource	{"controller": "managedcluster", "controllerGroup": "cluster.open-cluster-management.io", "controllerKind": "ManagedCluster", "source": "kind source: *v1.IngressController"}
2024-10-24T14:30:41.455Z	INFO	Starting EventSource	{"controller": "managedcluster", "controllerGroup": "cluster.open-cluster-management.io", "controllerKind": "ManagedCluster", "source": "kind source: *v1.Secret"}
2024-10-24T14:30:41.455Z	INFO	Starting EventSource	{"controller": "managedcluster", "controllerGroup": "cluster.open-cluster-management.io", "controllerKind": "ManagedCluster", "source": "kind source: *v1.Secret"}
2024-10-24T14:30:41.455Z	INFO	Starting EventSource	{"controller": "managedcluster", "controllerGroup": "cluster.open-cluster-management.io", "controllerKind": "ManagedCluster", "source": "kind source: *v1.MultiClusterHub"}
2024-10-24T14:30:41.455Z	INFO	Starting EventSource	{"controller": "managedcluster", "controllerGroup": "cluster.open-cluster-management.io", "controllerKind": "ManagedCluster", "source": "kind source: *v1.Deployment"}
2024-10-24T14:30:41.455Z	INFO	Starting EventSource	{"controller": "managedcluster", "controllerGroup": "cluster.open-cluster-management.io", "controllerKind": "ManagedCluster", "source": "kind source: *v1.Secret"}
2024-10-24T14:30:41.455Z	INFO	Starting EventSource	{"controller": "managedcluster", "controllerGroup": "cluster.open-cluster-management.io", "controllerKind": "ManagedCluster", "source": "kind source: *v1.Secret"}
2024-10-24T14:30:41.455Z	INFO	Starting EventSource	{"controller": "managedcluster", "controllerGroup": "cluster.open-cluster-management.io", "controllerKind": "ManagedCluster", "source": "kind source: *v1.Secret"}
2024-10-24T14:30:41.455Z	INFO	Starting EventSource	{"controller": "managedcluster", "controllerGroup": "cluster.open-cluster-management.io", "controllerKind": "ManagedCluster", "source": "kind source: *v1.ConfigMap"}
2024-10-24T14:30:41.455Z	INFO	Starting EventSource	{"controller": "managedcluster", "controllerGroup": "cluster.open-cluster-management.io", "controllerKind": "ManagedCluster", "source": "kind source: *v1.StatefulSet"}
2024-10-24T14:30:41.455Z	INFO	Starting EventSource	{"controller": "managedcluster", "controllerGroup": "cluster.open-cluster-management.io", "controllerKind": "ManagedCluster", "source": "kind source: *v1.Secret"}
2024-10-24T14:30:41.455Z	INFO	Starting EventSource	{"controller": "managedcluster", "controllerGroup": "cluster.open-cluster-management.io", "controllerKind": "ManagedCluster", "source": "kind source: *v1.ServiceAccount"}
2024-10-24T14:30:41.455Z	INFO	Starting Controller	{"controller": "managedcluster", "controllerGroup": "cluster.open-cluster-management.io", "controllerKind": "ManagedCluster"}
2024-10-24T14:30:41.455Z	INFO	controller_placementrule	CreateFunc	{"managedCluster": "local-cluster"}
2024-10-24T14:30:41.455Z	INFO	controller_placementrule	generate metric allow list configmap for allowlist configmap CREATE
2024-10-24T14:30:41.455Z	INFO	controller_placementrule	CreateFunc	{"managedCluster": "managed-cluster-1"}
2024-10-24T14:30:41.455Z	INFO	controller_placementrule	generate amAccessorTokenSecret for alertmanager access serviceaccount CREATE
2024-10-24T14:30:41.455Z	INFO	controller_placementrule	generate managedcluster observability certificate for server certificate CREATE
2024-10-24T14:30:41.457Z	INFO	controller_placementrule	There is no custom metrics allowlist configmap in the cluster
2024-10-24T14:30:41.460Z	DEBUG	config	the length of mch-image-manifest configmap	{"imageManifests": 47}
I1024 14:30:41.465075       1 base_controller.go:34] Waiting for caches to sync for addon-install-controller
I1024 14:30:41.465091       1 base_controller.go:34] Waiting for caches to sync for CSRApprovingController
I1024 14:30:41.465095       1 base_controller.go:34] Waiting for caches to sync for addon-owner-controller
I1024 14:30:41.465105       1 base_controller.go:34] Waiting for caches to sync for management-addon-controller
I1024 14:30:41.465080       1 base_controller.go:34] Waiting for caches to sync for CSRApprovingController
I1024 14:30:41.465117       1 base_controller.go:34] Waiting for caches to sync for addon-deploy-controller
I1024 14:30:41.465113       1 base_controller.go:34] Waiting for caches to sync for addon-registration-controller
2024-10-24T14:30:41.465Z	INFO	controller_multiclustermonitoring	adding backup label	{"Secret": "thanos-object-storage"}
2024-10-24T14:30:41.474Z	INFO	sm_controller	ServiceMonitor Updated	{"namespace": "open-cluster-management-observability", "name": "observability-observatorium-api"}
2024-10-24T14:30:41.477Z	DEBUG	config	operand is	{"key": "observatorium-api", "name": ""}
2024-10-24T14:30:41.480Z	INFO	sm_controller	ServiceMonitor Updated	{"namespace": "open-cluster-management-observability", "name": "observability-thanos-compact"}
2024-10-24T14:30:41.487Z	INFO	sm_controller	ServiceMonitor Updated	{"namespace": "open-cluster-management-observability", "name": "observability-thanos-query"}
2024-10-24T14:30:41.489Z	INFO	controller_certificates	Update deployment cert/restart label	{"name": "metrics-collector-deployment"}
2024-10-24T14:30:41.490Z	DEBUG	config	operand is	{"key": "rbac-query-proxy", "name": ""}
2024-10-24T14:30:41.490Z	DEBUG	config	operand is	{"key": "rbac-query-proxy", "name": ""}
2024-10-24T14:30:41.490Z	DEBUG	config	operand is	{"key": "observatorium-api", "name": ""}
2024-10-24T14:30:41.494Z	INFO	sm_controller	ServiceMonitor Updated	{"namespace": "open-cluster-management-observability", "name": "observability-thanos-query-frontend"}
2024-10-24T14:30:41.499Z	INFO	sm_controller	ServiceMonitor Updated	{"namespace": "open-cluster-management-observability", "name": "observability-thanos-query-frontend-memcached"}
2024-10-24T14:30:41.530Z	INFO	sm_controller	ServiceMonitor Updated	{"namespace": "open-cluster-management-observability", "name": "observability-thanos-receive"}
2024-10-24T14:30:41.543Z	INFO	sm_controller	ServiceMonitor Updated	{"namespace": "open-cluster-management-observability", "name": "observability-thanos-receive-controller"}
2024-10-24T14:30:41.552Z	INFO	sm_controller	ServiceMonitor Updated	{"namespace": "open-cluster-management-observability", "name": "observability-thanos-rule"}
2024-10-24T14:30:41.562Z	INFO	sm_controller	ServiceMonitor Updated	{"namespace": "open-cluster-management-observability", "name": "observability-thanos-store-memcached"}
I1024 14:30:41.565228       1 base_controller.go:40] Caches are synced for addon-registration-controller 
I1024 14:30:41.565250       1 base_controller.go:78] Starting #1 worker of addon-registration-controller controller ...
I1024 14:30:41.565329       1 base_controller.go:40] Caches are synced for addon-owner-controller 
I1024 14:30:41.565349       1 base_controller.go:78] Starting #1 worker of addon-owner-controller controller ...
I1024 14:30:41.565442       1 base_controller.go:40] Caches are synced for CSRApprovingController 
I1024 14:30:41.565499       1 base_controller.go:78] Starting #1 worker of CSRApprovingController controller ...
I1024 14:30:41.565506       1 base_controller.go:40] Caches are synced for addon-deploy-controller 
I1024 14:30:41.565605       1 base_controller.go:78] Starting #1 worker of addon-deploy-controller controller ...
I1024 14:30:41.565516       1 base_controller.go:40] Caches are synced for CSRApprovingController 
I1024 14:30:41.565629       1 base_controller.go:78] Starting #1 worker of CSRApprovingController controller ...
I1024 14:30:41.565521       1 base_controller.go:40] Caches are synced for management-addon-controller 
I1024 14:30:41.565641       1 base_controller.go:78] Starting #1 worker of management-addon-controller controller ...
I1024 14:30:41.565673       1 base_controller.go:40] Caches are synced for addon-install-controller 
I1024 14:30:41.565702       1 base_controller.go:78] Starting #1 worker of addon-install-controller controller ...
2024-10-24T14:30:41.571Z	INFO	sm_controller	ServiceMonitor Updated	{"namespace": "open-cluster-management-observability", "name": "observability-thanos-store-shard"}
2024-10-24T14:30:41.729Z	DEBUG	config	operand is	{"key": "grafana", "name": "observability-grafana"}
2024-10-24T14:30:41.729Z	DEBUG	config	image replacement	{"componentName": "grafana", "image": "registry.redhat.io/rhacm2/acm-grafana-rhel9@sha256:74ad9db2286eef85e6c278cad1840a144ab50e8db1fced736974432dc4b9e0dd"}
2024-10-24T14:30:41.729Z	DEBUG	config	image replacement	{"componentName": "grafana_dashboard_loader", "image": "registry.redhat.io/rhacm2/grafana-dashboard-loader-rhel9@sha256:e2ff942d47e7e703a5fb11a2aacaac610e53273c74284d3b6da88bc70b8e7b7a"}
2024-10-24T14:30:41.744Z	DEBUG	config	operand is	{"key": "alertmanager", "name": "observability-alertmanager"}
2024-10-24T14:30:41.744Z	DEBUG	config	operand is	{"key": "alertmanager", "name": "observability-alertmanager"}
2024-10-24T14:30:41.744Z	DEBUG	config	operand is	{"key": "alertmanager", "name": "observability-alertmanager"}
2024-10-24T14:30:41.744Z	DEBUG	config	operand is	{"key": "alertmanager", "name": "observability-alertmanager"}
2024-10-24T14:30:41.744Z	DEBUG	config	image replacement	{"componentName": "prometheus_alertmanager", "image": "registry.redhat.io/rhacm2/prometheus-alertmanager-rhel9@sha256:6429a938750a655c2081cf3d6021a7377f6a3aa5cd43587885d4d49a9e528ee4"}
2024-10-24T14:30:41.744Z	DEBUG	config	image replacement	{"componentName": "configmap_reloader", "image": "registry.redhat.io/openshift4/ose-configmap-reloader@sha256:fa5b2e42a27e3ab5f0a0d2a103b5602b81d1b29eb788b54cc60ad547744ad053"}
2024-10-24T14:30:41.747Z	DEBUG	config	image replacement	{"componentName": "kube_rbac_proxy", "image": "registry.redhat.io/rhacm2/kube-rbac-proxy-rhel9@sha256:c60a1d52359493a41b2b6f820d11716d67290e9b83dc18c16039dbc6f120e5f2"}
2024-10-24T14:30:41.756Z	DEBUG	config	operand is	{"key": "rbac-query-proxy", "name": "observability-rbac-query-proxy"}
2024-10-24T14:30:41.756Z	DEBUG	config	operand is	{"key": "observatorium", "name": "observability"}
2024-10-24T14:30:41.756Z	DEBUG	config	operand is	{"key": "observatorium", "name": "observability"}
2024-10-24T14:30:41.757Z	DEBUG	config	image replacement	{"componentName": "rbac_query_proxy", "image": "registry.redhat.io/rhacm2/rbac-query-proxy-rhel9@sha256:8a0b372f52004a9855d4d42c4bbd7d09d586e9d0fabdb73d525b1a23b030b1ed"}
2024-10-24T14:30:41.761Z	DEBUG	config	image replacement	{"componentName": "observatorium_operator", "image": "registry.redhat.io/rhacm2/observatorium-rhel9-operator@sha256:20bae12383bdb261dfbb7274975374fad90f4831ff9787a26aac626d26f1ef16"}
2024-10-24T14:30:41.761Z	DEBUG	config	operand is	{"key": "observatorium-operator", "name": "observability-observatorium-operator"}
2024-10-24T14:30:41.774Z	INFO	deploying	Skip creation	{"Kind": "/v1, Kind=ConfigMap", "Name": "observability-managed-cluster-label-allowlist"}
2024-10-24T14:30:41.777Z	INFO	deploying	Update	{"kind": "ConfigMap", "kindVersion": "v1", "name": "observability-metrics-allowlist"}
2024-10-24T14:30:41.786Z	INFO	controller_placementrule	generate metric allow list configmap for allowlist configmap UPDATE
2024-10-24T14:30:41.789Z	INFO	controller_placementrule	There is no custom metrics allowlist configmap in the cluster
2024-10-24T14:30:41.791Z	INFO	deploying	Update	{"kind": "Secret", "kindVersion": "v1", "name": "grafana-config"}
2024-10-24T14:30:41.798Z	INFO	deploying	Update	{"kind": "Deployment", "kindVersion": "v1", "name": "observability-grafana"}
2024-10-24T14:30:41.811Z	INFO	deploying	Update	{"kind": "ConfigMap", "kindVersion": "v1", "name": "grafana-dashboard-acm-alert-analysis"}
2024-10-24T14:30:41.879Z	INFO	deploying	Update	{"kind": "ConfigMap", "kindVersion": "v1", "name": "grafana-dashboard-k8s-etcd-cluster"}
2024-10-24T14:30:42.047Z	INFO	deploying	Create	{"Kind": "/v1, Kind=ConfigMap", "Name": "grafana-dashboard-acm-openshift-virtualization-clusters-overview"}
2024-10-24T14:30:42.077Z	INFO	deploying	Create	{"Kind": "/v1, Kind=ConfigMap", "Name": "grafana-dashboard-acm-virtual-machines-inventory"}
2024-10-24T14:30:42.131Z	INFO	deploying	Create	{"Kind": "/v1, Kind=ConfigMap", "Name": "grafana-dashboard-acm-virtual-machines-by-time-in-status"}
2024-10-24T14:30:42.175Z	INFO	deploying	Create	{"Kind": "/v1, Kind=ConfigMap", "Name": "grafana-dashboard-acm-openshift-virtualization-single-cluster-view"}
2024-10-24T14:30:42.276Z	INFO	deploying	Create	{"Kind": "/v1, Kind=ConfigMap", "Name": "grafana-dashboard-acm-openshift-virtualization-single-vm-view"}
2024-10-24T14:30:42.341Z	INFO	deploying	Skip creation	{"Kind": "/v1, Kind=Secret", "Name": "alertmanager-config"}
2024-10-24T14:30:42.345Z	INFO	deploying	Skip creation	{"Kind": "/v1, Kind=Secret", "Name": "alertmanager-proxy"}
2024-10-24T14:30:42.350Z	INFO	deploying	Update	{"kind": "StatefulSet", "kindVersion": "v1", "name": "observability-alertmanager"}
2024-10-24T14:30:42.410Z	INFO	deploying	Update	{"kind": "Secret", "kindVersion": "v1", "name": "alertmanager-kube-rbac-proxy-metric"}
2024-10-24T14:30:42.535Z	INFO	deploying	Skip creation	{"Kind": "/v1, Kind=Secret", "Name": "rbac-proxy-cookie-secret"}
2024-10-24T14:30:42.538Z	INFO	deploying	Update	{"kind": "Deployment", "kindVersion": "v1", "name": "observability-rbac-query-proxy"}
2024-10-24T14:30:42.558Z	INFO	Starting workers	{"controller": "managedcluster", "controllerGroup": "cluster.open-cluster-management.io", "controllerKind": "ManagedCluster", "worker count": 1}
2024-10-24T14:30:42.558Z	INFO	controller_placementrule	Reconciling PlacementRule	{"Request.Namespace": "", "Request.Name": "local-cluster"}
2024-10-24T14:30:42.559Z	INFO	controller_placementrule	clusterrole endpoint-observability-mco-role already existed/unchanged
2024-10-24T14:30:42.564Z	INFO	controller_placementrule	clusterrole endpoint-observability-res-role already existed/unchanged
2024-10-24T14:30:42.564Z	INFO	util	observability-controller clustermanagementaddon is present 
2024-10-24T14:30:42.564Z	INFO	controller_placementrule	load and update templates for managedcluster resources
2024-10-24T14:30:42.569Z	DEBUG	config	image replacement	{"componentName": "prometheus", "image": "registry.redhat.io/rhacm2/prometheus-rhel9@sha256:098027730324408f1548bb874ace8e477a90b2fbe170c5a2ebe0cb956370e116"}
2024-10-24T14:30:42.569Z	DEBUG	config	image replacement	{"componentName": "prometheus_config_reloader", "image": "registry.redhat.io/rhacm2/acm-prometheus-config-reloader-rhel9@sha256:ab1632ec7aca478cf368e80ac9d98da3f2306a0cae8a4e9d29f95e149fd47ced"}
2024-10-24T14:30:42.569Z	DEBUG	config	image replacement	{"componentName": "prometheus_operator", "image": "registry.redhat.io/rhacm2/acm-prometheus-rhel9@sha256:4234bab8666dad7917cfcf10fdaed87b60e549ef6f8fb23d1760881d922e03e9"}
2024-10-24T14:30:42.569Z	DEBUG	config	image replacement	{"componentName": "kube_state_metrics", "image": "registry.redhat.io/rhacm2/kube-state-metrics-rhel9@sha256:001d552710b7aa82dd460f906d840c7e32f6eed7882510c48b8ec4a7085ee2aa"}
2024-10-24T14:30:42.569Z	DEBUG	config	image replacement	{"componentName": "node_exporter", "image": "registry.redhat.io/rhacm2/node-exporter-rhel9@sha256:603dbc7b5dbfd86a289e5159bb159645ae3a2504ca0f60ddf4b81dc68686fee4"}
2024-10-24T14:30:42.569Z	DEBUG	config	image replacement	{"componentName": "kube_rbac_proxy", "image": "registry.redhat.io/rhacm2/kube-rbac-proxy-rhel9@sha256:c60a1d52359493a41b2b6f820d11716d67290e9b83dc18c16039dbc6f120e5f2"}
2024-10-24T14:30:42.569Z	DEBUG	config	image replacement	{"componentName": "metrics_collector", "image": "registry.redhat.io/rhacm2/metrics-collector-rhel9@sha256:6212529aca9b35102350887934901063c1f7837264f39a73ae13285bd871f60b"}
2024-10-24T14:30:42.583Z	DEBUG	config	image replacement	{"componentName": "endpoint_monitoring_operator", "image": "registry.redhat.io/rhacm2/endpoint-monitoring-rhel9-operator@sha256:d4f1566125857fb8374fe1935bf397a529d36b558fc6d504a6562c3b0dd5f3b5"}
2024-10-24T14:30:42.586Z	DEBUG	config	image replacement	{"componentName": "multicluster_observability_addon", "image": ""}
2024-10-24T14:30:42.586Z	DEBUG	config	operand is	{"key": "multicluster-observability-addon", "name": "observability-multicluster-observability-addon"}
2024-10-24T14:30:42.592Z	INFO	controller_placementrule	Monitoring operator should be installed in cluster	{"cluster_name": "local-cluster", "request.name": "local-cluster", "request.namespace": "", "openshiftVersion": "mimical"}
2024-10-24T14:30:42.592Z	INFO	controller_placementrule	clusterrolebinding endpoint-observability-mco-rolebinding already existed/unchanged	{"namespace": "open-cluster-management-observability"}
2024-10-24T14:30:42.592Z	INFO	controller_placementrule	rolebinding endpoint-observability-res-rolebinding already existed/unchanged	{"namespace": "open-cluster-management-observability"}
2024-10-24T14:30:42.592Z	INFO	util	ManagedClusterAddOn is created or updated successfully	{"name": "observability-controller", "namespace": "open-cluster-management-observability"}
2024-10-24T14:30:42.592Z	INFO	controller_placementrule	Cluster: local-cluster, Spec.NodeSelector (after): map[]
2024-10-24T14:30:42.592Z	INFO	controller_placementrule	Cluster: local-cluster, Spec.Tolerations (after): []
2024-10-24T14:30:42.592Z	INFO	controller_placementrule	Creating resource for hub metrics collection	{"cluster": "local-cluster"}
2024-10-24T14:30:42.592Z	INFO	controller_placementrule	Check Ismcoterminating	{"IsMCOTerminating": false}
2024-10-24T14:30:42.738Z	INFO	controller_certificates	CA secrets already existed	{"name": "observability-server-ca-certs"}
2024-10-24T14:30:42.738Z	INFO	controller_certificates	CA secrets already existed	{"name": "observability-client-ca-certs"}
2024-10-24T14:30:42.738Z	DEBUG	config	operand is	{"key": "observatorium", "name": "observability"}
2024-10-24T14:30:42.738Z	INFO	controller_certificates	Certificate secrets already existed	{"name": "observability-server-certs"}
2024-10-24T14:30:42.738Z	INFO	controller_certificates	Certificate secrets already existed	{"name": "observability-grafana-certs"}
2024-10-24T14:30:42.738Z	DEBUG	config	operand is	{"key": "observatorium", "name": "observability"}
2024-10-24T14:30:42.738Z	INFO	controller_multiclustermonitoring	storageClassSelected	{"storageClassSelected": "gp3-csi"}
2024-10-24T14:30:42.738Z	DEBUG	config	image replacement	{"componentName": "observatorium", "image": "registry.redhat.io/rhacm2/observatorium-rhel9@sha256:330c3274f16a34d79ba5ac53ddbd2fe47778aff9c01e8e26fdc5b753e634962f"}
2024-10-24T14:30:42.738Z	DEBUG	config	image replacement	{"componentName": "configmap_reloader", "image": "registry.redhat.io/openshift4/ose-configmap-reloader@sha256:fa5b2e42a27e3ab5f0a0d2a103b5602b81d1b29eb788b54cc60ad547744ad053"}
2024-10-24T14:30:42.738Z	DEBUG	config	image replacement	{"componentName": "memcached", "image": "registry.redhat.io/rhacm2/memcached-rhel9@sha256:9600034019ce695e89aecb6ac255d591b201fc40a7f3d9796f42d043f0340623"}
2024-10-24T14:30:42.738Z	DEBUG	config	image replacement	{"componentName": "memcached_exporter", "image": "registry.redhat.io/rhacm2/memcached-exporter-rhel9@sha256:2c6e39ecbeed3dc4d30225b9a2ed0840c6d41c032ee08d63c7f8f092f3ee81e6"}
2024-10-24T14:30:42.738Z	DEBUG	config	image replacement	{"componentName": "thanos_receive_controller", "image": "registry.redhat.io/rhacm2/thanos-receive-controller-rhel9@sha256:739292da294b1b536cfea4d4cb63bc39f95cb917695026b1660f9022a73d58ee"}
2024-10-24T14:30:42.738Z	DEBUG	config	image replacement	{"componentName": "memcached", "image": "registry.redhat.io/rhacm2/memcached-rhel9@sha256:9600034019ce695e89aecb6ac255d591b201fc40a7f3d9796f42d043f0340623"}
2024-10-24T14:30:42.738Z	DEBUG	config	image replacement	{"componentName": "memcached_exporter", "image": "registry.redhat.io/rhacm2/memcached-exporter-rhel9@sha256:2c6e39ecbeed3dc4d30225b9a2ed0840c6d41c032ee08d63c7f8f092f3ee81e6"}
2024-10-24T14:30:42.738Z	DEBUG	config	image replacement	{"componentName": "thanos", "image": "registry.redhat.io/rhacm2/thanos-rhel9@sha256:caf27fd686b2ae1d6cb0ebe02cf195a2e7caece3ac8bda0c0e88f92678da6bd2"}
2024-10-24T14:30:42.738Z	DEBUG	config	operand is	{"key": "observatorium", "name": "observability"}
2024-10-24T14:30:42.738Z	INFO	controller_multiclustermonitoring	Coleen Old observatorium CR spec	{"oldSpec": {"image":"registry.redhat.io/rhacm2/thanos-rhel9@sha256:caf27fd686b2ae1d6cb0ebe02cf195a2e7caece3ac8bda0c0e88f92678da6bd2","imagePullPolicy":"IfNotPresent","compact":{"replicas":1,"volumeClaimTemplate":{"spec":{"accessModes":["ReadWriteOnce"],"resources":{"requests":{"storage":"200Gi"}},"storageClassName":"gp3-csi"}},"retentionResolutionRaw":"365d","retentionResolution5m":"365d","retentionResolution1h":"365d","enableDownsampling":true,"resources":{"requests":{"cpu":"100m","memory":"512Mi"}},"serviceMonitor":true,"deleteDelay":"48h"},"receiveController":{"image":"registry.redhat.io/rhacm2/thanos-receive-controller-rhel9@sha256:739292da294b1b536cfea4d4cb63bc39f95cb917695026b1660f9022a73d58ee","imagePullPolicy":"IfNotPresent","version":"master-2022-04-01-b58820f","resources":{"requests":{"cpu":"4m","memory":"32Mi"}},"serviceMonitor":true},"receivers":{"replicas":3,"volumeClaimTemplate":{"spec":{"accessModes":["ReadWriteOnce"],"resources":{"requests":{"storage":"100Gi"}},"storageClassName":"gp3-csi"}},"replicationFactor":3,"resources":{"requests":{"cpu":"300m","memory":"512Mi"}},"serviceMonitor":true,"retention":"24h"},"queryFrontend":{"replicas":2,"resources":{"requests":{"cpu":"100m","memory":"256Mi"}},"serviceMonitor":true,"cache":{"image":"registry.redhat.io/rhacm2/memcached-rhel9@sha256:9600034019ce695e89aecb6ac255d591b201fc40a7f3d9796f42d043f0340623","imagePullPolicy":"IfNotPresent","version":"1.6.3-alpine","exporterImage":"registry.redhat.io/rhacm2/memcached-exporter-rhel9@sha256:2c6e39ecbeed3dc4d30225b9a2ed0840c6d41c032ee08d63c7f8f092f3ee81e6","exporterImagePullPolicy":"IfNotPresent","exporterVersion":"v0.9.0","replicas":3,"memoryLimitMb":1024,"maxItemSize":"1m","connectionLimit":1024,"resources":{"requests":{"cpu":"45m","memory":"128Mi"}},"exporterResources":{"requests":{"cpu":"5m","memory":"50Mi"}},"serviceMonitor":true}},"store":{"volumeClaimTemplate":{"spec":{"accessModes":["ReadWriteOnce"],"resources":{"requests":{"storage":"10Gi"}},"storageClassName":"gp3-csi"}},"shards":3,"cache":{"image":"registry.redhat.io/rhacm2/memcached-rhel9@sha256:9600034019ce695e89aecb6ac255d591b201fc40a7f3d9796f42d043f0340623","imagePullPolicy":"IfNotPresent","version":"1.6.3-alpine","exporterImage":"registry.redhat.io/rhacm2/memcached-exporter-rhel9@sha256:2c6e39ecbeed3dc4d30225b9a2ed0840c6d41c032ee08d63c7f8f092f3ee81e6","exporterImagePullPolicy":"IfNotPresent","exporterVersion":"v0.9.0","replicas":3,"memoryLimitMb":1024,"maxItemSize":"1m","connectionLimit":1024,"resources":{"requests":{"cpu":"45m","memory":"128Mi"}},"exporterResources":{"requests":{"cpu":"5m","memory":"50Mi"}},"serviceMonitor":true},"resources":{"requests":{"cpu":"100m","memory":"1Gi"}},"serviceMonitor":true},"rule":{"replicas":3,"volumeClaimTemplate":{"spec":{"accessModes":["ReadWriteOnce"],"resources":{"requests":{"storage":"1Gi"}},"storageClassName":"gp3-csi"}},"rulesConfig":[{"name":"thanos-ruler-default-rules","key":"default_rules.yaml"}],"extraVolumeMounts":[{"type":"configMap","mountPath":"/etc/thanos/configmaps/alertmanager-ca-bundle","name":"alertmanager-ca-bundle","key":"service-ca.crt"}],"alertmanagerConfigFile":{"name":"thanos-ruler-config","key":"config.yaml"},"reloaderImage":"registry.redhat.io/openshift4/ose-configmap-reloader@sha256:fa5b2e42a27e3ab5f0a0d2a103b5602b81d1b29eb788b54cc60ad547744ad053","reloaderImagePullPolicy":"IfNotPresent","resources":{"requests":{"cpu":"50m","memory":"512Mi"}},"reloaderResources":{"requests":{"cpu":"4m","memory":"25Mi"}},"serviceMonitor":true,"blockDuration":"2h","retention":"24h","evalInterval":"300s"},"query":{"replicas":2,"resources":{"requests":{"cpu":"300m","memory":"1Gi"}},"serviceMonitor":true,"lookbackDelta":"600s"}}}
2024-10-24T14:30:42.739Z	INFO	controller_multiclustermonitoring	Coleen New observatorium CR spec	{"newSpec": {"image":"registry.redhat.io/rhacm2/thanos-rhel9@sha256:caf27fd686b2ae1d6cb0ebe02cf195a2e7caece3ac8bda0c0e88f92678da6bd2","imagePullPolicy":"IfNotPresent","compact":{"replicas":1,"volumeClaimTemplate":{"spec":{"accessModes":["ReadWriteOnce"],"resources":{"requests":{"storage":"200Gi"}},"storageClassName":"gp3-csi"}},"retentionResolutionRaw":"365d","retentionResolution5m":"365d","retentionResolution1h":"365d","enableDownsampling":true,"resources":{"requests":{"cpu":"500m","memory":"1Gi"}},"serviceMonitor":true,"deleteDelay":"48h"},"receiveController":{"image":"registry.redhat.io/rhacm2/thanos-receive-controller-rhel9@sha256:739292da294b1b536cfea4d4cb63bc39f95cb917695026b1660f9022a73d58ee","imagePullPolicy":"IfNotPresent","version":"master-2022-04-01-b58820f","resources":{"requests":{"cpu":"4m","memory":"32Mi"}},"serviceMonitor":true},"receivers":{"replicas":3,"volumeClaimTemplate":{"spec":{"accessModes":["ReadWriteOnce"],"resources":{"requests":{"storage":"100Gi"}},"storageClassName":"gp3-csi"}},"replicationFactor":3,"resources":{"requests":{"cpu":"300m","memory":"512Mi"}},"serviceMonitor":true,"retention":"24h"},"queryFrontend":{"replicas":2,"resources":{"requests":{"cpu":"100m","memory":"256Mi"}},"serviceMonitor":true,"cache":{"image":"registry.redhat.io/rhacm2/memcached-rhel9@sha256:9600034019ce695e89aecb6ac255d591b201fc40a7f3d9796f42d043f0340623","imagePullPolicy":"IfNotPresent","version":"1.6.3-alpine","exporterImage":"registry.redhat.io/rhacm2/memcached-exporter-rhel9@sha256:2c6e39ecbeed3dc4d30225b9a2ed0840c6d41c032ee08d63c7f8f092f3ee81e6","exporterImagePullPolicy":"IfNotPresent","exporterVersion":"v0.9.0","replicas":3,"memoryLimitMb":1024,"maxItemSize":"1m","connectionLimit":1024,"resources":{"requests":{"cpu":"45m","memory":"128Mi"}},"exporterResources":{"requests":{"cpu":"5m","memory":"50Mi"}},"serviceMonitor":true}},"store":{"volumeClaimTemplate":{"spec":{"accessModes":["ReadWriteOnce"],"resources":{"requests":{"storage":"10Gi"}},"storageClassName":"gp3-csi"}},"shards":3,"cache":{"image":"registry.redhat.io/rhacm2/memcached-rhel9@sha256:9600034019ce695e89aecb6ac255d591b201fc40a7f3d9796f42d043f0340623","imagePullPolicy":"IfNotPresent","version":"1.6.3-alpine","exporterImage":"registry.redhat.io/rhacm2/memcached-exporter-rhel9@sha256:2c6e39ecbeed3dc4d30225b9a2ed0840c6d41c032ee08d63c7f8f092f3ee81e6","exporterImagePullPolicy":"IfNotPresent","exporterVersion":"v0.9.0","replicas":3,"memoryLimitMb":1024,"maxItemSize":"1m","connectionLimit":1024,"resources":{"requests":{"cpu":"45m","memory":"128Mi"}},"exporterResources":{"requests":{"cpu":"5m","memory":"50Mi"}},"serviceMonitor":true},"resources":{"requests":{"cpu":"100m","memory":"1Gi"}},"serviceMonitor":true},"rule":{"replicas":3,"volumeClaimTemplate":{"spec":{"accessModes":["ReadWriteOnce"],"resources":{"requests":{"storage":"1Gi"}},"storageClassName":"gp3-csi"}},"rulesConfig":[{"name":"thanos-ruler-default-rules","key":"default_rules.yaml"}],"extraVolumeMounts":[{"type":"configMap","mountPath":"/etc/thanos/configmaps/alertmanager-ca-bundle","name":"alertmanager-ca-bundle","key":"service-ca.crt"}],"alertmanagerConfigFile":{"name":"thanos-ruler-config","key":"config.yaml"},"reloaderImage":"registry.redhat.io/openshift4/ose-configmap-reloader@sha256:fa5b2e42a27e3ab5f0a0d2a103b5602b81d1b29eb788b54cc60ad547744ad053","reloaderImagePullPolicy":"IfNotPresent","resources":{"requests":{"cpu":"50m","memory":"512Mi"}},"reloaderResources":{"requests":{"cpu":"4m","memory":"25Mi"}},"serviceMonitor":true,"blockDuration":"2h","retention":"24h","evalInterval":"300s"},"query":{"replicas":2,"resources":{"requests":{"cpu":"300m","memory":"1Gi"}},"serviceMonitor":true,"lookbackDelta":"600s"}}}
2024-10-24T14:30:42.740Z	INFO	controller_multiclustermonitoring	Updating grafana datasource secret
2024-10-24T14:30:42.747Z	DEBUG	config	operand is	{"key": "grafana", "name": "observability-grafana"}
2024-10-24T14:30:42.756Z	INFO	util	Update deployment restart label	{"name": "observability-grafana"}
W1024 14:30:42.843909       1 client_config.go:659] Neither --kubeconfig nor --master was specified.  Using the inClusterConfig.  This might not work.
2024/10/24 14:30:42 [INFO] signed certificate with serial number 107601434761772086812629514287432301155449704860
2024-10-24T14:30:42.859Z	INFO	controller_multiclustermonitoring	StorageVersionMigration already existed/unchanged	{"name": "storage-version-migration-observability"}
2024-10-24T14:30:42.879Z	INFO	controller_placementrule	Updated status for managedclusteraddon	{"namespace": "managed-cluster-1"}
2024-10-24T14:30:42.879Z	INFO	controller_placementrule	Reconciling PlacementRule	{"Request.Namespace": "", "Request.Name": "managed-cluster-1"}
2024-10-24T14:30:42.880Z	INFO	util	observability-controller clustermanagementaddon is present 
2024-10-24T14:30:42.880Z	INFO	controller_placementrule	load and update templates for managedcluster resources
2024-10-24T14:30:42.880Z	DEBUG	config	image replacement	{"componentName": "node_exporter", "image": "registry.redhat.io/rhacm2/node-exporter-rhel9@sha256:603dbc7b5dbfd86a289e5159bb159645ae3a2504ca0f60ddf4b81dc68686fee4"}
2024-10-24T14:30:42.880Z	DEBUG	config	image replacement	{"componentName": "kube_rbac_proxy", "image": "registry.redhat.io/rhacm2/kube-rbac-proxy-rhel9@sha256:c60a1d52359493a41b2b6f820d11716d67290e9b83dc18c16039dbc6f120e5f2"}
2024-10-24T14:30:42.880Z	DEBUG	config	image replacement	{"componentName": "metrics_collector", "image": "registry.redhat.io/rhacm2/metrics-collector-rhel9@sha256:6212529aca9b35102350887934901063c1f7837264f39a73ae13285bd871f60b"}
2024-10-24T14:30:42.880Z	DEBUG	config	image replacement	{"componentName": "prometheus", "image": "registry.redhat.io/rhacm2/prometheus-rhel9@sha256:098027730324408f1548bb874ace8e477a90b2fbe170c5a2ebe0cb956370e116"}
2024-10-24T14:30:42.880Z	DEBUG	config	image replacement	{"componentName": "prometheus_config_reloader", "image": "registry.redhat.io/rhacm2/acm-prometheus-config-reloader-rhel9@sha256:ab1632ec7aca478cf368e80ac9d98da3f2306a0cae8a4e9d29f95e149fd47ced"}
2024-10-24T14:30:42.880Z	DEBUG	config	image replacement	{"componentName": "prometheus_operator", "image": "registry.redhat.io/rhacm2/acm-prometheus-rhel9@sha256:4234bab8666dad7917cfcf10fdaed87b60e549ef6f8fb23d1760881d922e03e9"}
2024-10-24T14:30:42.880Z	DEBUG	config	image replacement	{"componentName": "kube_state_metrics", "image": "registry.redhat.io/rhacm2/kube-state-metrics-rhel9@sha256:001d552710b7aa82dd460f906d840c7e32f6eed7882510c48b8ec4a7085ee2aa"}
2024-10-24T14:30:42.881Z	DEBUG	config	image replacement	{"componentName": "endpoint_monitoring_operator", "image": "registry.redhat.io/rhacm2/endpoint-monitoring-rhel9-operator@sha256:d4f1566125857fb8374fe1935bf397a529d36b558fc6d504a6562c3b0dd5f3b5"}
2024-10-24T14:30:42.886Z	INFO	controller_placementrule	Monitoring operator should be installed in cluster	{"cluster_name": "managed-cluster-1", "request.name": "managed-cluster-1", "request.namespace": "", "openshiftVersion": "4.16.7"}
2024-10-24T14:30:42.886Z	INFO	controller_placementrule	observabilityaddon already existed/unchanged	{"namespace": "managed-cluster-1"}
2024-10-24T14:30:42.887Z	INFO	controller_placementrule	clusterrolebinding endpoint-observability-mco-rolebinding already existed/unchanged	{"namespace": "managed-cluster-1"}
2024-10-24T14:30:42.887Z	INFO	controller_placementrule	rolebinding endpoint-observability-res-rolebinding already existed/unchanged	{"namespace": "managed-cluster-1"}
2024-10-24T14:30:42.887Z	INFO	util	ManagedClusterAddOn is created or updated successfully	{"name": "observability-controller", "namespace": "managed-cluster-1"}
2024-10-24T14:30:42.887Z	INFO	controller_placementrule	Cluster: managed-cluster-1, Spec.NodeSelector (after): map[]
2024-10-24T14:30:42.887Z	INFO	controller_placementrule	Cluster: managed-cluster-1, Spec.Tolerations (after): []
2024-10-24T14:30:42.890Z	INFO	util	Find updated data in secret	{"secret": "observability-metrics-allowlist"}
2024-10-24T14:30:42.890Z	INFO	controller_placementrule	Updating manifestwork	{"namespace": "managed-cluster-1", "name": "managed-cluster-1-observability"}
2024-10-24T14:30:42.923Z	INFO	controller_placementrule	Reconciling PlacementRule	{"Request.Namespace": "open-cluster-management-observability", "Request.Name": "observability-server-ca-certs"}
2024-10-24T14:30:42.923Z	INFO	util	observability-controller clustermanagementaddon is present 
2024-10-24T14:30:42.923Z	INFO	controller_placementrule	load and update templates for managedcluster resources
2024-10-24T14:30:42.923Z	DEBUG	config	image replacement	{"componentName": "prometheus", "image": "registry.redhat.io/rhacm2/prometheus-rhel9@sha256:098027730324408f1548bb874ace8e477a90b2fbe170c5a2ebe0cb956370e116"}
2024-10-24T14:30:42.923Z	DEBUG	config	image replacement	{"componentName": "prometheus_config_reloader", "image": "registry.redhat.io/rhacm2/acm-prometheus-config-reloader-rhel9@sha256:ab1632ec7aca478cf368e80ac9d98da3f2306a0cae8a4e9d29f95e149fd47ced"}
2024-10-24T14:30:42.923Z	DEBUG	config	image replacement	{"componentName": "prometheus_operator", "image": "registry.redhat.io/rhacm2/acm-prometheus-rhel9@sha256:4234bab8666dad7917cfcf10fdaed87b60e549ef6f8fb23d1760881d922e03e9"}
2024-10-24T14:30:42.923Z	DEBUG	config	image replacement	{"componentName": "kube_state_metrics", "image": "registry.redhat.io/rhacm2/kube-state-metrics-rhel9@sha256:001d552710b7aa82dd460f906d840c7e32f6eed7882510c48b8ec4a7085ee2aa"}
2024-10-24T14:30:42.923Z	DEBUG	config	image replacement	{"componentName": "node_exporter", "image": "registry.redhat.io/rhacm2/node-exporter-rhel9@sha256:603dbc7b5dbfd86a289e5159bb159645ae3a2504ca0f60ddf4b81dc68686fee4"}
2024-10-24T14:30:42.923Z	DEBUG	config	image replacement	{"componentName": "kube_rbac_proxy", "image": "registry.redhat.io/rhacm2/kube-rbac-proxy-rhel9@sha256:c60a1d52359493a41b2b6f820d11716d67290e9b83dc18c16039dbc6f120e5f2"}
2024-10-24T14:30:42.923Z	DEBUG	config	image replacement	{"componentName": "metrics_collector", "image": "registry.redhat.io/rhacm2/metrics-collector-rhel9@sha256:6212529aca9b35102350887934901063c1f7837264f39a73ae13285bd871f60b"}
2024-10-24T14:30:42.924Z	DEBUG	config	image replacement	{"componentName": "endpoint_monitoring_operator", "image": "registry.redhat.io/rhacm2/endpoint-monitoring-rhel9-operator@sha256:d4f1566125857fb8374fe1935bf397a529d36b558fc6d504a6562c3b0dd5f3b5"}
2024-10-24T14:30:42.927Z	INFO	controller_placementrule	Monitoring operator should be installed in cluster	{"cluster_name": "managed-cluster-1", "request.name": "observability-server-ca-certs", "request.namespace": "open-cluster-management-observability", "openshiftVersion": "4.16.7"}
2024-10-24T14:30:42.927Z	INFO	controller_placementrule	observabilityaddon already existed/unchanged	{"namespace": "managed-cluster-1"}
2024-10-24T14:30:42.927Z	INFO	controller_placementrule	clusterrolebinding endpoint-observability-mco-rolebinding already existed/unchanged	{"namespace": "managed-cluster-1"}
2024-10-24T14:30:42.927Z	INFO	controller_placementrule	rolebinding endpoint-observability-res-rolebinding already existed/unchanged	{"namespace": "managed-cluster-1"}
2024-10-24T14:30:42.927Z	INFO	util	ManagedClusterAddOn is created or updated successfully	{"name": "observability-controller", "namespace": "managed-cluster-1"}
2024-10-24T14:30:42.927Z	INFO	controller_placementrule	Cluster: managed-cluster-1, Spec.NodeSelector (after): map[]
2024-10-24T14:30:42.927Z	INFO	controller_placementrule	Cluster: managed-cluster-1, Spec.Tolerations (after): []
2024-10-24T14:30:42.930Z	INFO	util	Find updated data in secret	{"secret": "observability-metrics-allowlist"}
2024-10-24T14:30:42.930Z	INFO	controller_placementrule	Updating manifestwork	{"namespace": "managed-cluster-1", "name": "managed-cluster-1-observability"}
2024-10-24T14:30:42.953Z	INFO	controller_placementrule	manifestwork already existed/unchanged	{"namespace": "managed-cluster-1"}
2024-10-24T14:30:42.953Z	INFO	controller_placementrule	Monitoring operator should be installed in cluster	{"cluster_name": "local-cluster", "request.name": "observability-server-ca-certs", "request.namespace": "open-cluster-management-observability", "openshiftVersion": "mimical"}
2024-10-24T14:30:42.953Z	INFO	controller_placementrule	clusterrolebinding endpoint-observability-mco-rolebinding already existed/unchanged	{"namespace": "open-cluster-management-observability"}
2024-10-24T14:30:42.953Z	INFO	controller_placementrule	rolebinding endpoint-observability-res-rolebinding already existed/unchanged	{"namespace": "open-cluster-management-observability"}
2024-10-24T14:30:42.953Z	INFO	util	ManagedClusterAddOn is created or updated successfully	{"name": "observability-controller", "namespace": "open-cluster-management-observability"}
2024-10-24T14:30:42.953Z	INFO	controller_placementrule	Cluster: local-cluster, Spec.NodeSelector (after): map[]
2024-10-24T14:30:42.953Z	INFO	controller_placementrule	Cluster: local-cluster, Spec.Tolerations (after): []
2024-10-24T14:30:42.953Z	INFO	controller_placementrule	Creating resource for hub metrics collection	{"cluster": "local-cluster"}
2024-10-24T14:30:42.953Z	INFO	controller_placementrule	Check Ismcoterminating	{"IsMCOTerminating": false}
2024-10-24T14:30:43.060Z	DEBUG	controller_multiclustermonitoring	status update goroutine is triggered.
2024-10-24T14:30:43.060Z	INFO	controller_multiclustermonitoring	Reconciling MultiClusterObservability	{"Request.Namespace": "open-cluster-management", "Request.Name": "mch-updated-request"}
2024-10-24T14:30:43.063Z	INFO	util	unable to get CRD with ApiextensionsV1 Client, not found.	{"CRD": "multiclusterglobalhubs.operator.open-cluster-management.io"}
2024-10-24T14:30:43.066Z	DEBUG	config	operand is	{"key": "grafana", "name": "observability-grafana"}
2024-10-24T14:30:43.066Z	DEBUG	config	image replacement	{"componentName": "grafana", "image": "registry.redhat.io/rhacm2/acm-grafana-rhel9@sha256:74ad9db2286eef85e6c278cad1840a144ab50e8db1fced736974432dc4b9e0dd"}
2024-10-24T14:30:43.066Z	DEBUG	config	image replacement	{"componentName": "grafana_dashboard_loader", "image": "registry.redhat.io/rhacm2/grafana-dashboard-loader-rhel9@sha256:e2ff942d47e7e703a5fb11a2aacaac610e53273c74284d3b6da88bc70b8e7b7a"}
2024-10-24T14:30:43.071Z	DEBUG	config	operand is	{"key": "alertmanager", "name": "observability-alertmanager"}
2024-10-24T14:30:43.071Z	DEBUG	config	operand is	{"key": "alertmanager", "name": "observability-alertmanager"}
2024-10-24T14:30:43.072Z	DEBUG	config	operand is	{"key": "alertmanager", "name": "observability-alertmanager"}
2024-10-24T14:30:43.072Z	DEBUG	config	operand is	{"key": "alertmanager", "name": "observability-alertmanager"}
2024-10-24T14:30:43.072Z	DEBUG	config	image replacement	{"componentName": "prometheus_alertmanager", "image": "registry.redhat.io/rhacm2/prometheus-alertmanager-rhel9@sha256:6429a938750a655c2081cf3d6021a7377f6a3aa5cd43587885d4d49a9e528ee4"}
2024-10-24T14:30:43.072Z	DEBUG	config	image replacement	{"componentName": "configmap_reloader", "image": "registry.redhat.io/openshift4/ose-configmap-reloader@sha256:fa5b2e42a27e3ab5f0a0d2a103b5602b81d1b29eb788b54cc60ad547744ad053"}
2024-10-24T14:30:43.074Z	DEBUG	config	image replacement	{"componentName": "kube_rbac_proxy", "image": "registry.redhat.io/rhacm2/kube-rbac-proxy-rhel9@sha256:c60a1d52359493a41b2b6f820d11716d67290e9b83dc18c16039dbc6f120e5f2"}
2024-10-24T14:30:43.129Z	DEBUG	config	operand is	{"key": "rbac-query-proxy", "name": "observability-rbac-query-proxy"}
2024-10-24T14:30:43.129Z	DEBUG	config	operand is	{"key": "observatorium", "name": "observability"}
2024-10-24T14:30:43.129Z	DEBUG	config	operand is	{"key": "observatorium", "name": "observability"}
2024-10-24T14:30:43.129Z	DEBUG	config	image replacement	{"componentName": "rbac_query_proxy", "image": "registry.redhat.io/rhacm2/rbac-query-proxy-rhel9@sha256:8a0b372f52004a9855d4d42c4bbd7d09d586e9d0fabdb73d525b1a23b030b1ed"}
2024-10-24T14:30:43.134Z	DEBUG	config	image replacement	{"componentName": "observatorium_operator", "image": "registry.redhat.io/rhacm2/observatorium-rhel9-operator@sha256:20bae12383bdb261dfbb7274975374fad90f4831ff9787a26aac626d26f1ef16"}
2024-10-24T14:30:43.134Z	DEBUG	config	operand is	{"key": "observatorium-operator", "name": "observability-observatorium-operator"}
2024-10-24T14:30:43.166Z	INFO	deploying	Skip creation	{"Kind": "/v1, Kind=ConfigMap", "Name": "observability-managed-cluster-label-allowlist"}
2024-10-24T14:30:43.180Z	INFO	deploying	Update	{"kind": "Secret", "kindVersion": "v1", "name": "grafana-config"}
2024-10-24T14:30:43.452Z	DEBUG	controller_multiclustermonitoring	check status ready goroutine is triggered.
W1024 14:30:43.561978       1 client_config.go:659] Neither --kubeconfig nor --master was specified.  Using the inClusterConfig.  This might not work.
2024/10/24 14:30:43 [INFO] signed certificate with serial number 8799747474489574169627206061144801642203653150
2024-10-24T14:30:43.574Z	INFO	controller_placementrule	Reconciling PlacementRule	{"Request.Namespace": "open-cluster-management-observability", "Request.Name": "observability-alertmanager-accessor"}
2024-10-24T14:30:43.574Z	INFO	util	observability-controller clustermanagementaddon is present 
2024-10-24T14:30:43.574Z	INFO	controller_placementrule	load and update templates for managedcluster resources
2024-10-24T14:30:43.575Z	DEBUG	config	image replacement	{"componentName": "kube_state_metrics", "image": "registry.redhat.io/rhacm2/kube-state-metrics-rhel9@sha256:001d552710b7aa82dd460f906d840c7e32f6eed7882510c48b8ec4a7085ee2aa"}
2024-10-24T14:30:43.575Z	DEBUG	config	image replacement	{"componentName": "node_exporter", "image": "registry.redhat.io/rhacm2/node-exporter-rhel9@sha256:603dbc7b5dbfd86a289e5159bb159645ae3a2504ca0f60ddf4b81dc68686fee4"}
2024-10-24T14:30:43.575Z	DEBUG	config	image replacement	{"componentName": "kube_rbac_proxy", "image": "registry.redhat.io/rhacm2/kube-rbac-proxy-rhel9@sha256:c60a1d52359493a41b2b6f820d11716d67290e9b83dc18c16039dbc6f120e5f2"}
2024-10-24T14:30:43.575Z	DEBUG	config	image replacement	{"componentName": "metrics_collector", "image": "registry.redhat.io/rhacm2/metrics-collector-rhel9@sha256:6212529aca9b35102350887934901063c1f7837264f39a73ae13285bd871f60b"}
2024-10-24T14:30:43.575Z	DEBUG	config	image replacement	{"componentName": "prometheus", "image": "registry.redhat.io/rhacm2/prometheus-rhel9@sha256:098027730324408f1548bb874ace8e477a90b2fbe170c5a2ebe0cb956370e116"}
2024-10-24T14:30:43.575Z	DEBUG	config	image replacement	{"componentName": "prometheus_config_reloader", "image": "registry.redhat.io/rhacm2/acm-prometheus-config-reloader-rhel9@sha256:ab1632ec7aca478cf368e80ac9d98da3f2306a0cae8a4e9d29f95e149fd47ced"}
2024-10-24T14:30:43.575Z	DEBUG	config	image replacement	{"componentName": "prometheus_operator", "image": "registry.redhat.io/rhacm2/acm-prometheus-rhel9@sha256:4234bab8666dad7917cfcf10fdaed87b60e549ef6f8fb23d1760881d922e03e9"}
2024-10-24T14:30:43.576Z	DEBUG	config	image replacement	{"componentName": "endpoint_monitoring_operator", "image": "registry.redhat.io/rhacm2/endpoint-monitoring-rhel9-operator@sha256:d4f1566125857fb8374fe1935bf397a529d36b558fc6d504a6562c3b0dd5f3b5"}
2024-10-24T14:30:43.578Z	INFO	controller_placementrule	Monitoring operator should be installed in cluster	{"cluster_name": "managed-cluster-1", "request.name": "observability-alertmanager-accessor", "request.namespace": "open-cluster-management-observability", "openshiftVersion": "4.16.7"}
2024-10-24T14:30:43.578Z	INFO	controller_placementrule	observabilityaddon already existed/unchanged	{"namespace": "managed-cluster-1"}
2024-10-24T14:30:43.578Z	INFO	controller_placementrule	clusterrolebinding endpoint-observability-mco-rolebinding already existed/unchanged	{"namespace": "managed-cluster-1"}
2024-10-24T14:30:43.578Z	INFO	controller_placementrule	rolebinding endpoint-observability-res-rolebinding already existed/unchanged	{"namespace": "managed-cluster-1"}
2024-10-24T14:30:43.578Z	INFO	util	ManagedClusterAddOn is created or updated successfully	{"name": "observability-controller", "namespace": "managed-cluster-1"}
2024-10-24T14:30:43.578Z	INFO	controller_placementrule	Cluster: managed-cluster-1, Spec.NodeSelector (after): map[]
2024-10-24T14:30:43.578Z	INFO	controller_placementrule	Cluster: managed-cluster-1, Spec.Tolerations (after): []
2024-10-24T14:30:43.581Z	INFO	controller_placementrule	manifestwork already existed/unchanged	{"namespace": "managed-cluster-1"}
2024-10-24T14:30:43.581Z	INFO	controller_placementrule	Monitoring operator should be installed in cluster	{"cluster_name": "local-cluster", "request.name": "observability-alertmanager-accessor", "request.namespace": "open-cluster-management-observability", "openshiftVersion": "mimical"}
2024-10-24T14:30:43.581Z	INFO	controller_placementrule	clusterrolebinding endpoint-observability-mco-rolebinding already existed/unchanged	{"namespace": "open-cluster-management-observability"}
2024-10-24T14:30:43.581Z	INFO	controller_placementrule	rolebinding endpoint-observability-res-rolebinding already existed/unchanged	{"namespace": "open-cluster-management-observability"}
2024-10-24T14:30:43.581Z	INFO	util	ManagedClusterAddOn is created or updated successfully	{"name": "observability-controller", "namespace": "open-cluster-management-observability"}
2024-10-24T14:30:43.581Z	INFO	controller_placementrule	Cluster: local-cluster, Spec.NodeSelector (after): map[]
2024-10-24T14:30:43.581Z	INFO	controller_placementrule	Cluster: local-cluster, Spec.Tolerations (after): []
2024-10-24T14:30:43.581Z	INFO	controller_placementrule	Creating resource for hub metrics collection	{"cluster": "local-cluster"}
2024-10-24T14:30:43.581Z	INFO	controller_placementrule	Check Ismcoterminating	{"IsMCOTerminating": false}
W1024 14:30:43.860845       1 client_config.go:659] Neither --kubeconfig nor --master was specified.  Using the inClusterConfig.  This might not work.
2024/10/24 14:30:43 [INFO] signed certificate with serial number 474336044410258290663754041160372723620068760871
2024-10-24T14:30:43.873Z	INFO	controller_placementrule	Reconciling PlacementRule	{"Request.Namespace": "", "Request.Name": "addondc-updated-request"}
2024-10-24T14:30:43.873Z	INFO	util	observability-controller clustermanagementaddon is present 
2024-10-24T14:30:43.873Z	INFO	controller_placementrule	load and update templates for managedcluster resources
2024-10-24T14:30:43.873Z	DEBUG	config	image replacement	{"componentName": "prometheus_config_reloader", "image": "registry.redhat.io/rhacm2/acm-prometheus-config-reloader-rhel9@sha256:ab1632ec7aca478cf368e80ac9d98da3f2306a0cae8a4e9d29f95e149fd47ced"}
2024-10-24T14:30:43.873Z	DEBUG	config	image replacement	{"componentName": "prometheus_operator", "image": "registry.redhat.io/rhacm2/acm-prometheus-rhel9@sha256:4234bab8666dad7917cfcf10fdaed87b60e549ef6f8fb23d1760881d922e03e9"}
2024-10-24T14:30:43.873Z	DEBUG	config	image replacement	{"componentName": "kube_state_metrics", "image": "registry.redhat.io/rhacm2/kube-state-metrics-rhel9@sha256:001d552710b7aa82dd460f906d840c7e32f6eed7882510c48b8ec4a7085ee2aa"}
2024-10-24T14:30:43.873Z	DEBUG	config	image replacement	{"componentName": "node_exporter", "image": "registry.redhat.io/rhacm2/node-exporter-rhel9@sha256:603dbc7b5dbfd86a289e5159bb159645ae3a2504ca0f60ddf4b81dc68686fee4"}
2024-10-24T14:30:43.873Z	DEBUG	config	image replacement	{"componentName": "kube_rbac_proxy", "image": "registry.redhat.io/rhacm2/kube-rbac-proxy-rhel9@sha256:c60a1d52359493a41b2b6f820d11716d67290e9b83dc18c16039dbc6f120e5f2"}
2024-10-24T14:30:43.873Z	DEBUG	config	image replacement	{"componentName": "metrics_collector", "image": "registry.redhat.io/rhacm2/metrics-collector-rhel9@sha256:6212529aca9b35102350887934901063c1f7837264f39a73ae13285bd871f60b"}
2024-10-24T14:30:43.873Z	DEBUG	config	image replacement	{"componentName": "prometheus", "image": "registry.redhat.io/rhacm2/prometheus-rhel9@sha256:098027730324408f1548bb874ace8e477a90b2fbe170c5a2ebe0cb956370e116"}
2024-10-24T14:30:43.874Z	DEBUG	config	image replacement	{"componentName": "endpoint_monitoring_operator", "image": "registry.redhat.io/rhacm2/endpoint-monitoring-rhel9-operator@sha256:d4f1566125857fb8374fe1935bf397a529d36b558fc6d504a6562c3b0dd5f3b5"}
2024-10-24T14:30:43.876Z	INFO	controller_placementrule	Monitoring operator should be installed in cluster	{"cluster_name": "managed-cluster-1", "request.name": "addondc-updated-request", "request.namespace": "", "openshiftVersion": "4.16.7"}
2024-10-24T14:30:43.876Z	INFO	controller_placementrule	observabilityaddon already existed/unchanged	{"namespace": "managed-cluster-1"}
2024-10-24T14:30:43.876Z	INFO	controller_placementrule	clusterrolebinding endpoint-observability-mco-rolebinding already existed/unchanged	{"namespace": "managed-cluster-1"}
2024-10-24T14:30:43.877Z	INFO	controller_placementrule	rolebinding endpoint-observability-res-rolebinding already existed/unchanged	{"namespace": "managed-cluster-1"}
2024-10-24T14:30:43.877Z	INFO	util	ManagedClusterAddOn is created or updated successfully	{"name": "observability-controller", "namespace": "managed-cluster-1"}
2024-10-24T14:30:43.877Z	INFO	controller_placementrule	Cluster: managed-cluster-1, Spec.NodeSelector (after): map[]
2024-10-24T14:30:43.877Z	INFO	controller_placementrule	Cluster: managed-cluster-1, Spec.Tolerations (after): []
2024-10-24T14:30:43.880Z	INFO	controller_placementrule	manifestwork already existed/unchanged	{"namespace": "managed-cluster-1"}
2024-10-24T14:30:43.880Z	INFO	controller_placementrule	Monitoring operator should be installed in cluster	{"cluster_name": "local-cluster", "request.name": "addondc-updated-request", "request.namespace": "", "openshiftVersion": "mimical"}
2024-10-24T14:30:43.880Z	INFO	controller_placementrule	clusterrolebinding endpoint-observability-mco-rolebinding already existed/unchanged	{"namespace": "open-cluster-management-observability"}
2024-10-24T14:30:43.880Z	INFO	controller_placementrule	rolebinding endpoint-observability-res-rolebinding already existed/unchanged	{"namespace": "open-cluster-management-observability"}
2024-10-24T14:30:43.880Z	INFO	util	ManagedClusterAddOn is created or updated successfully	{"name": "observability-controller", "namespace": "open-cluster-management-observability"}
2024-10-24T14:30:43.880Z	INFO	controller_placementrule	Cluster: local-cluster, Spec.NodeSelector (after): map[]
2024-10-24T14:30:43.880Z	INFO	controller_placementrule	Cluster: local-cluster, Spec.Tolerations (after): []
2024-10-24T14:30:43.880Z	INFO	controller_placementrule	Creating resource for hub metrics collection	{"cluster": "local-cluster"}
2024-10-24T14:30:43.880Z	INFO	controller_placementrule	Check Ismcoterminating	{"IsMCOTerminating": false}
W1024 14:30:44.165106       1 client_config.go:659] Neither --kubeconfig nor --master was specified.  Using the inClusterConfig.  This might not work.
2024/10/24 14:30:44 [INFO] signed certificate with serial number 603658886561697930036208565304434846579461537719
2024-10-24T14:30:44.177Z	INFO	controller_placementrule	Reconciling PlacementRule	{"Request.Namespace": "open-cluster-management-observability", "Request.Name": "observability-metrics-allowlist"}
2024-10-24T14:30:44.178Z	INFO	util	observability-controller clustermanagementaddon is present 
2024-10-24T14:30:44.178Z	INFO	controller_placementrule	load and update templates for managedcluster resources
2024-10-24T14:30:44.178Z	DEBUG	config	image replacement	{"componentName": "kube_rbac_proxy", "image": "registry.redhat.io/rhacm2/kube-rbac-proxy-rhel9@sha256:c60a1d52359493a41b2b6f820d11716d67290e9b83dc18c16039dbc6f120e5f2"}
2024-10-24T14:30:44.178Z	DEBUG	config	image replacement	{"componentName": "metrics_collector", "image": "registry.redhat.io/rhacm2/metrics-collector-rhel9@sha256:6212529aca9b35102350887934901063c1f7837264f39a73ae13285bd871f60b"}
2024-10-24T14:30:44.178Z	DEBUG	config	image replacement	{"componentName": "prometheus", "image": "registry.redhat.io/rhacm2/prometheus-rhel9@sha256:098027730324408f1548bb874ace8e477a90b2fbe170c5a2ebe0cb956370e116"}
2024-10-24T14:30:44.178Z	DEBUG	config	image replacement	{"componentName": "prometheus_config_reloader", "image": "registry.redhat.io/rhacm2/acm-prometheus-config-reloader-rhel9@sha256:ab1632ec7aca478cf368e80ac9d98da3f2306a0cae8a4e9d29f95e149fd47ced"}
2024-10-24T14:30:44.178Z	DEBUG	config	image replacement	{"componentName": "prometheus_operator", "image": "registry.redhat.io/rhacm2/acm-prometheus-rhel9@sha256:4234bab8666dad7917cfcf10fdaed87b60e549ef6f8fb23d1760881d922e03e9"}
2024-10-24T14:30:44.178Z	DEBUG	config	image replacement	{"componentName": "kube_state_metrics", "image": "registry.redhat.io/rhacm2/kube-state-metrics-rhel9@sha256:001d552710b7aa82dd460f906d840c7e32f6eed7882510c48b8ec4a7085ee2aa"}
2024-10-24T14:30:44.178Z	DEBUG	config	image replacement	{"componentName": "node_exporter", "image": "registry.redhat.io/rhacm2/node-exporter-rhel9@sha256:603dbc7b5dbfd86a289e5159bb159645ae3a2504ca0f60ddf4b81dc68686fee4"}
2024-10-24T14:30:44.179Z	DEBUG	config	image replacement	{"componentName": "endpoint_monitoring_operator", "image": "registry.redhat.io/rhacm2/endpoint-monitoring-rhel9-operator@sha256:d4f1566125857fb8374fe1935bf397a529d36b558fc6d504a6562c3b0dd5f3b5"}
2024-10-24T14:30:44.181Z	INFO	controller_placementrule	Monitoring operator should be installed in cluster	{"cluster_name": "managed-cluster-1", "request.name": "observability-metrics-allowlist", "request.namespace": "open-cluster-management-observability", "openshiftVersion": "4.16.7"}
2024-10-24T14:30:44.181Z	INFO	controller_placementrule	observabilityaddon already existed/unchanged	{"namespace": "managed-cluster-1"}
2024-10-24T14:30:44.181Z	INFO	controller_placementrule	clusterrolebinding endpoint-observability-mco-rolebinding already existed/unchanged	{"namespace": "managed-cluster-1"}
2024-10-24T14:30:44.181Z	INFO	controller_placementrule	rolebinding endpoint-observability-res-rolebinding already existed/unchanged	{"namespace": "managed-cluster-1"}
2024-10-24T14:30:44.181Z	INFO	util	ManagedClusterAddOn is created or updated successfully	{"name": "observability-controller", "namespace": "managed-cluster-1"}
2024-10-24T14:30:44.181Z	INFO	controller_placementrule	Cluster: managed-cluster-1, Spec.NodeSelector (after): map[]
2024-10-24T14:30:44.181Z	INFO	controller_placementrule	Cluster: managed-cluster-1, Spec.Tolerations (after): []
2024-10-24T14:30:44.184Z	INFO	controller_placementrule	manifestwork already existed/unchanged	{"namespace": "managed-cluster-1"}
2024-10-24T14:30:44.184Z	INFO	controller_placementrule	Monitoring operator should be installed in cluster	{"cluster_name": "local-cluster", "request.name": "observability-metrics-allowlist", "request.namespace": "open-cluster-management-observability", "openshiftVersion": "mimical"}
2024-10-24T14:30:44.184Z	INFO	controller_placementrule	clusterrolebinding endpoint-observability-mco-rolebinding already existed/unchanged	{"namespace": "open-cluster-management-observability"}
2024-10-24T14:30:44.184Z	INFO	controller_placementrule	rolebinding endpoint-observability-res-rolebinding already existed/unchanged	{"namespace": "open-cluster-management-observability"}
2024-10-24T14:30:44.184Z	INFO	util	ManagedClusterAddOn is created or updated successfully	{"name": "observability-controller", "namespace": "open-cluster-management-observability"}
2024-10-24T14:30:44.184Z	INFO	controller_placementrule	Cluster: local-cluster, Spec.NodeSelector (after): map[]
2024-10-24T14:30:44.184Z	INFO	controller_placementrule	Cluster: local-cluster, Spec.Tolerations (after): []
2024-10-24T14:30:44.184Z	INFO	controller_placementrule	Creating resource for hub metrics collection	{"cluster": "local-cluster"}
2024-10-24T14:30:44.184Z	INFO	controller_placementrule	Check Ismcoterminating	{"IsMCOTerminating": false}
W1024 14:30:44.365312       1 client_config.go:659] Neither --kubeconfig nor --master was specified.  Using the inClusterConfig.  This might not work.
2024/10/24 14:30:44 [INFO] signed certificate with serial number 679612797840457703185396593740827648552739326058
2024-10-24T14:30:44.384Z	INFO	controller_placementrule	Reconciling PlacementRule	{"Request.Namespace": "open-cluster-management", "Request.Name": "mch-updated-request"}
2024-10-24T14:30:44.384Z	INFO	util	observability-controller clustermanagementaddon is present 
2024-10-24T14:30:44.384Z	INFO	controller_placementrule	load and update templates for managedcluster resources
2024-10-24T14:30:44.384Z	DEBUG	config	image replacement	{"componentName": "metrics_collector", "image": "registry.redhat.io/rhacm2/metrics-collector-rhel9@sha256:6212529aca9b35102350887934901063c1f7837264f39a73ae13285bd871f60b"}
2024-10-24T14:30:44.384Z	DEBUG	config	image replacement	{"componentName": "prometheus", "image": "registry.redhat.io/rhacm2/prometheus-rhel9@sha256:098027730324408f1548bb874ace8e477a90b2fbe170c5a2ebe0cb956370e116"}
2024-10-24T14:30:44.384Z	DEBUG	config	image replacement	{"componentName": "prometheus_config_reloader", "image": "registry.redhat.io/rhacm2/acm-prometheus-config-reloader-rhel9@sha256:ab1632ec7aca478cf368e80ac9d98da3f2306a0cae8a4e9d29f95e149fd47ced"}
2024-10-24T14:30:44.384Z	DEBUG	config	image replacement	{"componentName": "prometheus_operator", "image": "registry.redhat.io/rhacm2/acm-prometheus-rhel9@sha256:4234bab8666dad7917cfcf10fdaed87b60e549ef6f8fb23d1760881d922e03e9"}
2024-10-24T14:30:44.384Z	DEBUG	config	image replacement	{"componentName": "kube_state_metrics", "image": "registry.redhat.io/rhacm2/kube-state-metrics-rhel9@sha256:001d552710b7aa82dd460f906d840c7e32f6eed7882510c48b8ec4a7085ee2aa"}
2024-10-24T14:30:44.384Z	DEBUG	config	image replacement	{"componentName": "node_exporter", "image": "registry.redhat.io/rhacm2/node-exporter-rhel9@sha256:603dbc7b5dbfd86a289e5159bb159645ae3a2504ca0f60ddf4b81dc68686fee4"}
2024-10-24T14:30:44.384Z	DEBUG	config	image replacement	{"componentName": "kube_rbac_proxy", "image": "registry.redhat.io/rhacm2/kube-rbac-proxy-rhel9@sha256:c60a1d52359493a41b2b6f820d11716d67290e9b83dc18c16039dbc6f120e5f2"}
2024-10-24T14:30:44.386Z	DEBUG	config	image replacement	{"componentName": "endpoint_monitoring_operator", "image": "registry.redhat.io/rhacm2/endpoint-monitoring-rhel9-operator@sha256:d4f1566125857fb8374fe1935bf397a529d36b558fc6d504a6562c3b0dd5f3b5"}
2024-10-24T14:30:44.389Z	INFO	controller_placementrule	Monitoring operator should be installed in cluster	{"cluster_name": "managed-cluster-1", "request.name": "mch-updated-request", "request.namespace": "open-cluster-management", "openshiftVersion": "4.16.7"}
2024-10-24T14:30:44.389Z	INFO	controller_placementrule	observabilityaddon already existed/unchanged	{"namespace": "managed-cluster-1"}
2024-10-24T14:30:44.389Z	INFO	controller_placementrule	clusterrolebinding endpoint-observability-mco-rolebinding already existed/unchanged	{"namespace": "managed-cluster-1"}
2024-10-24T14:30:44.389Z	INFO	controller_placementrule	rolebinding endpoint-observability-res-rolebinding already existed/unchanged	{"namespace": "managed-cluster-1"}
2024-10-24T14:30:44.389Z	INFO	util	ManagedClusterAddOn is created or updated successfully	{"name": "observability-controller", "namespace": "managed-cluster-1"}
2024-10-24T14:30:44.389Z	INFO	controller_placementrule	Cluster: managed-cluster-1, Spec.NodeSelector (after): map[]
2024-10-24T14:30:44.389Z	INFO	controller_placementrule	Cluster: managed-cluster-1, Spec.Tolerations (after): []
2024-10-24T14:30:44.393Z	INFO	deploying	Skip creation	{"Kind": "/v1, Kind=Secret", "Name": "alertmanager-config"}
2024-10-24T14:30:44.395Z	INFO	deploying	Skip creation	{"Kind": "/v1, Kind=Secret", "Name": "alertmanager-proxy"}
2024-10-24T14:30:44.430Z	INFO	controller_placementrule	manifestwork already existed/unchanged	{"namespace": "managed-cluster-1"}
2024-10-24T14:30:44.430Z	INFO	controller_placementrule	Monitoring operator should be installed in cluster	{"cluster_name": "local-cluster", "request.name": "mch-updated-request", "request.namespace": "open-cluster-management", "openshiftVersion": "mimical"}
2024-10-24T14:30:44.430Z	INFO	controller_placementrule	clusterrolebinding endpoint-observability-mco-rolebinding already existed/unchanged	{"namespace": "open-cluster-management-observability"}
2024-10-24T14:30:44.430Z	INFO	controller_placementrule	rolebinding endpoint-observability-res-rolebinding already existed/unchanged	{"namespace": "open-cluster-management-observability"}
2024-10-24T14:30:44.430Z	INFO	util	ManagedClusterAddOn is created or updated successfully	{"name": "observability-controller", "namespace": "open-cluster-management-observability"}
2024-10-24T14:30:44.430Z	INFO	controller_placementrule	Cluster: local-cluster, Spec.NodeSelector (after): map[]
2024-10-24T14:30:44.430Z	INFO	controller_placementrule	Cluster: local-cluster, Spec.Tolerations (after): []
2024-10-24T14:30:44.430Z	INFO	controller_placementrule	Creating resource for hub metrics collection	{"cluster": "local-cluster"}
2024-10-24T14:30:44.430Z	INFO	controller_placementrule	Check Ismcoterminating	{"IsMCOTerminating": false}
2024-10-24T14:30:44.447Z	INFO	deploying	Update	{"kind": "Secret", "kindVersion": "v1", "name": "alertmanager-kube-rbac-proxy-metric"}
2024-10-24T14:30:44.583Z	INFO	deploying	Skip creation	{"Kind": "/v1, Kind=Secret", "Name": "rbac-proxy-cookie-secret"}
2024-10-24T14:30:44.639Z	DEBUG	config	image replacement	{"componentName": "multicluster_observability_addon", "image": ""}
2024-10-24T14:30:44.639Z	DEBUG	config	operand is	{"key": "multicluster-observability-addon", "name": "observability-multicluster-observability-addon"}
2024-10-24T14:30:44.658Z	INFO	controller_certificates	CA secrets already existed	{"name": "observability-server-ca-certs"}
2024-10-24T14:30:44.658Z	INFO	controller_certificates	CA secrets already existed	{"name": "observability-client-ca-certs"}
2024-10-24T14:30:44.658Z	DEBUG	config	operand is	{"key": "observatorium", "name": "observability"}
2024-10-24T14:30:44.658Z	INFO	controller_certificates	Certificate secrets already existed	{"name": "observability-server-certs"}
2024-10-24T14:30:44.658Z	INFO	controller_certificates	Certificate secrets already existed	{"name": "observability-grafana-certs"}
2024-10-24T14:30:44.658Z	DEBUG	config	operand is	{"key": "observatorium", "name": "observability"}
2024-10-24T14:30:44.658Z	INFO	controller_multiclustermonitoring	storageClassSelected	{"storageClassSelected": "gp3-csi"}
2024-10-24T14:30:44.658Z	DEBUG	config	image replacement	{"componentName": "observatorium", "image": "registry.redhat.io/rhacm2/observatorium-rhel9@sha256:330c3274f16a34d79ba5ac53ddbd2fe47778aff9c01e8e26fdc5b753e634962f"}
2024-10-24T14:30:44.658Z	DEBUG	config	image replacement	{"componentName": "configmap_reloader", "image": "registry.redhat.io/openshift4/ose-configmap-reloader@sha256:fa5b2e42a27e3ab5f0a0d2a103b5602b81d1b29eb788b54cc60ad547744ad053"}
2024-10-24T14:30:44.658Z	DEBUG	config	image replacement	{"componentName": "memcached", "image": "registry.redhat.io/rhacm2/memcached-rhel9@sha256:9600034019ce695e89aecb6ac255d591b201fc40a7f3d9796f42d043f0340623"}
2024-10-24T14:30:44.658Z	DEBUG	config	image replacement	{"componentName": "memcached_exporter", "image": "registry.redhat.io/rhacm2/memcached-exporter-rhel9@sha256:2c6e39ecbeed3dc4d30225b9a2ed0840c6d41c032ee08d63c7f8f092f3ee81e6"}
2024-10-24T14:30:44.658Z	DEBUG	config	image replacement	{"componentName": "thanos_receive_controller", "image": "registry.redhat.io/rhacm2/thanos-receive-controller-rhel9@sha256:739292da294b1b536cfea4d4cb63bc39f95cb917695026b1660f9022a73d58ee"}
2024-10-24T14:30:44.658Z	DEBUG	config	image replacement	{"componentName": "memcached", "image": "registry.redhat.io/rhacm2/memcached-rhel9@sha256:9600034019ce695e89aecb6ac255d591b201fc40a7f3d9796f42d043f0340623"}
2024-10-24T14:30:44.658Z	DEBUG	config	image replacement	{"componentName": "memcached_exporter", "image": "registry.redhat.io/rhacm2/memcached-exporter-rhel9@sha256:2c6e39ecbeed3dc4d30225b9a2ed0840c6d41c032ee08d63c7f8f092f3ee81e6"}
2024-10-24T14:30:44.658Z	DEBUG	config	image replacement	{"componentName": "thanos", "image": "registry.redhat.io/rhacm2/thanos-rhel9@sha256:caf27fd686b2ae1d6cb0ebe02cf195a2e7caece3ac8bda0c0e88f92678da6bd2"}
2024-10-24T14:30:44.658Z	DEBUG	config	operand is	{"key": "observatorium", "name": "observability"}
2024-10-24T14:30:44.658Z	INFO	controller_multiclustermonitoring	Coleen Old observatorium CR spec	{"oldSpec": {"image":"registry.redhat.io/rhacm2/thanos-rhel9@sha256:caf27fd686b2ae1d6cb0ebe02cf195a2e7caece3ac8bda0c0e88f92678da6bd2","imagePullPolicy":"IfNotPresent","compact":{"replicas":1,"volumeClaimTemplate":{"spec":{"accessModes":["ReadWriteOnce"],"resources":{"requests":{"storage":"200Gi"}},"storageClassName":"gp3-csi"}},"retentionResolutionRaw":"365d","retentionResolution5m":"365d","retentionResolution1h":"365d","enableDownsampling":true,"resources":{"requests":{"cpu":"100m","memory":"512Mi"}},"serviceMonitor":true,"deleteDelay":"48h"},"receiveController":{"image":"registry.redhat.io/rhacm2/thanos-receive-controller-rhel9@sha256:739292da294b1b536cfea4d4cb63bc39f95cb917695026b1660f9022a73d58ee","imagePullPolicy":"IfNotPresent","version":"master-2022-04-01-b58820f","resources":{"requests":{"cpu":"4m","memory":"32Mi"}},"serviceMonitor":true},"receivers":{"replicas":3,"volumeClaimTemplate":{"spec":{"accessModes":["ReadWriteOnce"],"resources":{"requests":{"storage":"100Gi"}},"storageClassName":"gp3-csi"}},"replicationFactor":3,"resources":{"requests":{"cpu":"300m","memory":"512Mi"}},"serviceMonitor":true,"retention":"24h"},"queryFrontend":{"replicas":2,"resources":{"requests":{"cpu":"100m","memory":"256Mi"}},"serviceMonitor":true,"cache":{"image":"registry.redhat.io/rhacm2/memcached-rhel9@sha256:9600034019ce695e89aecb6ac255d591b201fc40a7f3d9796f42d043f0340623","imagePullPolicy":"IfNotPresent","version":"1.6.3-alpine","exporterImage":"registry.redhat.io/rhacm2/memcached-exporter-rhel9@sha256:2c6e39ecbeed3dc4d30225b9a2ed0840c6d41c032ee08d63c7f8f092f3ee81e6","exporterImagePullPolicy":"IfNotPresent","exporterVersion":"v0.9.0","replicas":3,"memoryLimitMb":1024,"maxItemSize":"1m","connectionLimit":1024,"resources":{"requests":{"cpu":"45m","memory":"128Mi"}},"exporterResources":{"requests":{"cpu":"5m","memory":"50Mi"}},"serviceMonitor":true}},"store":{"volumeClaimTemplate":{"spec":{"accessModes":["ReadWriteOnce"],"resources":{"requests":{"storage":"10Gi"}},"storageClassName":"gp3-csi"}},"shards":3,"cache":{"image":"registry.redhat.io/rhacm2/memcached-rhel9@sha256:9600034019ce695e89aecb6ac255d591b201fc40a7f3d9796f42d043f0340623","imagePullPolicy":"IfNotPresent","version":"1.6.3-alpine","exporterImage":"registry.redhat.io/rhacm2/memcached-exporter-rhel9@sha256:2c6e39ecbeed3dc4d30225b9a2ed0840c6d41c032ee08d63c7f8f092f3ee81e6","exporterImagePullPolicy":"IfNotPresent","exporterVersion":"v0.9.0","replicas":3,"memoryLimitMb":1024,"maxItemSize":"1m","connectionLimit":1024,"resources":{"requests":{"cpu":"45m","memory":"128Mi"}},"exporterResources":{"requests":{"cpu":"5m","memory":"50Mi"}},"serviceMonitor":true},"resources":{"requests":{"cpu":"100m","memory":"1Gi"}},"serviceMonitor":true},"rule":{"replicas":3,"volumeClaimTemplate":{"spec":{"accessModes":["ReadWriteOnce"],"resources":{"requests":{"storage":"1Gi"}},"storageClassName":"gp3-csi"}},"rulesConfig":[{"name":"thanos-ruler-default-rules","key":"default_rules.yaml"}],"extraVolumeMounts":[{"type":"configMap","mountPath":"/etc/thanos/configmaps/alertmanager-ca-bundle","name":"alertmanager-ca-bundle","key":"service-ca.crt"}],"alertmanagerConfigFile":{"name":"thanos-ruler-config","key":"config.yaml"},"reloaderImage":"registry.redhat.io/openshift4/ose-configmap-reloader@sha256:fa5b2e42a27e3ab5f0a0d2a103b5602b81d1b29eb788b54cc60ad547744ad053","reloaderImagePullPolicy":"IfNotPresent","resources":{"requests":{"cpu":"50m","memory":"512Mi"}},"reloaderResources":{"requests":{"cpu":"4m","memory":"25Mi"}},"serviceMonitor":true,"blockDuration":"2h","retention":"24h","evalInterval":"300s"},"query":{"replicas":2,"resources":{"requests":{"cpu":"300m","memory":"1Gi"}},"serviceMonitor":true,"lookbackDelta":"600s"}}}
2024-10-24T14:30:44.658Z	INFO	controller_multiclustermonitoring	Coleen New observatorium CR spec	{"newSpec": {"image":"registry.redhat.io/rhacm2/thanos-rhel9@sha256:caf27fd686b2ae1d6cb0ebe02cf195a2e7caece3ac8bda0c0e88f92678da6bd2","imagePullPolicy":"IfNotPresent","compact":{"replicas":1,"volumeClaimTemplate":{"spec":{"accessModes":["ReadWriteOnce"],"resources":{"requests":{"storage":"200Gi"}},"storageClassName":"gp3-csi"}},"retentionResolutionRaw":"365d","retentionResolution5m":"365d","retentionResolution1h":"365d","enableDownsampling":true,"resources":{"requests":{"cpu":"500m","memory":"1Gi"}},"serviceMonitor":true,"deleteDelay":"48h"},"receiveController":{"image":"registry.redhat.io/rhacm2/thanos-receive-controller-rhel9@sha256:739292da294b1b536cfea4d4cb63bc39f95cb917695026b1660f9022a73d58ee","imagePullPolicy":"IfNotPresent","version":"master-2022-04-01-b58820f","resources":{"requests":{"cpu":"4m","memory":"32Mi"}},"serviceMonitor":true},"receivers":{"replicas":3,"volumeClaimTemplate":{"spec":{"accessModes":["ReadWriteOnce"],"resources":{"requests":{"storage":"100Gi"}},"storageClassName":"gp3-csi"}},"replicationFactor":3,"resources":{"requests":{"cpu":"300m","memory":"512Mi"}},"serviceMonitor":true,"retention":"24h"},"queryFrontend":{"replicas":2,"resources":{"requests":{"cpu":"100m","memory":"256Mi"}},"serviceMonitor":true,"cache":{"image":"registry.redhat.io/rhacm2/memcached-rhel9@sha256:9600034019ce695e89aecb6ac255d591b201fc40a7f3d9796f42d043f0340623","imagePullPolicy":"IfNotPresent","version":"1.6.3-alpine","exporterImage":"registry.redhat.io/rhacm2/memcached-exporter-rhel9@sha256:2c6e39ecbeed3dc4d30225b9a2ed0840c6d41c032ee08d63c7f8f092f3ee81e6","exporterImagePullPolicy":"IfNotPresent","exporterVersion":"v0.9.0","replicas":3,"memoryLimitMb":1024,"maxItemSize":"1m","connectionLimit":1024,"resources":{"requests":{"cpu":"45m","memory":"128Mi"}},"exporterResources":{"requests":{"cpu":"5m","memory":"50Mi"}},"serviceMonitor":true}},"store":{"volumeClaimTemplate":{"spec":{"accessModes":["ReadWriteOnce"],"resources":{"requests":{"storage":"10Gi"}},"storageClassName":"gp3-csi"}},"shards":3,"cache":{"image":"registry.redhat.io/rhacm2/memcached-rhel9@sha256:9600034019ce695e89aecb6ac255d591b201fc40a7f3d9796f42d043f0340623","imagePullPolicy":"IfNotPresent","version":"1.6.3-alpine","exporterImage":"registry.redhat.io/rhacm2/memcached-exporter-rhel9@sha256:2c6e39ecbeed3dc4d30225b9a2ed0840c6d41c032ee08d63c7f8f092f3ee81e6","exporterImagePullPolicy":"IfNotPresent","exporterVersion":"v0.9.0","replicas":3,"memoryLimitMb":1024,"maxItemSize":"1m","connectionLimit":1024,"resources":{"requests":{"cpu":"45m","memory":"128Mi"}},"exporterResources":{"requests":{"cpu":"5m","memory":"50Mi"}},"serviceMonitor":true},"resources":{"requests":{"cpu":"100m","memory":"1Gi"}},"serviceMonitor":true},"rule":{"replicas":3,"volumeClaimTemplate":{"spec":{"accessModes":["ReadWriteOnce"],"resources":{"requests":{"storage":"1Gi"}},"storageClassName":"gp3-csi"}},"rulesConfig":[{"name":"thanos-ruler-default-rules","key":"default_rules.yaml"}],"extraVolumeMounts":[{"type":"configMap","mountPath":"/etc/thanos/configmaps/alertmanager-ca-bundle","name":"alertmanager-ca-bundle","key":"service-ca.crt"}],"alertmanagerConfigFile":{"name":"thanos-ruler-config","key":"config.yaml"},"reloaderImage":"registry.redhat.io/openshift4/ose-configmap-reloader@sha256:fa5b2e42a27e3ab5f0a0d2a103b5602b81d1b29eb788b54cc60ad547744ad053","reloaderImagePullPolicy":"IfNotPresent","resources":{"requests":{"cpu":"50m","memory":"512Mi"}},"reloaderResources":{"requests":{"cpu":"4m","memory":"25Mi"}},"serviceMonitor":true,"blockDuration":"2h","retention":"24h","evalInterval":"300s"},"query":{"replicas":2,"resources":{"requests":{"cpu":"300m","memory":"1Gi"}},"serviceMonitor":true,"lookbackDelta":"600s"}}}
2024-10-24T14:30:44.660Z	INFO	controller_multiclustermonitoring	StorageVersionMigration already existed/unchanged	{"name": "storage-version-migration-observability"}
2024-10-24T14:30:44.660Z	INFO	controller_multiclustermonitoring	Reconciling MultiClusterObservability	{"Request.Namespace": "", "Request.Name": "open-cluster-management-observability"}
2024-10-24T14:30:44.660Z	DEBUG	controller_multiclustermonitoring	status update goroutine is triggered.
2024-10-24T14:30:44.662Z	INFO	util	unable to get CRD with ApiextensionsV1 Client, not found.	{"CRD": "multiclusterglobalhubs.operator.open-cluster-management.io"}
2024-10-24T14:30:44.666Z	DEBUG	config	operand is	{"key": "grafana", "name": "observability-grafana"}
2024-10-24T14:30:44.666Z	DEBUG	config	image replacement	{"componentName": "grafana", "image": "registry.redhat.io/rhacm2/acm-grafana-rhel9@sha256:74ad9db2286eef85e6c278cad1840a144ab50e8db1fced736974432dc4b9e0dd"}
2024-10-24T14:30:44.666Z	DEBUG	config	image replacement	{"componentName": "grafana_dashboard_loader", "image": "registry.redhat.io/rhacm2/grafana-dashboard-loader-rhel9@sha256:e2ff942d47e7e703a5fb11a2aacaac610e53273c74284d3b6da88bc70b8e7b7a"}
2024-10-24T14:30:44.729Z	DEBUG	config	operand is	{"key": "alertmanager", "name": "observability-alertmanager"}
2024-10-24T14:30:44.729Z	DEBUG	config	operand is	{"key": "alertmanager", "name": "observability-alertmanager"}
2024-10-24T14:30:44.729Z	DEBUG	config	operand is	{"key": "alertmanager", "name": "observability-alertmanager"}
2024-10-24T14:30:44.729Z	DEBUG	config	operand is	{"key": "alertmanager", "name": "observability-alertmanager"}
2024-10-24T14:30:44.729Z	DEBUG	config	image replacement	{"componentName": "prometheus_alertmanager", "image": "registry.redhat.io/rhacm2/prometheus-alertmanager-rhel9@sha256:6429a938750a655c2081cf3d6021a7377f6a3aa5cd43587885d4d49a9e528ee4"}
2024-10-24T14:30:44.729Z	DEBUG	config	image replacement	{"componentName": "configmap_reloader", "image": "registry.redhat.io/openshift4/ose-configmap-reloader@sha256:fa5b2e42a27e3ab5f0a0d2a103b5602b81d1b29eb788b54cc60ad547744ad053"}
2024-10-24T14:30:44.732Z	DEBUG	config	image replacement	{"componentName": "kube_rbac_proxy", "image": "registry.redhat.io/rhacm2/kube-rbac-proxy-rhel9@sha256:c60a1d52359493a41b2b6f820d11716d67290e9b83dc18c16039dbc6f120e5f2"}
W1024 14:30:44.734594       1 client_config.go:659] Neither --kubeconfig nor --master was specified.  Using the inClusterConfig.  This might not work.
2024-10-24T14:30:44.736Z	DEBUG	config	operand is	{"key": "rbac-query-proxy", "name": "observability-rbac-query-proxy"}
2024-10-24T14:30:44.736Z	DEBUG	config	operand is	{"key": "observatorium", "name": "observability"}
2024-10-24T14:30:44.736Z	DEBUG	config	operand is	{"key": "observatorium", "name": "observability"}
2024-10-24T14:30:44.736Z	DEBUG	config	image replacement	{"componentName": "rbac_query_proxy", "image": "registry.redhat.io/rhacm2/rbac-query-proxy-rhel9@sha256:8a0b372f52004a9855d4d42c4bbd7d09d586e9d0fabdb73d525b1a23b030b1ed"}
2024-10-24T14:30:44.738Z	DEBUG	config	image replacement	{"componentName": "observatorium_operator", "image": "registry.redhat.io/rhacm2/observatorium-rhel9-operator@sha256:20bae12383bdb261dfbb7274975374fad90f4831ff9787a26aac626d26f1ef16"}
2024-10-24T14:30:44.738Z	DEBUG	config	operand is	{"key": "observatorium-operator", "name": "observability-observatorium-operator"}
2024/10/24 14:30:44 [INFO] signed certificate with serial number 28671871856903913262084539901345971599697671798
2024-10-24T14:30:44.746Z	INFO	controller_placementrule	Reconciling PlacementRule	{"Request.Namespace": "openshift-ingress", "Request.Name": "router-certs-default"}
2024-10-24T14:30:44.746Z	INFO	util	observability-controller clustermanagementaddon is present 
2024-10-24T14:30:44.746Z	INFO	controller_placementrule	load and update templates for managedcluster resources
2024-10-24T14:30:44.746Z	DEBUG	config	image replacement	{"componentName": "prometheus_operator", "image": "registry.redhat.io/rhacm2/acm-prometheus-rhel9@sha256:4234bab8666dad7917cfcf10fdaed87b60e549ef6f8fb23d1760881d922e03e9"}
2024-10-24T14:30:44.746Z	DEBUG	config	image replacement	{"componentName": "kube_state_metrics", "image": "registry.redhat.io/rhacm2/kube-state-metrics-rhel9@sha256:001d552710b7aa82dd460f906d840c7e32f6eed7882510c48b8ec4a7085ee2aa"}
2024-10-24T14:30:44.746Z	DEBUG	config	image replacement	{"componentName": "node_exporter", "image": "registry.redhat.io/rhacm2/node-exporter-rhel9@sha256:603dbc7b5dbfd86a289e5159bb159645ae3a2504ca0f60ddf4b81dc68686fee4"}
2024-10-24T14:30:44.746Z	DEBUG	config	image replacement	{"componentName": "kube_rbac_proxy", "image": "registry.redhat.io/rhacm2/kube-rbac-proxy-rhel9@sha256:c60a1d52359493a41b2b6f820d11716d67290e9b83dc18c16039dbc6f120e5f2"}
2024-10-24T14:30:44.746Z	DEBUG	config	image replacement	{"componentName": "metrics_collector", "image": "registry.redhat.io/rhacm2/metrics-collector-rhel9@sha256:6212529aca9b35102350887934901063c1f7837264f39a73ae13285bd871f60b"}
2024-10-24T14:30:44.746Z	DEBUG	config	image replacement	{"componentName": "prometheus", "image": "registry.redhat.io/rhacm2/prometheus-rhel9@sha256:098027730324408f1548bb874ace8e477a90b2fbe170c5a2ebe0cb956370e116"}
2024-10-24T14:30:44.746Z	DEBUG	config	image replacement	{"componentName": "prometheus_config_reloader", "image": "registry.redhat.io/rhacm2/acm-prometheus-config-reloader-rhel9@sha256:ab1632ec7aca478cf368e80ac9d98da3f2306a0cae8a4e9d29f95e149fd47ced"}
2024-10-24T14:30:44.747Z	DEBUG	config	image replacement	{"componentName": "endpoint_monitoring_operator", "image": "registry.redhat.io/rhacm2/endpoint-monitoring-rhel9-operator@sha256:d4f1566125857fb8374fe1935bf397a529d36b558fc6d504a6562c3b0dd5f3b5"}
2024-10-24T14:30:44.753Z	INFO	controller_placementrule	Reconciling PlacementRule	{"Request.Namespace": "openshift-ingress-operator", "Request.Name": "default"}
2024-10-24T14:30:44.753Z	INFO	util	observability-controller clustermanagementaddon is present 
2024-10-24T14:30:44.753Z	INFO	controller_placementrule	load and update templates for managedcluster resources
2024-10-24T14:30:44.753Z	INFO	deploying	Skip creation	{"Kind": "/v1, Kind=ConfigMap", "Name": "observability-managed-cluster-label-allowlist"}
2024-10-24T14:30:44.753Z	DEBUG	config	image replacement	{"componentName": "prometheus_config_reloader", "image": "registry.redhat.io/rhacm2/acm-prometheus-config-reloader-rhel9@sha256:ab1632ec7aca478cf368e80ac9d98da3f2306a0cae8a4e9d29f95e149fd47ced"}
2024-10-24T14:30:44.753Z	DEBUG	config	image replacement	{"componentName": "prometheus_operator", "image": "registry.redhat.io/rhacm2/acm-prometheus-rhel9@sha256:4234bab8666dad7917cfcf10fdaed87b60e549ef6f8fb23d1760881d922e03e9"}
2024-10-24T14:30:44.753Z	DEBUG	config	image replacement	{"componentName": "kube_state_metrics", "image": "registry.redhat.io/rhacm2/kube-state-metrics-rhel9@sha256:001d552710b7aa82dd460f906d840c7e32f6eed7882510c48b8ec4a7085ee2aa"}
2024-10-24T14:30:44.753Z	DEBUG	config	image replacement	{"componentName": "node_exporter", "image": "registry.redhat.io/rhacm2/node-exporter-rhel9@sha256:603dbc7b5dbfd86a289e5159bb159645ae3a2504ca0f60ddf4b81dc68686fee4"}
2024-10-24T14:30:44.753Z	DEBUG	config	image replacement	{"componentName": "kube_rbac_proxy", "image": "registry.redhat.io/rhacm2/kube-rbac-proxy-rhel9@sha256:c60a1d52359493a41b2b6f820d11716d67290e9b83dc18c16039dbc6f120e5f2"}
2024-10-24T14:30:44.753Z	DEBUG	config	image replacement	{"componentName": "metrics_collector", "image": "registry.redhat.io/rhacm2/metrics-collector-rhel9@sha256:6212529aca9b35102350887934901063c1f7837264f39a73ae13285bd871f60b"}
2024-10-24T14:30:44.753Z	DEBUG	config	image replacement	{"componentName": "prometheus", "image": "registry.redhat.io/rhacm2/prometheus-rhel9@sha256:098027730324408f1548bb874ace8e477a90b2fbe170c5a2ebe0cb956370e116"}
2024-10-24T14:30:44.754Z	DEBUG	config	image replacement	{"componentName": "endpoint_monitoring_operator", "image": "registry.redhat.io/rhacm2/endpoint-monitoring-rhel9-operator@sha256:d4f1566125857fb8374fe1935bf397a529d36b558fc6d504a6562c3b0dd5f3b5"}
2024-10-24T14:30:44.758Z	INFO	controller_placementrule	Reconciling PlacementRule	{"Request.Namespace": "", "Request.Name": "mco-updated-request"}
2024-10-24T14:30:44.758Z	INFO	util	observability-controller clustermanagementaddon is present 
2024-10-24T14:30:44.758Z	INFO	controller_placementrule	load and update templates for managedcluster resources
2024-10-24T14:30:44.758Z	DEBUG	config	image replacement	{"componentName": "prometheus_operator", "image": "registry.redhat.io/rhacm2/acm-prometheus-rhel9@sha256:4234bab8666dad7917cfcf10fdaed87b60e549ef6f8fb23d1760881d922e03e9"}
2024-10-24T14:30:44.758Z	DEBUG	config	image replacement	{"componentName": "kube_state_metrics", "image": "registry.redhat.io/rhacm2/kube-state-metrics-rhel9@sha256:001d552710b7aa82dd460f906d840c7e32f6eed7882510c48b8ec4a7085ee2aa"}
2024-10-24T14:30:44.758Z	DEBUG	config	image replacement	{"componentName": "node_exporter", "image": "registry.redhat.io/rhacm2/node-exporter-rhel9@sha256:603dbc7b5dbfd86a289e5159bb159645ae3a2504ca0f60ddf4b81dc68686fee4"}
2024-10-24T14:30:44.758Z	DEBUG	config	image replacement	{"componentName": "kube_rbac_proxy", "image": "registry.redhat.io/rhacm2/kube-rbac-proxy-rhel9@sha256:c60a1d52359493a41b2b6f820d11716d67290e9b83dc18c16039dbc6f120e5f2"}
2024-10-24T14:30:44.758Z	DEBUG	config	image replacement	{"componentName": "metrics_collector", "image": "registry.redhat.io/rhacm2/metrics-collector-rhel9@sha256:6212529aca9b35102350887934901063c1f7837264f39a73ae13285bd871f60b"}
2024-10-24T14:30:44.758Z	DEBUG	config	image replacement	{"componentName": "prometheus", "image": "registry.redhat.io/rhacm2/prometheus-rhel9@sha256:098027730324408f1548bb874ace8e477a90b2fbe170c5a2ebe0cb956370e116"}
2024-10-24T14:30:44.758Z	DEBUG	config	image replacement	{"componentName": "prometheus_config_reloader", "image": "registry.redhat.io/rhacm2/acm-prometheus-config-reloader-rhel9@sha256:ab1632ec7aca478cf368e80ac9d98da3f2306a0cae8a4e9d29f95e149fd47ced"}
2024-10-24T14:30:44.758Z	DEBUG	config	image replacement	{"componentName": "endpoint_monitoring_operator", "image": "registry.redhat.io/rhacm2/endpoint-monitoring-rhel9-operator@sha256:d4f1566125857fb8374fe1935bf397a529d36b558fc6d504a6562c3b0dd5f3b5"}
2024-10-24T14:30:44.760Z	INFO	controller_placementrule	Monitoring operator should be installed in cluster	{"cluster_name": "managed-cluster-1", "request.name": "mco-updated-request", "request.namespace": "", "openshiftVersion": "4.16.7"}
2024-10-24T14:30:44.760Z	INFO	controller_placementrule	observabilityaddon already existed/unchanged	{"namespace": "managed-cluster-1"}
2024-10-24T14:30:44.760Z	INFO	controller_placementrule	clusterrolebinding endpoint-observability-mco-rolebinding already existed/unchanged	{"namespace": "managed-cluster-1"}
2024-10-24T14:30:44.760Z	INFO	controller_placementrule	rolebinding endpoint-observability-res-rolebinding already existed/unchanged	{"namespace": "managed-cluster-1"}
2024-10-24T14:30:44.760Z	INFO	util	ManagedClusterAddOn is created or updated successfully	{"name": "observability-controller", "namespace": "managed-cluster-1"}
2024-10-24T14:30:44.760Z	INFO	controller_placementrule	Cluster: managed-cluster-1, Spec.NodeSelector (after): map[]
2024-10-24T14:30:44.760Z	INFO	controller_placementrule	Cluster: managed-cluster-1, Spec.Tolerations (after): []
2024-10-24T14:30:44.761Z	INFO	deploying	Update	{"kind": "Secret", "kindVersion": "v1", "name": "grafana-config"}
2024-10-24T14:30:44.762Z	INFO	controller_placementrule	manifestwork already existed/unchanged	{"namespace": "managed-cluster-1"}
2024-10-24T14:30:44.762Z	INFO	controller_placementrule	Monitoring operator should be installed in cluster	{"cluster_name": "local-cluster", "request.name": "mco-updated-request", "request.namespace": "", "openshiftVersion": "mimical"}
2024-10-24T14:30:44.762Z	INFO	controller_placementrule	clusterrolebinding endpoint-observability-mco-rolebinding already existed/unchanged	{"namespace": "open-cluster-management-observability"}
2024-10-24T14:30:44.762Z	INFO	controller_placementrule	rolebinding endpoint-observability-res-rolebinding already existed/unchanged	{"namespace": "open-cluster-management-observability"}
2024-10-24T14:30:44.762Z	INFO	util	ManagedClusterAddOn is created or updated successfully	{"name": "observability-controller", "namespace": "open-cluster-management-observability"}
2024-10-24T14:30:44.762Z	INFO	controller_placementrule	Cluster: local-cluster, Spec.NodeSelector (after): map[]
2024-10-24T14:30:44.762Z	INFO	controller_placementrule	Cluster: local-cluster, Spec.Tolerations (after): []
2024-10-24T14:30:44.762Z	INFO	controller_placementrule	Creating resource for hub metrics collection	{"cluster": "local-cluster"}
2024-10-24T14:30:44.762Z	INFO	controller_placementrule	Check Ismcoterminating	{"IsMCOTerminating": false}
W1024 14:30:44.843197       1 client_config.go:659] Neither --kubeconfig nor --master was specified.  Using the inClusterConfig.  This might not work.
2024/10/24 14:30:44 [INFO] signed certificate with serial number 646795373046854278418085140173522566681248607265
2024-10-24T14:30:44.852Z	INFO	controller_placementrule	Reconciling PlacementRule	{"Request.Namespace": "openshift-ingress-operator", "Request.Name": "router-ca"}
2024-10-24T14:30:44.852Z	INFO	util	observability-controller clustermanagementaddon is present 
2024-10-24T14:30:44.852Z	INFO	controller_placementrule	load and update templates for managedcluster resources
2024-10-24T14:30:44.852Z	DEBUG	config	image replacement	{"componentName": "prometheus", "image": "registry.redhat.io/rhacm2/prometheus-rhel9@sha256:098027730324408f1548bb874ace8e477a90b2fbe170c5a2ebe0cb956370e116"}
2024-10-24T14:30:44.852Z	DEBUG	config	image replacement	{"componentName": "prometheus_config_reloader", "image": "registry.redhat.io/rhacm2/acm-prometheus-config-reloader-rhel9@sha256:ab1632ec7aca478cf368e80ac9d98da3f2306a0cae8a4e9d29f95e149fd47ced"}
2024-10-24T14:30:44.852Z	DEBUG	config	image replacement	{"componentName": "prometheus_operator", "image": "registry.redhat.io/rhacm2/acm-prometheus-rhel9@sha256:4234bab8666dad7917cfcf10fdaed87b60e549ef6f8fb23d1760881d922e03e9"}
2024-10-24T14:30:44.852Z	DEBUG	config	image replacement	{"componentName": "kube_state_metrics", "image": "registry.redhat.io/rhacm2/kube-state-metrics-rhel9@sha256:001d552710b7aa82dd460f906d840c7e32f6eed7882510c48b8ec4a7085ee2aa"}
2024-10-24T14:30:44.852Z	DEBUG	config	image replacement	{"componentName": "node_exporter", "image": "registry.redhat.io/rhacm2/node-exporter-rhel9@sha256:603dbc7b5dbfd86a289e5159bb159645ae3a2504ca0f60ddf4b81dc68686fee4"}
2024-10-24T14:30:44.852Z	DEBUG	config	image replacement	{"componentName": "kube_rbac_proxy", "image": "registry.redhat.io/rhacm2/kube-rbac-proxy-rhel9@sha256:c60a1d52359493a41b2b6f820d11716d67290e9b83dc18c16039dbc6f120e5f2"}
2024-10-24T14:30:44.852Z	DEBUG	config	image replacement	{"componentName": "metrics_collector", "image": "registry.redhat.io/rhacm2/metrics-collector-rhel9@sha256:6212529aca9b35102350887934901063c1f7837264f39a73ae13285bd871f60b"}
2024-10-24T14:30:44.853Z	DEBUG	config	image replacement	{"componentName": "endpoint_monitoring_operator", "image": "registry.redhat.io/rhacm2/endpoint-monitoring-rhel9-operator@sha256:d4f1566125857fb8374fe1935bf397a529d36b558fc6d504a6562c3b0dd5f3b5"}
2024-10-24T14:30:44.857Z	INFO	controller_placementrule	Reconciling PlacementRule	{"Request.Namespace": "managed-cluster-1", "Request.Name": "managed-cluster-1-observability"}
2024-10-24T14:30:44.857Z	INFO	util	observability-controller clustermanagementaddon is present 
2024-10-24T14:30:44.857Z	INFO	controller_placementrule	load and update templates for managedcluster resources
2024-10-24T14:30:44.858Z	DEBUG	config	image replacement	{"componentName": "kube_state_metrics", "image": "registry.redhat.io/rhacm2/kube-state-metrics-rhel9@sha256:001d552710b7aa82dd460f906d840c7e32f6eed7882510c48b8ec4a7085ee2aa"}
2024-10-24T14:30:44.858Z	DEBUG	config	image replacement	{"componentName": "node_exporter", "image": "registry.redhat.io/rhacm2/node-exporter-rhel9@sha256:603dbc7b5dbfd86a289e5159bb159645ae3a2504ca0f60ddf4b81dc68686fee4"}
2024-10-24T14:30:44.858Z	DEBUG	config	image replacement	{"componentName": "kube_rbac_proxy", "image": "registry.redhat.io/rhacm2/kube-rbac-proxy-rhel9@sha256:c60a1d52359493a41b2b6f820d11716d67290e9b83dc18c16039dbc6f120e5f2"}
2024-10-24T14:30:44.858Z	DEBUG	config	image replacement	{"componentName": "metrics_collector", "image": "registry.redhat.io/rhacm2/metrics-collector-rhel9@sha256:6212529aca9b35102350887934901063c1f7837264f39a73ae13285bd871f60b"}
2024-10-24T14:30:44.858Z	DEBUG	config	image replacement	{"componentName": "prometheus", "image": "registry.redhat.io/rhacm2/prometheus-rhel9@sha256:098027730324408f1548bb874ace8e477a90b2fbe170c5a2ebe0cb956370e116"}
2024-10-24T14:30:44.858Z	DEBUG	config	image replacement	{"componentName": "prometheus_config_reloader", "image": "registry.redhat.io/rhacm2/acm-prometheus-config-reloader-rhel9@sha256:ab1632ec7aca478cf368e80ac9d98da3f2306a0cae8a4e9d29f95e149fd47ced"}
2024-10-24T14:30:44.858Z	DEBUG	config	image replacement	{"componentName": "prometheus_operator", "image": "registry.redhat.io/rhacm2/acm-prometheus-rhel9@sha256:4234bab8666dad7917cfcf10fdaed87b60e549ef6f8fb23d1760881d922e03e9"}
2024-10-24T14:30:44.858Z	DEBUG	config	image replacement	{"componentName": "endpoint_monitoring_operator", "image": "registry.redhat.io/rhacm2/endpoint-monitoring-rhel9-operator@sha256:d4f1566125857fb8374fe1935bf397a529d36b558fc6d504a6562c3b0dd5f3b5"}
2024-10-24T14:30:44.859Z	INFO	controller_placementrule	Monitoring operator should be installed in cluster	{"cluster_name": "managed-cluster-1", "request.name": "managed-cluster-1-observability", "request.namespace": "managed-cluster-1", "openshiftVersion": "4.16.7"}
2024-10-24T14:30:44.860Z	INFO	controller_placementrule	observabilityaddon already existed/unchanged	{"namespace": "managed-cluster-1"}
2024-10-24T14:30:44.860Z	INFO	controller_placementrule	clusterrolebinding endpoint-observability-mco-rolebinding already existed/unchanged	{"namespace": "managed-cluster-1"}
2024-10-24T14:30:44.860Z	INFO	controller_placementrule	rolebinding endpoint-observability-res-rolebinding already existed/unchanged	{"namespace": "managed-cluster-1"}
2024-10-24T14:30:44.860Z	INFO	util	ManagedClusterAddOn is created or updated successfully	{"name": "observability-controller", "namespace": "managed-cluster-1"}
2024-10-24T14:30:44.860Z	INFO	controller_placementrule	Cluster: managed-cluster-1, Spec.NodeSelector (after): map[]
2024-10-24T14:30:44.860Z	INFO	controller_placementrule	Cluster: managed-cluster-1, Spec.Tolerations (after): []
2024-10-24T14:30:44.862Z	INFO	controller_placementrule	manifestwork already existed/unchanged	{"namespace": "managed-cluster-1"}
2024-10-24T14:30:45.453Z	DEBUG	controller_multiclustermonitoring	check status ready goroutine is triggered.
2024-10-24T14:30:46.433Z	INFO	deploying	Skip creation	{"Kind": "/v1, Kind=Secret", "Name": "alertmanager-config"}
2024-10-24T14:30:46.434Z	INFO	deploying	Skip creation	{"Kind": "/v1, Kind=Secret", "Name": "alertmanager-proxy"}
2024-10-24T14:30:46.477Z	INFO	deploying	Update	{"kind": "Secret", "kindVersion": "v1", "name": "alertmanager-kube-rbac-proxy-metric"}
2024-10-24T14:30:46.633Z	INFO	deploying	Skip creation	{"Kind": "/v1, Kind=Secret", "Name": "rbac-proxy-cookie-secret"}
2024-10-24T14:30:46.678Z	DEBUG	config	image replacement	{"componentName": "multicluster_observability_addon", "image": ""}
2024-10-24T14:30:46.678Z	DEBUG	config	operand is	{"key": "multicluster-observability-addon", "name": "observability-multicluster-observability-addon"}
2024-10-24T14:30:46.693Z	INFO	controller_certificates	CA secrets already existed	{"name": "observability-server-ca-certs"}
2024-10-24T14:30:46.693Z	INFO	controller_certificates	CA secrets already existed	{"name": "observability-client-ca-certs"}
2024-10-24T14:30:46.693Z	DEBUG	config	operand is	{"key": "observatorium", "name": "observability"}
2024-10-24T14:30:46.693Z	INFO	controller_certificates	Certificate secrets already existed	{"name": "observability-server-certs"}
2024-10-24T14:30:46.693Z	INFO	controller_certificates	Certificate secrets already existed	{"name": "observability-grafana-certs"}
2024-10-24T14:30:46.693Z	DEBUG	config	operand is	{"key": "observatorium", "name": "observability"}
2024-10-24T14:30:46.693Z	INFO	controller_multiclustermonitoring	storageClassSelected	{"storageClassSelected": "gp3-csi"}
2024-10-24T14:30:46.693Z	DEBUG	config	image replacement	{"componentName": "observatorium", "image": "registry.redhat.io/rhacm2/observatorium-rhel9@sha256:330c3274f16a34d79ba5ac53ddbd2fe47778aff9c01e8e26fdc5b753e634962f"}
2024-10-24T14:30:46.693Z	DEBUG	config	image replacement	{"componentName": "configmap_reloader", "image": "registry.redhat.io/openshift4/ose-configmap-reloader@sha256:fa5b2e42a27e3ab5f0a0d2a103b5602b81d1b29eb788b54cc60ad547744ad053"}
2024-10-24T14:30:46.693Z	DEBUG	config	image replacement	{"componentName": "memcached", "image": "registry.redhat.io/rhacm2/memcached-rhel9@sha256:9600034019ce695e89aecb6ac255d591b201fc40a7f3d9796f42d043f0340623"}
2024-10-24T14:30:46.693Z	DEBUG	config	image replacement	{"componentName": "memcached_exporter", "image": "registry.redhat.io/rhacm2/memcached-exporter-rhel9@sha256:2c6e39ecbeed3dc4d30225b9a2ed0840c6d41c032ee08d63c7f8f092f3ee81e6"}
2024-10-24T14:30:46.693Z	DEBUG	config	image replacement	{"componentName": "thanos_receive_controller", "image": "registry.redhat.io/rhacm2/thanos-receive-controller-rhel9@sha256:739292da294b1b536cfea4d4cb63bc39f95cb917695026b1660f9022a73d58ee"}
2024-10-24T14:30:46.693Z	DEBUG	config	image replacement	{"componentName": "memcached", "image": "registry.redhat.io/rhacm2/memcached-rhel9@sha256:9600034019ce695e89aecb6ac255d591b201fc40a7f3d9796f42d043f0340623"}
2024-10-24T14:30:46.693Z	DEBUG	config	image replacement	{"componentName": "memcached_exporter", "image": "registry.redhat.io/rhacm2/memcached-exporter-rhel9@sha256:2c6e39ecbeed3dc4d30225b9a2ed0840c6d41c032ee08d63c7f8f092f3ee81e6"}
2024-10-24T14:30:46.693Z	DEBUG	config	image replacement	{"componentName": "thanos", "image": "registry.redhat.io/rhacm2/thanos-rhel9@sha256:caf27fd686b2ae1d6cb0ebe02cf195a2e7caece3ac8bda0c0e88f92678da6bd2"}
2024-10-24T14:30:46.693Z	DEBUG	config	operand is	{"key": "observatorium", "name": "observability"}
2024-10-24T14:30:46.693Z	INFO	controller_multiclustermonitoring	Coleen Old observatorium CR spec	{"oldSpec": {"image":"registry.redhat.io/rhacm2/thanos-rhel9@sha256:caf27fd686b2ae1d6cb0ebe02cf195a2e7caece3ac8bda0c0e88f92678da6bd2","imagePullPolicy":"IfNotPresent","compact":{"replicas":1,"volumeClaimTemplate":{"spec":{"accessModes":["ReadWriteOnce"],"resources":{"requests":{"storage":"200Gi"}},"storageClassName":"gp3-csi"}},"retentionResolutionRaw":"365d","retentionResolution5m":"365d","retentionResolution1h":"365d","enableDownsampling":true,"resources":{"requests":{"cpu":"100m","memory":"512Mi"}},"serviceMonitor":true,"deleteDelay":"48h"},"receiveController":{"image":"registry.redhat.io/rhacm2/thanos-receive-controller-rhel9@sha256:739292da294b1b536cfea4d4cb63bc39f95cb917695026b1660f9022a73d58ee","imagePullPolicy":"IfNotPresent","version":"master-2022-04-01-b58820f","resources":{"requests":{"cpu":"4m","memory":"32Mi"}},"serviceMonitor":true},"receivers":{"replicas":3,"volumeClaimTemplate":{"spec":{"accessModes":["ReadWriteOnce"],"resources":{"requests":{"storage":"100Gi"}},"storageClassName":"gp3-csi"}},"replicationFactor":3,"resources":{"requests":{"cpu":"300m","memory":"512Mi"}},"serviceMonitor":true,"retention":"24h"},"queryFrontend":{"replicas":2,"resources":{"requests":{"cpu":"100m","memory":"256Mi"}},"serviceMonitor":true,"cache":{"image":"registry.redhat.io/rhacm2/memcached-rhel9@sha256:9600034019ce695e89aecb6ac255d591b201fc40a7f3d9796f42d043f0340623","imagePullPolicy":"IfNotPresent","version":"1.6.3-alpine","exporterImage":"registry.redhat.io/rhacm2/memcached-exporter-rhel9@sha256:2c6e39ecbeed3dc4d30225b9a2ed0840c6d41c032ee08d63c7f8f092f3ee81e6","exporterImagePullPolicy":"IfNotPresent","exporterVersion":"v0.9.0","replicas":3,"memoryLimitMb":1024,"maxItemSize":"1m","connectionLimit":1024,"resources":{"requests":{"cpu":"45m","memory":"128Mi"}},"exporterResources":{"requests":{"cpu":"5m","memory":"50Mi"}},"serviceMonitor":true}},"store":{"volumeClaimTemplate":{"spec":{"accessModes":["ReadWriteOnce"],"resources":{"requests":{"storage":"10Gi"}},"storageClassName":"gp3-csi"}},"shards":3,"cache":{"image":"registry.redhat.io/rhacm2/memcached-rhel9@sha256:9600034019ce695e89aecb6ac255d591b201fc40a7f3d9796f42d043f0340623","imagePullPolicy":"IfNotPresent","version":"1.6.3-alpine","exporterImage":"registry.redhat.io/rhacm2/memcached-exporter-rhel9@sha256:2c6e39ecbeed3dc4d30225b9a2ed0840c6d41c032ee08d63c7f8f092f3ee81e6","exporterImagePullPolicy":"IfNotPresent","exporterVersion":"v0.9.0","replicas":3,"memoryLimitMb":1024,"maxItemSize":"1m","connectionLimit":1024,"resources":{"requests":{"cpu":"45m","memory":"128Mi"}},"exporterResources":{"requests":{"cpu":"5m","memory":"50Mi"}},"serviceMonitor":true},"resources":{"requests":{"cpu":"100m","memory":"1Gi"}},"serviceMonitor":true},"rule":{"replicas":3,"volumeClaimTemplate":{"spec":{"accessModes":["ReadWriteOnce"],"resources":{"requests":{"storage":"1Gi"}},"storageClassName":"gp3-csi"}},"rulesConfig":[{"name":"thanos-ruler-default-rules","key":"default_rules.yaml"}],"extraVolumeMounts":[{"type":"configMap","mountPath":"/etc/thanos/configmaps/alertmanager-ca-bundle","name":"alertmanager-ca-bundle","key":"service-ca.crt"}],"alertmanagerConfigFile":{"name":"thanos-ruler-config","key":"config.yaml"},"reloaderImage":"registry.redhat.io/openshift4/ose-configmap-reloader@sha256:fa5b2e42a27e3ab5f0a0d2a103b5602b81d1b29eb788b54cc60ad547744ad053","reloaderImagePullPolicy":"IfNotPresent","resources":{"requests":{"cpu":"50m","memory":"512Mi"}},"reloaderResources":{"requests":{"cpu":"4m","memory":"25Mi"}},"serviceMonitor":true,"blockDuration":"2h","retention":"24h","evalInterval":"300s"},"query":{"replicas":2,"resources":{"requests":{"cpu":"300m","memory":"1Gi"}},"serviceMonitor":true,"lookbackDelta":"600s"}}}
2024-10-24T14:30:46.693Z	INFO	controller_multiclustermonitoring	Coleen New observatorium CR spec	{"newSpec": {"image":"registry.redhat.io/rhacm2/thanos-rhel9@sha256:caf27fd686b2ae1d6cb0ebe02cf195a2e7caece3ac8bda0c0e88f92678da6bd2","imagePullPolicy":"IfNotPresent","compact":{"replicas":1,"volumeClaimTemplate":{"spec":{"accessModes":["ReadWriteOnce"],"resources":{"requests":{"storage":"200Gi"}},"storageClassName":"gp3-csi"}},"retentionResolutionRaw":"365d","retentionResolution5m":"365d","retentionResolution1h":"365d","enableDownsampling":true,"resources":{"requests":{"cpu":"500m","memory":"1Gi"}},"serviceMonitor":true,"deleteDelay":"48h"},"receiveController":{"image":"registry.redhat.io/rhacm2/thanos-receive-controller-rhel9@sha256:739292da294b1b536cfea4d4cb63bc39f95cb917695026b1660f9022a73d58ee","imagePullPolicy":"IfNotPresent","version":"master-2022-04-01-b58820f","resources":{"requests":{"cpu":"4m","memory":"32Mi"}},"serviceMonitor":true},"receivers":{"replicas":3,"volumeClaimTemplate":{"spec":{"accessModes":["ReadWriteOnce"],"resources":{"requests":{"storage":"100Gi"}},"storageClassName":"gp3-csi"}},"replicationFactor":3,"resources":{"requests":{"cpu":"300m","memory":"512Mi"}},"serviceMonitor":true,"retention":"24h"},"queryFrontend":{"replicas":2,"resources":{"requests":{"cpu":"100m","memory":"256Mi"}},"serviceMonitor":true,"cache":{"image":"registry.redhat.io/rhacm2/memcached-rhel9@sha256:9600034019ce695e89aecb6ac255d591b201fc40a7f3d9796f42d043f0340623","imagePullPolicy":"IfNotPresent","version":"1.6.3-alpine","exporterImage":"registry.redhat.io/rhacm2/memcached-exporter-rhel9@sha256:2c6e39ecbeed3dc4d30225b9a2ed0840c6d41c032ee08d63c7f8f092f3ee81e6","exporterImagePullPolicy":"IfNotPresent","exporterVersion":"v0.9.0","replicas":3,"memoryLimitMb":1024,"maxItemSize":"1m","connectionLimit":1024,"resources":{"requests":{"cpu":"45m","memory":"128Mi"}},"exporterResources":{"requests":{"cpu":"5m","memory":"50Mi"}},"serviceMonitor":true}},"store":{"volumeClaimTemplate":{"spec":{"accessModes":["ReadWriteOnce"],"resources":{"requests":{"storage":"10Gi"}},"storageClassName":"gp3-csi"}},"shards":3,"cache":{"image":"registry.redhat.io/rhacm2/memcached-rhel9@sha256:9600034019ce695e89aecb6ac255d591b201fc40a7f3d9796f42d043f0340623","imagePullPolicy":"IfNotPresent","version":"1.6.3-alpine","exporterImage":"registry.redhat.io/rhacm2/memcached-exporter-rhel9@sha256:2c6e39ecbeed3dc4d30225b9a2ed0840c6d41c032ee08d63c7f8f092f3ee81e6","exporterImagePullPolicy":"IfNotPresent","exporterVersion":"v0.9.0","replicas":3,"memoryLimitMb":1024,"maxItemSize":"1m","connectionLimit":1024,"resources":{"requests":{"cpu":"45m","memory":"128Mi"}},"exporterResources":{"requests":{"cpu":"5m","memory":"50Mi"}},"serviceMonitor":true},"resources":{"requests":{"cpu":"100m","memory":"1Gi"}},"serviceMonitor":true},"rule":{"replicas":3,"volumeClaimTemplate":{"spec":{"accessModes":["ReadWriteOnce"],"resources":{"requests":{"storage":"1Gi"}},"storageClassName":"gp3-csi"}},"rulesConfig":[{"name":"thanos-ruler-default-rules","key":"default_rules.yaml"}],"extraVolumeMounts":[{"type":"configMap","mountPath":"/etc/thanos/configmaps/alertmanager-ca-bundle","name":"alertmanager-ca-bundle","key":"service-ca.crt"}],"alertmanagerConfigFile":{"name":"thanos-ruler-config","key":"config.yaml"},"reloaderImage":"registry.redhat.io/openshift4/ose-configmap-reloader@sha256:fa5b2e42a27e3ab5f0a0d2a103b5602b81d1b29eb788b54cc60ad547744ad053","reloaderImagePullPolicy":"IfNotPresent","resources":{"requests":{"cpu":"50m","memory":"512Mi"}},"reloaderResources":{"requests":{"cpu":"4m","memory":"25Mi"}},"serviceMonitor":true,"blockDuration":"2h","retention":"24h","evalInterval":"300s"},"query":{"replicas":2,"resources":{"requests":{"cpu":"300m","memory":"1Gi"}},"serviceMonitor":true,"lookbackDelta":"600s"}}}
2024-10-24T14:30:46.694Z	INFO	controller_multiclustermonitoring	StorageVersionMigration already existed/unchanged	{"name": "storage-version-migration-observability"}
2024-10-24T14:30:46.694Z	INFO	controller_multiclustermonitoring	Reconciling MultiClusterObservability	{"Request.Namespace": "openshift", "Request.Name": "oauth-proxy"}
2024-10-24T14:30:46.694Z	DEBUG	controller_multiclustermonitoring	status update goroutine is triggered.
2024-10-24T14:30:46.695Z	INFO	util	unable to get CRD with ApiextensionsV1 Client, not found.	{"CRD": "multiclusterglobalhubs.operator.open-cluster-management.io"}
2024-10-24T14:30:46.697Z	DEBUG	config	operand is	{"key": "grafana", "name": "observability-grafana"}
2024-10-24T14:30:46.698Z	DEBUG	config	image replacement	{"componentName": "grafana", "image": "registry.redhat.io/rhacm2/acm-grafana-rhel9@sha256:74ad9db2286eef85e6c278cad1840a144ab50e8db1fced736974432dc4b9e0dd"}
2024-10-24T14:30:46.698Z	DEBUG	config	image replacement	{"componentName": "grafana_dashboard_loader", "image": "registry.redhat.io/rhacm2/grafana-dashboard-loader-rhel9@sha256:e2ff942d47e7e703a5fb11a2aacaac610e53273c74284d3b6da88bc70b8e7b7a"}
2024-10-24T14:30:46.701Z	DEBUG	config	operand is	{"key": "alertmanager", "name": "observability-alertmanager"}
2024-10-24T14:30:46.701Z	DEBUG	config	operand is	{"key": "alertmanager", "name": "observability-alertmanager"}
2024-10-24T14:30:46.701Z	DEBUG	config	operand is	{"key": "alertmanager", "name": "observability-alertmanager"}
2024-10-24T14:30:46.701Z	DEBUG	config	operand is	{"key": "alertmanager", "name": "observability-alertmanager"}
2024-10-24T14:30:46.701Z	DEBUG	config	image replacement	{"componentName": "prometheus_alertmanager", "image": "registry.redhat.io/rhacm2/prometheus-alertmanager-rhel9@sha256:6429a938750a655c2081cf3d6021a7377f6a3aa5cd43587885d4d49a9e528ee4"}
2024-10-24T14:30:46.701Z	DEBUG	config	image replacement	{"componentName": "configmap_reloader", "image": "registry.redhat.io/openshift4/ose-configmap-reloader@sha256:fa5b2e42a27e3ab5f0a0d2a103b5602b81d1b29eb788b54cc60ad547744ad053"}
2024-10-24T14:30:46.703Z	DEBUG	config	image replacement	{"componentName": "kube_rbac_proxy", "image": "registry.redhat.io/rhacm2/kube-rbac-proxy-rhel9@sha256:c60a1d52359493a41b2b6f820d11716d67290e9b83dc18c16039dbc6f120e5f2"}
2024-10-24T14:30:46.706Z	DEBUG	config	operand is	{"key": "rbac-query-proxy", "name": "observability-rbac-query-proxy"}
2024-10-24T14:30:46.706Z	DEBUG	config	operand is	{"key": "observatorium", "name": "observability"}
2024-10-24T14:30:46.706Z	DEBUG	config	operand is	{"key": "observatorium", "name": "observability"}
2024-10-24T14:30:46.706Z	DEBUG	config	image replacement	{"componentName": "rbac_query_proxy", "image": "registry.redhat.io/rhacm2/rbac-query-proxy-rhel9@sha256:8a0b372f52004a9855d4d42c4bbd7d09d586e9d0fabdb73d525b1a23b030b1ed"}
2024-10-24T14:30:46.709Z	DEBUG	config	image replacement	{"componentName": "observatorium_operator", "image": "registry.redhat.io/rhacm2/observatorium-rhel9-operator@sha256:20bae12383bdb261dfbb7274975374fad90f4831ff9787a26aac626d26f1ef16"}
2024-10-24T14:30:46.709Z	DEBUG	config	operand is	{"key": "observatorium-operator", "name": "observability-observatorium-operator"}
2024-10-24T14:30:46.724Z	INFO	deploying	Skip creation	{"Kind": "/v1, Kind=ConfigMap", "Name": "observability-managed-cluster-label-allowlist"}
2024-10-24T14:30:46.782Z	INFO	deploying	Update	{"kind": "Secret", "kindVersion": "v1", "name": "grafana-config"}
2024-10-24T14:30:47.453Z	DEBUG	controller_multiclustermonitoring	check status ready goroutine is triggered.
2024-10-24T14:30:48.482Z	INFO	deploying	Skip creation	{"Kind": "/v1, Kind=Secret", "Name": "alertmanager-config"}
2024-10-24T14:30:48.483Z	INFO	deploying	Skip creation	{"Kind": "/v1, Kind=Secret", "Name": "alertmanager-proxy"}
2024-10-24T14:30:48.528Z	INFO	deploying	Update	{"kind": "Secret", "kindVersion": "v1", "name": "alertmanager-kube-rbac-proxy-metric"}
2024-10-24T14:30:48.689Z	INFO	deploying	Skip creation	{"Kind": "/v1, Kind=Secret", "Name": "rbac-proxy-cookie-secret"}
2024-10-24T14:30:48.731Z	DEBUG	config	image replacement	{"componentName": "multicluster_observability_addon", "image": ""}
2024-10-24T14:30:48.731Z	DEBUG	config	operand is	{"key": "multicluster-observability-addon", "name": "observability-multicluster-observability-addon"}
2024-10-24T14:30:48.748Z	INFO	controller_certificates	CA secrets already existed	{"name": "observability-server-ca-certs"}
2024-10-24T14:30:48.748Z	INFO	controller_certificates	CA secrets already existed	{"name": "observability-client-ca-certs"}
2024-10-24T14:30:48.748Z	DEBUG	config	operand is	{"key": "observatorium", "name": "observability"}
2024-10-24T14:30:48.748Z	INFO	controller_certificates	Certificate secrets already existed	{"name": "observability-server-certs"}
2024-10-24T14:30:48.748Z	INFO	controller_certificates	Certificate secrets already existed	{"name": "observability-grafana-certs"}
2024-10-24T14:30:48.748Z	DEBUG	config	operand is	{"key": "observatorium", "name": "observability"}
2024-10-24T14:30:48.748Z	INFO	controller_multiclustermonitoring	storageClassSelected	{"storageClassSelected": "gp3-csi"}
2024-10-24T14:30:48.748Z	DEBUG	config	image replacement	{"componentName": "observatorium", "image": "registry.redhat.io/rhacm2/observatorium-rhel9@sha256:330c3274f16a34d79ba5ac53ddbd2fe47778aff9c01e8e26fdc5b753e634962f"}
2024-10-24T14:30:48.748Z	DEBUG	config	image replacement	{"componentName": "configmap_reloader", "image": "registry.redhat.io/openshift4/ose-configmap-reloader@sha256:fa5b2e42a27e3ab5f0a0d2a103b5602b81d1b29eb788b54cc60ad547744ad053"}
2024-10-24T14:30:48.748Z	DEBUG	config	image replacement	{"componentName": "memcached", "image": "registry.redhat.io/rhacm2/memcached-rhel9@sha256:9600034019ce695e89aecb6ac255d591b201fc40a7f3d9796f42d043f0340623"}
2024-10-24T14:30:48.748Z	DEBUG	config	image replacement	{"componentName": "memcached_exporter", "image": "registry.redhat.io/rhacm2/memcached-exporter-rhel9@sha256:2c6e39ecbeed3dc4d30225b9a2ed0840c6d41c032ee08d63c7f8f092f3ee81e6"}
2024-10-24T14:30:48.748Z	DEBUG	config	image replacement	{"componentName": "thanos_receive_controller", "image": "registry.redhat.io/rhacm2/thanos-receive-controller-rhel9@sha256:739292da294b1b536cfea4d4cb63bc39f95cb917695026b1660f9022a73d58ee"}
2024-10-24T14:30:48.748Z	DEBUG	config	image replacement	{"componentName": "memcached", "image": "registry.redhat.io/rhacm2/memcached-rhel9@sha256:9600034019ce695e89aecb6ac255d591b201fc40a7f3d9796f42d043f0340623"}
2024-10-24T14:30:48.748Z	DEBUG	config	image replacement	{"componentName": "memcached_exporter", "image": "registry.redhat.io/rhacm2/memcached-exporter-rhel9@sha256:2c6e39ecbeed3dc4d30225b9a2ed0840c6d41c032ee08d63c7f8f092f3ee81e6"}
2024-10-24T14:30:48.748Z	DEBUG	config	image replacement	{"componentName": "thanos", "image": "registry.redhat.io/rhacm2/thanos-rhel9@sha256:caf27fd686b2ae1d6cb0ebe02cf195a2e7caece3ac8bda0c0e88f92678da6bd2"}
2024-10-24T14:30:48.748Z	DEBUG	config	operand is	{"key": "observatorium", "name": "observability"}
2024-10-24T14:30:48.748Z	INFO	controller_multiclustermonitoring	Coleen Old observatorium CR spec	{"oldSpec": {"image":"registry.redhat.io/rhacm2/thanos-rhel9@sha256:caf27fd686b2ae1d6cb0ebe02cf195a2e7caece3ac8bda0c0e88f92678da6bd2","imagePullPolicy":"IfNotPresent","compact":{"replicas":1,"volumeClaimTemplate":{"spec":{"accessModes":["ReadWriteOnce"],"resources":{"requests":{"storage":"200Gi"}},"storageClassName":"gp3-csi"}},"retentionResolutionRaw":"365d","retentionResolution5m":"365d","retentionResolution1h":"365d","enableDownsampling":true,"resources":{"requests":{"cpu":"100m","memory":"512Mi"}},"serviceMonitor":true,"deleteDelay":"48h"},"receiveController":{"image":"registry.redhat.io/rhacm2/thanos-receive-controller-rhel9@sha256:739292da294b1b536cfea4d4cb63bc39f95cb917695026b1660f9022a73d58ee","imagePullPolicy":"IfNotPresent","version":"master-2022-04-01-b58820f","resources":{"requests":{"cpu":"4m","memory":"32Mi"}},"serviceMonitor":true},"receivers":{"replicas":3,"volumeClaimTemplate":{"spec":{"accessModes":["ReadWriteOnce"],"resources":{"requests":{"storage":"100Gi"}},"storageClassName":"gp3-csi"}},"replicationFactor":3,"resources":{"requests":{"cpu":"300m","memory":"512Mi"}},"serviceMonitor":true,"retention":"24h"},"queryFrontend":{"replicas":2,"resources":{"requests":{"cpu":"100m","memory":"256Mi"}},"serviceMonitor":true,"cache":{"image":"registry.redhat.io/rhacm2/memcached-rhel9@sha256:9600034019ce695e89aecb6ac255d591b201fc40a7f3d9796f42d043f0340623","imagePullPolicy":"IfNotPresent","version":"1.6.3-alpine","exporterImage":"registry.redhat.io/rhacm2/memcached-exporter-rhel9@sha256:2c6e39ecbeed3dc4d30225b9a2ed0840c6d41c032ee08d63c7f8f092f3ee81e6","exporterImagePullPolicy":"IfNotPresent","exporterVersion":"v0.9.0","replicas":3,"memoryLimitMb":1024,"maxItemSize":"1m","connectionLimit":1024,"resources":{"requests":{"cpu":"45m","memory":"128Mi"}},"exporterResources":{"requests":{"cpu":"5m","memory":"50Mi"}},"serviceMonitor":true}},"store":{"volumeClaimTemplate":{"spec":{"accessModes":["ReadWriteOnce"],"resources":{"requests":{"storage":"10Gi"}},"storageClassName":"gp3-csi"}},"shards":3,"cache":{"image":"registry.redhat.io/rhacm2/memcached-rhel9@sha256:9600034019ce695e89aecb6ac255d591b201fc40a7f3d9796f42d043f0340623","imagePullPolicy":"IfNotPresent","version":"1.6.3-alpine","exporterImage":"registry.redhat.io/rhacm2/memcached-exporter-rhel9@sha256:2c6e39ecbeed3dc4d30225b9a2ed0840c6d41c032ee08d63c7f8f092f3ee81e6","exporterImagePullPolicy":"IfNotPresent","exporterVersion":"v0.9.0","replicas":3,"memoryLimitMb":1024,"maxItemSize":"1m","connectionLimit":1024,"resources":{"requests":{"cpu":"45m","memory":"128Mi"}},"exporterResources":{"requests":{"cpu":"5m","memory":"50Mi"}},"serviceMonitor":true},"resources":{"requests":{"cpu":"100m","memory":"1Gi"}},"serviceMonitor":true},"rule":{"replicas":3,"volumeClaimTemplate":{"spec":{"accessModes":["ReadWriteOnce"],"resources":{"requests":{"storage":"1Gi"}},"storageClassName":"gp3-csi"}},"rulesConfig":[{"name":"thanos-ruler-default-rules","key":"default_rules.yaml"}],"extraVolumeMounts":[{"type":"configMap","mountPath":"/etc/thanos/configmaps/alertmanager-ca-bundle","name":"alertmanager-ca-bundle","key":"service-ca.crt"}],"alertmanagerConfigFile":{"name":"thanos-ruler-config","key":"config.yaml"},"reloaderImage":"registry.redhat.io/openshift4/ose-configmap-reloader@sha256:fa5b2e42a27e3ab5f0a0d2a103b5602b81d1b29eb788b54cc60ad547744ad053","reloaderImagePullPolicy":"IfNotPresent","resources":{"requests":{"cpu":"50m","memory":"512Mi"}},"reloaderResources":{"requests":{"cpu":"4m","memory":"25Mi"}},"serviceMonitor":true,"blockDuration":"2h","retention":"24h","evalInterval":"300s"},"query":{"replicas":2,"resources":{"requests":{"cpu":"300m","memory":"1Gi"}},"serviceMonitor":true,"lookbackDelta":"600s"}}}
2024-10-24T14:30:48.748Z	INFO	controller_multiclustermonitoring	Coleen New observatorium CR spec	{"newSpec": {"image":"registry.redhat.io/rhacm2/thanos-rhel9@sha256:caf27fd686b2ae1d6cb0ebe02cf195a2e7caece3ac8bda0c0e88f92678da6bd2","imagePullPolicy":"IfNotPresent","compact":{"replicas":1,"volumeClaimTemplate":{"spec":{"accessModes":["ReadWriteOnce"],"resources":{"requests":{"storage":"200Gi"}},"storageClassName":"gp3-csi"}},"retentionResolutionRaw":"365d","retentionResolution5m":"365d","retentionResolution1h":"365d","enableDownsampling":true,"resources":{"requests":{"cpu":"500m","memory":"1Gi"}},"serviceMonitor":true,"deleteDelay":"48h"},"receiveController":{"image":"registry.redhat.io/rhacm2/thanos-receive-controller-rhel9@sha256:739292da294b1b536cfea4d4cb63bc39f95cb917695026b1660f9022a73d58ee","imagePullPolicy":"IfNotPresent","version":"master-2022-04-01-b58820f","resources":{"requests":{"cpu":"4m","memory":"32Mi"}},"serviceMonitor":true},"receivers":{"replicas":3,"volumeClaimTemplate":{"spec":{"accessModes":["ReadWriteOnce"],"resources":{"requests":{"storage":"100Gi"}},"storageClassName":"gp3-csi"}},"replicationFactor":3,"resources":{"requests":{"cpu":"300m","memory":"512Mi"}},"serviceMonitor":true,"retention":"24h"},"queryFrontend":{"replicas":2,"resources":{"requests":{"cpu":"100m","memory":"256Mi"}},"serviceMonitor":true,"cache":{"image":"registry.redhat.io/rhacm2/memcached-rhel9@sha256:9600034019ce695e89aecb6ac255d591b201fc40a7f3d9796f42d043f0340623","imagePullPolicy":"IfNotPresent","version":"1.6.3-alpine","exporterImage":"registry.redhat.io/rhacm2/memcached-exporter-rhel9@sha256:2c6e39ecbeed3dc4d30225b9a2ed0840c6d41c032ee08d63c7f8f092f3ee81e6","exporterImagePullPolicy":"IfNotPresent","exporterVersion":"v0.9.0","replicas":3,"memoryLimitMb":1024,"maxItemSize":"1m","connectionLimit":1024,"resources":{"requests":{"cpu":"45m","memory":"128Mi"}},"exporterResources":{"requests":{"cpu":"5m","memory":"50Mi"}},"serviceMonitor":true}},"store":{"volumeClaimTemplate":{"spec":{"accessModes":["ReadWriteOnce"],"resources":{"requests":{"storage":"10Gi"}},"storageClassName":"gp3-csi"}},"shards":3,"cache":{"image":"registry.redhat.io/rhacm2/memcached-rhel9@sha256:9600034019ce695e89aecb6ac255d591b201fc40a7f3d9796f42d043f0340623","imagePullPolicy":"IfNotPresent","version":"1.6.3-alpine","exporterImage":"registry.redhat.io/rhacm2/memcached-exporter-rhel9@sha256:2c6e39ecbeed3dc4d30225b9a2ed0840c6d41c032ee08d63c7f8f092f3ee81e6","exporterImagePullPolicy":"IfNotPresent","exporterVersion":"v0.9.0","replicas":3,"memoryLimitMb":1024,"maxItemSize":"1m","connectionLimit":1024,"resources":{"requests":{"cpu":"45m","memory":"128Mi"}},"exporterResources":{"requests":{"cpu":"5m","memory":"50Mi"}},"serviceMonitor":true},"resources":{"requests":{"cpu":"100m","memory":"1Gi"}},"serviceMonitor":true},"rule":{"replicas":3,"volumeClaimTemplate":{"spec":{"accessModes":["ReadWriteOnce"],"resources":{"requests":{"storage":"1Gi"}},"storageClassName":"gp3-csi"}},"rulesConfig":[{"name":"thanos-ruler-default-rules","key":"default_rules.yaml"}],"extraVolumeMounts":[{"type":"configMap","mountPath":"/etc/thanos/configmaps/alertmanager-ca-bundle","name":"alertmanager-ca-bundle","key":"service-ca.crt"}],"alertmanagerConfigFile":{"name":"thanos-ruler-config","key":"config.yaml"},"reloaderImage":"registry.redhat.io/openshift4/ose-configmap-reloader@sha256:fa5b2e42a27e3ab5f0a0d2a103b5602b81d1b29eb788b54cc60ad547744ad053","reloaderImagePullPolicy":"IfNotPresent","resources":{"requests":{"cpu":"50m","memory":"512Mi"}},"reloaderResources":{"requests":{"cpu":"4m","memory":"25Mi"}},"serviceMonitor":true,"blockDuration":"2h","retention":"24h","evalInterval":"300s"},"query":{"replicas":2,"resources":{"requests":{"cpu":"300m","memory":"1Gi"}},"serviceMonitor":true,"lookbackDelta":"600s"}}}
2024-10-24T14:30:48.749Z	INFO	controller_multiclustermonitoring	StorageVersionMigration already existed/unchanged	{"name": "storage-version-migration-observability"}
2024-10-24T14:30:48.749Z	INFO	controller_multiclustermonitoring	Reconciling MultiClusterObservability	{"Request.Namespace": "", "Request.Name": "observability"}
2024-10-24T14:30:48.749Z	DEBUG	controller_multiclustermonitoring	status update goroutine is triggered.
2024-10-24T14:30:48.750Z	INFO	util	unable to get CRD with ApiextensionsV1 Client, not found.	{"CRD": "multiclusterglobalhubs.operator.open-cluster-management.io"}
2024-10-24T14:30:48.753Z	DEBUG	config	operand is	{"key": "grafana", "name": "observability-grafana"}
2024-10-24T14:30:48.753Z	DEBUG	config	image replacement	{"componentName": "grafana", "image": "registry.redhat.io/rhacm2/acm-grafana-rhel9@sha256:74ad9db2286eef85e6c278cad1840a144ab50e8db1fced736974432dc4b9e0dd"}
2024-10-24T14:30:48.753Z	DEBUG	config	image replacement	{"componentName": "grafana_dashboard_loader", "image": "registry.redhat.io/rhacm2/grafana-dashboard-loader-rhel9@sha256:e2ff942d47e7e703a5fb11a2aacaac610e53273c74284d3b6da88bc70b8e7b7a"}
2024-10-24T14:30:48.756Z	DEBUG	config	operand is	{"key": "alertmanager", "name": "observability-alertmanager"}
2024-10-24T14:30:48.756Z	DEBUG	config	operand is	{"key": "alertmanager", "name": "observability-alertmanager"}
2024-10-24T14:30:48.756Z	DEBUG	config	operand is	{"key": "alertmanager", "name": "observability-alertmanager"}
2024-10-24T14:30:48.756Z	DEBUG	config	operand is	{"key": "alertmanager", "name": "observability-alertmanager"}
2024-10-24T14:30:48.756Z	DEBUG	config	image replacement	{"componentName": "prometheus_alertmanager", "image": "registry.redhat.io/rhacm2/prometheus-alertmanager-rhel9@sha256:6429a938750a655c2081cf3d6021a7377f6a3aa5cd43587885d4d49a9e528ee4"}
2024-10-24T14:30:48.756Z	DEBUG	config	image replacement	{"componentName": "configmap_reloader", "image": "registry.redhat.io/openshift4/ose-configmap-reloader@sha256:fa5b2e42a27e3ab5f0a0d2a103b5602b81d1b29eb788b54cc60ad547744ad053"}
2024-10-24T14:30:48.761Z	DEBUG	config	image replacement	{"componentName": "kube_rbac_proxy", "image": "registry.redhat.io/rhacm2/kube-rbac-proxy-rhel9@sha256:c60a1d52359493a41b2b6f820d11716d67290e9b83dc18c16039dbc6f120e5f2"}
2024-10-24T14:30:48.765Z	DEBUG	config	operand is	{"key": "rbac-query-proxy", "name": "observability-rbac-query-proxy"}
2024-10-24T14:30:48.766Z	DEBUG	config	operand is	{"key": "observatorium", "name": "observability"}
2024-10-24T14:30:48.766Z	DEBUG	config	operand is	{"key": "observatorium", "name": "observability"}
2024-10-24T14:30:48.766Z	DEBUG	config	image replacement	{"componentName": "rbac_query_proxy", "image": "registry.redhat.io/rhacm2/rbac-query-proxy-rhel9@sha256:8a0b372f52004a9855d4d42c4bbd7d09d586e9d0fabdb73d525b1a23b030b1ed"}
2024-10-24T14:30:48.768Z	DEBUG	config	image replacement	{"componentName": "observatorium_operator", "image": "registry.redhat.io/rhacm2/observatorium-rhel9-operator@sha256:20bae12383bdb261dfbb7274975374fad90f4831ff9787a26aac626d26f1ef16"}
2024-10-24T14:30:48.769Z	DEBUG	config	operand is	{"key": "observatorium-operator", "name": "observability-observatorium-operator"}
2024-10-24T14:30:48.786Z	INFO	deploying	Skip creation	{"Kind": "/v1, Kind=ConfigMap", "Name": "observability-managed-cluster-label-allowlist"}
2024-10-24T14:30:48.833Z	INFO	deploying	Update	{"kind": "Secret", "kindVersion": "v1", "name": "grafana-config"}
2024-10-24T14:30:49.454Z	DEBUG	controller_multiclustermonitoring	check status ready goroutine is triggered.
2024-10-24T14:30:50.530Z	INFO	deploying	Skip creation	{"Kind": "/v1, Kind=Secret", "Name": "alertmanager-config"}
2024-10-24T14:30:50.532Z	INFO	deploying	Skip creation	{"Kind": "/v1, Kind=Secret", "Name": "alertmanager-proxy"}
2024-10-24T14:30:50.577Z	INFO	deploying	Update	{"kind": "Secret", "kindVersion": "v1", "name": "alertmanager-kube-rbac-proxy-metric"}
2024-10-24T14:30:50.733Z	INFO	deploying	Skip creation	{"Kind": "/v1, Kind=Secret", "Name": "rbac-proxy-cookie-secret"}
2024-10-24T14:30:50.779Z	DEBUG	config	image replacement	{"componentName": "multicluster_observability_addon", "image": ""}
2024-10-24T14:30:50.779Z	DEBUG	config	operand is	{"key": "multicluster-observability-addon", "name": "observability-multicluster-observability-addon"}
2024-10-24T14:30:50.795Z	INFO	controller_certificates	CA secrets already existed	{"name": "observability-server-ca-certs"}
2024-10-24T14:30:50.795Z	INFO	controller_certificates	CA secrets already existed	{"name": "observability-client-ca-certs"}
2024-10-24T14:30:50.795Z	DEBUG	config	operand is	{"key": "observatorium", "name": "observability"}
2024-10-24T14:30:50.795Z	INFO	controller_certificates	Certificate secrets already existed	{"name": "observability-server-certs"}
2024-10-24T14:30:50.795Z	INFO	controller_certificates	Certificate secrets already existed	{"name": "observability-grafana-certs"}
2024-10-24T14:30:50.795Z	DEBUG	config	operand is	{"key": "observatorium", "name": "observability"}
2024-10-24T14:30:50.795Z	INFO	controller_multiclustermonitoring	storageClassSelected	{"storageClassSelected": "gp3-csi"}
2024-10-24T14:30:50.795Z	DEBUG	config	image replacement	{"componentName": "observatorium", "image": "registry.redhat.io/rhacm2/observatorium-rhel9@sha256:330c3274f16a34d79ba5ac53ddbd2fe47778aff9c01e8e26fdc5b753e634962f"}
2024-10-24T14:30:50.795Z	DEBUG	config	image replacement	{"componentName": "configmap_reloader", "image": "registry.redhat.io/openshift4/ose-configmap-reloader@sha256:fa5b2e42a27e3ab5f0a0d2a103b5602b81d1b29eb788b54cc60ad547744ad053"}
2024-10-24T14:30:50.795Z	DEBUG	config	image replacement	{"componentName": "memcached", "image": "registry.redhat.io/rhacm2/memcached-rhel9@sha256:9600034019ce695e89aecb6ac255d591b201fc40a7f3d9796f42d043f0340623"}
2024-10-24T14:30:50.795Z	DEBUG	config	image replacement	{"componentName": "memcached_exporter", "image": "registry.redhat.io/rhacm2/memcached-exporter-rhel9@sha256:2c6e39ecbeed3dc4d30225b9a2ed0840c6d41c032ee08d63c7f8f092f3ee81e6"}
2024-10-24T14:30:50.795Z	DEBUG	config	image replacement	{"componentName": "thanos_receive_controller", "image": "registry.redhat.io/rhacm2/thanos-receive-controller-rhel9@sha256:739292da294b1b536cfea4d4cb63bc39f95cb917695026b1660f9022a73d58ee"}
2024-10-24T14:30:50.795Z	DEBUG	config	image replacement	{"componentName": "memcached", "image": "registry.redhat.io/rhacm2/memcached-rhel9@sha256:9600034019ce695e89aecb6ac255d591b201fc40a7f3d9796f42d043f0340623"}
2024-10-24T14:30:50.795Z	DEBUG	config	image replacement	{"componentName": "memcached_exporter", "image": "registry.redhat.io/rhacm2/memcached-exporter-rhel9@sha256:2c6e39ecbeed3dc4d30225b9a2ed0840c6d41c032ee08d63c7f8f092f3ee81e6"}
2024-10-24T14:30:50.795Z	DEBUG	config	image replacement	{"componentName": "thanos", "image": "registry.redhat.io/rhacm2/thanos-rhel9@sha256:caf27fd686b2ae1d6cb0ebe02cf195a2e7caece3ac8bda0c0e88f92678da6bd2"}
2024-10-24T14:30:50.795Z	DEBUG	config	operand is	{"key": "observatorium", "name": "observability"}
2024-10-24T14:30:50.796Z	INFO	controller_multiclustermonitoring	Coleen Old observatorium CR spec	{"oldSpec": {"image":"registry.redhat.io/rhacm2/thanos-rhel9@sha256:caf27fd686b2ae1d6cb0ebe02cf195a2e7caece3ac8bda0c0e88f92678da6bd2","imagePullPolicy":"IfNotPresent","compact":{"replicas":1,"volumeClaimTemplate":{"spec":{"accessModes":["ReadWriteOnce"],"resources":{"requests":{"storage":"200Gi"}},"storageClassName":"gp3-csi"}},"retentionResolutionRaw":"365d","retentionResolution5m":"365d","retentionResolution1h":"365d","enableDownsampling":true,"resources":{"requests":{"cpu":"100m","memory":"512Mi"}},"serviceMonitor":true,"deleteDelay":"48h"},"receiveController":{"image":"registry.redhat.io/rhacm2/thanos-receive-controller-rhel9@sha256:739292da294b1b536cfea4d4cb63bc39f95cb917695026b1660f9022a73d58ee","imagePullPolicy":"IfNotPresent","version":"master-2022-04-01-b58820f","resources":{"requests":{"cpu":"4m","memory":"32Mi"}},"serviceMonitor":true},"receivers":{"replicas":3,"volumeClaimTemplate":{"spec":{"accessModes":["ReadWriteOnce"],"resources":{"requests":{"storage":"100Gi"}},"storageClassName":"gp3-csi"}},"replicationFactor":3,"resources":{"requests":{"cpu":"300m","memory":"512Mi"}},"serviceMonitor":true,"retention":"24h"},"queryFrontend":{"replicas":2,"resources":{"requests":{"cpu":"100m","memory":"256Mi"}},"serviceMonitor":true,"cache":{"image":"registry.redhat.io/rhacm2/memcached-rhel9@sha256:9600034019ce695e89aecb6ac255d591b201fc40a7f3d9796f42d043f0340623","imagePullPolicy":"IfNotPresent","version":"1.6.3-alpine","exporterImage":"registry.redhat.io/rhacm2/memcached-exporter-rhel9@sha256:2c6e39ecbeed3dc4d30225b9a2ed0840c6d41c032ee08d63c7f8f092f3ee81e6","exporterImagePullPolicy":"IfNotPresent","exporterVersion":"v0.9.0","replicas":3,"memoryLimitMb":1024,"maxItemSize":"1m","connectionLimit":1024,"resources":{"requests":{"cpu":"45m","memory":"128Mi"}},"exporterResources":{"requests":{"cpu":"5m","memory":"50Mi"}},"serviceMonitor":true}},"store":{"volumeClaimTemplate":{"spec":{"accessModes":["ReadWriteOnce"],"resources":{"requests":{"storage":"10Gi"}},"storageClassName":"gp3-csi"}},"shards":3,"cache":{"image":"registry.redhat.io/rhacm2/memcached-rhel9@sha256:9600034019ce695e89aecb6ac255d591b201fc40a7f3d9796f42d043f0340623","imagePullPolicy":"IfNotPresent","version":"1.6.3-alpine","exporterImage":"registry.redhat.io/rhacm2/memcached-exporter-rhel9@sha256:2c6e39ecbeed3dc4d30225b9a2ed0840c6d41c032ee08d63c7f8f092f3ee81e6","exporterImagePullPolicy":"IfNotPresent","exporterVersion":"v0.9.0","replicas":3,"memoryLimitMb":1024,"maxItemSize":"1m","connectionLimit":1024,"resources":{"requests":{"cpu":"45m","memory":"128Mi"}},"exporterResources":{"requests":{"cpu":"5m","memory":"50Mi"}},"serviceMonitor":true},"resources":{"requests":{"cpu":"100m","memory":"1Gi"}},"serviceMonitor":true},"rule":{"replicas":3,"volumeClaimTemplate":{"spec":{"accessModes":["ReadWriteOnce"],"resources":{"requests":{"storage":"1Gi"}},"storageClassName":"gp3-csi"}},"rulesConfig":[{"name":"thanos-ruler-default-rules","key":"default_rules.yaml"}],"extraVolumeMounts":[{"type":"configMap","mountPath":"/etc/thanos/configmaps/alertmanager-ca-bundle","name":"alertmanager-ca-bundle","key":"service-ca.crt"}],"alertmanagerConfigFile":{"name":"thanos-ruler-config","key":"config.yaml"},"reloaderImage":"registry.redhat.io/openshift4/ose-configmap-reloader@sha256:fa5b2e42a27e3ab5f0a0d2a103b5602b81d1b29eb788b54cc60ad547744ad053","reloaderImagePullPolicy":"IfNotPresent","resources":{"requests":{"cpu":"50m","memory":"512Mi"}},"reloaderResources":{"requests":{"cpu":"4m","memory":"25Mi"}},"serviceMonitor":true,"blockDuration":"2h","retention":"24h","evalInterval":"300s"},"query":{"replicas":2,"resources":{"requests":{"cpu":"300m","memory":"1Gi"}},"serviceMonitor":true,"lookbackDelta":"600s"}}}
2024-10-24T14:30:50.796Z	INFO	controller_multiclustermonitoring	Coleen New observatorium CR spec	{"newSpec": {"image":"registry.redhat.io/rhacm2/thanos-rhel9@sha256:caf27fd686b2ae1d6cb0ebe02cf195a2e7caece3ac8bda0c0e88f92678da6bd2","imagePullPolicy":"IfNotPresent","compact":{"replicas":1,"volumeClaimTemplate":{"spec":{"accessModes":["ReadWriteOnce"],"resources":{"requests":{"storage":"200Gi"}},"storageClassName":"gp3-csi"}},"retentionResolutionRaw":"365d","retentionResolution5m":"365d","retentionResolution1h":"365d","enableDownsampling":true,"resources":{"requests":{"cpu":"500m","memory":"1Gi"}},"serviceMonitor":true,"deleteDelay":"48h"},"receiveController":{"image":"registry.redhat.io/rhacm2/thanos-receive-controller-rhel9@sha256:739292da294b1b536cfea4d4cb63bc39f95cb917695026b1660f9022a73d58ee","imagePullPolicy":"IfNotPresent","version":"master-2022-04-01-b58820f","resources":{"requests":{"cpu":"4m","memory":"32Mi"}},"serviceMonitor":true},"receivers":{"replicas":3,"volumeClaimTemplate":{"spec":{"accessModes":["ReadWriteOnce"],"resources":{"requests":{"storage":"100Gi"}},"storageClassName":"gp3-csi"}},"replicationFactor":3,"resources":{"requests":{"cpu":"300m","memory":"512Mi"}},"serviceMonitor":true,"retention":"24h"},"queryFrontend":{"replicas":2,"resources":{"requests":{"cpu":"100m","memory":"256Mi"}},"serviceMonitor":true,"cache":{"image":"registry.redhat.io/rhacm2/memcached-rhel9@sha256:9600034019ce695e89aecb6ac255d591b201fc40a7f3d9796f42d043f0340623","imagePullPolicy":"IfNotPresent","version":"1.6.3-alpine","exporterImage":"registry.redhat.io/rhacm2/memcached-exporter-rhel9@sha256:2c6e39ecbeed3dc4d30225b9a2ed0840c6d41c032ee08d63c7f8f092f3ee81e6","exporterImagePullPolicy":"IfNotPresent","exporterVersion":"v0.9.0","replicas":3,"memoryLimitMb":1024,"maxItemSize":"1m","connectionLimit":1024,"resources":{"requests":{"cpu":"45m","memory":"128Mi"}},"exporterResources":{"requests":{"cpu":"5m","memory":"50Mi"}},"serviceMonitor":true}},"store":{"volumeClaimTemplate":{"spec":{"accessModes":["ReadWriteOnce"],"resources":{"requests":{"storage":"10Gi"}},"storageClassName":"gp3-csi"}},"shards":3,"cache":{"image":"registry.redhat.io/rhacm2/memcached-rhel9@sha256:9600034019ce695e89aecb6ac255d591b201fc40a7f3d9796f42d043f0340623","imagePullPolicy":"IfNotPresent","version":"1.6.3-alpine","exporterImage":"registry.redhat.io/rhacm2/memcached-exporter-rhel9@sha256:2c6e39ecbeed3dc4d30225b9a2ed0840c6d41c032ee08d63c7f8f092f3ee81e6","exporterImagePullPolicy":"IfNotPresent","exporterVersion":"v0.9.0","replicas":3,"memoryLimitMb":1024,"maxItemSize":"1m","connectionLimit":1024,"resources":{"requests":{"cpu":"45m","memory":"128Mi"}},"exporterResources":{"requests":{"cpu":"5m","memory":"50Mi"}},"serviceMonitor":true},"resources":{"requests":{"cpu":"100m","memory":"1Gi"}},"serviceMonitor":true},"rule":{"replicas":3,"volumeClaimTemplate":{"spec":{"accessModes":["ReadWriteOnce"],"resources":{"requests":{"storage":"1Gi"}},"storageClassName":"gp3-csi"}},"rulesConfig":[{"name":"thanos-ruler-default-rules","key":"default_rules.yaml"}],"extraVolumeMounts":[{"type":"configMap","mountPath":"/etc/thanos/configmaps/alertmanager-ca-bundle","name":"alertmanager-ca-bundle","key":"service-ca.crt"}],"alertmanagerConfigFile":{"name":"thanos-ruler-config","key":"config.yaml"},"reloaderImage":"registry.redhat.io/openshift4/ose-configmap-reloader@sha256:fa5b2e42a27e3ab5f0a0d2a103b5602b81d1b29eb788b54cc60ad547744ad053","reloaderImagePullPolicy":"IfNotPresent","resources":{"requests":{"cpu":"50m","memory":"512Mi"}},"reloaderResources":{"requests":{"cpu":"4m","memory":"25Mi"}},"serviceMonitor":true,"blockDuration":"2h","retention":"24h","evalInterval":"300s"},"query":{"replicas":2,"resources":{"requests":{"cpu":"300m","memory":"1Gi"}},"serviceMonitor":true,"lookbackDelta":"600s"}}}
2024-10-24T14:30:50.797Z	INFO	controller_multiclustermonitoring	StorageVersionMigration already existed/unchanged	{"name": "storage-version-migration-observability"}
2024-10-24T14:30:50.797Z	DEBUG	controller_multiclustermonitoring	status update goroutine is triggered.
2024-10-24T14:30:51.320Z	INFO	controller_multiclustermonitoring	Reconciling MultiClusterObservability	{"Request.Namespace": "", "Request.Name": "observability"}
2024-10-24T14:30:51.324Z	INFO	util	unable to get CRD with ApiextensionsV1 Client, not found.	{"CRD": "multiclusterglobalhubs.operator.open-cluster-management.io"}
2024-10-24T14:30:51.331Z	DEBUG	config	operand is	{"key": "grafana", "name": "observability-grafana"}
2024-10-24T14:30:51.331Z	DEBUG	config	image replacement	{"componentName": "grafana", "image": "registry.redhat.io/rhacm2/acm-grafana-rhel9@sha256:74ad9db2286eef85e6c278cad1840a144ab50e8db1fced736974432dc4b9e0dd"}
2024-10-24T14:30:51.331Z	DEBUG	config	image replacement	{"componentName": "grafana_dashboard_loader", "image": "registry.redhat.io/rhacm2/grafana-dashboard-loader-rhel9@sha256:e2ff942d47e7e703a5fb11a2aacaac610e53273c74284d3b6da88bc70b8e7b7a"}
2024-10-24T14:30:51.337Z	DEBUG	config	operand is	{"key": "alertmanager", "name": "observability-alertmanager"}
2024-10-24T14:30:51.337Z	DEBUG	config	operand is	{"key": "alertmanager", "name": "observability-alertmanager"}
2024-10-24T14:30:51.337Z	DEBUG	config	operand is	{"key": "alertmanager", "name": "observability-alertmanager"}
2024-10-24T14:30:51.337Z	DEBUG	config	operand is	{"key": "alertmanager", "name": "observability-alertmanager"}
2024-10-24T14:30:51.337Z	DEBUG	config	image replacement	{"componentName": "prometheus_alertmanager", "image": "registry.redhat.io/rhacm2/prometheus-alertmanager-rhel9@sha256:6429a938750a655c2081cf3d6021a7377f6a3aa5cd43587885d4d49a9e528ee4"}
2024-10-24T14:30:51.337Z	DEBUG	config	image replacement	{"componentName": "configmap_reloader", "image": "registry.redhat.io/openshift4/ose-configmap-reloader@sha256:fa5b2e42a27e3ab5f0a0d2a103b5602b81d1b29eb788b54cc60ad547744ad053"}
2024-10-24T14:30:51.340Z	DEBUG	config	image replacement	{"componentName": "kube_rbac_proxy", "image": "registry.redhat.io/rhacm2/kube-rbac-proxy-rhel9@sha256:c60a1d52359493a41b2b6f820d11716d67290e9b83dc18c16039dbc6f120e5f2"}
2024-10-24T14:30:51.345Z	DEBUG	config	operand is	{"key": "rbac-query-proxy", "name": "observability-rbac-query-proxy"}
2024-10-24T14:30:51.345Z	DEBUG	config	operand is	{"key": "observatorium", "name": "observability"}
2024-10-24T14:30:51.345Z	DEBUG	config	operand is	{"key": "observatorium", "name": "observability"}
2024-10-24T14:30:51.345Z	DEBUG	config	image replacement	{"componentName": "rbac_query_proxy", "image": "registry.redhat.io/rhacm2/rbac-query-proxy-rhel9@sha256:8a0b372f52004a9855d4d42c4bbd7d09d586e9d0fabdb73d525b1a23b030b1ed"}
2024-10-24T14:30:51.350Z	DEBUG	config	image replacement	{"componentName": "observatorium_operator", "image": "registry.redhat.io/rhacm2/observatorium-rhel9-operator@sha256:20bae12383bdb261dfbb7274975374fad90f4831ff9787a26aac626d26f1ef16"}
2024-10-24T14:30:51.350Z	DEBUG	config	operand is	{"key": "observatorium-operator", "name": "observability-observatorium-operator"}
2024-10-24T14:30:51.366Z	INFO	deploying	Skip creation	{"Kind": "/v1, Kind=ConfigMap", "Name": "observability-managed-cluster-label-allowlist"}
2024-10-24T14:30:51.376Z	INFO	deploying	Update	{"kind": "Secret", "kindVersion": "v1", "name": "grafana-config"}
2024-10-24T14:30:51.454Z	DEBUG	controller_multiclustermonitoring	check status ready goroutine is triggered.
2024-10-24T14:30:52.582Z	INFO	deploying	Skip creation	{"Kind": "/v1, Kind=Secret", "Name": "alertmanager-config"}
2024-10-24T14:30:52.583Z	INFO	deploying	Skip creation	{"Kind": "/v1, Kind=Secret", "Name": "alertmanager-proxy"}
2024-10-24T14:30:52.628Z	INFO	deploying	Update	{"kind": "Secret", "kindVersion": "v1", "name": "alertmanager-kube-rbac-proxy-metric"}
2024-10-24T14:30:52.785Z	INFO	deploying	Skip creation	{"Kind": "/v1, Kind=Secret", "Name": "rbac-proxy-cookie-secret"}
2024-10-24T14:30:52.832Z	DEBUG	config	image replacement	{"componentName": "multicluster_observability_addon", "image": ""}
2024-10-24T14:30:52.832Z	DEBUG	config	operand is	{"key": "multicluster-observability-addon", "name": "observability-multicluster-observability-addon"}
2024-10-24T14:30:52.860Z	INFO	controller_certificates	CA secrets already existed	{"name": "observability-server-ca-certs"}
2024-10-24T14:30:52.860Z	INFO	controller_certificates	CA secrets already existed	{"name": "observability-client-ca-certs"}
2024-10-24T14:30:52.860Z	DEBUG	config	operand is	{"key": "observatorium", "name": "observability"}
2024-10-24T14:30:52.860Z	INFO	controller_certificates	Certificate secrets already existed	{"name": "observability-server-certs"}
2024-10-24T14:30:52.860Z	INFO	controller_certificates	Certificate secrets already existed	{"name": "observability-grafana-certs"}
2024-10-24T14:30:52.860Z	DEBUG	config	operand is	{"key": "observatorium", "name": "observability"}
2024-10-24T14:30:52.860Z	INFO	controller_multiclustermonitoring	storageClassSelected	{"storageClassSelected": "gp3-csi"}
2024-10-24T14:30:52.860Z	DEBUG	config	image replacement	{"componentName": "observatorium", "image": "registry.redhat.io/rhacm2/observatorium-rhel9@sha256:330c3274f16a34d79ba5ac53ddbd2fe47778aff9c01e8e26fdc5b753e634962f"}
2024-10-24T14:30:52.860Z	DEBUG	config	image replacement	{"componentName": "configmap_reloader", "image": "registry.redhat.io/openshift4/ose-configmap-reloader@sha256:fa5b2e42a27e3ab5f0a0d2a103b5602b81d1b29eb788b54cc60ad547744ad053"}
2024-10-24T14:30:52.860Z	DEBUG	config	image replacement	{"componentName": "memcached", "image": "registry.redhat.io/rhacm2/memcached-rhel9@sha256:9600034019ce695e89aecb6ac255d591b201fc40a7f3d9796f42d043f0340623"}
2024-10-24T14:30:52.860Z	DEBUG	config	image replacement	{"componentName": "memcached_exporter", "image": "registry.redhat.io/rhacm2/memcached-exporter-rhel9@sha256:2c6e39ecbeed3dc4d30225b9a2ed0840c6d41c032ee08d63c7f8f092f3ee81e6"}
2024-10-24T14:30:52.860Z	DEBUG	config	image replacement	{"componentName": "thanos_receive_controller", "image": "registry.redhat.io/rhacm2/thanos-receive-controller-rhel9@sha256:739292da294b1b536cfea4d4cb63bc39f95cb917695026b1660f9022a73d58ee"}
2024-10-24T14:30:52.861Z	DEBUG	config	image replacement	{"componentName": "memcached", "image": "registry.redhat.io/rhacm2/memcached-rhel9@sha256:9600034019ce695e89aecb6ac255d591b201fc40a7f3d9796f42d043f0340623"}
2024-10-24T14:30:52.861Z	DEBUG	config	image replacement	{"componentName": "memcached_exporter", "image": "registry.redhat.io/rhacm2/memcached-exporter-rhel9@sha256:2c6e39ecbeed3dc4d30225b9a2ed0840c6d41c032ee08d63c7f8f092f3ee81e6"}
2024-10-24T14:30:52.861Z	DEBUG	config	image replacement	{"componentName": "thanos", "image": "registry.redhat.io/rhacm2/thanos-rhel9@sha256:caf27fd686b2ae1d6cb0ebe02cf195a2e7caece3ac8bda0c0e88f92678da6bd2"}
2024-10-24T14:30:52.861Z	DEBUG	config	operand is	{"key": "observatorium", "name": "observability"}
2024-10-24T14:30:52.861Z	INFO	controller_multiclustermonitoring	Coleen Old observatorium CR spec	{"oldSpec": {"image":"registry.redhat.io/rhacm2/thanos-rhel9@sha256:caf27fd686b2ae1d6cb0ebe02cf195a2e7caece3ac8bda0c0e88f92678da6bd2","imagePullPolicy":"IfNotPresent","compact":{"replicas":1,"volumeClaimTemplate":{"spec":{"accessModes":["ReadWriteOnce"],"resources":{"requests":{"storage":"200Gi"}},"storageClassName":"gp3-csi"}},"retentionResolutionRaw":"365d","retentionResolution5m":"365d","retentionResolution1h":"365d","enableDownsampling":true,"resources":{"requests":{"cpu":"100m","memory":"512Mi"}},"serviceMonitor":true,"deleteDelay":"48h"},"receiveController":{"image":"registry.redhat.io/rhacm2/thanos-receive-controller-rhel9@sha256:739292da294b1b536cfea4d4cb63bc39f95cb917695026b1660f9022a73d58ee","imagePullPolicy":"IfNotPresent","version":"master-2022-04-01-b58820f","resources":{"requests":{"cpu":"4m","memory":"32Mi"}},"serviceMonitor":true},"receivers":{"replicas":3,"volumeClaimTemplate":{"spec":{"accessModes":["ReadWriteOnce"],"resources":{"requests":{"storage":"100Gi"}},"storageClassName":"gp3-csi"}},"replicationFactor":3,"resources":{"requests":{"cpu":"300m","memory":"512Mi"}},"serviceMonitor":true,"retention":"24h"},"queryFrontend":{"replicas":2,"resources":{"requests":{"cpu":"100m","memory":"256Mi"}},"serviceMonitor":true,"cache":{"image":"registry.redhat.io/rhacm2/memcached-rhel9@sha256:9600034019ce695e89aecb6ac255d591b201fc40a7f3d9796f42d043f0340623","imagePullPolicy":"IfNotPresent","version":"1.6.3-alpine","exporterImage":"registry.redhat.io/rhacm2/memcached-exporter-rhel9@sha256:2c6e39ecbeed3dc4d30225b9a2ed0840c6d41c032ee08d63c7f8f092f3ee81e6","exporterImagePullPolicy":"IfNotPresent","exporterVersion":"v0.9.0","replicas":3,"memoryLimitMb":1024,"maxItemSize":"1m","connectionLimit":1024,"resources":{"requests":{"cpu":"45m","memory":"128Mi"}},"exporterResources":{"requests":{"cpu":"5m","memory":"50Mi"}},"serviceMonitor":true}},"store":{"volumeClaimTemplate":{"spec":{"accessModes":["ReadWriteOnce"],"resources":{"requests":{"storage":"10Gi"}},"storageClassName":"gp3-csi"}},"shards":3,"cache":{"image":"registry.redhat.io/rhacm2/memcached-rhel9@sha256:9600034019ce695e89aecb6ac255d591b201fc40a7f3d9796f42d043f0340623","imagePullPolicy":"IfNotPresent","version":"1.6.3-alpine","exporterImage":"registry.redhat.io/rhacm2/memcached-exporter-rhel9@sha256:2c6e39ecbeed3dc4d30225b9a2ed0840c6d41c032ee08d63c7f8f092f3ee81e6","exporterImagePullPolicy":"IfNotPresent","exporterVersion":"v0.9.0","replicas":3,"memoryLimitMb":1024,"maxItemSize":"1m","connectionLimit":1024,"resources":{"requests":{"cpu":"45m","memory":"128Mi"}},"exporterResources":{"requests":{"cpu":"5m","memory":"50Mi"}},"serviceMonitor":true},"resources":{"requests":{"cpu":"100m","memory":"1Gi"}},"serviceMonitor":true},"rule":{"replicas":3,"volumeClaimTemplate":{"spec":{"accessModes":["ReadWriteOnce"],"resources":{"requests":{"storage":"1Gi"}},"storageClassName":"gp3-csi"}},"rulesConfig":[{"name":"thanos-ruler-default-rules","key":"default_rules.yaml"}],"extraVolumeMounts":[{"type":"configMap","mountPath":"/etc/thanos/configmaps/alertmanager-ca-bundle","name":"alertmanager-ca-bundle","key":"service-ca.crt"}],"alertmanagerConfigFile":{"name":"thanos-ruler-config","key":"config.yaml"},"reloaderImage":"registry.redhat.io/openshift4/ose-configmap-reloader@sha256:fa5b2e42a27e3ab5f0a0d2a103b5602b81d1b29eb788b54cc60ad547744ad053","reloaderImagePullPolicy":"IfNotPresent","resources":{"requests":{"cpu":"50m","memory":"512Mi"}},"reloaderResources":{"requests":{"cpu":"4m","memory":"25Mi"}},"serviceMonitor":true,"blockDuration":"2h","retention":"24h","evalInterval":"300s"},"query":{"replicas":2,"resources":{"requests":{"cpu":"300m","memory":"1Gi"}},"serviceMonitor":true,"lookbackDelta":"600s"}}}
2024-10-24T14:30:52.861Z	INFO	controller_multiclustermonitoring	Coleen New observatorium CR spec	{"newSpec": {"image":"registry.redhat.io/rhacm2/thanos-rhel9@sha256:caf27fd686b2ae1d6cb0ebe02cf195a2e7caece3ac8bda0c0e88f92678da6bd2","imagePullPolicy":"IfNotPresent","compact":{"replicas":1,"volumeClaimTemplate":{"spec":{"accessModes":["ReadWriteOnce"],"resources":{"requests":{"storage":"200Gi"}},"storageClassName":"gp3-csi"}},"retentionResolutionRaw":"365d","retentionResolution5m":"365d","retentionResolution1h":"365d","enableDownsampling":true,"resources":{"requests":{"cpu":"500m","memory":"1Gi"}},"serviceMonitor":true,"deleteDelay":"48h"},"receiveController":{"image":"registry.redhat.io/rhacm2/thanos-receive-controller-rhel9@sha256:739292da294b1b536cfea4d4cb63bc39f95cb917695026b1660f9022a73d58ee","imagePullPolicy":"IfNotPresent","version":"master-2022-04-01-b58820f","resources":{"requests":{"cpu":"4m","memory":"32Mi"}},"serviceMonitor":true},"receivers":{"replicas":3,"volumeClaimTemplate":{"spec":{"accessModes":["ReadWriteOnce"],"resources":{"requests":{"storage":"100Gi"}},"storageClassName":"gp3-csi"}},"replicationFactor":3,"resources":{"requests":{"cpu":"300m","memory":"512Mi"}},"serviceMonitor":true,"retention":"24h"},"queryFrontend":{"replicas":2,"resources":{"requests":{"cpu":"100m","memory":"256Mi"}},"serviceMonitor":true,"cache":{"image":"registry.redhat.io/rhacm2/memcached-rhel9@sha256:9600034019ce695e89aecb6ac255d591b201fc40a7f3d9796f42d043f0340623","imagePullPolicy":"IfNotPresent","version":"1.6.3-alpine","exporterImage":"registry.redhat.io/rhacm2/memcached-exporter-rhel9@sha256:2c6e39ecbeed3dc4d30225b9a2ed0840c6d41c032ee08d63c7f8f092f3ee81e6","exporterImagePullPolicy":"IfNotPresent","exporterVersion":"v0.9.0","replicas":3,"memoryLimitMb":1024,"maxItemSize":"1m","connectionLimit":1024,"resources":{"requests":{"cpu":"45m","memory":"128Mi"}},"exporterResources":{"requests":{"cpu":"5m","memory":"50Mi"}},"serviceMonitor":true}},"store":{"volumeClaimTemplate":{"spec":{"accessModes":["ReadWriteOnce"],"resources":{"requests":{"storage":"10Gi"}},"storageClassName":"gp3-csi"}},"shards":3,"cache":{"image":"registry.redhat.io/rhacm2/memcached-rhel9@sha256:9600034019ce695e89aecb6ac255d591b201fc40a7f3d9796f42d043f0340623","imagePullPolicy":"IfNotPresent","version":"1.6.3-alpine","exporterImage":"registry.redhat.io/rhacm2/memcached-exporter-rhel9@sha256:2c6e39ecbeed3dc4d30225b9a2ed0840c6d41c032ee08d63c7f8f092f3ee81e6","exporterImagePullPolicy":"IfNotPresent","exporterVersion":"v0.9.0","replicas":3,"memoryLimitMb":1024,"maxItemSize":"1m","connectionLimit":1024,"resources":{"requests":{"cpu":"45m","memory":"128Mi"}},"exporterResources":{"requests":{"cpu":"5m","memory":"50Mi"}},"serviceMonitor":true},"resources":{"requests":{"cpu":"100m","memory":"1Gi"}},"serviceMonitor":true},"rule":{"replicas":3,"volumeClaimTemplate":{"spec":{"accessModes":["ReadWriteOnce"],"resources":{"requests":{"storage":"1Gi"}},"storageClassName":"gp3-csi"}},"rulesConfig":[{"name":"thanos-ruler-default-rules","key":"default_rules.yaml"}],"extraVolumeMounts":[{"type":"configMap","mountPath":"/etc/thanos/configmaps/alertmanager-ca-bundle","name":"alertmanager-ca-bundle","key":"service-ca.crt"}],"alertmanagerConfigFile":{"name":"thanos-ruler-config","key":"config.yaml"},"reloaderImage":"registry.redhat.io/openshift4/ose-configmap-reloader@sha256:fa5b2e42a27e3ab5f0a0d2a103b5602b81d1b29eb788b54cc60ad547744ad053","reloaderImagePullPolicy":"IfNotPresent","resources":{"requests":{"cpu":"50m","memory":"512Mi"}},"reloaderResources":{"requests":{"cpu":"4m","memory":"25Mi"}},"serviceMonitor":true,"blockDuration":"2h","retention":"24h","evalInterval":"300s"},"query":{"replicas":2,"resources":{"requests":{"cpu":"300m","memory":"1Gi"}},"serviceMonitor":true,"lookbackDelta":"600s"}}}
2024-10-24T14:30:52.862Z	INFO	controller_multiclustermonitoring	StorageVersionMigration already existed/unchanged	{"name": "storage-version-migration-observability"}
2024-10-24T14:30:52.862Z	INFO	controller_multiclustermonitoring	Reconciling MultiClusterObservability	{"Request.Namespace": "", "Request.Name": "observability"}
2024-10-24T14:30:52.862Z	DEBUG	controller_multiclustermonitoring	status update goroutine is triggered.
2024-10-24T14:30:52.864Z	INFO	util	unable to get CRD with ApiextensionsV1 Client, not found.	{"CRD": "multiclusterglobalhubs.operator.open-cluster-management.io"}
2024-10-24T14:30:52.867Z	DEBUG	config	operand is	{"key": "grafana", "name": "observability-grafana"}
2024-10-24T14:30:52.867Z	DEBUG	config	image replacement	{"componentName": "grafana", "image": "registry.redhat.io/rhacm2/acm-grafana-rhel9@sha256:74ad9db2286eef85e6c278cad1840a144ab50e8db1fced736974432dc4b9e0dd"}
2024-10-24T14:30:52.867Z	DEBUG	config	image replacement	{"componentName": "grafana_dashboard_loader", "image": "registry.redhat.io/rhacm2/grafana-dashboard-loader-rhel9@sha256:e2ff942d47e7e703a5fb11a2aacaac610e53273c74284d3b6da88bc70b8e7b7a"}
2024-10-24T14:30:52.876Z	DEBUG	config	operand is	{"key": "alertmanager", "name": "observability-alertmanager"}
2024-10-24T14:30:52.876Z	DEBUG	config	operand is	{"key": "alertmanager", "name": "observability-alertmanager"}
2024-10-24T14:30:52.876Z	DEBUG	config	operand is	{"key": "alertmanager", "name": "observability-alertmanager"}
2024-10-24T14:30:52.876Z	DEBUG	config	operand is	{"key": "alertmanager", "name": "observability-alertmanager"}
2024-10-24T14:30:52.876Z	DEBUG	config	image replacement	{"componentName": "prometheus_alertmanager", "image": "registry.redhat.io/rhacm2/prometheus-alertmanager-rhel9@sha256:6429a938750a655c2081cf3d6021a7377f6a3aa5cd43587885d4d49a9e528ee4"}
2024-10-24T14:30:52.876Z	DEBUG	config	image replacement	{"componentName": "configmap_reloader", "image": "registry.redhat.io/openshift4/ose-configmap-reloader@sha256:fa5b2e42a27e3ab5f0a0d2a103b5602b81d1b29eb788b54cc60ad547744ad053"}
2024-10-24T14:30:52.879Z	DEBUG	config	image replacement	{"componentName": "kube_rbac_proxy", "image": "registry.redhat.io/rhacm2/kube-rbac-proxy-rhel9@sha256:c60a1d52359493a41b2b6f820d11716d67290e9b83dc18c16039dbc6f120e5f2"}
2024-10-24T14:30:52.883Z	DEBUG	config	operand is	{"key": "rbac-query-proxy", "name": "observability-rbac-query-proxy"}
2024-10-24T14:30:52.883Z	DEBUG	config	operand is	{"key": "observatorium", "name": "observability"}
2024-10-24T14:30:52.883Z	DEBUG	config	operand is	{"key": "observatorium", "name": "observability"}
2024-10-24T14:30:52.883Z	DEBUG	config	image replacement	{"componentName": "rbac_query_proxy", "image": "registry.redhat.io/rhacm2/rbac-query-proxy-rhel9@sha256:8a0b372f52004a9855d4d42c4bbd7d09d586e9d0fabdb73d525b1a23b030b1ed"}
2024-10-24T14:30:52.887Z	DEBUG	config	image replacement	{"componentName": "observatorium_operator", "image": "registry.redhat.io/rhacm2/observatorium-rhel9-operator@sha256:20bae12383bdb261dfbb7274975374fad90f4831ff9787a26aac626d26f1ef16"}
2024-10-24T14:30:52.887Z	DEBUG	config	operand is	{"key": "observatorium-operator", "name": "observability-observatorium-operator"}
2024-10-24T14:30:52.903Z	INFO	deploying	Skip creation	{"Kind": "/v1, Kind=ConfigMap", "Name": "observability-managed-cluster-label-allowlist"}
2024-10-24T14:30:52.939Z	INFO	deploying	Update	{"kind": "Secret", "kindVersion": "v1", "name": "grafana-config"}
2024-10-24T14:30:53.455Z	DEBUG	controller_multiclustermonitoring	check status ready goroutine is triggered.
2024-10-24T14:30:54.631Z	INFO	deploying	Skip creation	{"Kind": "/v1, Kind=Secret", "Name": "alertmanager-config"}
2024-10-24T14:30:54.632Z	INFO	deploying	Skip creation	{"Kind": "/v1, Kind=Secret", "Name": "alertmanager-proxy"}
2024-10-24T14:30:54.676Z	INFO	deploying	Update	{"kind": "Secret", "kindVersion": "v1", "name": "alertmanager-kube-rbac-proxy-metric"}
2024-10-24T14:30:54.831Z	INFO	deploying	Skip creation	{"Kind": "/v1, Kind=Secret", "Name": "rbac-proxy-cookie-secret"}
2024-10-24T14:30:54.879Z	DEBUG	config	image replacement	{"componentName": "multicluster_observability_addon", "image": ""}
2024-10-24T14:30:54.880Z	DEBUG	config	operand is	{"key": "multicluster-observability-addon", "name": "observability-multicluster-observability-addon"}
2024-10-24T14:30:54.895Z	INFO	controller_certificates	CA secrets already existed	{"name": "observability-server-ca-certs"}
2024-10-24T14:30:54.896Z	INFO	controller_certificates	CA secrets already existed	{"name": "observability-client-ca-certs"}
2024-10-24T14:30:54.896Z	DEBUG	config	operand is	{"key": "observatorium", "name": "observability"}
2024-10-24T14:30:54.896Z	INFO	controller_certificates	Certificate secrets already existed	{"name": "observability-server-certs"}
2024-10-24T14:30:54.896Z	INFO	controller_certificates	Certificate secrets already existed	{"name": "observability-grafana-certs"}
2024-10-24T14:30:54.896Z	DEBUG	config	operand is	{"key": "observatorium", "name": "observability"}
2024-10-24T14:30:54.896Z	INFO	controller_multiclustermonitoring	storageClassSelected	{"storageClassSelected": "gp3-csi"}
2024-10-24T14:30:54.896Z	DEBUG	config	image replacement	{"componentName": "observatorium", "image": "registry.redhat.io/rhacm2/observatorium-rhel9@sha256:330c3274f16a34d79ba5ac53ddbd2fe47778aff9c01e8e26fdc5b753e634962f"}
2024-10-24T14:30:54.896Z	DEBUG	config	image replacement	{"componentName": "configmap_reloader", "image": "registry.redhat.io/openshift4/ose-configmap-reloader@sha256:fa5b2e42a27e3ab5f0a0d2a103b5602b81d1b29eb788b54cc60ad547744ad053"}
2024-10-24T14:30:54.896Z	DEBUG	config	image replacement	{"componentName": "memcached", "image": "registry.redhat.io/rhacm2/memcached-rhel9@sha256:9600034019ce695e89aecb6ac255d591b201fc40a7f3d9796f42d043f0340623"}
2024-10-24T14:30:54.896Z	DEBUG	config	image replacement	{"componentName": "memcached_exporter", "image": "registry.redhat.io/rhacm2/memcached-exporter-rhel9@sha256:2c6e39ecbeed3dc4d30225b9a2ed0840c6d41c032ee08d63c7f8f092f3ee81e6"}
2024-10-24T14:30:54.896Z	DEBUG	config	image replacement	{"componentName": "thanos_receive_controller", "image": "registry.redhat.io/rhacm2/thanos-receive-controller-rhel9@sha256:739292da294b1b536cfea4d4cb63bc39f95cb917695026b1660f9022a73d58ee"}
2024-10-24T14:30:54.896Z	DEBUG	config	image replacement	{"componentName": "memcached", "image": "registry.redhat.io/rhacm2/memcached-rhel9@sha256:9600034019ce695e89aecb6ac255d591b201fc40a7f3d9796f42d043f0340623"}
2024-10-24T14:30:54.896Z	DEBUG	config	image replacement	{"componentName": "memcached_exporter", "image": "registry.redhat.io/rhacm2/memcached-exporter-rhel9@sha256:2c6e39ecbeed3dc4d30225b9a2ed0840c6d41c032ee08d63c7f8f092f3ee81e6"}
2024-10-24T14:30:54.896Z	DEBUG	config	image replacement	{"componentName": "thanos", "image": "registry.redhat.io/rhacm2/thanos-rhel9@sha256:caf27fd686b2ae1d6cb0ebe02cf195a2e7caece3ac8bda0c0e88f92678da6bd2"}
2024-10-24T14:30:54.896Z	DEBUG	config	operand is	{"key": "observatorium", "name": "observability"}
2024-10-24T14:30:54.896Z	INFO	controller_multiclustermonitoring	Coleen Old observatorium CR spec	{"oldSpec": {"image":"registry.redhat.io/rhacm2/thanos-rhel9@sha256:caf27fd686b2ae1d6cb0ebe02cf195a2e7caece3ac8bda0c0e88f92678da6bd2","imagePullPolicy":"IfNotPresent","compact":{"replicas":1,"volumeClaimTemplate":{"spec":{"accessModes":["ReadWriteOnce"],"resources":{"requests":{"storage":"200Gi"}},"storageClassName":"gp3-csi"}},"retentionResolutionRaw":"365d","retentionResolution5m":"365d","retentionResolution1h":"365d","enableDownsampling":true,"resources":{"requests":{"cpu":"100m","memory":"512Mi"}},"serviceMonitor":true,"deleteDelay":"48h"},"receiveController":{"image":"registry.redhat.io/rhacm2/thanos-receive-controller-rhel9@sha256:739292da294b1b536cfea4d4cb63bc39f95cb917695026b1660f9022a73d58ee","imagePullPolicy":"IfNotPresent","version":"master-2022-04-01-b58820f","resources":{"requests":{"cpu":"4m","memory":"32Mi"}},"serviceMonitor":true},"receivers":{"replicas":3,"volumeClaimTemplate":{"spec":{"accessModes":["ReadWriteOnce"],"resources":{"requests":{"storage":"100Gi"}},"storageClassName":"gp3-csi"}},"replicationFactor":3,"resources":{"requests":{"cpu":"300m","memory":"512Mi"}},"serviceMonitor":true,"retention":"24h"},"queryFrontend":{"replicas":2,"resources":{"requests":{"cpu":"100m","memory":"256Mi"}},"serviceMonitor":true,"cache":{"image":"registry.redhat.io/rhacm2/memcached-rhel9@sha256:9600034019ce695e89aecb6ac255d591b201fc40a7f3d9796f42d043f0340623","imagePullPolicy":"IfNotPresent","version":"1.6.3-alpine","exporterImage":"registry.redhat.io/rhacm2/memcached-exporter-rhel9@sha256:2c6e39ecbeed3dc4d30225b9a2ed0840c6d41c032ee08d63c7f8f092f3ee81e6","exporterImagePullPolicy":"IfNotPresent","exporterVersion":"v0.9.0","replicas":3,"memoryLimitMb":1024,"maxItemSize":"1m","connectionLimit":1024,"resources":{"requests":{"cpu":"45m","memory":"128Mi"}},"exporterResources":{"requests":{"cpu":"5m","memory":"50Mi"}},"serviceMonitor":true}},"store":{"volumeClaimTemplate":{"spec":{"accessModes":["ReadWriteOnce"],"resources":{"requests":{"storage":"10Gi"}},"storageClassName":"gp3-csi"}},"shards":3,"cache":{"image":"registry.redhat.io/rhacm2/memcached-rhel9@sha256:9600034019ce695e89aecb6ac255d591b201fc40a7f3d9796f42d043f0340623","imagePullPolicy":"IfNotPresent","version":"1.6.3-alpine","exporterImage":"registry.redhat.io/rhacm2/memcached-exporter-rhel9@sha256:2c6e39ecbeed3dc4d30225b9a2ed0840c6d41c032ee08d63c7f8f092f3ee81e6","exporterImagePullPolicy":"IfNotPresent","exporterVersion":"v0.9.0","replicas":3,"memoryLimitMb":1024,"maxItemSize":"1m","connectionLimit":1024,"resources":{"requests":{"cpu":"45m","memory":"128Mi"}},"exporterResources":{"requests":{"cpu":"5m","memory":"50Mi"}},"serviceMonitor":true},"resources":{"requests":{"cpu":"100m","memory":"1Gi"}},"serviceMonitor":true},"rule":{"replicas":3,"volumeClaimTemplate":{"spec":{"accessModes":["ReadWriteOnce"],"resources":{"requests":{"storage":"1Gi"}},"storageClassName":"gp3-csi"}},"rulesConfig":[{"name":"thanos-ruler-default-rules","key":"default_rules.yaml"}],"extraVolumeMounts":[{"type":"configMap","mountPath":"/etc/thanos/configmaps/alertmanager-ca-bundle","name":"alertmanager-ca-bundle","key":"service-ca.crt"}],"alertmanagerConfigFile":{"name":"thanos-ruler-config","key":"config.yaml"},"reloaderImage":"registry.redhat.io/openshift4/ose-configmap-reloader@sha256:fa5b2e42a27e3ab5f0a0d2a103b5602b81d1b29eb788b54cc60ad547744ad053","reloaderImagePullPolicy":"IfNotPresent","resources":{"requests":{"cpu":"50m","memory":"512Mi"}},"reloaderResources":{"requests":{"cpu":"4m","memory":"25Mi"}},"serviceMonitor":true,"blockDuration":"2h","retention":"24h","evalInterval":"300s"},"query":{"replicas":2,"resources":{"requests":{"cpu":"300m","memory":"1Gi"}},"serviceMonitor":true,"lookbackDelta":"600s"}}}
2024-10-24T14:30:54.896Z	INFO	controller_multiclustermonitoring	Coleen New observatorium CR spec	{"newSpec": {"image":"registry.redhat.io/rhacm2/thanos-rhel9@sha256:caf27fd686b2ae1d6cb0ebe02cf195a2e7caece3ac8bda0c0e88f92678da6bd2","imagePullPolicy":"IfNotPresent","compact":{"replicas":1,"volumeClaimTemplate":{"spec":{"accessModes":["ReadWriteOnce"],"resources":{"requests":{"storage":"200Gi"}},"storageClassName":"gp3-csi"}},"retentionResolutionRaw":"365d","retentionResolution5m":"365d","retentionResolution1h":"365d","enableDownsampling":true,"resources":{"requests":{"cpu":"500m","memory":"1Gi"}},"serviceMonitor":true,"deleteDelay":"48h"},"receiveController":{"image":"registry.redhat.io/rhacm2/thanos-receive-controller-rhel9@sha256:739292da294b1b536cfea4d4cb63bc39f95cb917695026b1660f9022a73d58ee","imagePullPolicy":"IfNotPresent","version":"master-2022-04-01-b58820f","resources":{"requests":{"cpu":"4m","memory":"32Mi"}},"serviceMonitor":true},"receivers":{"replicas":3,"volumeClaimTemplate":{"spec":{"accessModes":["ReadWriteOnce"],"resources":{"requests":{"storage":"100Gi"}},"storageClassName":"gp3-csi"}},"replicationFactor":3,"resources":{"requests":{"cpu":"300m","memory":"512Mi"}},"serviceMonitor":true,"retention":"24h"},"queryFrontend":{"replicas":2,"resources":{"requests":{"cpu":"100m","memory":"256Mi"}},"serviceMonitor":true,"cache":{"image":"registry.redhat.io/rhacm2/memcached-rhel9@sha256:9600034019ce695e89aecb6ac255d591b201fc40a7f3d9796f42d043f0340623","imagePullPolicy":"IfNotPresent","version":"1.6.3-alpine","exporterImage":"registry.redhat.io/rhacm2/memcached-exporter-rhel9@sha256:2c6e39ecbeed3dc4d30225b9a2ed0840c6d41c032ee08d63c7f8f092f3ee81e6","exporterImagePullPolicy":"IfNotPresent","exporterVersion":"v0.9.0","replicas":3,"memoryLimitMb":1024,"maxItemSize":"1m","connectionLimit":1024,"resources":{"requests":{"cpu":"45m","memory":"128Mi"}},"exporterResources":{"requests":{"cpu":"5m","memory":"50Mi"}},"serviceMonitor":true}},"store":{"volumeClaimTemplate":{"spec":{"accessModes":["ReadWriteOnce"],"resources":{"requests":{"storage":"10Gi"}},"storageClassName":"gp3-csi"}},"shards":3,"cache":{"image":"registry.redhat.io/rhacm2/memcached-rhel9@sha256:9600034019ce695e89aecb6ac255d591b201fc40a7f3d9796f42d043f0340623","imagePullPolicy":"IfNotPresent","version":"1.6.3-alpine","exporterImage":"registry.redhat.io/rhacm2/memcached-exporter-rhel9@sha256:2c6e39ecbeed3dc4d30225b9a2ed0840c6d41c032ee08d63c7f8f092f3ee81e6","exporterImagePullPolicy":"IfNotPresent","exporterVersion":"v0.9.0","replicas":3,"memoryLimitMb":1024,"maxItemSize":"1m","connectionLimit":1024,"resources":{"requests":{"cpu":"45m","memory":"128Mi"}},"exporterResources":{"requests":{"cpu":"5m","memory":"50Mi"}},"serviceMonitor":true},"resources":{"requests":{"cpu":"100m","memory":"1Gi"}},"serviceMonitor":true},"rule":{"replicas":3,"volumeClaimTemplate":{"spec":{"accessModes":["ReadWriteOnce"],"resources":{"requests":{"storage":"1Gi"}},"storageClassName":"gp3-csi"}},"rulesConfig":[{"name":"thanos-ruler-default-rules","key":"default_rules.yaml"}],"extraVolumeMounts":[{"type":"configMap","mountPath":"/etc/thanos/configmaps/alertmanager-ca-bundle","name":"alertmanager-ca-bundle","key":"service-ca.crt"}],"alertmanagerConfigFile":{"name":"thanos-ruler-config","key":"config.yaml"},"reloaderImage":"registry.redhat.io/openshift4/ose-configmap-reloader@sha256:fa5b2e42a27e3ab5f0a0d2a103b5602b81d1b29eb788b54cc60ad547744ad053","reloaderImagePullPolicy":"IfNotPresent","resources":{"requests":{"cpu":"50m","memory":"512Mi"}},"reloaderResources":{"requests":{"cpu":"4m","memory":"25Mi"}},"serviceMonitor":true,"blockDuration":"2h","retention":"24h","evalInterval":"300s"},"query":{"replicas":2,"resources":{"requests":{"cpu":"300m","memory":"1Gi"}},"serviceMonitor":true,"lookbackDelta":"600s"}}}
2024-10-24T14:30:54.897Z	INFO	controller_multiclustermonitoring	StorageVersionMigration already existed/unchanged	{"name": "storage-version-migration-observability"}
2024-10-24T14:30:54.897Z	DEBUG	controller_multiclustermonitoring	status update goroutine is triggered.
2024-10-24T14:30:55.364Z	INFO	controller_multiclustermonitoring	Reconciling MultiClusterObservability	{"Request.Namespace": "", "Request.Name": "observability"}
2024-10-24T14:30:55.366Z	INFO	util	unable to get CRD with ApiextensionsV1 Client, not found.	{"CRD": "multiclusterglobalhubs.operator.open-cluster-management.io"}
2024-10-24T14:30:55.370Z	DEBUG	config	operand is	{"key": "grafana", "name": "observability-grafana"}
2024-10-24T14:30:55.370Z	DEBUG	config	image replacement	{"componentName": "grafana", "image": "registry.redhat.io/rhacm2/acm-grafana-rhel9@sha256:74ad9db2286eef85e6c278cad1840a144ab50e8db1fced736974432dc4b9e0dd"}
2024-10-24T14:30:55.370Z	DEBUG	config	image replacement	{"componentName": "grafana_dashboard_loader", "image": "registry.redhat.io/rhacm2/grafana-dashboard-loader-rhel9@sha256:e2ff942d47e7e703a5fb11a2aacaac610e53273c74284d3b6da88bc70b8e7b7a"}
2024-10-24T14:30:55.375Z	DEBUG	config	operand is	{"key": "alertmanager", "name": "observability-alertmanager"}
2024-10-24T14:30:55.375Z	DEBUG	config	operand is	{"key": "alertmanager", "name": "observability-alertmanager"}
2024-10-24T14:30:55.375Z	DEBUG	config	operand is	{"key": "alertmanager", "name": "observability-alertmanager"}
2024-10-24T14:30:55.375Z	DEBUG	config	operand is	{"key": "alertmanager", "name": "observability-alertmanager"}
2024-10-24T14:30:55.375Z	DEBUG	config	image replacement	{"componentName": "prometheus_alertmanager", "image": "registry.redhat.io/rhacm2/prometheus-alertmanager-rhel9@sha256:6429a938750a655c2081cf3d6021a7377f6a3aa5cd43587885d4d49a9e528ee4"}
2024-10-24T14:30:55.375Z	DEBUG	config	image replacement	{"componentName": "configmap_reloader", "image": "registry.redhat.io/openshift4/ose-configmap-reloader@sha256:fa5b2e42a27e3ab5f0a0d2a103b5602b81d1b29eb788b54cc60ad547744ad053"}
2024-10-24T14:30:55.378Z	DEBUG	config	image replacement	{"componentName": "kube_rbac_proxy", "image": "registry.redhat.io/rhacm2/kube-rbac-proxy-rhel9@sha256:c60a1d52359493a41b2b6f820d11716d67290e9b83dc18c16039dbc6f120e5f2"}
2024-10-24T14:30:55.382Z	DEBUG	config	operand is	{"key": "rbac-query-proxy", "name": "observability-rbac-query-proxy"}
2024-10-24T14:30:55.382Z	DEBUG	config	operand is	{"key": "observatorium", "name": "observability"}
2024-10-24T14:30:55.382Z	DEBUG	config	operand is	{"key": "observatorium", "name": "observability"}
2024-10-24T14:30:55.382Z	DEBUG	config	image replacement	{"componentName": "rbac_query_proxy", "image": "registry.redhat.io/rhacm2/rbac-query-proxy-rhel9@sha256:8a0b372f52004a9855d4d42c4bbd7d09d586e9d0fabdb73d525b1a23b030b1ed"}
2024-10-24T14:30:55.386Z	DEBUG	config	image replacement	{"componentName": "observatorium_operator", "image": "registry.redhat.io/rhacm2/observatorium-rhel9-operator@sha256:20bae12383bdb261dfbb7274975374fad90f4831ff9787a26aac626d26f1ef16"}
2024-10-24T14:30:55.386Z	DEBUG	config	operand is	{"key": "observatorium-operator", "name": "observability-observatorium-operator"}
2024-10-24T14:30:55.408Z	INFO	deploying	Skip creation	{"Kind": "/v1, Kind=ConfigMap", "Name": "observability-managed-cluster-label-allowlist"}
2024-10-24T14:30:55.418Z	INFO	deploying	Update	{"kind": "Secret", "kindVersion": "v1", "name": "grafana-config"}
2024-10-24T14:30:55.456Z	DEBUG	controller_multiclustermonitoring	check status ready goroutine is triggered.
2024-10-24T14:30:56.681Z	INFO	deploying	Skip creation	{"Kind": "/v1, Kind=Secret", "Name": "alertmanager-config"}
2024-10-24T14:30:56.682Z	INFO	deploying	Skip creation	{"Kind": "/v1, Kind=Secret", "Name": "alertmanager-proxy"}
2024-10-24T14:30:56.727Z	INFO	deploying	Update	{"kind": "Secret", "kindVersion": "v1", "name": "alertmanager-kube-rbac-proxy-metric"}
2024-10-24T14:30:56.882Z	INFO	deploying	Skip creation	{"Kind": "/v1, Kind=Secret", "Name": "rbac-proxy-cookie-secret"}
2024-10-24T14:30:56.929Z	DEBUG	config	image replacement	{"componentName": "multicluster_observability_addon", "image": ""}
2024-10-24T14:30:56.929Z	DEBUG	config	operand is	{"key": "multicluster-observability-addon", "name": "observability-multicluster-observability-addon"}
2024-10-24T14:30:56.945Z	INFO	controller_certificates	CA secrets already existed	{"name": "observability-server-ca-certs"}
2024-10-24T14:30:56.946Z	INFO	controller_certificates	CA secrets already existed	{"name": "observability-client-ca-certs"}
2024-10-24T14:30:56.946Z	DEBUG	config	operand is	{"key": "observatorium", "name": "observability"}
2024-10-24T14:30:56.946Z	INFO	controller_certificates	Certificate secrets already existed	{"name": "observability-server-certs"}
2024-10-24T14:30:56.946Z	INFO	controller_certificates	Certificate secrets already existed	{"name": "observability-grafana-certs"}
2024-10-24T14:30:56.946Z	DEBUG	config	operand is	{"key": "observatorium", "name": "observability"}
2024-10-24T14:30:56.946Z	INFO	controller_multiclustermonitoring	storageClassSelected	{"storageClassSelected": "gp3-csi"}
2024-10-24T14:30:56.946Z	DEBUG	config	image replacement	{"componentName": "observatorium", "image": "registry.redhat.io/rhacm2/observatorium-rhel9@sha256:330c3274f16a34d79ba5ac53ddbd2fe47778aff9c01e8e26fdc5b753e634962f"}
2024-10-24T14:30:56.946Z	DEBUG	config	image replacement	{"componentName": "configmap_reloader", "image": "registry.redhat.io/openshift4/ose-configmap-reloader@sha256:fa5b2e42a27e3ab5f0a0d2a103b5602b81d1b29eb788b54cc60ad547744ad053"}
2024-10-24T14:30:56.946Z	DEBUG	config	image replacement	{"componentName": "memcached", "image": "registry.redhat.io/rhacm2/memcached-rhel9@sha256:9600034019ce695e89aecb6ac255d591b201fc40a7f3d9796f42d043f0340623"}
2024-10-24T14:30:56.946Z	DEBUG	config	image replacement	{"componentName": "memcached_exporter", "image": "registry.redhat.io/rhacm2/memcached-exporter-rhel9@sha256:2c6e39ecbeed3dc4d30225b9a2ed0840c6d41c032ee08d63c7f8f092f3ee81e6"}
2024-10-24T14:30:56.946Z	DEBUG	config	image replacement	{"componentName": "thanos_receive_controller", "image": "registry.redhat.io/rhacm2/thanos-receive-controller-rhel9@sha256:739292da294b1b536cfea4d4cb63bc39f95cb917695026b1660f9022a73d58ee"}
2024-10-24T14:30:56.946Z	DEBUG	config	image replacement	{"componentName": "memcached", "image": "registry.redhat.io/rhacm2/memcached-rhel9@sha256:9600034019ce695e89aecb6ac255d591b201fc40a7f3d9796f42d043f0340623"}
2024-10-24T14:30:56.946Z	DEBUG	config	image replacement	{"componentName": "memcached_exporter", "image": "registry.redhat.io/rhacm2/memcached-exporter-rhel9@sha256:2c6e39ecbeed3dc4d30225b9a2ed0840c6d41c032ee08d63c7f8f092f3ee81e6"}
2024-10-24T14:30:56.946Z	DEBUG	config	image replacement	{"componentName": "thanos", "image": "registry.redhat.io/rhacm2/thanos-rhel9@sha256:caf27fd686b2ae1d6cb0ebe02cf195a2e7caece3ac8bda0c0e88f92678da6bd2"}
2024-10-24T14:30:56.946Z	DEBUG	config	operand is	{"key": "observatorium", "name": "observability"}
2024-10-24T14:30:56.946Z	INFO	controller_multiclustermonitoring	Coleen Old observatorium CR spec	{"oldSpec": {"image":"registry.redhat.io/rhacm2/thanos-rhel9@sha256:caf27fd686b2ae1d6cb0ebe02cf195a2e7caece3ac8bda0c0e88f92678da6bd2","imagePullPolicy":"IfNotPresent","compact":{"replicas":1,"volumeClaimTemplate":{"spec":{"accessModes":["ReadWriteOnce"],"resources":{"requests":{"storage":"200Gi"}},"storageClassName":"gp3-csi"}},"retentionResolutionRaw":"365d","retentionResolution5m":"365d","retentionResolution1h":"365d","enableDownsampling":true,"resources":{"requests":{"cpu":"100m","memory":"512Mi"}},"serviceMonitor":true,"deleteDelay":"48h"},"receiveController":{"image":"registry.redhat.io/rhacm2/thanos-receive-controller-rhel9@sha256:739292da294b1b536cfea4d4cb63bc39f95cb917695026b1660f9022a73d58ee","imagePullPolicy":"IfNotPresent","version":"master-2022-04-01-b58820f","resources":{"requests":{"cpu":"4m","memory":"32Mi"}},"serviceMonitor":true},"receivers":{"replicas":3,"volumeClaimTemplate":{"spec":{"accessModes":["ReadWriteOnce"],"resources":{"requests":{"storage":"100Gi"}},"storageClassName":"gp3-csi"}},"replicationFactor":3,"resources":{"requests":{"cpu":"300m","memory":"512Mi"}},"serviceMonitor":true,"retention":"24h"},"queryFrontend":{"replicas":2,"resources":{"requests":{"cpu":"100m","memory":"256Mi"}},"serviceMonitor":true,"cache":{"image":"registry.redhat.io/rhacm2/memcached-rhel9@sha256:9600034019ce695e89aecb6ac255d591b201fc40a7f3d9796f42d043f0340623","imagePullPolicy":"IfNotPresent","version":"1.6.3-alpine","exporterImage":"registry.redhat.io/rhacm2/memcached-exporter-rhel9@sha256:2c6e39ecbeed3dc4d30225b9a2ed0840c6d41c032ee08d63c7f8f092f3ee81e6","exporterImagePullPolicy":"IfNotPresent","exporterVersion":"v0.9.0","replicas":3,"memoryLimitMb":1024,"maxItemSize":"1m","connectionLimit":1024,"resources":{"requests":{"cpu":"45m","memory":"128Mi"}},"exporterResources":{"requests":{"cpu":"5m","memory":"50Mi"}},"serviceMonitor":true}},"store":{"volumeClaimTemplate":{"spec":{"accessModes":["ReadWriteOnce"],"resources":{"requests":{"storage":"10Gi"}},"storageClassName":"gp3-csi"}},"shards":3,"cache":{"image":"registry.redhat.io/rhacm2/memcached-rhel9@sha256:9600034019ce695e89aecb6ac255d591b201fc40a7f3d9796f42d043f0340623","imagePullPolicy":"IfNotPresent","version":"1.6.3-alpine","exporterImage":"registry.redhat.io/rhacm2/memcached-exporter-rhel9@sha256:2c6e39ecbeed3dc4d30225b9a2ed0840c6d41c032ee08d63c7f8f092f3ee81e6","exporterImagePullPolicy":"IfNotPresent","exporterVersion":"v0.9.0","replicas":3,"memoryLimitMb":1024,"maxItemSize":"1m","connectionLimit":1024,"resources":{"requests":{"cpu":"45m","memory":"128Mi"}},"exporterResources":{"requests":{"cpu":"5m","memory":"50Mi"}},"serviceMonitor":true},"resources":{"requests":{"cpu":"100m","memory":"1Gi"}},"serviceMonitor":true},"rule":{"replicas":3,"volumeClaimTemplate":{"spec":{"accessModes":["ReadWriteOnce"],"resources":{"requests":{"storage":"1Gi"}},"storageClassName":"gp3-csi"}},"rulesConfig":[{"name":"thanos-ruler-default-rules","key":"default_rules.yaml"}],"extraVolumeMounts":[{"type":"configMap","mountPath":"/etc/thanos/configmaps/alertmanager-ca-bundle","name":"alertmanager-ca-bundle","key":"service-ca.crt"}],"alertmanagerConfigFile":{"name":"thanos-ruler-config","key":"config.yaml"},"reloaderImage":"registry.redhat.io/openshift4/ose-configmap-reloader@sha256:fa5b2e42a27e3ab5f0a0d2a103b5602b81d1b29eb788b54cc60ad547744ad053","reloaderImagePullPolicy":"IfNotPresent","resources":{"requests":{"cpu":"50m","memory":"512Mi"}},"reloaderResources":{"requests":{"cpu":"4m","memory":"25Mi"}},"serviceMonitor":true,"blockDuration":"2h","retention":"24h","evalInterval":"300s"},"query":{"replicas":2,"resources":{"requests":{"cpu":"300m","memory":"1Gi"}},"serviceMonitor":true,"lookbackDelta":"600s"}}}
2024-10-24T14:30:56.946Z	INFO	controller_multiclustermonitoring	Coleen New observatorium CR spec	{"newSpec": {"image":"registry.redhat.io/rhacm2/thanos-rhel9@sha256:caf27fd686b2ae1d6cb0ebe02cf195a2e7caece3ac8bda0c0e88f92678da6bd2","imagePullPolicy":"IfNotPresent","compact":{"replicas":1,"volumeClaimTemplate":{"spec":{"accessModes":["ReadWriteOnce"],"resources":{"requests":{"storage":"200Gi"}},"storageClassName":"gp3-csi"}},"retentionResolutionRaw":"365d","retentionResolution5m":"365d","retentionResolution1h":"365d","enableDownsampling":true,"resources":{"requests":{"cpu":"500m","memory":"1Gi"}},"serviceMonitor":true,"deleteDelay":"48h"},"receiveController":{"image":"registry.redhat.io/rhacm2/thanos-receive-controller-rhel9@sha256:739292da294b1b536cfea4d4cb63bc39f95cb917695026b1660f9022a73d58ee","imagePullPolicy":"IfNotPresent","version":"master-2022-04-01-b58820f","resources":{"requests":{"cpu":"4m","memory":"32Mi"}},"serviceMonitor":true},"receivers":{"replicas":3,"volumeClaimTemplate":{"spec":{"accessModes":["ReadWriteOnce"],"resources":{"requests":{"storage":"100Gi"}},"storageClassName":"gp3-csi"}},"replicationFactor":3,"resources":{"requests":{"cpu":"300m","memory":"512Mi"}},"serviceMonitor":true,"retention":"24h"},"queryFrontend":{"replicas":2,"resources":{"requests":{"cpu":"100m","memory":"256Mi"}},"serviceMonitor":true,"cache":{"image":"registry.redhat.io/rhacm2/memcached-rhel9@sha256:9600034019ce695e89aecb6ac255d591b201fc40a7f3d9796f42d043f0340623","imagePullPolicy":"IfNotPresent","version":"1.6.3-alpine","exporterImage":"registry.redhat.io/rhacm2/memcached-exporter-rhel9@sha256:2c6e39ecbeed3dc4d30225b9a2ed0840c6d41c032ee08d63c7f8f092f3ee81e6","exporterImagePullPolicy":"IfNotPresent","exporterVersion":"v0.9.0","replicas":3,"memoryLimitMb":1024,"maxItemSize":"1m","connectionLimit":1024,"resources":{"requests":{"cpu":"45m","memory":"128Mi"}},"exporterResources":{"requests":{"cpu":"5m","memory":"50Mi"}},"serviceMonitor":true}},"store":{"volumeClaimTemplate":{"spec":{"accessModes":["ReadWriteOnce"],"resources":{"requests":{"storage":"10Gi"}},"storageClassName":"gp3-csi"}},"shards":3,"cache":{"image":"registry.redhat.io/rhacm2/memcached-rhel9@sha256:9600034019ce695e89aecb6ac255d591b201fc40a7f3d9796f42d043f0340623","imagePullPolicy":"IfNotPresent","version":"1.6.3-alpine","exporterImage":"registry.redhat.io/rhacm2/memcached-exporter-rhel9@sha256:2c6e39ecbeed3dc4d30225b9a2ed0840c6d41c032ee08d63c7f8f092f3ee81e6","exporterImagePullPolicy":"IfNotPresent","exporterVersion":"v0.9.0","replicas":3,"memoryLimitMb":1024,"maxItemSize":"1m","connectionLimit":1024,"resources":{"requests":{"cpu":"45m","memory":"128Mi"}},"exporterResources":{"requests":{"cpu":"5m","memory":"50Mi"}},"serviceMonitor":true},"resources":{"requests":{"cpu":"100m","memory":"1Gi"}},"serviceMonitor":true},"rule":{"replicas":3,"volumeClaimTemplate":{"spec":{"accessModes":["ReadWriteOnce"],"resources":{"requests":{"storage":"1Gi"}},"storageClassName":"gp3-csi"}},"rulesConfig":[{"name":"thanos-ruler-default-rules","key":"default_rules.yaml"}],"extraVolumeMounts":[{"type":"configMap","mountPath":"/etc/thanos/configmaps/alertmanager-ca-bundle","name":"alertmanager-ca-bundle","key":"service-ca.crt"}],"alertmanagerConfigFile":{"name":"thanos-ruler-config","key":"config.yaml"},"reloaderImage":"registry.redhat.io/openshift4/ose-configmap-reloader@sha256:fa5b2e42a27e3ab5f0a0d2a103b5602b81d1b29eb788b54cc60ad547744ad053","reloaderImagePullPolicy":"IfNotPresent","resources":{"requests":{"cpu":"50m","memory":"512Mi"}},"reloaderResources":{"requests":{"cpu":"4m","memory":"25Mi"}},"serviceMonitor":true,"blockDuration":"2h","retention":"24h","evalInterval":"300s"},"query":{"replicas":2,"resources":{"requests":{"cpu":"300m","memory":"1Gi"}},"serviceMonitor":true,"lookbackDelta":"600s"}}}
2024-10-24T14:30:56.947Z	INFO	controller_multiclustermonitoring	StorageVersionMigration already existed/unchanged	{"name": "storage-version-migration-observability"}
2024-10-24T14:30:56.947Z	INFO	controller_multiclustermonitoring	Reconciling MultiClusterObservability	{"Request.Namespace": "", "Request.Name": "observability"}
2024-10-24T14:30:56.947Z	DEBUG	controller_multiclustermonitoring	status update goroutine is triggered.
2024-10-24T14:30:56.948Z	INFO	util	unable to get CRD with ApiextensionsV1 Client, not found.	{"CRD": "multiclusterglobalhubs.operator.open-cluster-management.io"}
2024-10-24T14:30:56.950Z	DEBUG	config	operand is	{"key": "grafana", "name": "observability-grafana"}
2024-10-24T14:30:56.950Z	DEBUG	config	image replacement	{"componentName": "grafana", "image": "registry.redhat.io/rhacm2/acm-grafana-rhel9@sha256:74ad9db2286eef85e6c278cad1840a144ab50e8db1fced736974432dc4b9e0dd"}
2024-10-24T14:30:56.950Z	DEBUG	config	image replacement	{"componentName": "grafana_dashboard_loader", "image": "registry.redhat.io/rhacm2/grafana-dashboard-loader-rhel9@sha256:e2ff942d47e7e703a5fb11a2aacaac610e53273c74284d3b6da88bc70b8e7b7a"}
2024-10-24T14:30:56.954Z	DEBUG	config	operand is	{"key": "alertmanager", "name": "observability-alertmanager"}
2024-10-24T14:30:56.954Z	DEBUG	config	operand is	{"key": "alertmanager", "name": "observability-alertmanager"}
2024-10-24T14:30:56.954Z	DEBUG	config	operand is	{"key": "alertmanager", "name": "observability-alertmanager"}
2024-10-24T14:30:56.954Z	DEBUG	config	operand is	{"key": "alertmanager", "name": "observability-alertmanager"}
2024-10-24T14:30:56.954Z	DEBUG	config	image replacement	{"componentName": "prometheus_alertmanager", "image": "registry.redhat.io/rhacm2/prometheus-alertmanager-rhel9@sha256:6429a938750a655c2081cf3d6021a7377f6a3aa5cd43587885d4d49a9e528ee4"}
2024-10-24T14:30:56.954Z	DEBUG	config	image replacement	{"componentName": "configmap_reloader", "image": "registry.redhat.io/openshift4/ose-configmap-reloader@sha256:fa5b2e42a27e3ab5f0a0d2a103b5602b81d1b29eb788b54cc60ad547744ad053"}
2024-10-24T14:30:56.958Z	DEBUG	config	image replacement	{"componentName": "kube_rbac_proxy", "image": "registry.redhat.io/rhacm2/kube-rbac-proxy-rhel9@sha256:c60a1d52359493a41b2b6f820d11716d67290e9b83dc18c16039dbc6f120e5f2"}
2024-10-24T14:30:56.961Z	DEBUG	config	operand is	{"key": "rbac-query-proxy", "name": "observability-rbac-query-proxy"}
2024-10-24T14:30:56.961Z	DEBUG	config	operand is	{"key": "observatorium", "name": "observability"}
2024-10-24T14:30:56.961Z	DEBUG	config	operand is	{"key": "observatorium", "name": "observability"}
2024-10-24T14:30:56.961Z	DEBUG	config	image replacement	{"componentName": "rbac_query_proxy", "image": "registry.redhat.io/rhacm2/rbac-query-proxy-rhel9@sha256:8a0b372f52004a9855d4d42c4bbd7d09d586e9d0fabdb73d525b1a23b030b1ed"}
2024-10-24T14:30:56.963Z	DEBUG	config	image replacement	{"componentName": "observatorium_operator", "image": "registry.redhat.io/rhacm2/observatorium-rhel9-operator@sha256:20bae12383bdb261dfbb7274975374fad90f4831ff9787a26aac626d26f1ef16"}
2024-10-24T14:30:56.963Z	DEBUG	config	operand is	{"key": "observatorium-operator", "name": "observability-observatorium-operator"}
2024-10-24T14:30:56.975Z	INFO	deploying	Skip creation	{"Kind": "/v1, Kind=ConfigMap", "Name": "observability-managed-cluster-label-allowlist"}
2024-10-24T14:30:57.031Z	INFO	deploying	Update	{"kind": "Secret", "kindVersion": "v1", "name": "grafana-config"}
2024-10-24T14:30:57.457Z	DEBUG	controller_multiclustermonitoring	check status ready goroutine is triggered.
2024-10-24T14:30:58.733Z	INFO	deploying	Skip creation	{"Kind": "/v1, Kind=Secret", "Name": "alertmanager-config"}
2024-10-24T14:30:58.734Z	INFO	deploying	Skip creation	{"Kind": "/v1, Kind=Secret", "Name": "alertmanager-proxy"}
2024-10-24T14:30:58.778Z	INFO	deploying	Update	{"kind": "Secret", "kindVersion": "v1", "name": "alertmanager-kube-rbac-proxy-metric"}
2024-10-24T14:30:58.932Z	INFO	deploying	Skip creation	{"Kind": "/v1, Kind=Secret", "Name": "rbac-proxy-cookie-secret"}
2024-10-24T14:30:58.979Z	DEBUG	config	image replacement	{"componentName": "multicluster_observability_addon", "image": ""}
2024-10-24T14:30:58.979Z	DEBUG	config	operand is	{"key": "multicluster-observability-addon", "name": "observability-multicluster-observability-addon"}
2024-10-24T14:30:58.997Z	INFO	controller_certificates	CA secrets already existed	{"name": "observability-server-ca-certs"}
2024-10-24T14:30:58.997Z	INFO	controller_certificates	CA secrets already existed	{"name": "observability-client-ca-certs"}
2024-10-24T14:30:58.997Z	DEBUG	config	operand is	{"key": "observatorium", "name": "observability"}
2024-10-24T14:30:58.997Z	INFO	controller_certificates	Certificate secrets already existed	{"name": "observability-server-certs"}
2024-10-24T14:30:58.997Z	INFO	controller_certificates	Certificate secrets already existed	{"name": "observability-grafana-certs"}
2024-10-24T14:30:58.997Z	DEBUG	config	operand is	{"key": "observatorium", "name": "observability"}
2024-10-24T14:30:58.997Z	INFO	controller_multiclustermonitoring	storageClassSelected	{"storageClassSelected": "gp3-csi"}
2024-10-24T14:30:58.997Z	DEBUG	config	image replacement	{"componentName": "observatorium", "image": "registry.redhat.io/rhacm2/observatorium-rhel9@sha256:330c3274f16a34d79ba5ac53ddbd2fe47778aff9c01e8e26fdc5b753e634962f"}
2024-10-24T14:30:58.997Z	DEBUG	config	image replacement	{"componentName": "configmap_reloader", "image": "registry.redhat.io/openshift4/ose-configmap-reloader@sha256:fa5b2e42a27e3ab5f0a0d2a103b5602b81d1b29eb788b54cc60ad547744ad053"}
2024-10-24T14:30:58.997Z	DEBUG	config	image replacement	{"componentName": "memcached", "image": "registry.redhat.io/rhacm2/memcached-rhel9@sha256:9600034019ce695e89aecb6ac255d591b201fc40a7f3d9796f42d043f0340623"}
2024-10-24T14:30:58.997Z	DEBUG	config	image replacement	{"componentName": "memcached_exporter", "image": "registry.redhat.io/rhacm2/memcached-exporter-rhel9@sha256:2c6e39ecbeed3dc4d30225b9a2ed0840c6d41c032ee08d63c7f8f092f3ee81e6"}
2024-10-24T14:30:58.997Z	DEBUG	config	image replacement	{"componentName": "thanos_receive_controller", "image": "registry.redhat.io/rhacm2/thanos-receive-controller-rhel9@sha256:739292da294b1b536cfea4d4cb63bc39f95cb917695026b1660f9022a73d58ee"}
2024-10-24T14:30:58.997Z	DEBUG	config	image replacement	{"componentName": "memcached", "image": "registry.redhat.io/rhacm2/memcached-rhel9@sha256:9600034019ce695e89aecb6ac255d591b201fc40a7f3d9796f42d043f0340623"}
2024-10-24T14:30:58.997Z	DEBUG	config	image replacement	{"componentName": "memcached_exporter", "image": "registry.redhat.io/rhacm2/memcached-exporter-rhel9@sha256:2c6e39ecbeed3dc4d30225b9a2ed0840c6d41c032ee08d63c7f8f092f3ee81e6"}
2024-10-24T14:30:58.997Z	DEBUG	config	image replacement	{"componentName": "thanos", "image": "registry.redhat.io/rhacm2/thanos-rhel9@sha256:caf27fd686b2ae1d6cb0ebe02cf195a2e7caece3ac8bda0c0e88f92678da6bd2"}
2024-10-24T14:30:58.997Z	DEBUG	config	operand is	{"key": "observatorium", "name": "observability"}
2024-10-24T14:30:58.997Z	INFO	controller_multiclustermonitoring	Coleen Old observatorium CR spec	{"oldSpec": {"image":"registry.redhat.io/rhacm2/thanos-rhel9@sha256:caf27fd686b2ae1d6cb0ebe02cf195a2e7caece3ac8bda0c0e88f92678da6bd2","imagePullPolicy":"IfNotPresent","compact":{"replicas":1,"volumeClaimTemplate":{"spec":{"accessModes":["ReadWriteOnce"],"resources":{"requests":{"storage":"200Gi"}},"storageClassName":"gp3-csi"}},"retentionResolutionRaw":"365d","retentionResolution5m":"365d","retentionResolution1h":"365d","enableDownsampling":true,"resources":{"requests":{"cpu":"100m","memory":"512Mi"}},"serviceMonitor":true,"deleteDelay":"48h"},"receiveController":{"image":"registry.redhat.io/rhacm2/thanos-receive-controller-rhel9@sha256:739292da294b1b536cfea4d4cb63bc39f95cb917695026b1660f9022a73d58ee","imagePullPolicy":"IfNotPresent","version":"master-2022-04-01-b58820f","resources":{"requests":{"cpu":"4m","memory":"32Mi"}},"serviceMonitor":true},"receivers":{"replicas":3,"volumeClaimTemplate":{"spec":{"accessModes":["ReadWriteOnce"],"resources":{"requests":{"storage":"100Gi"}},"storageClassName":"gp3-csi"}},"replicationFactor":3,"resources":{"requests":{"cpu":"300m","memory":"512Mi"}},"serviceMonitor":true,"retention":"24h"},"queryFrontend":{"replicas":2,"resources":{"requests":{"cpu":"100m","memory":"256Mi"}},"serviceMonitor":true,"cache":{"image":"registry.redhat.io/rhacm2/memcached-rhel9@sha256:9600034019ce695e89aecb6ac255d591b201fc40a7f3d9796f42d043f0340623","imagePullPolicy":"IfNotPresent","version":"1.6.3-alpine","exporterImage":"registry.redhat.io/rhacm2/memcached-exporter-rhel9@sha256:2c6e39ecbeed3dc4d30225b9a2ed0840c6d41c032ee08d63c7f8f092f3ee81e6","exporterImagePullPolicy":"IfNotPresent","exporterVersion":"v0.9.0","replicas":3,"memoryLimitMb":1024,"maxItemSize":"1m","connectionLimit":1024,"resources":{"requests":{"cpu":"45m","memory":"128Mi"}},"exporterResources":{"requests":{"cpu":"5m","memory":"50Mi"}},"serviceMonitor":true}},"store":{"volumeClaimTemplate":{"spec":{"accessModes":["ReadWriteOnce"],"resources":{"requests":{"storage":"10Gi"}},"storageClassName":"gp3-csi"}},"shards":3,"cache":{"image":"registry.redhat.io/rhacm2/memcached-rhel9@sha256:9600034019ce695e89aecb6ac255d591b201fc40a7f3d9796f42d043f0340623","imagePullPolicy":"IfNotPresent","version":"1.6.3-alpine","exporterImage":"registry.redhat.io/rhacm2/memcached-exporter-rhel9@sha256:2c6e39ecbeed3dc4d30225b9a2ed0840c6d41c032ee08d63c7f8f092f3ee81e6","exporterImagePullPolicy":"IfNotPresent","exporterVersion":"v0.9.0","replicas":3,"memoryLimitMb":1024,"maxItemSize":"1m","connectionLimit":1024,"resources":{"requests":{"cpu":"45m","memory":"128Mi"}},"exporterResources":{"requests":{"cpu":"5m","memory":"50Mi"}},"serviceMonitor":true},"resources":{"requests":{"cpu":"100m","memory":"1Gi"}},"serviceMonitor":true},"rule":{"replicas":3,"volumeClaimTemplate":{"spec":{"accessModes":["ReadWriteOnce"],"resources":{"requests":{"storage":"1Gi"}},"storageClassName":"gp3-csi"}},"rulesConfig":[{"name":"thanos-ruler-default-rules","key":"default_rules.yaml"}],"extraVolumeMounts":[{"type":"configMap","mountPath":"/etc/thanos/configmaps/alertmanager-ca-bundle","name":"alertmanager-ca-bundle","key":"service-ca.crt"}],"alertmanagerConfigFile":{"name":"thanos-ruler-config","key":"config.yaml"},"reloaderImage":"registry.redhat.io/openshift4/ose-configmap-reloader@sha256:fa5b2e42a27e3ab5f0a0d2a103b5602b81d1b29eb788b54cc60ad547744ad053","reloaderImagePullPolicy":"IfNotPresent","resources":{"requests":{"cpu":"50m","memory":"512Mi"}},"reloaderResources":{"requests":{"cpu":"4m","memory":"25Mi"}},"serviceMonitor":true,"blockDuration":"2h","retention":"24h","evalInterval":"300s"},"query":{"replicas":2,"resources":{"requests":{"cpu":"300m","memory":"1Gi"}},"serviceMonitor":true,"lookbackDelta":"600s"}}}
2024-10-24T14:30:58.997Z	INFO	controller_multiclustermonitoring	Coleen New observatorium CR spec	{"newSpec": {"image":"registry.redhat.io/rhacm2/thanos-rhel9@sha256:caf27fd686b2ae1d6cb0ebe02cf195a2e7caece3ac8bda0c0e88f92678da6bd2","imagePullPolicy":"IfNotPresent","compact":{"replicas":1,"volumeClaimTemplate":{"spec":{"accessModes":["ReadWriteOnce"],"resources":{"requests":{"storage":"200Gi"}},"storageClassName":"gp3-csi"}},"retentionResolutionRaw":"365d","retentionResolution5m":"365d","retentionResolution1h":"365d","enableDownsampling":true,"resources":{"requests":{"cpu":"500m","memory":"1Gi"}},"serviceMonitor":true,"deleteDelay":"48h"},"receiveController":{"image":"registry.redhat.io/rhacm2/thanos-receive-controller-rhel9@sha256:739292da294b1b536cfea4d4cb63bc39f95cb917695026b1660f9022a73d58ee","imagePullPolicy":"IfNotPresent","version":"master-2022-04-01-b58820f","resources":{"requests":{"cpu":"4m","memory":"32Mi"}},"serviceMonitor":true},"receivers":{"replicas":3,"volumeClaimTemplate":{"spec":{"accessModes":["ReadWriteOnce"],"resources":{"requests":{"storage":"100Gi"}},"storageClassName":"gp3-csi"}},"replicationFactor":3,"resources":{"requests":{"cpu":"300m","memory":"512Mi"}},"serviceMonitor":true,"retention":"24h"},"queryFrontend":{"replicas":2,"resources":{"requests":{"cpu":"100m","memory":"256Mi"}},"serviceMonitor":true,"cache":{"image":"registry.redhat.io/rhacm2/memcached-rhel9@sha256:9600034019ce695e89aecb6ac255d591b201fc40a7f3d9796f42d043f0340623","imagePullPolicy":"IfNotPresent","version":"1.6.3-alpine","exporterImage":"registry.redhat.io/rhacm2/memcached-exporter-rhel9@sha256:2c6e39ecbeed3dc4d30225b9a2ed0840c6d41c032ee08d63c7f8f092f3ee81e6","exporterImagePullPolicy":"IfNotPresent","exporterVersion":"v0.9.0","replicas":3,"memoryLimitMb":1024,"maxItemSize":"1m","connectionLimit":1024,"resources":{"requests":{"cpu":"45m","memory":"128Mi"}},"exporterResources":{"requests":{"cpu":"5m","memory":"50Mi"}},"serviceMonitor":true}},"store":{"volumeClaimTemplate":{"spec":{"accessModes":["ReadWriteOnce"],"resources":{"requests":{"storage":"10Gi"}},"storageClassName":"gp3-csi"}},"shards":3,"cache":{"image":"registry.redhat.io/rhacm2/memcached-rhel9@sha256:9600034019ce695e89aecb6ac255d591b201fc40a7f3d9796f42d043f0340623","imagePullPolicy":"IfNotPresent","version":"1.6.3-alpine","exporterImage":"registry.redhat.io/rhacm2/memcached-exporter-rhel9@sha256:2c6e39ecbeed3dc4d30225b9a2ed0840c6d41c032ee08d63c7f8f092f3ee81e6","exporterImagePullPolicy":"IfNotPresent","exporterVersion":"v0.9.0","replicas":3,"memoryLimitMb":1024,"maxItemSize":"1m","connectionLimit":1024,"resources":{"requests":{"cpu":"45m","memory":"128Mi"}},"exporterResources":{"requests":{"cpu":"5m","memory":"50Mi"}},"serviceMonitor":true},"resources":{"requests":{"cpu":"100m","memory":"1Gi"}},"serviceMonitor":true},"rule":{"replicas":3,"volumeClaimTemplate":{"spec":{"accessModes":["ReadWriteOnce"],"resources":{"requests":{"storage":"1Gi"}},"storageClassName":"gp3-csi"}},"rulesConfig":[{"name":"thanos-ruler-default-rules","key":"default_rules.yaml"}],"extraVolumeMounts":[{"type":"configMap","mountPath":"/etc/thanos/configmaps/alertmanager-ca-bundle","name":"alertmanager-ca-bundle","key":"service-ca.crt"}],"alertmanagerConfigFile":{"name":"thanos-ruler-config","key":"config.yaml"},"reloaderImage":"registry.redhat.io/openshift4/ose-configmap-reloader@sha256:fa5b2e42a27e3ab5f0a0d2a103b5602b81d1b29eb788b54cc60ad547744ad053","reloaderImagePullPolicy":"IfNotPresent","resources":{"requests":{"cpu":"50m","memory":"512Mi"}},"reloaderResources":{"requests":{"cpu":"4m","memory":"25Mi"}},"serviceMonitor":true,"blockDuration":"2h","retention":"24h","evalInterval":"300s"},"query":{"replicas":2,"resources":{"requests":{"cpu":"300m","memory":"1Gi"}},"serviceMonitor":true,"lookbackDelta":"600s"}}}
2024-10-24T14:30:58.998Z	INFO	controller_multiclustermonitoring	StorageVersionMigration already existed/unchanged	{"name": "storage-version-migration-observability"}
2024-10-24T14:30:58.999Z	INFO	controller_multiclustermonitoring	Reconciling MultiClusterObservability	{"Request.Namespace": "", "Request.Name": "observability"}
2024-10-24T14:30:58.999Z	DEBUG	controller_multiclustermonitoring	status update goroutine is triggered.
2024-10-24T14:30:59.000Z	INFO	util	unable to get CRD with ApiextensionsV1 Client, not found.	{"CRD": "multiclusterglobalhubs.operator.open-cluster-management.io"}
2024-10-24T14:30:59.002Z	DEBUG	config	operand is	{"key": "grafana", "name": "observability-grafana"}
2024-10-24T14:30:59.002Z	DEBUG	config	image replacement	{"componentName": "grafana", "image": "registry.redhat.io/rhacm2/acm-grafana-rhel9@sha256:74ad9db2286eef85e6c278cad1840a144ab50e8db1fced736974432dc4b9e0dd"}
2024-10-24T14:30:59.002Z	DEBUG	config	image replacement	{"componentName": "grafana_dashboard_loader", "image": "registry.redhat.io/rhacm2/grafana-dashboard-loader-rhel9@sha256:e2ff942d47e7e703a5fb11a2aacaac610e53273c74284d3b6da88bc70b8e7b7a"}
2024-10-24T14:30:59.006Z	DEBUG	config	operand is	{"key": "alertmanager", "name": "observability-alertmanager"}
2024-10-24T14:30:59.006Z	DEBUG	config	operand is	{"key": "alertmanager", "name": "observability-alertmanager"}
2024-10-24T14:30:59.006Z	DEBUG	config	operand is	{"key": "alertmanager", "name": "observability-alertmanager"}
2024-10-24T14:30:59.006Z	DEBUG	config	operand is	{"key": "alertmanager", "name": "observability-alertmanager"}
2024-10-24T14:30:59.006Z	DEBUG	config	image replacement	{"componentName": "prometheus_alertmanager", "image": "registry.redhat.io/rhacm2/prometheus-alertmanager-rhel9@sha256:6429a938750a655c2081cf3d6021a7377f6a3aa5cd43587885d4d49a9e528ee4"}
2024-10-24T14:30:59.006Z	DEBUG	config	image replacement	{"componentName": "configmap_reloader", "image": "registry.redhat.io/openshift4/ose-configmap-reloader@sha256:fa5b2e42a27e3ab5f0a0d2a103b5602b81d1b29eb788b54cc60ad547744ad053"}
2024-10-24T14:30:59.009Z	DEBUG	config	image replacement	{"componentName": "kube_rbac_proxy", "image": "registry.redhat.io/rhacm2/kube-rbac-proxy-rhel9@sha256:c60a1d52359493a41b2b6f820d11716d67290e9b83dc18c16039dbc6f120e5f2"}
2024-10-24T14:30:59.012Z	DEBUG	config	operand is	{"key": "rbac-query-proxy", "name": "observability-rbac-query-proxy"}
2024-10-24T14:30:59.012Z	DEBUG	config	operand is	{"key": "observatorium", "name": "observability"}
2024-10-24T14:30:59.012Z	DEBUG	config	operand is	{"key": "observatorium", "name": "observability"}
2024-10-24T14:30:59.012Z	DEBUG	config	image replacement	{"componentName": "rbac_query_proxy", "image": "registry.redhat.io/rhacm2/rbac-query-proxy-rhel9@sha256:8a0b372f52004a9855d4d42c4bbd7d09d586e9d0fabdb73d525b1a23b030b1ed"}
2024-10-24T14:30:59.014Z	DEBUG	config	image replacement	{"componentName": "observatorium_operator", "image": "registry.redhat.io/rhacm2/observatorium-rhel9-operator@sha256:20bae12383bdb261dfbb7274975374fad90f4831ff9787a26aac626d26f1ef16"}
2024-10-24T14:30:59.014Z	DEBUG	config	operand is	{"key": "observatorium-operator", "name": "observability-observatorium-operator"}
2024-10-24T14:30:59.025Z	INFO	deploying	Skip creation	{"Kind": "/v1, Kind=ConfigMap", "Name": "observability-managed-cluster-label-allowlist"}
2024-10-24T14:30:59.083Z	INFO	deploying	Update	{"kind": "Secret", "kindVersion": "v1", "name": "grafana-config"}
2024-10-24T14:30:59.457Z	DEBUG	controller_multiclustermonitoring	check status ready goroutine is triggered.
2024-10-24T14:31:00.781Z	INFO	deploying	Skip creation	{"Kind": "/v1, Kind=Secret", "Name": "alertmanager-config"}
2024-10-24T14:31:00.783Z	INFO	deploying	Skip creation	{"Kind": "/v1, Kind=Secret", "Name": "alertmanager-proxy"}
2024-10-24T14:31:00.826Z	INFO	deploying	Update	{"kind": "Secret", "kindVersion": "v1", "name": "alertmanager-kube-rbac-proxy-metric"}
2024-10-24T14:31:00.980Z	INFO	deploying	Skip creation	{"Kind": "/v1, Kind=Secret", "Name": "rbac-proxy-cookie-secret"}
2024-10-24T14:31:01.029Z	DEBUG	config	image replacement	{"componentName": "multicluster_observability_addon", "image": ""}
2024-10-24T14:31:01.029Z	DEBUG	config	operand is	{"key": "multicluster-observability-addon", "name": "observability-multicluster-observability-addon"}
2024-10-24T14:31:01.045Z	INFO	controller_certificates	CA secrets already existed	{"name": "observability-server-ca-certs"}
2024-10-24T14:31:01.045Z	INFO	controller_certificates	CA secrets already existed	{"name": "observability-client-ca-certs"}
2024-10-24T14:31:01.045Z	DEBUG	config	operand is	{"key": "observatorium", "name": "observability"}
2024-10-24T14:31:01.045Z	INFO	controller_certificates	Certificate secrets already existed	{"name": "observability-server-certs"}
2024-10-24T14:31:01.045Z	INFO	controller_certificates	Certificate secrets already existed	{"name": "observability-grafana-certs"}
2024-10-24T14:31:01.045Z	DEBUG	config	operand is	{"key": "observatorium", "name": "observability"}
2024-10-24T14:31:01.045Z	INFO	controller_multiclustermonitoring	storageClassSelected	{"storageClassSelected": "gp3-csi"}
2024-10-24T14:31:01.045Z	DEBUG	config	image replacement	{"componentName": "observatorium", "image": "registry.redhat.io/rhacm2/observatorium-rhel9@sha256:330c3274f16a34d79ba5ac53ddbd2fe47778aff9c01e8e26fdc5b753e634962f"}
2024-10-24T14:31:01.045Z	DEBUG	config	image replacement	{"componentName": "configmap_reloader", "image": "registry.redhat.io/openshift4/ose-configmap-reloader@sha256:fa5b2e42a27e3ab5f0a0d2a103b5602b81d1b29eb788b54cc60ad547744ad053"}
2024-10-24T14:31:01.045Z	DEBUG	config	image replacement	{"componentName": "memcached", "image": "registry.redhat.io/rhacm2/memcached-rhel9@sha256:9600034019ce695e89aecb6ac255d591b201fc40a7f3d9796f42d043f0340623"}
2024-10-24T14:31:01.045Z	DEBUG	config	image replacement	{"componentName": "memcached_exporter", "image": "registry.redhat.io/rhacm2/memcached-exporter-rhel9@sha256:2c6e39ecbeed3dc4d30225b9a2ed0840c6d41c032ee08d63c7f8f092f3ee81e6"}
2024-10-24T14:31:01.045Z	DEBUG	config	image replacement	{"componentName": "thanos_receive_controller", "image": "registry.redhat.io/rhacm2/thanos-receive-controller-rhel9@sha256:739292da294b1b536cfea4d4cb63bc39f95cb917695026b1660f9022a73d58ee"}
2024-10-24T14:31:01.045Z	DEBUG	config	image replacement	{"componentName": "memcached", "image": "registry.redhat.io/rhacm2/memcached-rhel9@sha256:9600034019ce695e89aecb6ac255d591b201fc40a7f3d9796f42d043f0340623"}
2024-10-24T14:31:01.045Z	DEBUG	config	image replacement	{"componentName": "memcached_exporter", "image": "registry.redhat.io/rhacm2/memcached-exporter-rhel9@sha256:2c6e39ecbeed3dc4d30225b9a2ed0840c6d41c032ee08d63c7f8f092f3ee81e6"}
2024-10-24T14:31:01.045Z	DEBUG	config	image replacement	{"componentName": "thanos", "image": "registry.redhat.io/rhacm2/thanos-rhel9@sha256:caf27fd686b2ae1d6cb0ebe02cf195a2e7caece3ac8bda0c0e88f92678da6bd2"}
2024-10-24T14:31:01.045Z	DEBUG	config	operand is	{"key": "observatorium", "name": "observability"}
2024-10-24T14:31:01.045Z	INFO	controller_multiclustermonitoring	Coleen Old observatorium CR spec	{"oldSpec": {"image":"registry.redhat.io/rhacm2/thanos-rhel9@sha256:caf27fd686b2ae1d6cb0ebe02cf195a2e7caece3ac8bda0c0e88f92678da6bd2","imagePullPolicy":"IfNotPresent","compact":{"replicas":1,"volumeClaimTemplate":{"spec":{"accessModes":["ReadWriteOnce"],"resources":{"requests":{"storage":"200Gi"}},"storageClassName":"gp3-csi"}},"retentionResolutionRaw":"365d","retentionResolution5m":"365d","retentionResolution1h":"365d","enableDownsampling":true,"resources":{"requests":{"cpu":"100m","memory":"512Mi"}},"serviceMonitor":true,"deleteDelay":"48h"},"receiveController":{"image":"registry.redhat.io/rhacm2/thanos-receive-controller-rhel9@sha256:739292da294b1b536cfea4d4cb63bc39f95cb917695026b1660f9022a73d58ee","imagePullPolicy":"IfNotPresent","version":"master-2022-04-01-b58820f","resources":{"requests":{"cpu":"4m","memory":"32Mi"}},"serviceMonitor":true},"receivers":{"replicas":3,"volumeClaimTemplate":{"spec":{"accessModes":["ReadWriteOnce"],"resources":{"requests":{"storage":"100Gi"}},"storageClassName":"gp3-csi"}},"replicationFactor":3,"resources":{"requests":{"cpu":"300m","memory":"512Mi"}},"serviceMonitor":true,"retention":"24h"},"queryFrontend":{"replicas":2,"resources":{"requests":{"cpu":"100m","memory":"256Mi"}},"serviceMonitor":true,"cache":{"image":"registry.redhat.io/rhacm2/memcached-rhel9@sha256:9600034019ce695e89aecb6ac255d591b201fc40a7f3d9796f42d043f0340623","imagePullPolicy":"IfNotPresent","version":"1.6.3-alpine","exporterImage":"registry.redhat.io/rhacm2/memcached-exporter-rhel9@sha256:2c6e39ecbeed3dc4d30225b9a2ed0840c6d41c032ee08d63c7f8f092f3ee81e6","exporterImagePullPolicy":"IfNotPresent","exporterVersion":"v0.9.0","replicas":3,"memoryLimitMb":1024,"maxItemSize":"1m","connectionLimit":1024,"resources":{"requests":{"cpu":"45m","memory":"128Mi"}},"exporterResources":{"requests":{"cpu":"5m","memory":"50Mi"}},"serviceMonitor":true}},"store":{"volumeClaimTemplate":{"spec":{"accessModes":["ReadWriteOnce"],"resources":{"requests":{"storage":"10Gi"}},"storageClassName":"gp3-csi"}},"shards":3,"cache":{"image":"registry.redhat.io/rhacm2/memcached-rhel9@sha256:9600034019ce695e89aecb6ac255d591b201fc40a7f3d9796f42d043f0340623","imagePullPolicy":"IfNotPresent","version":"1.6.3-alpine","exporterImage":"registry.redhat.io/rhacm2/memcached-exporter-rhel9@sha256:2c6e39ecbeed3dc4d30225b9a2ed0840c6d41c032ee08d63c7f8f092f3ee81e6","exporterImagePullPolicy":"IfNotPresent","exporterVersion":"v0.9.0","replicas":3,"memoryLimitMb":1024,"maxItemSize":"1m","connectionLimit":1024,"resources":{"requests":{"cpu":"45m","memory":"128Mi"}},"exporterResources":{"requests":{"cpu":"5m","memory":"50Mi"}},"serviceMonitor":true},"resources":{"requests":{"cpu":"100m","memory":"1Gi"}},"serviceMonitor":true},"rule":{"replicas":3,"volumeClaimTemplate":{"spec":{"accessModes":["ReadWriteOnce"],"resources":{"requests":{"storage":"1Gi"}},"storageClassName":"gp3-csi"}},"rulesConfig":[{"name":"thanos-ruler-default-rules","key":"default_rules.yaml"}],"extraVolumeMounts":[{"type":"configMap","mountPath":"/etc/thanos/configmaps/alertmanager-ca-bundle","name":"alertmanager-ca-bundle","key":"service-ca.crt"}],"alertmanagerConfigFile":{"name":"thanos-ruler-config","key":"config.yaml"},"reloaderImage":"registry.redhat.io/openshift4/ose-configmap-reloader@sha256:fa5b2e42a27e3ab5f0a0d2a103b5602b81d1b29eb788b54cc60ad547744ad053","reloaderImagePullPolicy":"IfNotPresent","resources":{"requests":{"cpu":"50m","memory":"512Mi"}},"reloaderResources":{"requests":{"cpu":"4m","memory":"25Mi"}},"serviceMonitor":true,"blockDuration":"2h","retention":"24h","evalInterval":"300s"},"query":{"replicas":2,"resources":{"requests":{"cpu":"300m","memory":"1Gi"}},"serviceMonitor":true,"lookbackDelta":"600s"}}}
2024-10-24T14:31:01.045Z	INFO	controller_multiclustermonitoring	Coleen New observatorium CR spec	{"newSpec": {"image":"registry.redhat.io/rhacm2/thanos-rhel9@sha256:caf27fd686b2ae1d6cb0ebe02cf195a2e7caece3ac8bda0c0e88f92678da6bd2","imagePullPolicy":"IfNotPresent","compact":{"replicas":1,"volumeClaimTemplate":{"spec":{"accessModes":["ReadWriteOnce"],"resources":{"requests":{"storage":"200Gi"}},"storageClassName":"gp3-csi"}},"retentionResolutionRaw":"365d","retentionResolution5m":"365d","retentionResolution1h":"365d","enableDownsampling":true,"resources":{"requests":{"cpu":"500m","memory":"1Gi"}},"serviceMonitor":true,"deleteDelay":"48h"},"receiveController":{"image":"registry.redhat.io/rhacm2/thanos-receive-controller-rhel9@sha256:739292da294b1b536cfea4d4cb63bc39f95cb917695026b1660f9022a73d58ee","imagePullPolicy":"IfNotPresent","version":"master-2022-04-01-b58820f","resources":{"requests":{"cpu":"4m","memory":"32Mi"}},"serviceMonitor":true},"receivers":{"replicas":3,"volumeClaimTemplate":{"spec":{"accessModes":["ReadWriteOnce"],"resources":{"requests":{"storage":"100Gi"}},"storageClassName":"gp3-csi"}},"replicationFactor":3,"resources":{"requests":{"cpu":"300m","memory":"512Mi"}},"serviceMonitor":true,"retention":"24h"},"queryFrontend":{"replicas":2,"resources":{"requests":{"cpu":"100m","memory":"256Mi"}},"serviceMonitor":true,"cache":{"image":"registry.redhat.io/rhacm2/memcached-rhel9@sha256:9600034019ce695e89aecb6ac255d591b201fc40a7f3d9796f42d043f0340623","imagePullPolicy":"IfNotPresent","version":"1.6.3-alpine","exporterImage":"registry.redhat.io/rhacm2/memcached-exporter-rhel9@sha256:2c6e39ecbeed3dc4d30225b9a2ed0840c6d41c032ee08d63c7f8f092f3ee81e6","exporterImagePullPolicy":"IfNotPresent","exporterVersion":"v0.9.0","replicas":3,"memoryLimitMb":1024,"maxItemSize":"1m","connectionLimit":1024,"resources":{"requests":{"cpu":"45m","memory":"128Mi"}},"exporterResources":{"requests":{"cpu":"5m","memory":"50Mi"}},"serviceMonitor":true}},"store":{"volumeClaimTemplate":{"spec":{"accessModes":["ReadWriteOnce"],"resources":{"requests":{"storage":"10Gi"}},"storageClassName":"gp3-csi"}},"shards":3,"cache":{"image":"registry.redhat.io/rhacm2/memcached-rhel9@sha256:9600034019ce695e89aecb6ac255d591b201fc40a7f3d9796f42d043f0340623","imagePullPolicy":"IfNotPresent","version":"1.6.3-alpine","exporterImage":"registry.redhat.io/rhacm2/memcached-exporter-rhel9@sha256:2c6e39ecbeed3dc4d30225b9a2ed0840c6d41c032ee08d63c7f8f092f3ee81e6","exporterImagePullPolicy":"IfNotPresent","exporterVersion":"v0.9.0","replicas":3,"memoryLimitMb":1024,"maxItemSize":"1m","connectionLimit":1024,"resources":{"requests":{"cpu":"45m","memory":"128Mi"}},"exporterResources":{"requests":{"cpu":"5m","memory":"50Mi"}},"serviceMonitor":true},"resources":{"requests":{"cpu":"100m","memory":"1Gi"}},"serviceMonitor":true},"rule":{"replicas":3,"volumeClaimTemplate":{"spec":{"accessModes":["ReadWriteOnce"],"resources":{"requests":{"storage":"1Gi"}},"storageClassName":"gp3-csi"}},"rulesConfig":[{"name":"thanos-ruler-default-rules","key":"default_rules.yaml"}],"extraVolumeMounts":[{"type":"configMap","mountPath":"/etc/thanos/configmaps/alertmanager-ca-bundle","name":"alertmanager-ca-bundle","key":"service-ca.crt"}],"alertmanagerConfigFile":{"name":"thanos-ruler-config","key":"config.yaml"},"reloaderImage":"registry.redhat.io/openshift4/ose-configmap-reloader@sha256:fa5b2e42a27e3ab5f0a0d2a103b5602b81d1b29eb788b54cc60ad547744ad053","reloaderImagePullPolicy":"IfNotPresent","resources":{"requests":{"cpu":"50m","memory":"512Mi"}},"reloaderResources":{"requests":{"cpu":"4m","memory":"25Mi"}},"serviceMonitor":true,"blockDuration":"2h","retention":"24h","evalInterval":"300s"},"query":{"replicas":2,"resources":{"requests":{"cpu":"300m","memory":"1Gi"}},"serviceMonitor":true,"lookbackDelta":"600s"}}}
2024-10-24T14:31:01.046Z	INFO	controller_multiclustermonitoring	StorageVersionMigration already existed/unchanged	{"name": "storage-version-migration-observability"}
2024-10-24T14:31:01.046Z	DEBUG	controller_multiclustermonitoring	status update goroutine is triggered.
2024-10-24T14:31:01.458Z	DEBUG	controller_multiclustermonitoring	check status ready goroutine is triggered.
2024-10-24T14:31:03.459Z	DEBUG	controller_multiclustermonitoring	check status ready goroutine is triggered.
2024-10-24T14:31:05.460Z	DEBUG	controller_multiclustermonitoring	check status ready goroutine is triggered.
2024-10-24T14:31:07.461Z	DEBUG	controller_multiclustermonitoring	check status ready goroutine is triggered.
2024-10-24T14:31:09.463Z	DEBUG	controller_multiclustermonitoring	check status ready goroutine is triggered.
2024-10-24T14:31:11.464Z	DEBUG	controller_multiclustermonitoring	check status ready goroutine is triggered.
2024-10-24T14:31:13.465Z	DEBUG	controller_multiclustermonitoring	check status ready goroutine is triggered.
2024-10-24T14:31:13.907Z	INFO	controller_multiclustermonitoring	Reconciling MultiClusterObservability	{"Request.Namespace": "", "Request.Name": "observability"}
2024-10-24T14:31:13.909Z	INFO	util	unable to get CRD with ApiextensionsV1 Client, not found.	{"CRD": "multiclusterglobalhubs.operator.open-cluster-management.io"}
2024-10-24T14:31:13.911Z	DEBUG	config	operand is	{"key": "grafana", "name": "observability-grafana"}
2024-10-24T14:31:13.911Z	DEBUG	config	image replacement	{"componentName": "grafana", "image": "registry.redhat.io/rhacm2/acm-grafana-rhel9@sha256:74ad9db2286eef85e6c278cad1840a144ab50e8db1fced736974432dc4b9e0dd"}
2024-10-24T14:31:13.911Z	DEBUG	config	image replacement	{"componentName": "grafana_dashboard_loader", "image": "registry.redhat.io/rhacm2/grafana-dashboard-loader-rhel9@sha256:e2ff942d47e7e703a5fb11a2aacaac610e53273c74284d3b6da88bc70b8e7b7a"}
2024-10-24T14:31:13.917Z	DEBUG	config	operand is	{"key": "alertmanager", "name": "observability-alertmanager"}
2024-10-24T14:31:13.917Z	DEBUG	config	operand is	{"key": "alertmanager", "name": "observability-alertmanager"}
2024-10-24T14:31:13.917Z	DEBUG	config	operand is	{"key": "alertmanager", "name": "observability-alertmanager"}
2024-10-24T14:31:13.917Z	DEBUG	config	operand is	{"key": "alertmanager", "name": "observability-alertmanager"}
2024-10-24T14:31:13.917Z	DEBUG	config	image replacement	{"componentName": "prometheus_alertmanager", "image": "registry.redhat.io/rhacm2/prometheus-alertmanager-rhel9@sha256:6429a938750a655c2081cf3d6021a7377f6a3aa5cd43587885d4d49a9e528ee4"}
2024-10-24T14:31:13.917Z	DEBUG	config	image replacement	{"componentName": "configmap_reloader", "image": "registry.redhat.io/openshift4/ose-configmap-reloader@sha256:fa5b2e42a27e3ab5f0a0d2a103b5602b81d1b29eb788b54cc60ad547744ad053"}
2024-10-24T14:31:13.919Z	DEBUG	config	image replacement	{"componentName": "kube_rbac_proxy", "image": "registry.redhat.io/rhacm2/kube-rbac-proxy-rhel9@sha256:c60a1d52359493a41b2b6f820d11716d67290e9b83dc18c16039dbc6f120e5f2"}
2024-10-24T14:31:13.922Z	DEBUG	config	operand is	{"key": "rbac-query-proxy", "name": "observability-rbac-query-proxy"}
2024-10-24T14:31:13.922Z	DEBUG	config	operand is	{"key": "observatorium", "name": "observability"}
2024-10-24T14:31:13.922Z	DEBUG	config	operand is	{"key": "observatorium", "name": "observability"}
2024-10-24T14:31:13.922Z	DEBUG	config	image replacement	{"componentName": "rbac_query_proxy", "image": "registry.redhat.io/rhacm2/rbac-query-proxy-rhel9@sha256:8a0b372f52004a9855d4d42c4bbd7d09d586e9d0fabdb73d525b1a23b030b1ed"}
2024-10-24T14:31:13.924Z	DEBUG	config	image replacement	{"componentName": "observatorium_operator", "image": "registry.redhat.io/rhacm2/observatorium-rhel9-operator@sha256:20bae12383bdb261dfbb7274975374fad90f4831ff9787a26aac626d26f1ef16"}
2024-10-24T14:31:13.924Z	DEBUG	config	operand is	{"key": "observatorium-operator", "name": "observability-observatorium-operator"}
2024-10-24T14:31:13.936Z	INFO	deploying	Skip creation	{"Kind": "/v1, Kind=ConfigMap", "Name": "observability-managed-cluster-label-allowlist"}
2024-10-24T14:31:13.943Z	INFO	deploying	Update	{"kind": "Secret", "kindVersion": "v1", "name": "grafana-config"}
2024-10-24T14:31:14.243Z	INFO	deploying	Skip creation	{"Kind": "/v1, Kind=Secret", "Name": "alertmanager-config"}
2024-10-24T14:31:14.244Z	INFO	deploying	Skip creation	{"Kind": "/v1, Kind=Secret", "Name": "alertmanager-proxy"}
2024-10-24T14:31:14.289Z	INFO	deploying	Update	{"kind": "Secret", "kindVersion": "v1", "name": "alertmanager-kube-rbac-proxy-metric"}
2024-10-24T14:31:14.444Z	INFO	deploying	Skip creation	{"Kind": "/v1, Kind=Secret", "Name": "rbac-proxy-cookie-secret"}
2024-10-24T14:31:14.492Z	DEBUG	config	image replacement	{"componentName": "multicluster_observability_addon", "image": ""}
2024-10-24T14:31:14.492Z	DEBUG	config	operand is	{"key": "multicluster-observability-addon", "name": "observability-multicluster-observability-addon"}
2024-10-24T14:31:14.516Z	INFO	controller_certificates	CA secrets already existed	{"name": "observability-server-ca-certs"}
2024-10-24T14:31:14.516Z	INFO	controller_certificates	CA secrets already existed	{"name": "observability-client-ca-certs"}
2024-10-24T14:31:14.516Z	DEBUG	config	operand is	{"key": "observatorium", "name": "observability"}
2024-10-24T14:31:14.516Z	INFO	controller_certificates	Certificate secrets already existed	{"name": "observability-server-certs"}
2024-10-24T14:31:14.516Z	INFO	controller_certificates	Certificate secrets already existed	{"name": "observability-grafana-certs"}
2024-10-24T14:31:14.517Z	DEBUG	config	operand is	{"key": "observatorium", "name": "observability"}
2024-10-24T14:31:14.517Z	INFO	controller_multiclustermonitoring	storageClassSelected	{"storageClassSelected": "gp3-csi"}
2024-10-24T14:31:14.517Z	DEBUG	config	image replacement	{"componentName": "observatorium", "image": "registry.redhat.io/rhacm2/observatorium-rhel9@sha256:330c3274f16a34d79ba5ac53ddbd2fe47778aff9c01e8e26fdc5b753e634962f"}
2024-10-24T14:31:14.517Z	DEBUG	config	image replacement	{"componentName": "configmap_reloader", "image": "registry.redhat.io/openshift4/ose-configmap-reloader@sha256:fa5b2e42a27e3ab5f0a0d2a103b5602b81d1b29eb788b54cc60ad547744ad053"}
2024-10-24T14:31:14.517Z	DEBUG	config	image replacement	{"componentName": "memcached", "image": "registry.redhat.io/rhacm2/memcached-rhel9@sha256:9600034019ce695e89aecb6ac255d591b201fc40a7f3d9796f42d043f0340623"}
2024-10-24T14:31:14.517Z	DEBUG	config	image replacement	{"componentName": "memcached_exporter", "image": "registry.redhat.io/rhacm2/memcached-exporter-rhel9@sha256:2c6e39ecbeed3dc4d30225b9a2ed0840c6d41c032ee08d63c7f8f092f3ee81e6"}
2024-10-24T14:31:14.517Z	DEBUG	config	image replacement	{"componentName": "thanos_receive_controller", "image": "registry.redhat.io/rhacm2/thanos-receive-controller-rhel9@sha256:739292da294b1b536cfea4d4cb63bc39f95cb917695026b1660f9022a73d58ee"}
2024-10-24T14:31:14.517Z	DEBUG	config	image replacement	{"componentName": "memcached", "image": "registry.redhat.io/rhacm2/memcached-rhel9@sha256:9600034019ce695e89aecb6ac255d591b201fc40a7f3d9796f42d043f0340623"}
2024-10-24T14:31:14.517Z	DEBUG	config	image replacement	{"componentName": "memcached_exporter", "image": "registry.redhat.io/rhacm2/memcached-exporter-rhel9@sha256:2c6e39ecbeed3dc4d30225b9a2ed0840c6d41c032ee08d63c7f8f092f3ee81e6"}
2024-10-24T14:31:14.517Z	DEBUG	config	image replacement	{"componentName": "thanos", "image": "registry.redhat.io/rhacm2/thanos-rhel9@sha256:caf27fd686b2ae1d6cb0ebe02cf195a2e7caece3ac8bda0c0e88f92678da6bd2"}
2024-10-24T14:31:14.517Z	DEBUG	config	operand is	{"key": "observatorium", "name": "observability"}
2024-10-24T14:31:14.517Z	INFO	controller_multiclustermonitoring	Coleen Old observatorium CR spec	{"oldSpec": {"image":"registry.redhat.io/rhacm2/thanos-rhel9@sha256:caf27fd686b2ae1d6cb0ebe02cf195a2e7caece3ac8bda0c0e88f92678da6bd2","imagePullPolicy":"IfNotPresent","compact":{"replicas":1,"volumeClaimTemplate":{"spec":{"accessModes":["ReadWriteOnce"],"resources":{"requests":{"storage":"200Gi"}},"storageClassName":"gp3-csi"}},"retentionResolutionRaw":"365d","retentionResolution5m":"365d","retentionResolution1h":"365d","enableDownsampling":true,"resources":{"requests":{"cpu":"100m","memory":"512Mi"}},"serviceMonitor":true,"deleteDelay":"48h"},"receiveController":{"image":"registry.redhat.io/rhacm2/thanos-receive-controller-rhel9@sha256:739292da294b1b536cfea4d4cb63bc39f95cb917695026b1660f9022a73d58ee","imagePullPolicy":"IfNotPresent","version":"master-2022-04-01-b58820f","resources":{"requests":{"cpu":"4m","memory":"32Mi"}},"serviceMonitor":true},"receivers":{"replicas":3,"volumeClaimTemplate":{"spec":{"accessModes":["ReadWriteOnce"],"resources":{"requests":{"storage":"100Gi"}},"storageClassName":"gp3-csi"}},"replicationFactor":3,"resources":{"requests":{"cpu":"300m","memory":"512Mi"}},"serviceMonitor":true,"retention":"24h"},"queryFrontend":{"replicas":2,"resources":{"requests":{"cpu":"100m","memory":"256Mi"}},"serviceMonitor":true,"cache":{"image":"registry.redhat.io/rhacm2/memcached-rhel9@sha256:9600034019ce695e89aecb6ac255d591b201fc40a7f3d9796f42d043f0340623","imagePullPolicy":"IfNotPresent","version":"1.6.3-alpine","exporterImage":"registry.redhat.io/rhacm2/memcached-exporter-rhel9@sha256:2c6e39ecbeed3dc4d30225b9a2ed0840c6d41c032ee08d63c7f8f092f3ee81e6","exporterImagePullPolicy":"IfNotPresent","exporterVersion":"v0.9.0","replicas":3,"memoryLimitMb":1024,"maxItemSize":"1m","connectionLimit":1024,"resources":{"requests":{"cpu":"45m","memory":"128Mi"}},"exporterResources":{"requests":{"cpu":"5m","memory":"50Mi"}},"serviceMonitor":true}},"store":{"volumeClaimTemplate":{"spec":{"accessModes":["ReadWriteOnce"],"resources":{"requests":{"storage":"10Gi"}},"storageClassName":"gp3-csi"}},"shards":3,"cache":{"image":"registry.redhat.io/rhacm2/memcached-rhel9@sha256:9600034019ce695e89aecb6ac255d591b201fc40a7f3d9796f42d043f0340623","imagePullPolicy":"IfNotPresent","version":"1.6.3-alpine","exporterImage":"registry.redhat.io/rhacm2/memcached-exporter-rhel9@sha256:2c6e39ecbeed3dc4d30225b9a2ed0840c6d41c032ee08d63c7f8f092f3ee81e6","exporterImagePullPolicy":"IfNotPresent","exporterVersion":"v0.9.0","replicas":3,"memoryLimitMb":1024,"maxItemSize":"1m","connectionLimit":1024,"resources":{"requests":{"cpu":"45m","memory":"128Mi"}},"exporterResources":{"requests":{"cpu":"5m","memory":"50Mi"}},"serviceMonitor":true},"resources":{"requests":{"cpu":"100m","memory":"1Gi"}},"serviceMonitor":true},"rule":{"replicas":3,"volumeClaimTemplate":{"spec":{"accessModes":["ReadWriteOnce"],"resources":{"requests":{"storage":"1Gi"}},"storageClassName":"gp3-csi"}},"rulesConfig":[{"name":"thanos-ruler-default-rules","key":"default_rules.yaml"}],"extraVolumeMounts":[{"type":"configMap","mountPath":"/etc/thanos/configmaps/alertmanager-ca-bundle","name":"alertmanager-ca-bundle","key":"service-ca.crt"}],"alertmanagerConfigFile":{"name":"thanos-ruler-config","key":"config.yaml"},"reloaderImage":"registry.redhat.io/openshift4/ose-configmap-reloader@sha256:fa5b2e42a27e3ab5f0a0d2a103b5602b81d1b29eb788b54cc60ad547744ad053","reloaderImagePullPolicy":"IfNotPresent","resources":{"requests":{"cpu":"50m","memory":"512Mi"}},"reloaderResources":{"requests":{"cpu":"4m","memory":"25Mi"}},"serviceMonitor":true,"blockDuration":"2h","retention":"24h","evalInterval":"300s"},"query":{"replicas":2,"resources":{"requests":{"cpu":"300m","memory":"1Gi"}},"serviceMonitor":true,"lookbackDelta":"600s"}}}
2024-10-24T14:31:14.517Z	INFO	controller_multiclustermonitoring	Coleen New observatorium CR spec	{"newSpec": {"image":"registry.redhat.io/rhacm2/thanos-rhel9@sha256:caf27fd686b2ae1d6cb0ebe02cf195a2e7caece3ac8bda0c0e88f92678da6bd2","imagePullPolicy":"IfNotPresent","compact":{"replicas":1,"volumeClaimTemplate":{"spec":{"accessModes":["ReadWriteOnce"],"resources":{"requests":{"storage":"200Gi"}},"storageClassName":"gp3-csi"}},"retentionResolutionRaw":"365d","retentionResolution5m":"365d","retentionResolution1h":"365d","enableDownsampling":true,"resources":{"requests":{"cpu":"500m","memory":"1Gi"}},"serviceMonitor":true,"deleteDelay":"48h"},"receiveController":{"image":"registry.redhat.io/rhacm2/thanos-receive-controller-rhel9@sha256:739292da294b1b536cfea4d4cb63bc39f95cb917695026b1660f9022a73d58ee","imagePullPolicy":"IfNotPresent","version":"master-2022-04-01-b58820f","resources":{"requests":{"cpu":"4m","memory":"32Mi"}},"serviceMonitor":true},"receivers":{"replicas":3,"volumeClaimTemplate":{"spec":{"accessModes":["ReadWriteOnce"],"resources":{"requests":{"storage":"100Gi"}},"storageClassName":"gp3-csi"}},"replicationFactor":3,"resources":{"requests":{"cpu":"300m","memory":"512Mi"}},"serviceMonitor":true,"retention":"24h"},"queryFrontend":{"replicas":2,"resources":{"requests":{"cpu":"100m","memory":"256Mi"}},"serviceMonitor":true,"cache":{"image":"registry.redhat.io/rhacm2/memcached-rhel9@sha256:9600034019ce695e89aecb6ac255d591b201fc40a7f3d9796f42d043f0340623","imagePullPolicy":"IfNotPresent","version":"1.6.3-alpine","exporterImage":"registry.redhat.io/rhacm2/memcached-exporter-rhel9@sha256:2c6e39ecbeed3dc4d30225b9a2ed0840c6d41c032ee08d63c7f8f092f3ee81e6","exporterImagePullPolicy":"IfNotPresent","exporterVersion":"v0.9.0","replicas":3,"memoryLimitMb":1024,"maxItemSize":"1m","connectionLimit":1024,"resources":{"requests":{"cpu":"45m","memory":"128Mi"}},"exporterResources":{"requests":{"cpu":"5m","memory":"50Mi"}},"serviceMonitor":true}},"store":{"volumeClaimTemplate":{"spec":{"accessModes":["ReadWriteOnce"],"resources":{"requests":{"storage":"10Gi"}},"storageClassName":"gp3-csi"}},"shards":3,"cache":{"image":"registry.redhat.io/rhacm2/memcached-rhel9@sha256:9600034019ce695e89aecb6ac255d591b201fc40a7f3d9796f42d043f0340623","imagePullPolicy":"IfNotPresent","version":"1.6.3-alpine","exporterImage":"registry.redhat.io/rhacm2/memcached-exporter-rhel9@sha256:2c6e39ecbeed3dc4d30225b9a2ed0840c6d41c032ee08d63c7f8f092f3ee81e6","exporterImagePullPolicy":"IfNotPresent","exporterVersion":"v0.9.0","replicas":3,"memoryLimitMb":1024,"maxItemSize":"1m","connectionLimit":1024,"resources":{"requests":{"cpu":"45m","memory":"128Mi"}},"exporterResources":{"requests":{"cpu":"5m","memory":"50Mi"}},"serviceMonitor":true},"resources":{"requests":{"cpu":"100m","memory":"1Gi"}},"serviceMonitor":true},"rule":{"replicas":3,"volumeClaimTemplate":{"spec":{"accessModes":["ReadWriteOnce"],"resources":{"requests":{"storage":"1Gi"}},"storageClassName":"gp3-csi"}},"rulesConfig":[{"name":"thanos-ruler-default-rules","key":"default_rules.yaml"}],"extraVolumeMounts":[{"type":"configMap","mountPath":"/etc/thanos/configmaps/alertmanager-ca-bundle","name":"alertmanager-ca-bundle","key":"service-ca.crt"}],"alertmanagerConfigFile":{"name":"thanos-ruler-config","key":"config.yaml"},"reloaderImage":"registry.redhat.io/openshift4/ose-configmap-reloader@sha256:fa5b2e42a27e3ab5f0a0d2a103b5602b81d1b29eb788b54cc60ad547744ad053","reloaderImagePullPolicy":"IfNotPresent","resources":{"requests":{"cpu":"50m","memory":"512Mi"}},"reloaderResources":{"requests":{"cpu":"4m","memory":"25Mi"}},"serviceMonitor":true,"blockDuration":"2h","retention":"24h","evalInterval":"300s"},"query":{"replicas":2,"resources":{"requests":{"cpu":"300m","memory":"1Gi"}},"serviceMonitor":true,"lookbackDelta":"600s"}}}
2024-10-24T14:31:14.518Z	INFO	controller_multiclustermonitoring	StorageVersionMigration already existed/unchanged	{"name": "storage-version-migration-observability"}
2024-10-24T14:31:14.518Z	DEBUG	controller_multiclustermonitoring	status update goroutine is triggered.
2024-10-24T14:31:15.466Z	DEBUG	controller_multiclustermonitoring	check status ready goroutine is triggered.
2024-10-24T14:31:17.467Z	DEBUG	controller_multiclustermonitoring	check status ready goroutine is triggered.
2024-10-24T14:31:19.468Z	DEBUG	controller_multiclustermonitoring	check status ready goroutine is triggered.
2024-10-24T14:31:21.469Z	DEBUG	controller_multiclustermonitoring	check status ready goroutine is triggered.
2024-10-24T14:31:22.954Z	INFO	controller_multiclustermonitoring	Reconciling MultiClusterObservability	{"Request.Namespace": "", "Request.Name": "observability"}
2024-10-24T14:31:22.957Z	INFO	util	unable to get CRD with ApiextensionsV1 Client, not found.	{"CRD": "multiclusterglobalhubs.operator.open-cluster-management.io"}
2024-10-24T14:31:22.960Z	DEBUG	config	operand is	{"key": "grafana", "name": "observability-grafana"}
2024-10-24T14:31:22.960Z	DEBUG	config	image replacement	{"componentName": "grafana", "image": "registry.redhat.io/rhacm2/acm-grafana-rhel9@sha256:74ad9db2286eef85e6c278cad1840a144ab50e8db1fced736974432dc4b9e0dd"}
2024-10-24T14:31:22.960Z	DEBUG	config	image replacement	{"componentName": "grafana_dashboard_loader", "image": "registry.redhat.io/rhacm2/grafana-dashboard-loader-rhel9@sha256:e2ff942d47e7e703a5fb11a2aacaac610e53273c74284d3b6da88bc70b8e7b7a"}
2024-10-24T14:31:22.968Z	DEBUG	config	operand is	{"key": "alertmanager", "name": "observability-alertmanager"}
2024-10-24T14:31:22.968Z	DEBUG	config	operand is	{"key": "alertmanager", "name": "observability-alertmanager"}
2024-10-24T14:31:22.968Z	DEBUG	config	operand is	{"key": "alertmanager", "name": "observability-alertmanager"}
2024-10-24T14:31:22.968Z	DEBUG	config	operand is	{"key": "alertmanager", "name": "observability-alertmanager"}
2024-10-24T14:31:22.968Z	DEBUG	config	image replacement	{"componentName": "prometheus_alertmanager", "image": "registry.redhat.io/rhacm2/prometheus-alertmanager-rhel9@sha256:6429a938750a655c2081cf3d6021a7377f6a3aa5cd43587885d4d49a9e528ee4"}
2024-10-24T14:31:22.968Z	DEBUG	config	image replacement	{"componentName": "configmap_reloader", "image": "registry.redhat.io/openshift4/ose-configmap-reloader@sha256:fa5b2e42a27e3ab5f0a0d2a103b5602b81d1b29eb788b54cc60ad547744ad053"}
2024-10-24T14:31:22.972Z	DEBUG	config	image replacement	{"componentName": "kube_rbac_proxy", "image": "registry.redhat.io/rhacm2/kube-rbac-proxy-rhel9@sha256:c60a1d52359493a41b2b6f820d11716d67290e9b83dc18c16039dbc6f120e5f2"}
2024-10-24T14:31:22.979Z	DEBUG	config	operand is	{"key": "rbac-query-proxy", "name": "observability-rbac-query-proxy"}
2024-10-24T14:31:22.979Z	DEBUG	config	operand is	{"key": "observatorium", "name": "observability"}
2024-10-24T14:31:22.979Z	DEBUG	config	operand is	{"key": "observatorium", "name": "observability"}
2024-10-24T14:31:22.979Z	DEBUG	config	image replacement	{"componentName": "rbac_query_proxy", "image": "registry.redhat.io/rhacm2/rbac-query-proxy-rhel9@sha256:8a0b372f52004a9855d4d42c4bbd7d09d586e9d0fabdb73d525b1a23b030b1ed"}
2024-10-24T14:31:22.985Z	DEBUG	config	image replacement	{"componentName": "observatorium_operator", "image": "registry.redhat.io/rhacm2/observatorium-rhel9-operator@sha256:20bae12383bdb261dfbb7274975374fad90f4831ff9787a26aac626d26f1ef16"}
2024-10-24T14:31:22.985Z	DEBUG	config	operand is	{"key": "observatorium-operator", "name": "observability-observatorium-operator"}
2024-10-24T14:31:23.003Z	INFO	deploying	Skip creation	{"Kind": "/v1, Kind=ConfigMap", "Name": "observability-managed-cluster-label-allowlist"}
2024-10-24T14:31:23.013Z	INFO	deploying	Update	{"kind": "Secret", "kindVersion": "v1", "name": "grafana-config"}
2024-10-24T14:31:23.308Z	INFO	deploying	Skip creation	{"Kind": "/v1, Kind=Secret", "Name": "alertmanager-config"}
2024-10-24T14:31:23.310Z	INFO	deploying	Skip creation	{"Kind": "/v1, Kind=Secret", "Name": "alertmanager-proxy"}
2024-10-24T14:31:23.355Z	INFO	deploying	Update	{"kind": "Secret", "kindVersion": "v1", "name": "alertmanager-kube-rbac-proxy-metric"}
2024-10-24T14:31:23.470Z	DEBUG	controller_multiclustermonitoring	check status ready goroutine is triggered.
2024-10-24T14:31:23.510Z	INFO	deploying	Skip creation	{"Kind": "/v1, Kind=Secret", "Name": "rbac-proxy-cookie-secret"}
2024-10-24T14:31:23.557Z	DEBUG	config	image replacement	{"componentName": "multicluster_observability_addon", "image": ""}
2024-10-24T14:31:23.557Z	DEBUG	config	operand is	{"key": "multicluster-observability-addon", "name": "observability-multicluster-observability-addon"}
2024-10-24T14:31:23.574Z	INFO	controller_certificates	CA secrets already existed	{"name": "observability-server-ca-certs"}
2024-10-24T14:31:23.574Z	INFO	controller_certificates	CA secrets already existed	{"name": "observability-client-ca-certs"}
2024-10-24T14:31:23.574Z	DEBUG	config	operand is	{"key": "observatorium", "name": "observability"}
2024-10-24T14:31:23.574Z	INFO	controller_certificates	Certificate secrets already existed	{"name": "observability-server-certs"}
2024-10-24T14:31:23.574Z	INFO	controller_certificates	Certificate secrets already existed	{"name": "observability-grafana-certs"}
2024-10-24T14:31:23.574Z	DEBUG	config	operand is	{"key": "observatorium", "name": "observability"}
2024-10-24T14:31:23.574Z	INFO	controller_multiclustermonitoring	storageClassSelected	{"storageClassSelected": "gp3-csi"}
2024-10-24T14:31:23.574Z	DEBUG	config	image replacement	{"componentName": "observatorium", "image": "registry.redhat.io/rhacm2/observatorium-rhel9@sha256:330c3274f16a34d79ba5ac53ddbd2fe47778aff9c01e8e26fdc5b753e634962f"}
2024-10-24T14:31:23.574Z	DEBUG	config	image replacement	{"componentName": "configmap_reloader", "image": "registry.redhat.io/openshift4/ose-configmap-reloader@sha256:fa5b2e42a27e3ab5f0a0d2a103b5602b81d1b29eb788b54cc60ad547744ad053"}
2024-10-24T14:31:23.574Z	DEBUG	config	image replacement	{"componentName": "memcached", "image": "registry.redhat.io/rhacm2/memcached-rhel9@sha256:9600034019ce695e89aecb6ac255d591b201fc40a7f3d9796f42d043f0340623"}
2024-10-24T14:31:23.574Z	DEBUG	config	image replacement	{"componentName": "memcached_exporter", "image": "registry.redhat.io/rhacm2/memcached-exporter-rhel9@sha256:2c6e39ecbeed3dc4d30225b9a2ed0840c6d41c032ee08d63c7f8f092f3ee81e6"}
2024-10-24T14:31:23.574Z	DEBUG	config	image replacement	{"componentName": "thanos_receive_controller", "image": "registry.redhat.io/rhacm2/thanos-receive-controller-rhel9@sha256:739292da294b1b536cfea4d4cb63bc39f95cb917695026b1660f9022a73d58ee"}
2024-10-24T14:31:23.574Z	DEBUG	config	image replacement	{"componentName": "memcached", "image": "registry.redhat.io/rhacm2/memcached-rhel9@sha256:9600034019ce695e89aecb6ac255d591b201fc40a7f3d9796f42d043f0340623"}
2024-10-24T14:31:23.574Z	DEBUG	config	image replacement	{"componentName": "memcached_exporter", "image": "registry.redhat.io/rhacm2/memcached-exporter-rhel9@sha256:2c6e39ecbeed3dc4d30225b9a2ed0840c6d41c032ee08d63c7f8f092f3ee81e6"}
2024-10-24T14:31:23.574Z	DEBUG	config	image replacement	{"componentName": "thanos", "image": "registry.redhat.io/rhacm2/thanos-rhel9@sha256:caf27fd686b2ae1d6cb0ebe02cf195a2e7caece3ac8bda0c0e88f92678da6bd2"}
2024-10-24T14:31:23.574Z	DEBUG	config	operand is	{"key": "observatorium", "name": "observability"}
2024-10-24T14:31:23.574Z	INFO	controller_multiclustermonitoring	Coleen Old observatorium CR spec	{"oldSpec": {"image":"registry.redhat.io/rhacm2/thanos-rhel9@sha256:caf27fd686b2ae1d6cb0ebe02cf195a2e7caece3ac8bda0c0e88f92678da6bd2","imagePullPolicy":"IfNotPresent","compact":{"replicas":1,"volumeClaimTemplate":{"spec":{"accessModes":["ReadWriteOnce"],"resources":{"requests":{"storage":"200Gi"}},"storageClassName":"gp3-csi"}},"retentionResolutionRaw":"365d","retentionResolution5m":"365d","retentionResolution1h":"365d","enableDownsampling":true,"resources":{"requests":{"cpu":"100m","memory":"512Mi"}},"serviceMonitor":true,"deleteDelay":"48h"},"receiveController":{"image":"registry.redhat.io/rhacm2/thanos-receive-controller-rhel9@sha256:739292da294b1b536cfea4d4cb63bc39f95cb917695026b1660f9022a73d58ee","imagePullPolicy":"IfNotPresent","version":"master-2022-04-01-b58820f","resources":{"requests":{"cpu":"4m","memory":"32Mi"}},"serviceMonitor":true},"receivers":{"replicas":3,"volumeClaimTemplate":{"spec":{"accessModes":["ReadWriteOnce"],"resources":{"requests":{"storage":"100Gi"}},"storageClassName":"gp3-csi"}},"replicationFactor":3,"resources":{"requests":{"cpu":"300m","memory":"512Mi"}},"serviceMonitor":true,"retention":"24h"},"queryFrontend":{"replicas":2,"resources":{"requests":{"cpu":"100m","memory":"256Mi"}},"serviceMonitor":true,"cache":{"image":"registry.redhat.io/rhacm2/memcached-rhel9@sha256:9600034019ce695e89aecb6ac255d591b201fc40a7f3d9796f42d043f0340623","imagePullPolicy":"IfNotPresent","version":"1.6.3-alpine","exporterImage":"registry.redhat.io/rhacm2/memcached-exporter-rhel9@sha256:2c6e39ecbeed3dc4d30225b9a2ed0840c6d41c032ee08d63c7f8f092f3ee81e6","exporterImagePullPolicy":"IfNotPresent","exporterVersion":"v0.9.0","replicas":3,"memoryLimitMb":1024,"maxItemSize":"1m","connectionLimit":1024,"resources":{"requests":{"cpu":"45m","memory":"128Mi"}},"exporterResources":{"requests":{"cpu":"5m","memory":"50Mi"}},"serviceMonitor":true}},"store":{"volumeClaimTemplate":{"spec":{"accessModes":["ReadWriteOnce"],"resources":{"requests":{"storage":"10Gi"}},"storageClassName":"gp3-csi"}},"shards":3,"cache":{"image":"registry.redhat.io/rhacm2/memcached-rhel9@sha256:9600034019ce695e89aecb6ac255d591b201fc40a7f3d9796f42d043f0340623","imagePullPolicy":"IfNotPresent","version":"1.6.3-alpine","exporterImage":"registry.redhat.io/rhacm2/memcached-exporter-rhel9@sha256:2c6e39ecbeed3dc4d30225b9a2ed0840c6d41c032ee08d63c7f8f092f3ee81e6","exporterImagePullPolicy":"IfNotPresent","exporterVersion":"v0.9.0","replicas":3,"memoryLimitMb":1024,"maxItemSize":"1m","connectionLimit":1024,"resources":{"requests":{"cpu":"45m","memory":"128Mi"}},"exporterResources":{"requests":{"cpu":"5m","memory":"50Mi"}},"serviceMonitor":true},"resources":{"requests":{"cpu":"100m","memory":"1Gi"}},"serviceMonitor":true},"rule":{"replicas":3,"volumeClaimTemplate":{"spec":{"accessModes":["ReadWriteOnce"],"resources":{"requests":{"storage":"1Gi"}},"storageClassName":"gp3-csi"}},"rulesConfig":[{"name":"thanos-ruler-default-rules","key":"default_rules.yaml"}],"extraVolumeMounts":[{"type":"configMap","mountPath":"/etc/thanos/configmaps/alertmanager-ca-bundle","name":"alertmanager-ca-bundle","key":"service-ca.crt"}],"alertmanagerConfigFile":{"name":"thanos-ruler-config","key":"config.yaml"},"reloaderImage":"registry.redhat.io/openshift4/ose-configmap-reloader@sha256:fa5b2e42a27e3ab5f0a0d2a103b5602b81d1b29eb788b54cc60ad547744ad053","reloaderImagePullPolicy":"IfNotPresent","resources":{"requests":{"cpu":"50m","memory":"512Mi"}},"reloaderResources":{"requests":{"cpu":"4m","memory":"25Mi"}},"serviceMonitor":true,"blockDuration":"2h","retention":"24h","evalInterval":"300s"},"query":{"replicas":2,"resources":{"requests":{"cpu":"300m","memory":"1Gi"}},"serviceMonitor":true,"lookbackDelta":"600s"}}}
2024-10-24T14:31:23.574Z	INFO	controller_multiclustermonitoring	Coleen New observatorium CR spec	{"newSpec": {"image":"registry.redhat.io/rhacm2/thanos-rhel9@sha256:caf27fd686b2ae1d6cb0ebe02cf195a2e7caece3ac8bda0c0e88f92678da6bd2","imagePullPolicy":"IfNotPresent","compact":{"replicas":1,"volumeClaimTemplate":{"spec":{"accessModes":["ReadWriteOnce"],"resources":{"requests":{"storage":"200Gi"}},"storageClassName":"gp3-csi"}},"retentionResolutionRaw":"365d","retentionResolution5m":"365d","retentionResolution1h":"365d","enableDownsampling":true,"resources":{"requests":{"cpu":"500m","memory":"1Gi"}},"serviceMonitor":true,"deleteDelay":"48h"},"receiveController":{"image":"registry.redhat.io/rhacm2/thanos-receive-controller-rhel9@sha256:739292da294b1b536cfea4d4cb63bc39f95cb917695026b1660f9022a73d58ee","imagePullPolicy":"IfNotPresent","version":"master-2022-04-01-b58820f","resources":{"requests":{"cpu":"4m","memory":"32Mi"}},"serviceMonitor":true},"receivers":{"replicas":3,"volumeClaimTemplate":{"spec":{"accessModes":["ReadWriteOnce"],"resources":{"requests":{"storage":"100Gi"}},"storageClassName":"gp3-csi"}},"replicationFactor":3,"resources":{"requests":{"cpu":"300m","memory":"512Mi"}},"serviceMonitor":true,"retention":"24h"},"queryFrontend":{"replicas":2,"resources":{"requests":{"cpu":"100m","memory":"256Mi"}},"serviceMonitor":true,"cache":{"image":"registry.redhat.io/rhacm2/memcached-rhel9@sha256:9600034019ce695e89aecb6ac255d591b201fc40a7f3d9796f42d043f0340623","imagePullPolicy":"IfNotPresent","version":"1.6.3-alpine","exporterImage":"registry.redhat.io/rhacm2/memcached-exporter-rhel9@sha256:2c6e39ecbeed3dc4d30225b9a2ed0840c6d41c032ee08d63c7f8f092f3ee81e6","exporterImagePullPolicy":"IfNotPresent","exporterVersion":"v0.9.0","replicas":3,"memoryLimitMb":1024,"maxItemSize":"1m","connectionLimit":1024,"resources":{"requests":{"cpu":"45m","memory":"128Mi"}},"exporterResources":{"requests":{"cpu":"5m","memory":"50Mi"}},"serviceMonitor":true}},"store":{"volumeClaimTemplate":{"spec":{"accessModes":["ReadWriteOnce"],"resources":{"requests":{"storage":"10Gi"}},"storageClassName":"gp3-csi"}},"shards":3,"cache":{"image":"registry.redhat.io/rhacm2/memcached-rhel9@sha256:9600034019ce695e89aecb6ac255d591b201fc40a7f3d9796f42d043f0340623","imagePullPolicy":"IfNotPresent","version":"1.6.3-alpine","exporterImage":"registry.redhat.io/rhacm2/memcached-exporter-rhel9@sha256:2c6e39ecbeed3dc4d30225b9a2ed0840c6d41c032ee08d63c7f8f092f3ee81e6","exporterImagePullPolicy":"IfNotPresent","exporterVersion":"v0.9.0","replicas":3,"memoryLimitMb":1024,"maxItemSize":"1m","connectionLimit":1024,"resources":{"requests":{"cpu":"45m","memory":"128Mi"}},"exporterResources":{"requests":{"cpu":"5m","memory":"50Mi"}},"serviceMonitor":true},"resources":{"requests":{"cpu":"100m","memory":"1Gi"}},"serviceMonitor":true},"rule":{"replicas":3,"volumeClaimTemplate":{"spec":{"accessModes":["ReadWriteOnce"],"resources":{"requests":{"storage":"1Gi"}},"storageClassName":"gp3-csi"}},"rulesConfig":[{"name":"thanos-ruler-default-rules","key":"default_rules.yaml"}],"extraVolumeMounts":[{"type":"configMap","mountPath":"/etc/thanos/configmaps/alertmanager-ca-bundle","name":"alertmanager-ca-bundle","key":"service-ca.crt"}],"alertmanagerConfigFile":{"name":"thanos-ruler-config","key":"config.yaml"},"reloaderImage":"registry.redhat.io/openshift4/ose-configmap-reloader@sha256:fa5b2e42a27e3ab5f0a0d2a103b5602b81d1b29eb788b54cc60ad547744ad053","reloaderImagePullPolicy":"IfNotPresent","resources":{"requests":{"cpu":"50m","memory":"512Mi"}},"reloaderResources":{"requests":{"cpu":"4m","memory":"25Mi"}},"serviceMonitor":true,"blockDuration":"2h","retention":"24h","evalInterval":"300s"},"query":{"replicas":2,"resources":{"requests":{"cpu":"300m","memory":"1Gi"}},"serviceMonitor":true,"lookbackDelta":"600s"}}}
2024-10-24T14:31:23.575Z	INFO	controller_multiclustermonitoring	StorageVersionMigration already existed/unchanged	{"name": "storage-version-migration-observability"}
2024-10-24T14:31:23.575Z	DEBUG	controller_multiclustermonitoring	status update goroutine is triggered.
2024-10-24T14:31:23.583Z	INFO	controller_multiclustermonitoring	Reconciling MultiClusterObservability	{"Request.Namespace": "", "Request.Name": "observability"}
2024-10-24T14:31:23.584Z	INFO	util	unable to get CRD with ApiextensionsV1 Client, not found.	{"CRD": "multiclusterglobalhubs.operator.open-cluster-management.io"}
2024-10-24T14:31:23.587Z	DEBUG	config	operand is	{"key": "grafana", "name": "observability-grafana"}
2024-10-24T14:31:23.587Z	DEBUG	config	image replacement	{"componentName": "grafana", "image": "registry.redhat.io/rhacm2/acm-grafana-rhel9@sha256:74ad9db2286eef85e6c278cad1840a144ab50e8db1fced736974432dc4b9e0dd"}
2024-10-24T14:31:23.587Z	DEBUG	config	image replacement	{"componentName": "grafana_dashboard_loader", "image": "registry.redhat.io/rhacm2/grafana-dashboard-loader-rhel9@sha256:e2ff942d47e7e703a5fb11a2aacaac610e53273c74284d3b6da88bc70b8e7b7a"}
2024-10-24T14:31:23.591Z	DEBUG	config	operand is	{"key": "alertmanager", "name": "observability-alertmanager"}
2024-10-24T14:31:23.591Z	DEBUG	config	operand is	{"key": "alertmanager", "name": "observability-alertmanager"}
2024-10-24T14:31:23.591Z	DEBUG	config	operand is	{"key": "alertmanager", "name": "observability-alertmanager"}
2024-10-24T14:31:23.591Z	DEBUG	config	operand is	{"key": "alertmanager", "name": "observability-alertmanager"}
2024-10-24T14:31:23.591Z	DEBUG	config	image replacement	{"componentName": "prometheus_alertmanager", "image": "registry.redhat.io/rhacm2/prometheus-alertmanager-rhel9@sha256:6429a938750a655c2081cf3d6021a7377f6a3aa5cd43587885d4d49a9e528ee4"}
2024-10-24T14:31:23.591Z	DEBUG	config	image replacement	{"componentName": "configmap_reloader", "image": "registry.redhat.io/openshift4/ose-configmap-reloader@sha256:fa5b2e42a27e3ab5f0a0d2a103b5602b81d1b29eb788b54cc60ad547744ad053"}
2024-10-24T14:31:23.593Z	DEBUG	config	image replacement	{"componentName": "kube_rbac_proxy", "image": "registry.redhat.io/rhacm2/kube-rbac-proxy-rhel9@sha256:c60a1d52359493a41b2b6f820d11716d67290e9b83dc18c16039dbc6f120e5f2"}
2024-10-24T14:31:23.596Z	DEBUG	config	operand is	{"key": "rbac-query-proxy", "name": "observability-rbac-query-proxy"}
2024-10-24T14:31:23.596Z	DEBUG	config	operand is	{"key": "observatorium", "name": "observability"}
2024-10-24T14:31:23.596Z	DEBUG	config	operand is	{"key": "observatorium", "name": "observability"}
2024-10-24T14:31:23.596Z	DEBUG	config	image replacement	{"componentName": "rbac_query_proxy", "image": "registry.redhat.io/rhacm2/rbac-query-proxy-rhel9@sha256:8a0b372f52004a9855d4d42c4bbd7d09d586e9d0fabdb73d525b1a23b030b1ed"}
2024-10-24T14:31:23.598Z	DEBUG	config	image replacement	{"componentName": "observatorium_operator", "image": "registry.redhat.io/rhacm2/observatorium-rhel9-operator@sha256:20bae12383bdb261dfbb7274975374fad90f4831ff9787a26aac626d26f1ef16"}
2024-10-24T14:31:23.598Z	DEBUG	config	operand is	{"key": "observatorium-operator", "name": "observability-observatorium-operator"}
2024-10-24T14:31:23.608Z	INFO	deploying	Skip creation	{"Kind": "/v1, Kind=ConfigMap", "Name": "observability-managed-cluster-label-allowlist"}
2024-10-24T14:31:23.660Z	INFO	deploying	Update	{"kind": "Secret", "kindVersion": "v1", "name": "grafana-config"}
2024-10-24T14:31:25.359Z	INFO	deploying	Skip creation	{"Kind": "/v1, Kind=Secret", "Name": "alertmanager-config"}
2024-10-24T14:31:25.361Z	INFO	deploying	Skip creation	{"Kind": "/v1, Kind=Secret", "Name": "alertmanager-proxy"}
2024-10-24T14:31:25.405Z	INFO	deploying	Update	{"kind": "Secret", "kindVersion": "v1", "name": "alertmanager-kube-rbac-proxy-metric"}
2024-10-24T14:31:25.471Z	DEBUG	controller_multiclustermonitoring	check status ready goroutine is triggered.
2024-10-24T14:31:25.559Z	INFO	deploying	Skip creation	{"Kind": "/v1, Kind=Secret", "Name": "rbac-proxy-cookie-secret"}
2024-10-24T14:31:25.606Z	DEBUG	config	image replacement	{"componentName": "multicluster_observability_addon", "image": ""}
2024-10-24T14:31:25.606Z	DEBUG	config	operand is	{"key": "multicluster-observability-addon", "name": "observability-multicluster-observability-addon"}
2024-10-24T14:31:25.633Z	INFO	controller_certificates	CA secrets already existed	{"name": "observability-server-ca-certs"}
2024-10-24T14:31:25.633Z	INFO	controller_certificates	CA secrets already existed	{"name": "observability-client-ca-certs"}
2024-10-24T14:31:25.633Z	DEBUG	config	operand is	{"key": "observatorium", "name": "observability"}
2024-10-24T14:31:25.633Z	INFO	controller_certificates	Certificate secrets already existed	{"name": "observability-server-certs"}
2024-10-24T14:31:25.633Z	INFO	controller_certificates	Certificate secrets already existed	{"name": "observability-grafana-certs"}
2024-10-24T14:31:25.633Z	DEBUG	config	operand is	{"key": "observatorium", "name": "observability"}
2024-10-24T14:31:25.633Z	INFO	controller_multiclustermonitoring	storageClassSelected	{"storageClassSelected": "gp3-csi"}
2024-10-24T14:31:25.633Z	DEBUG	config	image replacement	{"componentName": "observatorium", "image": "registry.redhat.io/rhacm2/observatorium-rhel9@sha256:330c3274f16a34d79ba5ac53ddbd2fe47778aff9c01e8e26fdc5b753e634962f"}
2024-10-24T14:31:25.633Z	DEBUG	config	image replacement	{"componentName": "configmap_reloader", "image": "registry.redhat.io/openshift4/ose-configmap-reloader@sha256:fa5b2e42a27e3ab5f0a0d2a103b5602b81d1b29eb788b54cc60ad547744ad053"}
2024-10-24T14:31:25.633Z	DEBUG	config	image replacement	{"componentName": "memcached", "image": "registry.redhat.io/rhacm2/memcached-rhel9@sha256:9600034019ce695e89aecb6ac255d591b201fc40a7f3d9796f42d043f0340623"}
2024-10-24T14:31:25.633Z	DEBUG	config	image replacement	{"componentName": "memcached_exporter", "image": "registry.redhat.io/rhacm2/memcached-exporter-rhel9@sha256:2c6e39ecbeed3dc4d30225b9a2ed0840c6d41c032ee08d63c7f8f092f3ee81e6"}
2024-10-24T14:31:25.633Z	DEBUG	config	image replacement	{"componentName": "thanos_receive_controller", "image": "registry.redhat.io/rhacm2/thanos-receive-controller-rhel9@sha256:739292da294b1b536cfea4d4cb63bc39f95cb917695026b1660f9022a73d58ee"}
2024-10-24T14:31:25.633Z	DEBUG	config	image replacement	{"componentName": "memcached", "image": "registry.redhat.io/rhacm2/memcached-rhel9@sha256:9600034019ce695e89aecb6ac255d591b201fc40a7f3d9796f42d043f0340623"}
2024-10-24T14:31:25.633Z	DEBUG	config	image replacement	{"componentName": "memcached_exporter", "image": "registry.redhat.io/rhacm2/memcached-exporter-rhel9@sha256:2c6e39ecbeed3dc4d30225b9a2ed0840c6d41c032ee08d63c7f8f092f3ee81e6"}
2024-10-24T14:31:25.633Z	DEBUG	config	image replacement	{"componentName": "thanos", "image": "registry.redhat.io/rhacm2/thanos-rhel9@sha256:caf27fd686b2ae1d6cb0ebe02cf195a2e7caece3ac8bda0c0e88f92678da6bd2"}
2024-10-24T14:31:25.633Z	DEBUG	config	operand is	{"key": "observatorium", "name": "observability"}
2024-10-24T14:31:25.633Z	INFO	controller_multiclustermonitoring	Coleen Old observatorium CR spec	{"oldSpec": {"image":"registry.redhat.io/rhacm2/thanos-rhel9@sha256:caf27fd686b2ae1d6cb0ebe02cf195a2e7caece3ac8bda0c0e88f92678da6bd2","imagePullPolicy":"IfNotPresent","compact":{"replicas":1,"volumeClaimTemplate":{"spec":{"accessModes":["ReadWriteOnce"],"resources":{"requests":{"storage":"200Gi"}},"storageClassName":"gp3-csi"}},"retentionResolutionRaw":"365d","retentionResolution5m":"365d","retentionResolution1h":"365d","enableDownsampling":true,"resources":{"requests":{"cpu":"100m","memory":"512Mi"}},"serviceMonitor":true,"deleteDelay":"48h"},"receiveController":{"image":"registry.redhat.io/rhacm2/thanos-receive-controller-rhel9@sha256:739292da294b1b536cfea4d4cb63bc39f95cb917695026b1660f9022a73d58ee","imagePullPolicy":"IfNotPresent","version":"master-2022-04-01-b58820f","resources":{"requests":{"cpu":"4m","memory":"32Mi"}},"serviceMonitor":true},"receivers":{"replicas":3,"volumeClaimTemplate":{"spec":{"accessModes":["ReadWriteOnce"],"resources":{"requests":{"storage":"100Gi"}},"storageClassName":"gp3-csi"}},"replicationFactor":3,"resources":{"requests":{"cpu":"300m","memory":"512Mi"}},"serviceMonitor":true,"retention":"24h"},"queryFrontend":{"replicas":2,"resources":{"requests":{"cpu":"100m","memory":"256Mi"}},"serviceMonitor":true,"cache":{"image":"registry.redhat.io/rhacm2/memcached-rhel9@sha256:9600034019ce695e89aecb6ac255d591b201fc40a7f3d9796f42d043f0340623","imagePullPolicy":"IfNotPresent","version":"1.6.3-alpine","exporterImage":"registry.redhat.io/rhacm2/memcached-exporter-rhel9@sha256:2c6e39ecbeed3dc4d30225b9a2ed0840c6d41c032ee08d63c7f8f092f3ee81e6","exporterImagePullPolicy":"IfNotPresent","exporterVersion":"v0.9.0","replicas":3,"memoryLimitMb":1024,"maxItemSize":"1m","connectionLimit":1024,"resources":{"requests":{"cpu":"45m","memory":"128Mi"}},"exporterResources":{"requests":{"cpu":"5m","memory":"50Mi"}},"serviceMonitor":true}},"store":{"volumeClaimTemplate":{"spec":{"accessModes":["ReadWriteOnce"],"resources":{"requests":{"storage":"10Gi"}},"storageClassName":"gp3-csi"}},"shards":3,"cache":{"image":"registry.redhat.io/rhacm2/memcached-rhel9@sha256:9600034019ce695e89aecb6ac255d591b201fc40a7f3d9796f42d043f0340623","imagePullPolicy":"IfNotPresent","version":"1.6.3-alpine","exporterImage":"registry.redhat.io/rhacm2/memcached-exporter-rhel9@sha256:2c6e39ecbeed3dc4d30225b9a2ed0840c6d41c032ee08d63c7f8f092f3ee81e6","exporterImagePullPolicy":"IfNotPresent","exporterVersion":"v0.9.0","replicas":3,"memoryLimitMb":1024,"maxItemSize":"1m","connectionLimit":1024,"resources":{"requests":{"cpu":"45m","memory":"128Mi"}},"exporterResources":{"requests":{"cpu":"5m","memory":"50Mi"}},"serviceMonitor":true},"resources":{"requests":{"cpu":"100m","memory":"1Gi"}},"serviceMonitor":true},"rule":{"replicas":3,"volumeClaimTemplate":{"spec":{"accessModes":["ReadWriteOnce"],"resources":{"requests":{"storage":"1Gi"}},"storageClassName":"gp3-csi"}},"rulesConfig":[{"name":"thanos-ruler-default-rules","key":"default_rules.yaml"}],"extraVolumeMounts":[{"type":"configMap","mountPath":"/etc/thanos/configmaps/alertmanager-ca-bundle","name":"alertmanager-ca-bundle","key":"service-ca.crt"}],"alertmanagerConfigFile":{"name":"thanos-ruler-config","key":"config.yaml"},"reloaderImage":"registry.redhat.io/openshift4/ose-configmap-reloader@sha256:fa5b2e42a27e3ab5f0a0d2a103b5602b81d1b29eb788b54cc60ad547744ad053","reloaderImagePullPolicy":"IfNotPresent","resources":{"requests":{"cpu":"50m","memory":"512Mi"}},"reloaderResources":{"requests":{"cpu":"4m","memory":"25Mi"}},"serviceMonitor":true,"blockDuration":"2h","retention":"24h","evalInterval":"300s"},"query":{"replicas":2,"resources":{"requests":{"cpu":"300m","memory":"1Gi"}},"serviceMonitor":true,"lookbackDelta":"600s"}}}
2024-10-24T14:31:25.633Z	INFO	controller_multiclustermonitoring	Coleen New observatorium CR spec	{"newSpec": {"image":"registry.redhat.io/rhacm2/thanos-rhel9@sha256:caf27fd686b2ae1d6cb0ebe02cf195a2e7caece3ac8bda0c0e88f92678da6bd2","imagePullPolicy":"IfNotPresent","compact":{"replicas":1,"volumeClaimTemplate":{"spec":{"accessModes":["ReadWriteOnce"],"resources":{"requests":{"storage":"200Gi"}},"storageClassName":"gp3-csi"}},"retentionResolutionRaw":"365d","retentionResolution5m":"365d","retentionResolution1h":"365d","enableDownsampling":true,"resources":{"requests":{"cpu":"500m","memory":"1Gi"}},"serviceMonitor":true,"deleteDelay":"48h"},"receiveController":{"image":"registry.redhat.io/rhacm2/thanos-receive-controller-rhel9@sha256:739292da294b1b536cfea4d4cb63bc39f95cb917695026b1660f9022a73d58ee","imagePullPolicy":"IfNotPresent","version":"master-2022-04-01-b58820f","resources":{"requests":{"cpu":"4m","memory":"32Mi"}},"serviceMonitor":true},"receivers":{"replicas":3,"volumeClaimTemplate":{"spec":{"accessModes":["ReadWriteOnce"],"resources":{"requests":{"storage":"100Gi"}},"storageClassName":"gp3-csi"}},"replicationFactor":3,"resources":{"requests":{"cpu":"300m","memory":"512Mi"}},"serviceMonitor":true,"retention":"24h"},"queryFrontend":{"replicas":2,"resources":{"requests":{"cpu":"100m","memory":"256Mi"}},"serviceMonitor":true,"cache":{"image":"registry.redhat.io/rhacm2/memcached-rhel9@sha256:9600034019ce695e89aecb6ac255d591b201fc40a7f3d9796f42d043f0340623","imagePullPolicy":"IfNotPresent","version":"1.6.3-alpine","exporterImage":"registry.redhat.io/rhacm2/memcached-exporter-rhel9@sha256:2c6e39ecbeed3dc4d30225b9a2ed0840c6d41c032ee08d63c7f8f092f3ee81e6","exporterImagePullPolicy":"IfNotPresent","exporterVersion":"v0.9.0","replicas":3,"memoryLimitMb":1024,"maxItemSize":"1m","connectionLimit":1024,"resources":{"requests":{"cpu":"45m","memory":"128Mi"}},"exporterResources":{"requests":{"cpu":"5m","memory":"50Mi"}},"serviceMonitor":true}},"store":{"volumeClaimTemplate":{"spec":{"accessModes":["ReadWriteOnce"],"resources":{"requests":{"storage":"10Gi"}},"storageClassName":"gp3-csi"}},"shards":3,"cache":{"image":"registry.redhat.io/rhacm2/memcached-rhel9@sha256:9600034019ce695e89aecb6ac255d591b201fc40a7f3d9796f42d043f0340623","imagePullPolicy":"IfNotPresent","version":"1.6.3-alpine","exporterImage":"registry.redhat.io/rhacm2/memcached-exporter-rhel9@sha256:2c6e39ecbeed3dc4d30225b9a2ed0840c6d41c032ee08d63c7f8f092f3ee81e6","exporterImagePullPolicy":"IfNotPresent","exporterVersion":"v0.9.0","replicas":3,"memoryLimitMb":1024,"maxItemSize":"1m","connectionLimit":1024,"resources":{"requests":{"cpu":"45m","memory":"128Mi"}},"exporterResources":{"requests":{"cpu":"5m","memory":"50Mi"}},"serviceMonitor":true},"resources":{"requests":{"cpu":"100m","memory":"1Gi"}},"serviceMonitor":true},"rule":{"replicas":3,"volumeClaimTemplate":{"spec":{"accessModes":["ReadWriteOnce"],"resources":{"requests":{"storage":"1Gi"}},"storageClassName":"gp3-csi"}},"rulesConfig":[{"name":"thanos-ruler-default-rules","key":"default_rules.yaml"}],"extraVolumeMounts":[{"type":"configMap","mountPath":"/etc/thanos/configmaps/alertmanager-ca-bundle","name":"alertmanager-ca-bundle","key":"service-ca.crt"}],"alertmanagerConfigFile":{"name":"thanos-ruler-config","key":"config.yaml"},"reloaderImage":"registry.redhat.io/openshift4/ose-configmap-reloader@sha256:fa5b2e42a27e3ab5f0a0d2a103b5602b81d1b29eb788b54cc60ad547744ad053","reloaderImagePullPolicy":"IfNotPresent","resources":{"requests":{"cpu":"50m","memory":"512Mi"}},"reloaderResources":{"requests":{"cpu":"4m","memory":"25Mi"}},"serviceMonitor":true,"blockDuration":"2h","retention":"24h","evalInterval":"300s"},"query":{"replicas":2,"resources":{"requests":{"cpu":"300m","memory":"1Gi"}},"serviceMonitor":true,"lookbackDelta":"600s"}}}
2024-10-24T14:31:25.634Z	INFO	controller_multiclustermonitoring	StorageVersionMigration already existed/unchanged	{"name": "storage-version-migration-observability"}
2024-10-24T14:31:25.634Z	INFO	controller_multiclustermonitoring	Reconciling MultiClusterObservability	{"Request.Namespace": "", "Request.Name": "observability"}
2024-10-24T14:31:25.634Z	DEBUG	controller_multiclustermonitoring	status update goroutine is triggered.
2024-10-24T14:31:25.635Z	INFO	util	unable to get CRD with ApiextensionsV1 Client, not found.	{"CRD": "multiclusterglobalhubs.operator.open-cluster-management.io"}
2024-10-24T14:31:25.637Z	DEBUG	config	operand is	{"key": "grafana", "name": "observability-grafana"}
2024-10-24T14:31:25.637Z	DEBUG	config	image replacement	{"componentName": "grafana", "image": "registry.redhat.io/rhacm2/acm-grafana-rhel9@sha256:74ad9db2286eef85e6c278cad1840a144ab50e8db1fced736974432dc4b9e0dd"}
2024-10-24T14:31:25.637Z	DEBUG	config	image replacement	{"componentName": "grafana_dashboard_loader", "image": "registry.redhat.io/rhacm2/grafana-dashboard-loader-rhel9@sha256:e2ff942d47e7e703a5fb11a2aacaac610e53273c74284d3b6da88bc70b8e7b7a"}
2024-10-24T14:31:25.643Z	DEBUG	config	operand is	{"key": "alertmanager", "name": "observability-alertmanager"}
2024-10-24T14:31:25.643Z	DEBUG	config	operand is	{"key": "alertmanager", "name": "observability-alertmanager"}
2024-10-24T14:31:25.643Z	DEBUG	config	operand is	{"key": "alertmanager", "name": "observability-alertmanager"}
2024-10-24T14:31:25.643Z	DEBUG	config	operand is	{"key": "alertmanager", "name": "observability-alertmanager"}
2024-10-24T14:31:25.643Z	DEBUG	config	image replacement	{"componentName": "prometheus_alertmanager", "image": "registry.redhat.io/rhacm2/prometheus-alertmanager-rhel9@sha256:6429a938750a655c2081cf3d6021a7377f6a3aa5cd43587885d4d49a9e528ee4"}
2024-10-24T14:31:25.643Z	DEBUG	config	image replacement	{"componentName": "configmap_reloader", "image": "registry.redhat.io/openshift4/ose-configmap-reloader@sha256:fa5b2e42a27e3ab5f0a0d2a103b5602b81d1b29eb788b54cc60ad547744ad053"}
2024-10-24T14:31:25.645Z	DEBUG	config	image replacement	{"componentName": "kube_rbac_proxy", "image": "registry.redhat.io/rhacm2/kube-rbac-proxy-rhel9@sha256:c60a1d52359493a41b2b6f820d11716d67290e9b83dc18c16039dbc6f120e5f2"}
2024-10-24T14:31:25.648Z	DEBUG	config	operand is	{"key": "rbac-query-proxy", "name": "observability-rbac-query-proxy"}
2024-10-24T14:31:25.648Z	DEBUG	config	operand is	{"key": "observatorium", "name": "observability"}
2024-10-24T14:31:25.648Z	DEBUG	config	operand is	{"key": "observatorium", "name": "observability"}
2024-10-24T14:31:25.648Z	DEBUG	config	image replacement	{"componentName": "rbac_query_proxy", "image": "registry.redhat.io/rhacm2/rbac-query-proxy-rhel9@sha256:8a0b372f52004a9855d4d42c4bbd7d09d586e9d0fabdb73d525b1a23b030b1ed"}
2024-10-24T14:31:25.650Z	DEBUG	config	image replacement	{"componentName": "observatorium_operator", "image": "registry.redhat.io/rhacm2/observatorium-rhel9-operator@sha256:20bae12383bdb261dfbb7274975374fad90f4831ff9787a26aac626d26f1ef16"}
2024-10-24T14:31:25.650Z	DEBUG	config	operand is	{"key": "observatorium-operator", "name": "observability-observatorium-operator"}
2024-10-24T14:31:25.661Z	INFO	deploying	Skip creation	{"Kind": "/v1, Kind=ConfigMap", "Name": "observability-managed-cluster-label-allowlist"}
2024-10-24T14:31:25.709Z	INFO	deploying	Update	{"kind": "Secret", "kindVersion": "v1", "name": "grafana-config"}
2024-10-24T14:31:27.408Z	INFO	deploying	Skip creation	{"Kind": "/v1, Kind=Secret", "Name": "alertmanager-config"}
2024-10-24T14:31:27.410Z	INFO	deploying	Skip creation	{"Kind": "/v1, Kind=Secret", "Name": "alertmanager-proxy"}
2024-10-24T14:31:27.454Z	INFO	deploying	Update	{"kind": "Secret", "kindVersion": "v1", "name": "alertmanager-kube-rbac-proxy-metric"}
2024-10-24T14:31:27.471Z	DEBUG	controller_multiclustermonitoring	check status ready goroutine is triggered.
2024-10-24T14:31:27.613Z	INFO	deploying	Skip creation	{"Kind": "/v1, Kind=Secret", "Name": "rbac-proxy-cookie-secret"}
2024-10-24T14:31:27.656Z	DEBUG	config	image replacement	{"componentName": "multicluster_observability_addon", "image": ""}
2024-10-24T14:31:27.656Z	DEBUG	config	operand is	{"key": "multicluster-observability-addon", "name": "observability-multicluster-observability-addon"}
2024-10-24T14:31:27.671Z	INFO	controller_certificates	CA secrets already existed	{"name": "observability-server-ca-certs"}
2024-10-24T14:31:27.671Z	INFO	controller_certificates	CA secrets already existed	{"name": "observability-client-ca-certs"}
2024-10-24T14:31:27.671Z	DEBUG	config	operand is	{"key": "observatorium", "name": "observability"}
2024-10-24T14:31:27.671Z	INFO	controller_certificates	Certificate secrets already existed	{"name": "observability-server-certs"}
2024-10-24T14:31:27.671Z	INFO	controller_certificates	Certificate secrets already existed	{"name": "observability-grafana-certs"}
2024-10-24T14:31:27.671Z	DEBUG	config	operand is	{"key": "observatorium", "name": "observability"}
2024-10-24T14:31:27.671Z	INFO	controller_multiclustermonitoring	storageClassSelected	{"storageClassSelected": "gp3-csi"}
2024-10-24T14:31:27.671Z	DEBUG	config	image replacement	{"componentName": "observatorium", "image": "registry.redhat.io/rhacm2/observatorium-rhel9@sha256:330c3274f16a34d79ba5ac53ddbd2fe47778aff9c01e8e26fdc5b753e634962f"}
2024-10-24T14:31:27.671Z	DEBUG	config	image replacement	{"componentName": "configmap_reloader", "image": "registry.redhat.io/openshift4/ose-configmap-reloader@sha256:fa5b2e42a27e3ab5f0a0d2a103b5602b81d1b29eb788b54cc60ad547744ad053"}
2024-10-24T14:31:27.671Z	DEBUG	config	image replacement	{"componentName": "memcached", "image": "registry.redhat.io/rhacm2/memcached-rhel9@sha256:9600034019ce695e89aecb6ac255d591b201fc40a7f3d9796f42d043f0340623"}
2024-10-24T14:31:27.671Z	DEBUG	config	image replacement	{"componentName": "memcached_exporter", "image": "registry.redhat.io/rhacm2/memcached-exporter-rhel9@sha256:2c6e39ecbeed3dc4d30225b9a2ed0840c6d41c032ee08d63c7f8f092f3ee81e6"}
2024-10-24T14:31:27.671Z	DEBUG	config	image replacement	{"componentName": "thanos_receive_controller", "image": "registry.redhat.io/rhacm2/thanos-receive-controller-rhel9@sha256:739292da294b1b536cfea4d4cb63bc39f95cb917695026b1660f9022a73d58ee"}
2024-10-24T14:31:27.671Z	DEBUG	config	image replacement	{"componentName": "memcached", "image": "registry.redhat.io/rhacm2/memcached-rhel9@sha256:9600034019ce695e89aecb6ac255d591b201fc40a7f3d9796f42d043f0340623"}
2024-10-24T14:31:27.671Z	DEBUG	config	image replacement	{"componentName": "memcached_exporter", "image": "registry.redhat.io/rhacm2/memcached-exporter-rhel9@sha256:2c6e39ecbeed3dc4d30225b9a2ed0840c6d41c032ee08d63c7f8f092f3ee81e6"}
2024-10-24T14:31:27.671Z	DEBUG	config	image replacement	{"componentName": "thanos", "image": "registry.redhat.io/rhacm2/thanos-rhel9@sha256:caf27fd686b2ae1d6cb0ebe02cf195a2e7caece3ac8bda0c0e88f92678da6bd2"}
2024-10-24T14:31:27.671Z	DEBUG	config	operand is	{"key": "observatorium", "name": "observability"}
2024-10-24T14:31:27.671Z	INFO	controller_multiclustermonitoring	Coleen Old observatorium CR spec	{"oldSpec": {"image":"registry.redhat.io/rhacm2/thanos-rhel9@sha256:caf27fd686b2ae1d6cb0ebe02cf195a2e7caece3ac8bda0c0e88f92678da6bd2","imagePullPolicy":"IfNotPresent","compact":{"replicas":1,"volumeClaimTemplate":{"spec":{"accessModes":["ReadWriteOnce"],"resources":{"requests":{"storage":"200Gi"}},"storageClassName":"gp3-csi"}},"retentionResolutionRaw":"365d","retentionResolution5m":"365d","retentionResolution1h":"365d","enableDownsampling":true,"resources":{"requests":{"cpu":"100m","memory":"512Mi"}},"serviceMonitor":true,"deleteDelay":"48h"},"receiveController":{"image":"registry.redhat.io/rhacm2/thanos-receive-controller-rhel9@sha256:739292da294b1b536cfea4d4cb63bc39f95cb917695026b1660f9022a73d58ee","imagePullPolicy":"IfNotPresent","version":"master-2022-04-01-b58820f","resources":{"requests":{"cpu":"4m","memory":"32Mi"}},"serviceMonitor":true},"receivers":{"replicas":3,"volumeClaimTemplate":{"spec":{"accessModes":["ReadWriteOnce"],"resources":{"requests":{"storage":"100Gi"}},"storageClassName":"gp3-csi"}},"replicationFactor":3,"resources":{"requests":{"cpu":"300m","memory":"512Mi"}},"serviceMonitor":true,"retention":"24h"},"queryFrontend":{"replicas":2,"resources":{"requests":{"cpu":"100m","memory":"256Mi"}},"serviceMonitor":true,"cache":{"image":"registry.redhat.io/rhacm2/memcached-rhel9@sha256:9600034019ce695e89aecb6ac255d591b201fc40a7f3d9796f42d043f0340623","imagePullPolicy":"IfNotPresent","version":"1.6.3-alpine","exporterImage":"registry.redhat.io/rhacm2/memcached-exporter-rhel9@sha256:2c6e39ecbeed3dc4d30225b9a2ed0840c6d41c032ee08d63c7f8f092f3ee81e6","exporterImagePullPolicy":"IfNotPresent","exporterVersion":"v0.9.0","replicas":3,"memoryLimitMb":1024,"maxItemSize":"1m","connectionLimit":1024,"resources":{"requests":{"cpu":"45m","memory":"128Mi"}},"exporterResources":{"requests":{"cpu":"5m","memory":"50Mi"}},"serviceMonitor":true}},"store":{"volumeClaimTemplate":{"spec":{"accessModes":["ReadWriteOnce"],"resources":{"requests":{"storage":"10Gi"}},"storageClassName":"gp3-csi"}},"shards":3,"cache":{"image":"registry.redhat.io/rhacm2/memcached-rhel9@sha256:9600034019ce695e89aecb6ac255d591b201fc40a7f3d9796f42d043f0340623","imagePullPolicy":"IfNotPresent","version":"1.6.3-alpine","exporterImage":"registry.redhat.io/rhacm2/memcached-exporter-rhel9@sha256:2c6e39ecbeed3dc4d30225b9a2ed0840c6d41c032ee08d63c7f8f092f3ee81e6","exporterImagePullPolicy":"IfNotPresent","exporterVersion":"v0.9.0","replicas":3,"memoryLimitMb":1024,"maxItemSize":"1m","connectionLimit":1024,"resources":{"requests":{"cpu":"45m","memory":"128Mi"}},"exporterResources":{"requests":{"cpu":"5m","memory":"50Mi"}},"serviceMonitor":true},"resources":{"requests":{"cpu":"100m","memory":"1Gi"}},"serviceMonitor":true},"rule":{"replicas":3,"volumeClaimTemplate":{"spec":{"accessModes":["ReadWriteOnce"],"resources":{"requests":{"storage":"1Gi"}},"storageClassName":"gp3-csi"}},"rulesConfig":[{"name":"thanos-ruler-default-rules","key":"default_rules.yaml"}],"extraVolumeMounts":[{"type":"configMap","mountPath":"/etc/thanos/configmaps/alertmanager-ca-bundle","name":"alertmanager-ca-bundle","key":"service-ca.crt"}],"alertmanagerConfigFile":{"name":"thanos-ruler-config","key":"config.yaml"},"reloaderImage":"registry.redhat.io/openshift4/ose-configmap-reloader@sha256:fa5b2e42a27e3ab5f0a0d2a103b5602b81d1b29eb788b54cc60ad547744ad053","reloaderImagePullPolicy":"IfNotPresent","resources":{"requests":{"cpu":"50m","memory":"512Mi"}},"reloaderResources":{"requests":{"cpu":"4m","memory":"25Mi"}},"serviceMonitor":true,"blockDuration":"2h","retention":"24h","evalInterval":"300s"},"query":{"replicas":2,"resources":{"requests":{"cpu":"300m","memory":"1Gi"}},"serviceMonitor":true,"lookbackDelta":"600s"}}}
2024-10-24T14:31:27.671Z	INFO	controller_multiclustermonitoring	Coleen New observatorium CR spec	{"newSpec": {"image":"registry.redhat.io/rhacm2/thanos-rhel9@sha256:caf27fd686b2ae1d6cb0ebe02cf195a2e7caece3ac8bda0c0e88f92678da6bd2","imagePullPolicy":"IfNotPresent","compact":{"replicas":1,"volumeClaimTemplate":{"spec":{"accessModes":["ReadWriteOnce"],"resources":{"requests":{"storage":"200Gi"}},"storageClassName":"gp3-csi"}},"retentionResolutionRaw":"365d","retentionResolution5m":"365d","retentionResolution1h":"365d","enableDownsampling":true,"resources":{"requests":{"cpu":"500m","memory":"1Gi"}},"serviceMonitor":true,"deleteDelay":"48h"},"receiveController":{"image":"registry.redhat.io/rhacm2/thanos-receive-controller-rhel9@sha256:739292da294b1b536cfea4d4cb63bc39f95cb917695026b1660f9022a73d58ee","imagePullPolicy":"IfNotPresent","version":"master-2022-04-01-b58820f","resources":{"requests":{"cpu":"4m","memory":"32Mi"}},"serviceMonitor":true},"receivers":{"replicas":3,"volumeClaimTemplate":{"spec":{"accessModes":["ReadWriteOnce"],"resources":{"requests":{"storage":"100Gi"}},"storageClassName":"gp3-csi"}},"replicationFactor":3,"resources":{"requests":{"cpu":"300m","memory":"512Mi"}},"serviceMonitor":true,"retention":"24h"},"queryFrontend":{"replicas":2,"resources":{"requests":{"cpu":"100m","memory":"256Mi"}},"serviceMonitor":true,"cache":{"image":"registry.redhat.io/rhacm2/memcached-rhel9@sha256:9600034019ce695e89aecb6ac255d591b201fc40a7f3d9796f42d043f0340623","imagePullPolicy":"IfNotPresent","version":"1.6.3-alpine","exporterImage":"registry.redhat.io/rhacm2/memcached-exporter-rhel9@sha256:2c6e39ecbeed3dc4d30225b9a2ed0840c6d41c032ee08d63c7f8f092f3ee81e6","exporterImagePullPolicy":"IfNotPresent","exporterVersion":"v0.9.0","replicas":3,"memoryLimitMb":1024,"maxItemSize":"1m","connectionLimit":1024,"resources":{"requests":{"cpu":"45m","memory":"128Mi"}},"exporterResources":{"requests":{"cpu":"5m","memory":"50Mi"}},"serviceMonitor":true}},"store":{"volumeClaimTemplate":{"spec":{"accessModes":["ReadWriteOnce"],"resources":{"requests":{"storage":"10Gi"}},"storageClassName":"gp3-csi"}},"shards":3,"cache":{"image":"registry.redhat.io/rhacm2/memcached-rhel9@sha256:9600034019ce695e89aecb6ac255d591b201fc40a7f3d9796f42d043f0340623","imagePullPolicy":"IfNotPresent","version":"1.6.3-alpine","exporterImage":"registry.redhat.io/rhacm2/memcached-exporter-rhel9@sha256:2c6e39ecbeed3dc4d30225b9a2ed0840c6d41c032ee08d63c7f8f092f3ee81e6","exporterImagePullPolicy":"IfNotPresent","exporterVersion":"v0.9.0","replicas":3,"memoryLimitMb":1024,"maxItemSize":"1m","connectionLimit":1024,"resources":{"requests":{"cpu":"45m","memory":"128Mi"}},"exporterResources":{"requests":{"cpu":"5m","memory":"50Mi"}},"serviceMonitor":true},"resources":{"requests":{"cpu":"100m","memory":"1Gi"}},"serviceMonitor":true},"rule":{"replicas":3,"volumeClaimTemplate":{"spec":{"accessModes":["ReadWriteOnce"],"resources":{"requests":{"storage":"1Gi"}},"storageClassName":"gp3-csi"}},"rulesConfig":[{"name":"thanos-ruler-default-rules","key":"default_rules.yaml"}],"extraVolumeMounts":[{"type":"configMap","mountPath":"/etc/thanos/configmaps/alertmanager-ca-bundle","name":"alertmanager-ca-bundle","key":"service-ca.crt"}],"alertmanagerConfigFile":{"name":"thanos-ruler-config","key":"config.yaml"},"reloaderImage":"registry.redhat.io/openshift4/ose-configmap-reloader@sha256:fa5b2e42a27e3ab5f0a0d2a103b5602b81d1b29eb788b54cc60ad547744ad053","reloaderImagePullPolicy":"IfNotPresent","resources":{"requests":{"cpu":"50m","memory":"512Mi"}},"reloaderResources":{"requests":{"cpu":"4m","memory":"25Mi"}},"serviceMonitor":true,"blockDuration":"2h","retention":"24h","evalInterval":"300s"},"query":{"replicas":2,"resources":{"requests":{"cpu":"300m","memory":"1Gi"}},"serviceMonitor":true,"lookbackDelta":"600s"}}}
2024-10-24T14:31:27.672Z	INFO	controller_multiclustermonitoring	StorageVersionMigration already existed/unchanged	{"name": "storage-version-migration-observability"}
2024-10-24T14:31:27.672Z	INFO	controller_multiclustermonitoring	Reconciling MultiClusterObservability	{"Request.Namespace": "", "Request.Name": "observability"}
2024-10-24T14:31:27.672Z	DEBUG	controller_multiclustermonitoring	status update goroutine is triggered.
2024-10-24T14:31:27.674Z	INFO	util	unable to get CRD with ApiextensionsV1 Client, not found.	{"CRD": "multiclusterglobalhubs.operator.open-cluster-management.io"}
2024-10-24T14:31:27.675Z	DEBUG	config	operand is	{"key": "grafana", "name": "observability-grafana"}
2024-10-24T14:31:27.675Z	DEBUG	config	image replacement	{"componentName": "grafana", "image": "registry.redhat.io/rhacm2/acm-grafana-rhel9@sha256:74ad9db2286eef85e6c278cad1840a144ab50e8db1fced736974432dc4b9e0dd"}
2024-10-24T14:31:27.675Z	DEBUG	config	image replacement	{"componentName": "grafana_dashboard_loader", "image": "registry.redhat.io/rhacm2/grafana-dashboard-loader-rhel9@sha256:e2ff942d47e7e703a5fb11a2aacaac610e53273c74284d3b6da88bc70b8e7b7a"}
2024-10-24T14:31:27.679Z	DEBUG	config	operand is	{"key": "alertmanager", "name": "observability-alertmanager"}
2024-10-24T14:31:27.679Z	DEBUG	config	operand is	{"key": "alertmanager", "name": "observability-alertmanager"}
2024-10-24T14:31:27.679Z	DEBUG	config	operand is	{"key": "alertmanager", "name": "observability-alertmanager"}
2024-10-24T14:31:27.679Z	DEBUG	config	operand is	{"key": "alertmanager", "name": "observability-alertmanager"}
2024-10-24T14:31:27.679Z	DEBUG	config	image replacement	{"componentName": "prometheus_alertmanager", "image": "registry.redhat.io/rhacm2/prometheus-alertmanager-rhel9@sha256:6429a938750a655c2081cf3d6021a7377f6a3aa5cd43587885d4d49a9e528ee4"}
2024-10-24T14:31:27.679Z	DEBUG	config	image replacement	{"componentName": "configmap_reloader", "image": "registry.redhat.io/openshift4/ose-configmap-reloader@sha256:fa5b2e42a27e3ab5f0a0d2a103b5602b81d1b29eb788b54cc60ad547744ad053"}
2024-10-24T14:31:27.681Z	DEBUG	config	image replacement	{"componentName": "kube_rbac_proxy", "image": "registry.redhat.io/rhacm2/kube-rbac-proxy-rhel9@sha256:c60a1d52359493a41b2b6f820d11716d67290e9b83dc18c16039dbc6f120e5f2"}
2024-10-24T14:31:27.684Z	DEBUG	config	operand is	{"key": "rbac-query-proxy", "name": "observability-rbac-query-proxy"}
2024-10-24T14:31:27.684Z	DEBUG	config	operand is	{"key": "observatorium", "name": "observability"}
2024-10-24T14:31:27.684Z	DEBUG	config	operand is	{"key": "observatorium", "name": "observability"}
2024-10-24T14:31:27.684Z	DEBUG	config	image replacement	{"componentName": "rbac_query_proxy", "image": "registry.redhat.io/rhacm2/rbac-query-proxy-rhel9@sha256:8a0b372f52004a9855d4d42c4bbd7d09d586e9d0fabdb73d525b1a23b030b1ed"}
2024-10-24T14:31:27.687Z	DEBUG	config	image replacement	{"componentName": "observatorium_operator", "image": "registry.redhat.io/rhacm2/observatorium-rhel9-operator@sha256:20bae12383bdb261dfbb7274975374fad90f4831ff9787a26aac626d26f1ef16"}
2024-10-24T14:31:27.687Z	DEBUG	config	operand is	{"key": "observatorium-operator", "name": "observability-observatorium-operator"}
2024-10-24T14:31:27.702Z	INFO	deploying	Skip creation	{"Kind": "/v1, Kind=ConfigMap", "Name": "observability-managed-cluster-label-allowlist"}
2024-10-24T14:31:27.760Z	INFO	deploying	Update	{"kind": "Secret", "kindVersion": "v1", "name": "grafana-config"}
2024-10-24T14:31:29.459Z	INFO	deploying	Skip creation	{"Kind": "/v1, Kind=Secret", "Name": "alertmanager-config"}
2024-10-24T14:31:29.461Z	INFO	deploying	Skip creation	{"Kind": "/v1, Kind=Secret", "Name": "alertmanager-proxy"}
2024-10-24T14:31:29.472Z	DEBUG	controller_multiclustermonitoring	check status ready goroutine is triggered.
2024-10-24T14:31:29.505Z	INFO	deploying	Update	{"kind": "Secret", "kindVersion": "v1", "name": "alertmanager-kube-rbac-proxy-metric"}
2024-10-24T14:31:29.659Z	INFO	deploying	Skip creation	{"Kind": "/v1, Kind=Secret", "Name": "rbac-proxy-cookie-secret"}
2024-10-24T14:31:29.706Z	DEBUG	config	image replacement	{"componentName": "multicluster_observability_addon", "image": ""}
2024-10-24T14:31:29.706Z	DEBUG	config	operand is	{"key": "multicluster-observability-addon", "name": "observability-multicluster-observability-addon"}
2024-10-24T14:31:29.721Z	INFO	controller_certificates	CA secrets already existed	{"name": "observability-server-ca-certs"}
2024-10-24T14:31:29.721Z	INFO	controller_certificates	CA secrets already existed	{"name": "observability-client-ca-certs"}
2024-10-24T14:31:29.721Z	DEBUG	config	operand is	{"key": "observatorium", "name": "observability"}
2024-10-24T14:31:29.722Z	INFO	controller_certificates	Certificate secrets already existed	{"name": "observability-server-certs"}
2024-10-24T14:31:29.722Z	INFO	controller_certificates	Certificate secrets already existed	{"name": "observability-grafana-certs"}
2024-10-24T14:31:29.722Z	DEBUG	config	operand is	{"key": "observatorium", "name": "observability"}
2024-10-24T14:31:29.722Z	INFO	controller_multiclustermonitoring	storageClassSelected	{"storageClassSelected": "gp3-csi"}
2024-10-24T14:31:29.722Z	DEBUG	config	image replacement	{"componentName": "observatorium", "image": "registry.redhat.io/rhacm2/observatorium-rhel9@sha256:330c3274f16a34d79ba5ac53ddbd2fe47778aff9c01e8e26fdc5b753e634962f"}
2024-10-24T14:31:29.722Z	DEBUG	config	image replacement	{"componentName": "configmap_reloader", "image": "registry.redhat.io/openshift4/ose-configmap-reloader@sha256:fa5b2e42a27e3ab5f0a0d2a103b5602b81d1b29eb788b54cc60ad547744ad053"}
2024-10-24T14:31:29.722Z	DEBUG	config	image replacement	{"componentName": "memcached", "image": "registry.redhat.io/rhacm2/memcached-rhel9@sha256:9600034019ce695e89aecb6ac255d591b201fc40a7f3d9796f42d043f0340623"}
2024-10-24T14:31:29.722Z	DEBUG	config	image replacement	{"componentName": "memcached_exporter", "image": "registry.redhat.io/rhacm2/memcached-exporter-rhel9@sha256:2c6e39ecbeed3dc4d30225b9a2ed0840c6d41c032ee08d63c7f8f092f3ee81e6"}
2024-10-24T14:31:29.722Z	DEBUG	config	image replacement	{"componentName": "thanos_receive_controller", "image": "registry.redhat.io/rhacm2/thanos-receive-controller-rhel9@sha256:739292da294b1b536cfea4d4cb63bc39f95cb917695026b1660f9022a73d58ee"}
2024-10-24T14:31:29.722Z	DEBUG	config	image replacement	{"componentName": "memcached", "image": "registry.redhat.io/rhacm2/memcached-rhel9@sha256:9600034019ce695e89aecb6ac255d591b201fc40a7f3d9796f42d043f0340623"}
2024-10-24T14:31:29.722Z	DEBUG	config	image replacement	{"componentName": "memcached_exporter", "image": "registry.redhat.io/rhacm2/memcached-exporter-rhel9@sha256:2c6e39ecbeed3dc4d30225b9a2ed0840c6d41c032ee08d63c7f8f092f3ee81e6"}
2024-10-24T14:31:29.722Z	DEBUG	config	image replacement	{"componentName": "thanos", "image": "registry.redhat.io/rhacm2/thanos-rhel9@sha256:caf27fd686b2ae1d6cb0ebe02cf195a2e7caece3ac8bda0c0e88f92678da6bd2"}
2024-10-24T14:31:29.722Z	DEBUG	config	operand is	{"key": "observatorium", "name": "observability"}
2024-10-24T14:31:29.722Z	INFO	controller_multiclustermonitoring	Coleen Old observatorium CR spec	{"oldSpec": {"image":"registry.redhat.io/rhacm2/thanos-rhel9@sha256:caf27fd686b2ae1d6cb0ebe02cf195a2e7caece3ac8bda0c0e88f92678da6bd2","imagePullPolicy":"IfNotPresent","compact":{"replicas":1,"volumeClaimTemplate":{"spec":{"accessModes":["ReadWriteOnce"],"resources":{"requests":{"storage":"200Gi"}},"storageClassName":"gp3-csi"}},"retentionResolutionRaw":"365d","retentionResolution5m":"365d","retentionResolution1h":"365d","enableDownsampling":true,"resources":{"requests":{"cpu":"100m","memory":"512Mi"}},"serviceMonitor":true,"deleteDelay":"48h"},"receiveController":{"image":"registry.redhat.io/rhacm2/thanos-receive-controller-rhel9@sha256:739292da294b1b536cfea4d4cb63bc39f95cb917695026b1660f9022a73d58ee","imagePullPolicy":"IfNotPresent","version":"master-2022-04-01-b58820f","resources":{"requests":{"cpu":"4m","memory":"32Mi"}},"serviceMonitor":true},"receivers":{"replicas":3,"volumeClaimTemplate":{"spec":{"accessModes":["ReadWriteOnce"],"resources":{"requests":{"storage":"100Gi"}},"storageClassName":"gp3-csi"}},"replicationFactor":3,"resources":{"requests":{"cpu":"300m","memory":"512Mi"}},"serviceMonitor":true,"retention":"24h"},"queryFrontend":{"replicas":2,"resources":{"requests":{"cpu":"100m","memory":"256Mi"}},"serviceMonitor":true,"cache":{"image":"registry.redhat.io/rhacm2/memcached-rhel9@sha256:9600034019ce695e89aecb6ac255d591b201fc40a7f3d9796f42d043f0340623","imagePullPolicy":"IfNotPresent","version":"1.6.3-alpine","exporterImage":"registry.redhat.io/rhacm2/memcached-exporter-rhel9@sha256:2c6e39ecbeed3dc4d30225b9a2ed0840c6d41c032ee08d63c7f8f092f3ee81e6","exporterImagePullPolicy":"IfNotPresent","exporterVersion":"v0.9.0","replicas":3,"memoryLimitMb":1024,"maxItemSize":"1m","connectionLimit":1024,"resources":{"requests":{"cpu":"45m","memory":"128Mi"}},"exporterResources":{"requests":{"cpu":"5m","memory":"50Mi"}},"serviceMonitor":true}},"store":{"volumeClaimTemplate":{"spec":{"accessModes":["ReadWriteOnce"],"resources":{"requests":{"storage":"10Gi"}},"storageClassName":"gp3-csi"}},"shards":3,"cache":{"image":"registry.redhat.io/rhacm2/memcached-rhel9@sha256:9600034019ce695e89aecb6ac255d591b201fc40a7f3d9796f42d043f0340623","imagePullPolicy":"IfNotPresent","version":"1.6.3-alpine","exporterImage":"registry.redhat.io/rhacm2/memcached-exporter-rhel9@sha256:2c6e39ecbeed3dc4d30225b9a2ed0840c6d41c032ee08d63c7f8f092f3ee81e6","exporterImagePullPolicy":"IfNotPresent","exporterVersion":"v0.9.0","replicas":3,"memoryLimitMb":1024,"maxItemSize":"1m","connectionLimit":1024,"resources":{"requests":{"cpu":"45m","memory":"128Mi"}},"exporterResources":{"requests":{"cpu":"5m","memory":"50Mi"}},"serviceMonitor":true},"resources":{"requests":{"cpu":"100m","memory":"1Gi"}},"serviceMonitor":true},"rule":{"replicas":3,"volumeClaimTemplate":{"spec":{"accessModes":["ReadWriteOnce"],"resources":{"requests":{"storage":"1Gi"}},"storageClassName":"gp3-csi"}},"rulesConfig":[{"name":"thanos-ruler-default-rules","key":"default_rules.yaml"}],"extraVolumeMounts":[{"type":"configMap","mountPath":"/etc/thanos/configmaps/alertmanager-ca-bundle","name":"alertmanager-ca-bundle","key":"service-ca.crt"}],"alertmanagerConfigFile":{"name":"thanos-ruler-config","key":"config.yaml"},"reloaderImage":"registry.redhat.io/openshift4/ose-configmap-reloader@sha256:fa5b2e42a27e3ab5f0a0d2a103b5602b81d1b29eb788b54cc60ad547744ad053","reloaderImagePullPolicy":"IfNotPresent","resources":{"requests":{"cpu":"50m","memory":"512Mi"}},"reloaderResources":{"requests":{"cpu":"4m","memory":"25Mi"}},"serviceMonitor":true,"blockDuration":"2h","retention":"24h","evalInterval":"300s"},"query":{"replicas":2,"resources":{"requests":{"cpu":"300m","memory":"1Gi"}},"serviceMonitor":true,"lookbackDelta":"600s"}}}
2024-10-24T14:31:29.722Z	INFO	controller_multiclustermonitoring	Coleen New observatorium CR spec	{"newSpec": {"image":"registry.redhat.io/rhacm2/thanos-rhel9@sha256:caf27fd686b2ae1d6cb0ebe02cf195a2e7caece3ac8bda0c0e88f92678da6bd2","imagePullPolicy":"IfNotPresent","compact":{"replicas":1,"volumeClaimTemplate":{"spec":{"accessModes":["ReadWriteOnce"],"resources":{"requests":{"storage":"200Gi"}},"storageClassName":"gp3-csi"}},"retentionResolutionRaw":"365d","retentionResolution5m":"365d","retentionResolution1h":"365d","enableDownsampling":true,"resources":{"requests":{"cpu":"500m","memory":"1Gi"}},"serviceMonitor":true,"deleteDelay":"48h"},"receiveController":{"image":"registry.redhat.io/rhacm2/thanos-receive-controller-rhel9@sha256:739292da294b1b536cfea4d4cb63bc39f95cb917695026b1660f9022a73d58ee","imagePullPolicy":"IfNotPresent","version":"master-2022-04-01-b58820f","resources":{"requests":{"cpu":"4m","memory":"32Mi"}},"serviceMonitor":true},"receivers":{"replicas":3,"volumeClaimTemplate":{"spec":{"accessModes":["ReadWriteOnce"],"resources":{"requests":{"storage":"100Gi"}},"storageClassName":"gp3-csi"}},"replicationFactor":3,"resources":{"requests":{"cpu":"300m","memory":"512Mi"}},"serviceMonitor":true,"retention":"24h"},"queryFrontend":{"replicas":2,"resources":{"requests":{"cpu":"100m","memory":"256Mi"}},"serviceMonitor":true,"cache":{"image":"registry.redhat.io/rhacm2/memcached-rhel9@sha256:9600034019ce695e89aecb6ac255d591b201fc40a7f3d9796f42d043f0340623","imagePullPolicy":"IfNotPresent","version":"1.6.3-alpine","exporterImage":"registry.redhat.io/rhacm2/memcached-exporter-rhel9@sha256:2c6e39ecbeed3dc4d30225b9a2ed0840c6d41c032ee08d63c7f8f092f3ee81e6","exporterImagePullPolicy":"IfNotPresent","exporterVersion":"v0.9.0","replicas":3,"memoryLimitMb":1024,"maxItemSize":"1m","connectionLimit":1024,"resources":{"requests":{"cpu":"45m","memory":"128Mi"}},"exporterResources":{"requests":{"cpu":"5m","memory":"50Mi"}},"serviceMonitor":true}},"store":{"volumeClaimTemplate":{"spec":{"accessModes":["ReadWriteOnce"],"resources":{"requests":{"storage":"10Gi"}},"storageClassName":"gp3-csi"}},"shards":3,"cache":{"image":"registry.redhat.io/rhacm2/memcached-rhel9@sha256:9600034019ce695e89aecb6ac255d591b201fc40a7f3d9796f42d043f0340623","imagePullPolicy":"IfNotPresent","version":"1.6.3-alpine","exporterImage":"registry.redhat.io/rhacm2/memcached-exporter-rhel9@sha256:2c6e39ecbeed3dc4d30225b9a2ed0840c6d41c032ee08d63c7f8f092f3ee81e6","exporterImagePullPolicy":"IfNotPresent","exporterVersion":"v0.9.0","replicas":3,"memoryLimitMb":1024,"maxItemSize":"1m","connectionLimit":1024,"resources":{"requests":{"cpu":"45m","memory":"128Mi"}},"exporterResources":{"requests":{"cpu":"5m","memory":"50Mi"}},"serviceMonitor":true},"resources":{"requests":{"cpu":"100m","memory":"1Gi"}},"serviceMonitor":true},"rule":{"replicas":3,"volumeClaimTemplate":{"spec":{"accessModes":["ReadWriteOnce"],"resources":{"requests":{"storage":"1Gi"}},"storageClassName":"gp3-csi"}},"rulesConfig":[{"name":"thanos-ruler-default-rules","key":"default_rules.yaml"}],"extraVolumeMounts":[{"type":"configMap","mountPath":"/etc/thanos/configmaps/alertmanager-ca-bundle","name":"alertmanager-ca-bundle","key":"service-ca.crt"}],"alertmanagerConfigFile":{"name":"thanos-ruler-config","key":"config.yaml"},"reloaderImage":"registry.redhat.io/openshift4/ose-configmap-reloader@sha256:fa5b2e42a27e3ab5f0a0d2a103b5602b81d1b29eb788b54cc60ad547744ad053","reloaderImagePullPolicy":"IfNotPresent","resources":{"requests":{"cpu":"50m","memory":"512Mi"}},"reloaderResources":{"requests":{"cpu":"4m","memory":"25Mi"}},"serviceMonitor":true,"blockDuration":"2h","retention":"24h","evalInterval":"300s"},"query":{"replicas":2,"resources":{"requests":{"cpu":"300m","memory":"1Gi"}},"serviceMonitor":true,"lookbackDelta":"600s"}}}
2024-10-24T14:31:29.723Z	INFO	controller_multiclustermonitoring	StorageVersionMigration already existed/unchanged	{"name": "storage-version-migration-observability"}
2024-10-24T14:31:29.723Z	DEBUG	controller_multiclustermonitoring	status update goroutine is triggered.
2024-10-24T14:31:31.474Z	DEBUG	controller_multiclustermonitoring	check status ready goroutine is triggered.
2024-10-24T14:31:33.475Z	DEBUG	controller_multiclustermonitoring	check status ready goroutine is triggered.
2024-10-24T14:31:35.476Z	DEBUG	controller_multiclustermonitoring	check status ready goroutine is triggered.
2024-10-24T14:31:37.476Z	DEBUG	controller_multiclustermonitoring	check status ready goroutine is triggered.
2024-10-24T14:31:39.477Z	DEBUG	controller_multiclustermonitoring	check status ready goroutine is triggered.
2024-10-24T14:31:41.478Z	DEBUG	controller_multiclustermonitoring	check status ready goroutine is triggered.
2024-10-24T14:31:43.479Z	DEBUG	controller_multiclustermonitoring	check status ready goroutine is triggered.
2024-10-24T14:31:45.481Z	DEBUG	controller_multiclustermonitoring	check status ready goroutine is triggered.
2024-10-24T14:31:47.482Z	DEBUG	controller_multiclustermonitoring	check status ready goroutine is triggered.
2024-10-24T14:31:49.483Z	DEBUG	controller_multiclustermonitoring	check status ready goroutine is triggered.
2024-10-24T14:31:51.484Z	DEBUG	controller_multiclustermonitoring	check status ready goroutine is triggered.
2024-10-24T14:31:53.485Z	DEBUG	controller_multiclustermonitoring	check status ready goroutine is triggered.
2024-10-24T14:31:55.485Z	DEBUG	controller_multiclustermonitoring	check status ready goroutine is triggered.
2024-10-24T14:31:57.486Z	DEBUG	controller_multiclustermonitoring	check status ready goroutine is triggered.
2024-10-24T14:31:59.487Z	DEBUG	controller_multiclustermonitoring	check status ready goroutine is triggered.
2024-10-24T14:32:01.488Z	DEBUG	controller_multiclustermonitoring	check status ready goroutine is triggered.
2024-10-24T14:32:03.490Z	DEBUG	controller_multiclustermonitoring	check status ready goroutine is triggered.
2024-10-24T14:32:03.720Z	INFO	controller_multiclustermonitoring	Reconciling MultiClusterObservability	{"Request.Namespace": "", "Request.Name": "observability"}
2024-10-24T14:32:03.723Z	INFO	util	unable to get CRD with ApiextensionsV1 Client, not found.	{"CRD": "multiclusterglobalhubs.operator.open-cluster-management.io"}
2024-10-24T14:32:03.727Z	DEBUG	config	operand is	{"key": "grafana", "name": "observability-grafana"}
2024-10-24T14:32:03.727Z	DEBUG	config	image replacement	{"componentName": "grafana", "image": "registry.redhat.io/rhacm2/acm-grafana-rhel9@sha256:74ad9db2286eef85e6c278cad1840a144ab50e8db1fced736974432dc4b9e0dd"}
2024-10-24T14:32:03.727Z	DEBUG	config	image replacement	{"componentName": "grafana_dashboard_loader", "image": "registry.redhat.io/rhacm2/grafana-dashboard-loader-rhel9@sha256:e2ff942d47e7e703a5fb11a2aacaac610e53273c74284d3b6da88bc70b8e7b7a"}
2024-10-24T14:32:03.737Z	DEBUG	config	operand is	{"key": "alertmanager", "name": "observability-alertmanager"}
2024-10-24T14:32:03.737Z	DEBUG	config	operand is	{"key": "alertmanager", "name": "observability-alertmanager"}
2024-10-24T14:32:03.737Z	DEBUG	config	operand is	{"key": "alertmanager", "name": "observability-alertmanager"}
2024-10-24T14:32:03.737Z	DEBUG	config	operand is	{"key": "alertmanager", "name": "observability-alertmanager"}
2024-10-24T14:32:03.737Z	DEBUG	config	image replacement	{"componentName": "prometheus_alertmanager", "image": "registry.redhat.io/rhacm2/prometheus-alertmanager-rhel9@sha256:6429a938750a655c2081cf3d6021a7377f6a3aa5cd43587885d4d49a9e528ee4"}
2024-10-24T14:32:03.737Z	DEBUG	config	image replacement	{"componentName": "configmap_reloader", "image": "registry.redhat.io/openshift4/ose-configmap-reloader@sha256:fa5b2e42a27e3ab5f0a0d2a103b5602b81d1b29eb788b54cc60ad547744ad053"}
2024-10-24T14:32:03.742Z	DEBUG	config	image replacement	{"componentName": "kube_rbac_proxy", "image": "registry.redhat.io/rhacm2/kube-rbac-proxy-rhel9@sha256:c60a1d52359493a41b2b6f820d11716d67290e9b83dc18c16039dbc6f120e5f2"}
2024-10-24T14:32:03.748Z	DEBUG	config	operand is	{"key": "rbac-query-proxy", "name": "observability-rbac-query-proxy"}
2024-10-24T14:32:03.748Z	DEBUG	config	operand is	{"key": "observatorium", "name": "observability"}
2024-10-24T14:32:03.748Z	DEBUG	config	operand is	{"key": "observatorium", "name": "observability"}
2024-10-24T14:32:03.748Z	DEBUG	config	image replacement	{"componentName": "rbac_query_proxy", "image": "registry.redhat.io/rhacm2/rbac-query-proxy-rhel9@sha256:8a0b372f52004a9855d4d42c4bbd7d09d586e9d0fabdb73d525b1a23b030b1ed"}
2024-10-24T14:32:03.755Z	DEBUG	config	image replacement	{"componentName": "observatorium_operator", "image": "registry.redhat.io/rhacm2/observatorium-rhel9-operator@sha256:20bae12383bdb261dfbb7274975374fad90f4831ff9787a26aac626d26f1ef16"}
2024-10-24T14:32:03.755Z	DEBUG	config	operand is	{"key": "observatorium-operator", "name": "observability-observatorium-operator"}
2024-10-24T14:32:03.774Z	INFO	deploying	Skip creation	{"Kind": "/v1, Kind=ConfigMap", "Name": "observability-managed-cluster-label-allowlist"}
2024-10-24T14:32:03.787Z	INFO	deploying	Update	{"kind": "Secret", "kindVersion": "v1", "name": "grafana-config"}
2024-10-24T14:32:04.081Z	INFO	deploying	Skip creation	{"Kind": "/v1, Kind=Secret", "Name": "alertmanager-config"}
2024-10-24T14:32:04.083Z	INFO	deploying	Skip creation	{"Kind": "/v1, Kind=Secret", "Name": "alertmanager-proxy"}
2024-10-24T14:32:04.128Z	INFO	deploying	Update	{"kind": "Secret", "kindVersion": "v1", "name": "alertmanager-kube-rbac-proxy-metric"}
2024-10-24T14:32:04.297Z	INFO	deploying	Skip creation	{"Kind": "/v1, Kind=Secret", "Name": "rbac-proxy-cookie-secret"}
2024-10-24T14:32:04.344Z	DEBUG	config	image replacement	{"componentName": "multicluster_observability_addon", "image": ""}
2024-10-24T14:32:04.344Z	DEBUG	config	operand is	{"key": "multicluster-observability-addon", "name": "observability-multicluster-observability-addon"}
2024-10-24T14:32:04.368Z	INFO	controller_certificates	CA secrets already existed	{"name": "observability-server-ca-certs"}
2024-10-24T14:32:04.368Z	INFO	controller_certificates	CA secrets already existed	{"name": "observability-client-ca-certs"}
2024-10-24T14:32:04.368Z	DEBUG	config	operand is	{"key": "observatorium", "name": "observability"}
2024-10-24T14:32:04.368Z	INFO	controller_certificates	Certificate secrets already existed	{"name": "observability-server-certs"}
2024-10-24T14:32:04.368Z	INFO	controller_certificates	Certificate secrets already existed	{"name": "observability-grafana-certs"}
2024-10-24T14:32:04.368Z	DEBUG	config	operand is	{"key": "observatorium", "name": "observability"}
2024-10-24T14:32:04.368Z	INFO	controller_multiclustermonitoring	storageClassSelected	{"storageClassSelected": "gp3-csi"}
2024-10-24T14:32:04.369Z	DEBUG	config	image replacement	{"componentName": "observatorium", "image": "registry.redhat.io/rhacm2/observatorium-rhel9@sha256:330c3274f16a34d79ba5ac53ddbd2fe47778aff9c01e8e26fdc5b753e634962f"}
2024-10-24T14:32:04.369Z	DEBUG	config	image replacement	{"componentName": "configmap_reloader", "image": "registry.redhat.io/openshift4/ose-configmap-reloader@sha256:fa5b2e42a27e3ab5f0a0d2a103b5602b81d1b29eb788b54cc60ad547744ad053"}
2024-10-24T14:32:04.369Z	DEBUG	config	image replacement	{"componentName": "memcached", "image": "registry.redhat.io/rhacm2/memcached-rhel9@sha256:9600034019ce695e89aecb6ac255d591b201fc40a7f3d9796f42d043f0340623"}
2024-10-24T14:32:04.369Z	DEBUG	config	image replacement	{"componentName": "memcached_exporter", "image": "registry.redhat.io/rhacm2/memcached-exporter-rhel9@sha256:2c6e39ecbeed3dc4d30225b9a2ed0840c6d41c032ee08d63c7f8f092f3ee81e6"}
2024-10-24T14:32:04.369Z	DEBUG	config	image replacement	{"componentName": "thanos_receive_controller", "image": "registry.redhat.io/rhacm2/thanos-receive-controller-rhel9@sha256:739292da294b1b536cfea4d4cb63bc39f95cb917695026b1660f9022a73d58ee"}
2024-10-24T14:32:04.369Z	DEBUG	config	image replacement	{"componentName": "memcached", "image": "registry.redhat.io/rhacm2/memcached-rhel9@sha256:9600034019ce695e89aecb6ac255d591b201fc40a7f3d9796f42d043f0340623"}
2024-10-24T14:32:04.369Z	DEBUG	config	image replacement	{"componentName": "memcached_exporter", "image": "registry.redhat.io/rhacm2/memcached-exporter-rhel9@sha256:2c6e39ecbeed3dc4d30225b9a2ed0840c6d41c032ee08d63c7f8f092f3ee81e6"}
2024-10-24T14:32:04.369Z	DEBUG	config	image replacement	{"componentName": "thanos", "image": "registry.redhat.io/rhacm2/thanos-rhel9@sha256:caf27fd686b2ae1d6cb0ebe02cf195a2e7caece3ac8bda0c0e88f92678da6bd2"}
2024-10-24T14:32:04.369Z	DEBUG	config	operand is	{"key": "observatorium", "name": "observability"}
2024-10-24T14:32:04.369Z	INFO	controller_multiclustermonitoring	Coleen Old observatorium CR spec	{"oldSpec": {"image":"registry.redhat.io/rhacm2/thanos-rhel9@sha256:caf27fd686b2ae1d6cb0ebe02cf195a2e7caece3ac8bda0c0e88f92678da6bd2","imagePullPolicy":"IfNotPresent","compact":{"replicas":1,"volumeClaimTemplate":{"spec":{"accessModes":["ReadWriteOnce"],"resources":{"requests":{"storage":"200Gi"}},"storageClassName":"gp3-csi"}},"retentionResolutionRaw":"365d","retentionResolution5m":"365d","retentionResolution1h":"365d","enableDownsampling":true,"resources":{"requests":{"cpu":"100m","memory":"512Mi"}},"serviceMonitor":true,"deleteDelay":"48h"},"receiveController":{"image":"registry.redhat.io/rhacm2/thanos-receive-controller-rhel9@sha256:739292da294b1b536cfea4d4cb63bc39f95cb917695026b1660f9022a73d58ee","imagePullPolicy":"IfNotPresent","version":"master-2022-04-01-b58820f","resources":{"requests":{"cpu":"4m","memory":"32Mi"}},"serviceMonitor":true},"receivers":{"replicas":3,"volumeClaimTemplate":{"spec":{"accessModes":["ReadWriteOnce"],"resources":{"requests":{"storage":"100Gi"}},"storageClassName":"gp3-csi"}},"replicationFactor":3,"resources":{"requests":{"cpu":"300m","memory":"512Mi"}},"serviceMonitor":true,"retention":"24h"},"queryFrontend":{"replicas":2,"resources":{"requests":{"cpu":"100m","memory":"256Mi"}},"serviceMonitor":true,"cache":{"image":"registry.redhat.io/rhacm2/memcached-rhel9@sha256:9600034019ce695e89aecb6ac255d591b201fc40a7f3d9796f42d043f0340623","imagePullPolicy":"IfNotPresent","version":"1.6.3-alpine","exporterImage":"registry.redhat.io/rhacm2/memcached-exporter-rhel9@sha256:2c6e39ecbeed3dc4d30225b9a2ed0840c6d41c032ee08d63c7f8f092f3ee81e6","exporterImagePullPolicy":"IfNotPresent","exporterVersion":"v0.9.0","replicas":3,"memoryLimitMb":1024,"maxItemSize":"1m","connectionLimit":1024,"resources":{"requests":{"cpu":"45m","memory":"128Mi"}},"exporterResources":{"requests":{"cpu":"5m","memory":"50Mi"}},"serviceMonitor":true}},"store":{"volumeClaimTemplate":{"spec":{"accessModes":["ReadWriteOnce"],"resources":{"requests":{"storage":"10Gi"}},"storageClassName":"gp3-csi"}},"shards":3,"cache":{"image":"registry.redhat.io/rhacm2/memcached-rhel9@sha256:9600034019ce695e89aecb6ac255d591b201fc40a7f3d9796f42d043f0340623","imagePullPolicy":"IfNotPresent","version":"1.6.3-alpine","exporterImage":"registry.redhat.io/rhacm2/memcached-exporter-rhel9@sha256:2c6e39ecbeed3dc4d30225b9a2ed0840c6d41c032ee08d63c7f8f092f3ee81e6","exporterImagePullPolicy":"IfNotPresent","exporterVersion":"v0.9.0","replicas":3,"memoryLimitMb":1024,"maxItemSize":"1m","connectionLimit":1024,"resources":{"requests":{"cpu":"45m","memory":"128Mi"}},"exporterResources":{"requests":{"cpu":"5m","memory":"50Mi"}},"serviceMonitor":true},"resources":{"requests":{"cpu":"100m","memory":"1Gi"}},"serviceMonitor":true},"rule":{"replicas":3,"volumeClaimTemplate":{"spec":{"accessModes":["ReadWriteOnce"],"resources":{"requests":{"storage":"1Gi"}},"storageClassName":"gp3-csi"}},"rulesConfig":[{"name":"thanos-ruler-default-rules","key":"default_rules.yaml"}],"extraVolumeMounts":[{"type":"configMap","mountPath":"/etc/thanos/configmaps/alertmanager-ca-bundle","name":"alertmanager-ca-bundle","key":"service-ca.crt"}],"alertmanagerConfigFile":{"name":"thanos-ruler-config","key":"config.yaml"},"reloaderImage":"registry.redhat.io/openshift4/ose-configmap-reloader@sha256:fa5b2e42a27e3ab5f0a0d2a103b5602b81d1b29eb788b54cc60ad547744ad053","reloaderImagePullPolicy":"IfNotPresent","resources":{"requests":{"cpu":"50m","memory":"512Mi"}},"reloaderResources":{"requests":{"cpu":"4m","memory":"25Mi"}},"serviceMonitor":true,"blockDuration":"2h","retention":"24h","evalInterval":"300s"},"query":{"replicas":2,"resources":{"requests":{"cpu":"300m","memory":"1Gi"}},"serviceMonitor":true,"lookbackDelta":"600s"}}}
2024-10-24T14:32:04.369Z	INFO	controller_multiclustermonitoring	Coleen New observatorium CR spec	{"newSpec": {"image":"registry.redhat.io/rhacm2/thanos-rhel9@sha256:caf27fd686b2ae1d6cb0ebe02cf195a2e7caece3ac8bda0c0e88f92678da6bd2","imagePullPolicy":"IfNotPresent","compact":{"replicas":1,"volumeClaimTemplate":{"spec":{"accessModes":["ReadWriteOnce"],"resources":{"requests":{"storage":"200Gi"}},"storageClassName":"gp3-csi"}},"retentionResolutionRaw":"365d","retentionResolution5m":"365d","retentionResolution1h":"365d","enableDownsampling":true,"resources":{"requests":{"cpu":"500m","memory":"1Gi"}},"serviceMonitor":true,"deleteDelay":"48h"},"receiveController":{"image":"registry.redhat.io/rhacm2/thanos-receive-controller-rhel9@sha256:739292da294b1b536cfea4d4cb63bc39f95cb917695026b1660f9022a73d58ee","imagePullPolicy":"IfNotPresent","version":"master-2022-04-01-b58820f","resources":{"requests":{"cpu":"4m","memory":"32Mi"}},"serviceMonitor":true},"receivers":{"replicas":3,"volumeClaimTemplate":{"spec":{"accessModes":["ReadWriteOnce"],"resources":{"requests":{"storage":"100Gi"}},"storageClassName":"gp3-csi"}},"replicationFactor":3,"resources":{"requests":{"cpu":"300m","memory":"512Mi"}},"serviceMonitor":true,"retention":"24h"},"queryFrontend":{"replicas":2,"resources":{"requests":{"cpu":"100m","memory":"256Mi"}},"serviceMonitor":true,"cache":{"image":"registry.redhat.io/rhacm2/memcached-rhel9@sha256:9600034019ce695e89aecb6ac255d591b201fc40a7f3d9796f42d043f0340623","imagePullPolicy":"IfNotPresent","version":"1.6.3-alpine","exporterImage":"registry.redhat.io/rhacm2/memcached-exporter-rhel9@sha256:2c6e39ecbeed3dc4d30225b9a2ed0840c6d41c032ee08d63c7f8f092f3ee81e6","exporterImagePullPolicy":"IfNotPresent","exporterVersion":"v0.9.0","replicas":3,"memoryLimitMb":1024,"maxItemSize":"1m","connectionLimit":1024,"resources":{"requests":{"cpu":"45m","memory":"128Mi"}},"exporterResources":{"requests":{"cpu":"5m","memory":"50Mi"}},"serviceMonitor":true}},"store":{"volumeClaimTemplate":{"spec":{"accessModes":["ReadWriteOnce"],"resources":{"requests":{"storage":"10Gi"}},"storageClassName":"gp3-csi"}},"shards":3,"cache":{"image":"registry.redhat.io/rhacm2/memcached-rhel9@sha256:9600034019ce695e89aecb6ac255d591b201fc40a7f3d9796f42d043f0340623","imagePullPolicy":"IfNotPresent","version":"1.6.3-alpine","exporterImage":"registry.redhat.io/rhacm2/memcached-exporter-rhel9@sha256:2c6e39ecbeed3dc4d30225b9a2ed0840c6d41c032ee08d63c7f8f092f3ee81e6","exporterImagePullPolicy":"IfNotPresent","exporterVersion":"v0.9.0","replicas":3,"memoryLimitMb":1024,"maxItemSize":"1m","connectionLimit":1024,"resources":{"requests":{"cpu":"45m","memory":"128Mi"}},"exporterResources":{"requests":{"cpu":"5m","memory":"50Mi"}},"serviceMonitor":true},"resources":{"requests":{"cpu":"100m","memory":"1Gi"}},"serviceMonitor":true},"rule":{"replicas":3,"volumeClaimTemplate":{"spec":{"accessModes":["ReadWriteOnce"],"resources":{"requests":{"storage":"1Gi"}},"storageClassName":"gp3-csi"}},"rulesConfig":[{"name":"thanos-ruler-default-rules","key":"default_rules.yaml"}],"extraVolumeMounts":[{"type":"configMap","mountPath":"/etc/thanos/configmaps/alertmanager-ca-bundle","name":"alertmanager-ca-bundle","key":"service-ca.crt"}],"alertmanagerConfigFile":{"name":"thanos-ruler-config","key":"config.yaml"},"reloaderImage":"registry.redhat.io/openshift4/ose-configmap-reloader@sha256:fa5b2e42a27e3ab5f0a0d2a103b5602b81d1b29eb788b54cc60ad547744ad053","reloaderImagePullPolicy":"IfNotPresent","resources":{"requests":{"cpu":"50m","memory":"512Mi"}},"reloaderResources":{"requests":{"cpu":"4m","memory":"25Mi"}},"serviceMonitor":true,"blockDuration":"2h","retention":"24h","evalInterval":"300s"},"query":{"replicas":2,"resources":{"requests":{"cpu":"300m","memory":"1Gi"}},"serviceMonitor":true,"lookbackDelta":"600s"}}}
2024-10-24T14:32:04.370Z	INFO	controller_multiclustermonitoring	StorageVersionMigration already existed/unchanged	{"name": "storage-version-migration-observability"}
2024-10-24T14:32:04.370Z	DEBUG	controller_multiclustermonitoring	status update goroutine is triggered.
2024-10-24T14:32:04.378Z	INFO	controller_multiclustermonitoring	Reconciling MultiClusterObservability	{"Request.Namespace": "", "Request.Name": "observability"}
2024-10-24T14:32:04.380Z	INFO	util	unable to get CRD with ApiextensionsV1 Client, not found.	{"CRD": "multiclusterglobalhubs.operator.open-cluster-management.io"}
2024-10-24T14:32:04.384Z	DEBUG	config	operand is	{"key": "grafana", "name": "observability-grafana"}
2024-10-24T14:32:04.384Z	DEBUG	config	image replacement	{"componentName": "grafana", "image": "registry.redhat.io/rhacm2/acm-grafana-rhel9@sha256:74ad9db2286eef85e6c278cad1840a144ab50e8db1fced736974432dc4b9e0dd"}
2024-10-24T14:32:04.384Z	DEBUG	config	image replacement	{"componentName": "grafana_dashboard_loader", "image": "registry.redhat.io/rhacm2/grafana-dashboard-loader-rhel9@sha256:e2ff942d47e7e703a5fb11a2aacaac610e53273c74284d3b6da88bc70b8e7b7a"}
2024-10-24T14:32:04.389Z	DEBUG	config	operand is	{"key": "alertmanager", "name": "observability-alertmanager"}
2024-10-24T14:32:04.389Z	DEBUG	config	operand is	{"key": "alertmanager", "name": "observability-alertmanager"}
2024-10-24T14:32:04.389Z	DEBUG	config	operand is	{"key": "alertmanager", "name": "observability-alertmanager"}
2024-10-24T14:32:04.389Z	DEBUG	config	operand is	{"key": "alertmanager", "name": "observability-alertmanager"}
2024-10-24T14:32:04.389Z	DEBUG	config	image replacement	{"componentName": "prometheus_alertmanager", "image": "registry.redhat.io/rhacm2/prometheus-alertmanager-rhel9@sha256:6429a938750a655c2081cf3d6021a7377f6a3aa5cd43587885d4d49a9e528ee4"}
2024-10-24T14:32:04.389Z	DEBUG	config	image replacement	{"componentName": "configmap_reloader", "image": "registry.redhat.io/openshift4/ose-configmap-reloader@sha256:fa5b2e42a27e3ab5f0a0d2a103b5602b81d1b29eb788b54cc60ad547744ad053"}
2024-10-24T14:32:04.392Z	DEBUG	config	image replacement	{"componentName": "kube_rbac_proxy", "image": "registry.redhat.io/rhacm2/kube-rbac-proxy-rhel9@sha256:c60a1d52359493a41b2b6f820d11716d67290e9b83dc18c16039dbc6f120e5f2"}
2024-10-24T14:32:04.396Z	DEBUG	config	operand is	{"key": "rbac-query-proxy", "name": "observability-rbac-query-proxy"}
2024-10-24T14:32:04.396Z	DEBUG	config	operand is	{"key": "observatorium", "name": "observability"}
2024-10-24T14:32:04.396Z	DEBUG	config	operand is	{"key": "observatorium", "name": "observability"}
2024-10-24T14:32:04.396Z	DEBUG	config	image replacement	{"componentName": "rbac_query_proxy", "image": "registry.redhat.io/rhacm2/rbac-query-proxy-rhel9@sha256:8a0b372f52004a9855d4d42c4bbd7d09d586e9d0fabdb73d525b1a23b030b1ed"}
2024-10-24T14:32:04.399Z	DEBUG	config	image replacement	{"componentName": "observatorium_operator", "image": "registry.redhat.io/rhacm2/observatorium-rhel9-operator@sha256:20bae12383bdb261dfbb7274975374fad90f4831ff9787a26aac626d26f1ef16"}
2024-10-24T14:32:04.399Z	DEBUG	config	operand is	{"key": "observatorium-operator", "name": "observability-observatorium-operator"}
2024-10-24T14:32:04.413Z	INFO	deploying	Skip creation	{"Kind": "/v1, Kind=ConfigMap", "Name": "observability-managed-cluster-label-allowlist"}
2024-10-24T14:32:04.432Z	INFO	deploying	Update	{"kind": "Secret", "kindVersion": "v1", "name": "grafana-config"}
2024-10-24T14:32:05.491Z	DEBUG	controller_multiclustermonitoring	check status ready goroutine is triggered.
2024-10-24T14:32:06.133Z	INFO	deploying	Skip creation	{"Kind": "/v1, Kind=Secret", "Name": "alertmanager-config"}
2024-10-24T14:32:06.135Z	INFO	deploying	Skip creation	{"Kind": "/v1, Kind=Secret", "Name": "alertmanager-proxy"}
2024-10-24T14:32:06.177Z	INFO	deploying	Update	{"kind": "Secret", "kindVersion": "v1", "name": "alertmanager-kube-rbac-proxy-metric"}
2024-10-24T14:32:06.333Z	INFO	deploying	Skip creation	{"Kind": "/v1, Kind=Secret", "Name": "rbac-proxy-cookie-secret"}
2024-10-24T14:32:06.379Z	DEBUG	config	image replacement	{"componentName": "multicluster_observability_addon", "image": ""}
2024-10-24T14:32:06.379Z	DEBUG	config	operand is	{"key": "multicluster-observability-addon", "name": "observability-multicluster-observability-addon"}
2024-10-24T14:32:06.399Z	INFO	controller_certificates	CA secrets already existed	{"name": "observability-server-ca-certs"}
2024-10-24T14:32:06.399Z	INFO	controller_certificates	CA secrets already existed	{"name": "observability-client-ca-certs"}
2024-10-24T14:32:06.399Z	DEBUG	config	operand is	{"key": "observatorium", "name": "observability"}
2024-10-24T14:32:06.399Z	INFO	controller_certificates	Certificate secrets already existed	{"name": "observability-server-certs"}
2024-10-24T14:32:06.399Z	INFO	controller_certificates	Certificate secrets already existed	{"name": "observability-grafana-certs"}
2024-10-24T14:32:06.399Z	DEBUG	config	operand is	{"key": "observatorium", "name": "observability"}
2024-10-24T14:32:06.399Z	INFO	controller_multiclustermonitoring	storageClassSelected	{"storageClassSelected": "gp3-csi"}
2024-10-24T14:32:06.399Z	DEBUG	config	image replacement	{"componentName": "observatorium", "image": "registry.redhat.io/rhacm2/observatorium-rhel9@sha256:330c3274f16a34d79ba5ac53ddbd2fe47778aff9c01e8e26fdc5b753e634962f"}
2024-10-24T14:32:06.399Z	DEBUG	config	image replacement	{"componentName": "configmap_reloader", "image": "registry.redhat.io/openshift4/ose-configmap-reloader@sha256:fa5b2e42a27e3ab5f0a0d2a103b5602b81d1b29eb788b54cc60ad547744ad053"}
2024-10-24T14:32:06.399Z	DEBUG	config	image replacement	{"componentName": "memcached", "image": "registry.redhat.io/rhacm2/memcached-rhel9@sha256:9600034019ce695e89aecb6ac255d591b201fc40a7f3d9796f42d043f0340623"}
2024-10-24T14:32:06.399Z	DEBUG	config	image replacement	{"componentName": "memcached_exporter", "image": "registry.redhat.io/rhacm2/memcached-exporter-rhel9@sha256:2c6e39ecbeed3dc4d30225b9a2ed0840c6d41c032ee08d63c7f8f092f3ee81e6"}
2024-10-24T14:32:06.399Z	DEBUG	config	image replacement	{"componentName": "thanos_receive_controller", "image": "registry.redhat.io/rhacm2/thanos-receive-controller-rhel9@sha256:739292da294b1b536cfea4d4cb63bc39f95cb917695026b1660f9022a73d58ee"}
2024-10-24T14:32:06.399Z	DEBUG	config	image replacement	{"componentName": "memcached", "image": "registry.redhat.io/rhacm2/memcached-rhel9@sha256:9600034019ce695e89aecb6ac255d591b201fc40a7f3d9796f42d043f0340623"}
2024-10-24T14:32:06.399Z	DEBUG	config	image replacement	{"componentName": "memcached_exporter", "image": "registry.redhat.io/rhacm2/memcached-exporter-rhel9@sha256:2c6e39ecbeed3dc4d30225b9a2ed0840c6d41c032ee08d63c7f8f092f3ee81e6"}
2024-10-24T14:32:06.399Z	DEBUG	config	image replacement	{"componentName": "thanos", "image": "registry.redhat.io/rhacm2/thanos-rhel9@sha256:caf27fd686b2ae1d6cb0ebe02cf195a2e7caece3ac8bda0c0e88f92678da6bd2"}
2024-10-24T14:32:06.399Z	DEBUG	config	operand is	{"key": "observatorium", "name": "observability"}
2024-10-24T14:32:06.399Z	INFO	controller_multiclustermonitoring	Coleen Old observatorium CR spec	{"oldSpec": {"image":"registry.redhat.io/rhacm2/thanos-rhel9@sha256:caf27fd686b2ae1d6cb0ebe02cf195a2e7caece3ac8bda0c0e88f92678da6bd2","imagePullPolicy":"IfNotPresent","compact":{"replicas":1,"volumeClaimTemplate":{"spec":{"accessModes":["ReadWriteOnce"],"resources":{"requests":{"storage":"200Gi"}},"storageClassName":"gp3-csi"}},"retentionResolutionRaw":"365d","retentionResolution5m":"365d","retentionResolution1h":"365d","enableDownsampling":true,"resources":{"requests":{"cpu":"100m","memory":"512Mi"}},"serviceMonitor":true,"deleteDelay":"48h"},"receiveController":{"image":"registry.redhat.io/rhacm2/thanos-receive-controller-rhel9@sha256:739292da294b1b536cfea4d4cb63bc39f95cb917695026b1660f9022a73d58ee","imagePullPolicy":"IfNotPresent","version":"master-2022-04-01-b58820f","resources":{"requests":{"cpu":"4m","memory":"32Mi"}},"serviceMonitor":true},"receivers":{"replicas":3,"volumeClaimTemplate":{"spec":{"accessModes":["ReadWriteOnce"],"resources":{"requests":{"storage":"100Gi"}},"storageClassName":"gp3-csi"}},"replicationFactor":3,"resources":{"requests":{"cpu":"300m","memory":"512Mi"}},"serviceMonitor":true,"retention":"24h"},"queryFrontend":{"replicas":2,"resources":{"requests":{"cpu":"100m","memory":"256Mi"}},"serviceMonitor":true,"cache":{"image":"registry.redhat.io/rhacm2/memcached-rhel9@sha256:9600034019ce695e89aecb6ac255d591b201fc40a7f3d9796f42d043f0340623","imagePullPolicy":"IfNotPresent","version":"1.6.3-alpine","exporterImage":"registry.redhat.io/rhacm2/memcached-exporter-rhel9@sha256:2c6e39ecbeed3dc4d30225b9a2ed0840c6d41c032ee08d63c7f8f092f3ee81e6","exporterImagePullPolicy":"IfNotPresent","exporterVersion":"v0.9.0","replicas":3,"memoryLimitMb":1024,"maxItemSize":"1m","connectionLimit":1024,"resources":{"requests":{"cpu":"45m","memory":"128Mi"}},"exporterResources":{"requests":{"cpu":"5m","memory":"50Mi"}},"serviceMonitor":true}},"store":{"volumeClaimTemplate":{"spec":{"accessModes":["ReadWriteOnce"],"resources":{"requests":{"storage":"10Gi"}},"storageClassName":"gp3-csi"}},"shards":3,"cache":{"image":"registry.redhat.io/rhacm2/memcached-rhel9@sha256:9600034019ce695e89aecb6ac255d591b201fc40a7f3d9796f42d043f0340623","imagePullPolicy":"IfNotPresent","version":"1.6.3-alpine","exporterImage":"registry.redhat.io/rhacm2/memcached-exporter-rhel9@sha256:2c6e39ecbeed3dc4d30225b9a2ed0840c6d41c032ee08d63c7f8f092f3ee81e6","exporterImagePullPolicy":"IfNotPresent","exporterVersion":"v0.9.0","replicas":3,"memoryLimitMb":1024,"maxItemSize":"1m","connectionLimit":1024,"resources":{"requests":{"cpu":"45m","memory":"128Mi"}},"exporterResources":{"requests":{"cpu":"5m","memory":"50Mi"}},"serviceMonitor":true},"resources":{"requests":{"cpu":"100m","memory":"1Gi"}},"serviceMonitor":true},"rule":{"replicas":3,"volumeClaimTemplate":{"spec":{"accessModes":["ReadWriteOnce"],"resources":{"requests":{"storage":"1Gi"}},"storageClassName":"gp3-csi"}},"rulesConfig":[{"name":"thanos-ruler-default-rules","key":"default_rules.yaml"}],"extraVolumeMounts":[{"type":"configMap","mountPath":"/etc/thanos/configmaps/alertmanager-ca-bundle","name":"alertmanager-ca-bundle","key":"service-ca.crt"}],"alertmanagerConfigFile":{"name":"thanos-ruler-config","key":"config.yaml"},"reloaderImage":"registry.redhat.io/openshift4/ose-configmap-reloader@sha256:fa5b2e42a27e3ab5f0a0d2a103b5602b81d1b29eb788b54cc60ad547744ad053","reloaderImagePullPolicy":"IfNotPresent","resources":{"requests":{"cpu":"50m","memory":"512Mi"}},"reloaderResources":{"requests":{"cpu":"4m","memory":"25Mi"}},"serviceMonitor":true,"blockDuration":"2h","retention":"24h","evalInterval":"300s"},"query":{"replicas":2,"resources":{"requests":{"cpu":"300m","memory":"1Gi"}},"serviceMonitor":true,"lookbackDelta":"600s"}}}
2024-10-24T14:32:06.399Z	INFO	controller_multiclustermonitoring	Coleen New observatorium CR spec	{"newSpec": {"image":"registry.redhat.io/rhacm2/thanos-rhel9@sha256:caf27fd686b2ae1d6cb0ebe02cf195a2e7caece3ac8bda0c0e88f92678da6bd2","imagePullPolicy":"IfNotPresent","compact":{"replicas":1,"volumeClaimTemplate":{"spec":{"accessModes":["ReadWriteOnce"],"resources":{"requests":{"storage":"200Gi"}},"storageClassName":"gp3-csi"}},"retentionResolutionRaw":"365d","retentionResolution5m":"365d","retentionResolution1h":"365d","enableDownsampling":true,"resources":{"requests":{"cpu":"500m","memory":"1Gi"}},"serviceMonitor":true,"deleteDelay":"48h"},"receiveController":{"image":"registry.redhat.io/rhacm2/thanos-receive-controller-rhel9@sha256:739292da294b1b536cfea4d4cb63bc39f95cb917695026b1660f9022a73d58ee","imagePullPolicy":"IfNotPresent","version":"master-2022-04-01-b58820f","resources":{"requests":{"cpu":"4m","memory":"32Mi"}},"serviceMonitor":true},"receivers":{"replicas":3,"volumeClaimTemplate":{"spec":{"accessModes":["ReadWriteOnce"],"resources":{"requests":{"storage":"100Gi"}},"storageClassName":"gp3-csi"}},"replicationFactor":3,"resources":{"requests":{"cpu":"300m","memory":"512Mi"}},"serviceMonitor":true,"retention":"24h"},"queryFrontend":{"replicas":2,"resources":{"requests":{"cpu":"100m","memory":"256Mi"}},"serviceMonitor":true,"cache":{"image":"registry.redhat.io/rhacm2/memcached-rhel9@sha256:9600034019ce695e89aecb6ac255d591b201fc40a7f3d9796f42d043f0340623","imagePullPolicy":"IfNotPresent","version":"1.6.3-alpine","exporterImage":"registry.redhat.io/rhacm2/memcached-exporter-rhel9@sha256:2c6e39ecbeed3dc4d30225b9a2ed0840c6d41c032ee08d63c7f8f092f3ee81e6","exporterImagePullPolicy":"IfNotPresent","exporterVersion":"v0.9.0","replicas":3,"memoryLimitMb":1024,"maxItemSize":"1m","connectionLimit":1024,"resources":{"requests":{"cpu":"45m","memory":"128Mi"}},"exporterResources":{"requests":{"cpu":"5m","memory":"50Mi"}},"serviceMonitor":true}},"store":{"volumeClaimTemplate":{"spec":{"accessModes":["ReadWriteOnce"],"resources":{"requests":{"storage":"10Gi"}},"storageClassName":"gp3-csi"}},"shards":3,"cache":{"image":"registry.redhat.io/rhacm2/memcached-rhel9@sha256:9600034019ce695e89aecb6ac255d591b201fc40a7f3d9796f42d043f0340623","imagePullPolicy":"IfNotPresent","version":"1.6.3-alpine","exporterImage":"registry.redhat.io/rhacm2/memcached-exporter-rhel9@sha256:2c6e39ecbeed3dc4d30225b9a2ed0840c6d41c032ee08d63c7f8f092f3ee81e6","exporterImagePullPolicy":"IfNotPresent","exporterVersion":"v0.9.0","replicas":3,"memoryLimitMb":1024,"maxItemSize":"1m","connectionLimit":1024,"resources":{"requests":{"cpu":"45m","memory":"128Mi"}},"exporterResources":{"requests":{"cpu":"5m","memory":"50Mi"}},"serviceMonitor":true},"resources":{"requests":{"cpu":"100m","memory":"1Gi"}},"serviceMonitor":true},"rule":{"replicas":3,"volumeClaimTemplate":{"spec":{"accessModes":["ReadWriteOnce"],"resources":{"requests":{"storage":"1Gi"}},"storageClassName":"gp3-csi"}},"rulesConfig":[{"name":"thanos-ruler-default-rules","key":"default_rules.yaml"}],"extraVolumeMounts":[{"type":"configMap","mountPath":"/etc/thanos/configmaps/alertmanager-ca-bundle","name":"alertmanager-ca-bundle","key":"service-ca.crt"}],"alertmanagerConfigFile":{"name":"thanos-ruler-config","key":"config.yaml"},"reloaderImage":"registry.redhat.io/openshift4/ose-configmap-reloader@sha256:fa5b2e42a27e3ab5f0a0d2a103b5602b81d1b29eb788b54cc60ad547744ad053","reloaderImagePullPolicy":"IfNotPresent","resources":{"requests":{"cpu":"50m","memory":"512Mi"}},"reloaderResources":{"requests":{"cpu":"4m","memory":"25Mi"}},"serviceMonitor":true,"blockDuration":"2h","retention":"24h","evalInterval":"300s"},"query":{"replicas":2,"resources":{"requests":{"cpu":"300m","memory":"1Gi"}},"serviceMonitor":true,"lookbackDelta":"600s"}}}
2024-10-24T14:32:06.400Z	INFO	controller_multiclustermonitoring	StorageVersionMigration already existed/unchanged	{"name": "storage-version-migration-observability"}
2024-10-24T14:32:06.400Z	INFO	controller_multiclustermonitoring	Reconciling MultiClusterObservability	{"Request.Namespace": "", "Request.Name": "observability"}
2024-10-24T14:32:06.400Z	DEBUG	controller_multiclustermonitoring	status update goroutine is triggered.
2024-10-24T14:32:06.402Z	INFO	util	unable to get CRD with ApiextensionsV1 Client, not found.	{"CRD": "multiclusterglobalhubs.operator.open-cluster-management.io"}
2024-10-24T14:32:06.404Z	DEBUG	config	operand is	{"key": "grafana", "name": "observability-grafana"}
2024-10-24T14:32:06.404Z	DEBUG	config	image replacement	{"componentName": "grafana", "image": "registry.redhat.io/rhacm2/acm-grafana-rhel9@sha256:74ad9db2286eef85e6c278cad1840a144ab50e8db1fced736974432dc4b9e0dd"}
2024-10-24T14:32:06.405Z	DEBUG	config	image replacement	{"componentName": "grafana_dashboard_loader", "image": "registry.redhat.io/rhacm2/grafana-dashboard-loader-rhel9@sha256:e2ff942d47e7e703a5fb11a2aacaac610e53273c74284d3b6da88bc70b8e7b7a"}
2024-10-24T14:32:06.410Z	DEBUG	config	operand is	{"key": "alertmanager", "name": "observability-alertmanager"}
2024-10-24T14:32:06.410Z	DEBUG	config	operand is	{"key": "alertmanager", "name": "observability-alertmanager"}
2024-10-24T14:32:06.410Z	DEBUG	config	operand is	{"key": "alertmanager", "name": "observability-alertmanager"}
2024-10-24T14:32:06.410Z	DEBUG	config	operand is	{"key": "alertmanager", "name": "observability-alertmanager"}
2024-10-24T14:32:06.410Z	DEBUG	config	image replacement	{"componentName": "prometheus_alertmanager", "image": "registry.redhat.io/rhacm2/prometheus-alertmanager-rhel9@sha256:6429a938750a655c2081cf3d6021a7377f6a3aa5cd43587885d4d49a9e528ee4"}
2024-10-24T14:32:06.410Z	DEBUG	config	image replacement	{"componentName": "configmap_reloader", "image": "registry.redhat.io/openshift4/ose-configmap-reloader@sha256:fa5b2e42a27e3ab5f0a0d2a103b5602b81d1b29eb788b54cc60ad547744ad053"}
2024-10-24T14:32:06.413Z	DEBUG	config	image replacement	{"componentName": "kube_rbac_proxy", "image": "registry.redhat.io/rhacm2/kube-rbac-proxy-rhel9@sha256:c60a1d52359493a41b2b6f820d11716d67290e9b83dc18c16039dbc6f120e5f2"}
2024-10-24T14:32:06.429Z	DEBUG	config	operand is	{"key": "rbac-query-proxy", "name": "observability-rbac-query-proxy"}
2024-10-24T14:32:06.429Z	DEBUG	config	operand is	{"key": "observatorium", "name": "observability"}
2024-10-24T14:32:06.430Z	DEBUG	config	operand is	{"key": "observatorium", "name": "observability"}
2024-10-24T14:32:06.430Z	DEBUG	config	image replacement	{"componentName": "rbac_query_proxy", "image": "registry.redhat.io/rhacm2/rbac-query-proxy-rhel9@sha256:8a0b372f52004a9855d4d42c4bbd7d09d586e9d0fabdb73d525b1a23b030b1ed"}
2024-10-24T14:32:06.433Z	DEBUG	config	image replacement	{"componentName": "observatorium_operator", "image": "registry.redhat.io/rhacm2/observatorium-rhel9-operator@sha256:20bae12383bdb261dfbb7274975374fad90f4831ff9787a26aac626d26f1ef16"}
2024-10-24T14:32:06.433Z	DEBUG	config	operand is	{"key": "observatorium-operator", "name": "observability-observatorium-operator"}
2024-10-24T14:32:06.446Z	INFO	deploying	Skip creation	{"Kind": "/v1, Kind=ConfigMap", "Name": "observability-managed-cluster-label-allowlist"}
2024-10-24T14:32:06.484Z	INFO	deploying	Update	{"kind": "Secret", "kindVersion": "v1", "name": "grafana-config"}
2024-10-24T14:32:07.491Z	DEBUG	controller_multiclustermonitoring	check status ready goroutine is triggered.
2024-10-24T14:32:08.181Z	INFO	deploying	Skip creation	{"Kind": "/v1, Kind=Secret", "Name": "alertmanager-config"}
2024-10-24T14:32:08.183Z	INFO	deploying	Skip creation	{"Kind": "/v1, Kind=Secret", "Name": "alertmanager-proxy"}
2024-10-24T14:32:08.227Z	INFO	deploying	Update	{"kind": "Secret", "kindVersion": "v1", "name": "alertmanager-kube-rbac-proxy-metric"}
2024-10-24T14:32:08.383Z	INFO	deploying	Skip creation	{"Kind": "/v1, Kind=Secret", "Name": "rbac-proxy-cookie-secret"}
2024-10-24T14:32:08.430Z	DEBUG	config	image replacement	{"componentName": "multicluster_observability_addon", "image": ""}
2024-10-24T14:32:08.430Z	DEBUG	config	operand is	{"key": "multicluster-observability-addon", "name": "observability-multicluster-observability-addon"}
2024-10-24T14:32:08.454Z	INFO	controller_certificates	CA secrets already existed	{"name": "observability-server-ca-certs"}
2024-10-24T14:32:08.454Z	INFO	controller_certificates	CA secrets already existed	{"name": "observability-client-ca-certs"}
2024-10-24T14:32:08.454Z	DEBUG	config	operand is	{"key": "observatorium", "name": "observability"}
2024-10-24T14:32:08.454Z	INFO	controller_certificates	Certificate secrets already existed	{"name": "observability-server-certs"}
2024-10-24T14:32:08.454Z	INFO	controller_certificates	Certificate secrets already existed	{"name": "observability-grafana-certs"}
2024-10-24T14:32:08.454Z	DEBUG	config	operand is	{"key": "observatorium", "name": "observability"}
2024-10-24T14:32:08.454Z	INFO	controller_multiclustermonitoring	storageClassSelected	{"storageClassSelected": "gp3-csi"}
2024-10-24T14:32:08.454Z	DEBUG	config	image replacement	{"componentName": "observatorium", "image": "registry.redhat.io/rhacm2/observatorium-rhel9@sha256:330c3274f16a34d79ba5ac53ddbd2fe47778aff9c01e8e26fdc5b753e634962f"}
2024-10-24T14:32:08.454Z	DEBUG	config	image replacement	{"componentName": "configmap_reloader", "image": "registry.redhat.io/openshift4/ose-configmap-reloader@sha256:fa5b2e42a27e3ab5f0a0d2a103b5602b81d1b29eb788b54cc60ad547744ad053"}
2024-10-24T14:32:08.454Z	DEBUG	config	image replacement	{"componentName": "memcached", "image": "registry.redhat.io/rhacm2/memcached-rhel9@sha256:9600034019ce695e89aecb6ac255d591b201fc40a7f3d9796f42d043f0340623"}
2024-10-24T14:32:08.454Z	DEBUG	config	image replacement	{"componentName": "memcached_exporter", "image": "registry.redhat.io/rhacm2/memcached-exporter-rhel9@sha256:2c6e39ecbeed3dc4d30225b9a2ed0840c6d41c032ee08d63c7f8f092f3ee81e6"}
2024-10-24T14:32:08.454Z	DEBUG	config	image replacement	{"componentName": "thanos_receive_controller", "image": "registry.redhat.io/rhacm2/thanos-receive-controller-rhel9@sha256:739292da294b1b536cfea4d4cb63bc39f95cb917695026b1660f9022a73d58ee"}
2024-10-24T14:32:08.454Z	DEBUG	config	image replacement	{"componentName": "memcached", "image": "registry.redhat.io/rhacm2/memcached-rhel9@sha256:9600034019ce695e89aecb6ac255d591b201fc40a7f3d9796f42d043f0340623"}
2024-10-24T14:32:08.454Z	DEBUG	config	image replacement	{"componentName": "memcached_exporter", "image": "registry.redhat.io/rhacm2/memcached-exporter-rhel9@sha256:2c6e39ecbeed3dc4d30225b9a2ed0840c6d41c032ee08d63c7f8f092f3ee81e6"}
2024-10-24T14:32:08.454Z	DEBUG	config	image replacement	{"componentName": "thanos", "image": "registry.redhat.io/rhacm2/thanos-rhel9@sha256:caf27fd686b2ae1d6cb0ebe02cf195a2e7caece3ac8bda0c0e88f92678da6bd2"}
2024-10-24T14:32:08.454Z	DEBUG	config	operand is	{"key": "observatorium", "name": "observability"}
2024-10-24T14:32:08.454Z	INFO	controller_multiclustermonitoring	Coleen Old observatorium CR spec	{"oldSpec": {"image":"registry.redhat.io/rhacm2/thanos-rhel9@sha256:caf27fd686b2ae1d6cb0ebe02cf195a2e7caece3ac8bda0c0e88f92678da6bd2","imagePullPolicy":"IfNotPresent","compact":{"replicas":1,"volumeClaimTemplate":{"spec":{"accessModes":["ReadWriteOnce"],"resources":{"requests":{"storage":"200Gi"}},"storageClassName":"gp3-csi"}},"retentionResolutionRaw":"365d","retentionResolution5m":"365d","retentionResolution1h":"365d","enableDownsampling":true,"resources":{"requests":{"cpu":"100m","memory":"512Mi"}},"serviceMonitor":true,"deleteDelay":"48h"},"receiveController":{"image":"registry.redhat.io/rhacm2/thanos-receive-controller-rhel9@sha256:739292da294b1b536cfea4d4cb63bc39f95cb917695026b1660f9022a73d58ee","imagePullPolicy":"IfNotPresent","version":"master-2022-04-01-b58820f","resources":{"requests":{"cpu":"4m","memory":"32Mi"}},"serviceMonitor":true},"receivers":{"replicas":3,"volumeClaimTemplate":{"spec":{"accessModes":["ReadWriteOnce"],"resources":{"requests":{"storage":"100Gi"}},"storageClassName":"gp3-csi"}},"replicationFactor":3,"resources":{"requests":{"cpu":"300m","memory":"512Mi"}},"serviceMonitor":true,"retention":"24h"},"queryFrontend":{"replicas":2,"resources":{"requests":{"cpu":"100m","memory":"256Mi"}},"serviceMonitor":true,"cache":{"image":"registry.redhat.io/rhacm2/memcached-rhel9@sha256:9600034019ce695e89aecb6ac255d591b201fc40a7f3d9796f42d043f0340623","imagePullPolicy":"IfNotPresent","version":"1.6.3-alpine","exporterImage":"registry.redhat.io/rhacm2/memcached-exporter-rhel9@sha256:2c6e39ecbeed3dc4d30225b9a2ed0840c6d41c032ee08d63c7f8f092f3ee81e6","exporterImagePullPolicy":"IfNotPresent","exporterVersion":"v0.9.0","replicas":3,"memoryLimitMb":1024,"maxItemSize":"1m","connectionLimit":1024,"resources":{"requests":{"cpu":"45m","memory":"128Mi"}},"exporterResources":{"requests":{"cpu":"5m","memory":"50Mi"}},"serviceMonitor":true}},"store":{"volumeClaimTemplate":{"spec":{"accessModes":["ReadWriteOnce"],"resources":{"requests":{"storage":"10Gi"}},"storageClassName":"gp3-csi"}},"shards":3,"cache":{"image":"registry.redhat.io/rhacm2/memcached-rhel9@sha256:9600034019ce695e89aecb6ac255d591b201fc40a7f3d9796f42d043f0340623","imagePullPolicy":"IfNotPresent","version":"1.6.3-alpine","exporterImage":"registry.redhat.io/rhacm2/memcached-exporter-rhel9@sha256:2c6e39ecbeed3dc4d30225b9a2ed0840c6d41c032ee08d63c7f8f092f3ee81e6","exporterImagePullPolicy":"IfNotPresent","exporterVersion":"v0.9.0","replicas":3,"memoryLimitMb":1024,"maxItemSize":"1m","connectionLimit":1024,"resources":{"requests":{"cpu":"45m","memory":"128Mi"}},"exporterResources":{"requests":{"cpu":"5m","memory":"50Mi"}},"serviceMonitor":true},"resources":{"requests":{"cpu":"100m","memory":"1Gi"}},"serviceMonitor":true},"rule":{"replicas":3,"volumeClaimTemplate":{"spec":{"accessModes":["ReadWriteOnce"],"resources":{"requests":{"storage":"1Gi"}},"storageClassName":"gp3-csi"}},"rulesConfig":[{"name":"thanos-ruler-default-rules","key":"default_rules.yaml"}],"extraVolumeMounts":[{"type":"configMap","mountPath":"/etc/thanos/configmaps/alertmanager-ca-bundle","name":"alertmanager-ca-bundle","key":"service-ca.crt"}],"alertmanagerConfigFile":{"name":"thanos-ruler-config","key":"config.yaml"},"reloaderImage":"registry.redhat.io/openshift4/ose-configmap-reloader@sha256:fa5b2e42a27e3ab5f0a0d2a103b5602b81d1b29eb788b54cc60ad547744ad053","reloaderImagePullPolicy":"IfNotPresent","resources":{"requests":{"cpu":"50m","memory":"512Mi"}},"reloaderResources":{"requests":{"cpu":"4m","memory":"25Mi"}},"serviceMonitor":true,"blockDuration":"2h","retention":"24h","evalInterval":"300s"},"query":{"replicas":2,"resources":{"requests":{"cpu":"300m","memory":"1Gi"}},"serviceMonitor":true,"lookbackDelta":"600s"}}}
2024-10-24T14:32:08.454Z	INFO	controller_multiclustermonitoring	Coleen New observatorium CR spec	{"newSpec": {"image":"registry.redhat.io/rhacm2/thanos-rhel9@sha256:caf27fd686b2ae1d6cb0ebe02cf195a2e7caece3ac8bda0c0e88f92678da6bd2","imagePullPolicy":"IfNotPresent","compact":{"replicas":1,"volumeClaimTemplate":{"spec":{"accessModes":["ReadWriteOnce"],"resources":{"requests":{"storage":"200Gi"}},"storageClassName":"gp3-csi"}},"retentionResolutionRaw":"365d","retentionResolution5m":"365d","retentionResolution1h":"365d","enableDownsampling":true,"resources":{"requests":{"cpu":"500m","memory":"1Gi"}},"serviceMonitor":true,"deleteDelay":"48h"},"receiveController":{"image":"registry.redhat.io/rhacm2/thanos-receive-controller-rhel9@sha256:739292da294b1b536cfea4d4cb63bc39f95cb917695026b1660f9022a73d58ee","imagePullPolicy":"IfNotPresent","version":"master-2022-04-01-b58820f","resources":{"requests":{"cpu":"4m","memory":"32Mi"}},"serviceMonitor":true},"receivers":{"replicas":3,"volumeClaimTemplate":{"spec":{"accessModes":["ReadWriteOnce"],"resources":{"requests":{"storage":"100Gi"}},"storageClassName":"gp3-csi"}},"replicationFactor":3,"resources":{"requests":{"cpu":"300m","memory":"512Mi"}},"serviceMonitor":true,"retention":"24h"},"queryFrontend":{"replicas":2,"resources":{"requests":{"cpu":"100m","memory":"256Mi"}},"serviceMonitor":true,"cache":{"image":"registry.redhat.io/rhacm2/memcached-rhel9@sha256:9600034019ce695e89aecb6ac255d591b201fc40a7f3d9796f42d043f0340623","imagePullPolicy":"IfNotPresent","version":"1.6.3-alpine","exporterImage":"registry.redhat.io/rhacm2/memcached-exporter-rhel9@sha256:2c6e39ecbeed3dc4d30225b9a2ed0840c6d41c032ee08d63c7f8f092f3ee81e6","exporterImagePullPolicy":"IfNotPresent","exporterVersion":"v0.9.0","replicas":3,"memoryLimitMb":1024,"maxItemSize":"1m","connectionLimit":1024,"resources":{"requests":{"cpu":"45m","memory":"128Mi"}},"exporterResources":{"requests":{"cpu":"5m","memory":"50Mi"}},"serviceMonitor":true}},"store":{"volumeClaimTemplate":{"spec":{"accessModes":["ReadWriteOnce"],"resources":{"requests":{"storage":"10Gi"}},"storageClassName":"gp3-csi"}},"shards":3,"cache":{"image":"registry.redhat.io/rhacm2/memcached-rhel9@sha256:9600034019ce695e89aecb6ac255d591b201fc40a7f3d9796f42d043f0340623","imagePullPolicy":"IfNotPresent","version":"1.6.3-alpine","exporterImage":"registry.redhat.io/rhacm2/memcached-exporter-rhel9@sha256:2c6e39ecbeed3dc4d30225b9a2ed0840c6d41c032ee08d63c7f8f092f3ee81e6","exporterImagePullPolicy":"IfNotPresent","exporterVersion":"v0.9.0","replicas":3,"memoryLimitMb":1024,"maxItemSize":"1m","connectionLimit":1024,"resources":{"requests":{"cpu":"45m","memory":"128Mi"}},"exporterResources":{"requests":{"cpu":"5m","memory":"50Mi"}},"serviceMonitor":true},"resources":{"requests":{"cpu":"100m","memory":"1Gi"}},"serviceMonitor":true},"rule":{"replicas":3,"volumeClaimTemplate":{"spec":{"accessModes":["ReadWriteOnce"],"resources":{"requests":{"storage":"1Gi"}},"storageClassName":"gp3-csi"}},"rulesConfig":[{"name":"thanos-ruler-default-rules","key":"default_rules.yaml"}],"extraVolumeMounts":[{"type":"configMap","mountPath":"/etc/thanos/configmaps/alertmanager-ca-bundle","name":"alertmanager-ca-bundle","key":"service-ca.crt"}],"alertmanagerConfigFile":{"name":"thanos-ruler-config","key":"config.yaml"},"reloaderImage":"registry.redhat.io/openshift4/ose-configmap-reloader@sha256:fa5b2e42a27e3ab5f0a0d2a103b5602b81d1b29eb788b54cc60ad547744ad053","reloaderImagePullPolicy":"IfNotPresent","resources":{"requests":{"cpu":"50m","memory":"512Mi"}},"reloaderResources":{"requests":{"cpu":"4m","memory":"25Mi"}},"serviceMonitor":true,"blockDuration":"2h","retention":"24h","evalInterval":"300s"},"query":{"replicas":2,"resources":{"requests":{"cpu":"300m","memory":"1Gi"}},"serviceMonitor":true,"lookbackDelta":"600s"}}}
2024-10-24T14:32:08.455Z	INFO	controller_multiclustermonitoring	StorageVersionMigration already existed/unchanged	{"name": "storage-version-migration-observability"}
2024-10-24T14:32:08.455Z	INFO	controller_multiclustermonitoring	Reconciling MultiClusterObservability	{"Request.Namespace": "", "Request.Name": "observability"}
2024-10-24T14:32:08.455Z	DEBUG	controller_multiclustermonitoring	status update goroutine is triggered.
2024-10-24T14:32:08.457Z	INFO	util	unable to get CRD with ApiextensionsV1 Client, not found.	{"CRD": "multiclusterglobalhubs.operator.open-cluster-management.io"}
2024-10-24T14:32:08.460Z	DEBUG	config	operand is	{"key": "grafana", "name": "observability-grafana"}
2024-10-24T14:32:08.460Z	DEBUG	config	image replacement	{"componentName": "grafana", "image": "registry.redhat.io/rhacm2/acm-grafana-rhel9@sha256:74ad9db2286eef85e6c278cad1840a144ab50e8db1fced736974432dc4b9e0dd"}
2024-10-24T14:32:08.460Z	DEBUG	config	image replacement	{"componentName": "grafana_dashboard_loader", "image": "registry.redhat.io/rhacm2/grafana-dashboard-loader-rhel9@sha256:e2ff942d47e7e703a5fb11a2aacaac610e53273c74284d3b6da88bc70b8e7b7a"}
2024-10-24T14:32:08.465Z	DEBUG	config	operand is	{"key": "alertmanager", "name": "observability-alertmanager"}
2024-10-24T14:32:08.465Z	DEBUG	config	operand is	{"key": "alertmanager", "name": "observability-alertmanager"}
2024-10-24T14:32:08.465Z	DEBUG	config	operand is	{"key": "alertmanager", "name": "observability-alertmanager"}
2024-10-24T14:32:08.465Z	DEBUG	config	operand is	{"key": "alertmanager", "name": "observability-alertmanager"}
2024-10-24T14:32:08.465Z	DEBUG	config	image replacement	{"componentName": "prometheus_alertmanager", "image": "registry.redhat.io/rhacm2/prometheus-alertmanager-rhel9@sha256:6429a938750a655c2081cf3d6021a7377f6a3aa5cd43587885d4d49a9e528ee4"}
2024-10-24T14:32:08.465Z	DEBUG	config	image replacement	{"componentName": "configmap_reloader", "image": "registry.redhat.io/openshift4/ose-configmap-reloader@sha256:fa5b2e42a27e3ab5f0a0d2a103b5602b81d1b29eb788b54cc60ad547744ad053"}
2024-10-24T14:32:08.469Z	DEBUG	config	image replacement	{"componentName": "kube_rbac_proxy", "image": "registry.redhat.io/rhacm2/kube-rbac-proxy-rhel9@sha256:c60a1d52359493a41b2b6f820d11716d67290e9b83dc18c16039dbc6f120e5f2"}
2024-10-24T14:32:08.473Z	DEBUG	config	operand is	{"key": "rbac-query-proxy", "name": "observability-rbac-query-proxy"}
2024-10-24T14:32:08.473Z	DEBUG	config	operand is	{"key": "observatorium", "name": "observability"}
2024-10-24T14:32:08.473Z	DEBUG	config	operand is	{"key": "observatorium", "name": "observability"}
2024-10-24T14:32:08.473Z	DEBUG	config	image replacement	{"componentName": "rbac_query_proxy", "image": "registry.redhat.io/rhacm2/rbac-query-proxy-rhel9@sha256:8a0b372f52004a9855d4d42c4bbd7d09d586e9d0fabdb73d525b1a23b030b1ed"}
2024-10-24T14:32:08.477Z	DEBUG	config	image replacement	{"componentName": "observatorium_operator", "image": "registry.redhat.io/rhacm2/observatorium-rhel9-operator@sha256:20bae12383bdb261dfbb7274975374fad90f4831ff9787a26aac626d26f1ef16"}
2024-10-24T14:32:08.477Z	DEBUG	config	operand is	{"key": "observatorium-operator", "name": "observability-observatorium-operator"}
2024-10-24T14:32:08.490Z	INFO	deploying	Skip creation	{"Kind": "/v1, Kind=ConfigMap", "Name": "observability-managed-cluster-label-allowlist"}
2024-10-24T14:32:08.533Z	INFO	deploying	Update	{"kind": "Secret", "kindVersion": "v1", "name": "grafana-config"}
2024-10-24T14:32:09.492Z	DEBUG	controller_multiclustermonitoring	check status ready goroutine is triggered.
2024-10-24T14:32:10.229Z	INFO	deploying	Skip creation	{"Kind": "/v1, Kind=Secret", "Name": "alertmanager-config"}
2024-10-24T14:32:10.230Z	INFO	deploying	Skip creation	{"Kind": "/v1, Kind=Secret", "Name": "alertmanager-proxy"}
2024-10-24T14:32:10.276Z	INFO	deploying	Update	{"kind": "Secret", "kindVersion": "v1", "name": "alertmanager-kube-rbac-proxy-metric"}
2024-10-24T14:32:10.431Z	INFO	deploying	Skip creation	{"Kind": "/v1, Kind=Secret", "Name": "rbac-proxy-cookie-secret"}
2024-10-24T14:32:10.478Z	DEBUG	config	image replacement	{"componentName": "multicluster_observability_addon", "image": ""}
2024-10-24T14:32:10.479Z	DEBUG	config	operand is	{"key": "multicluster-observability-addon", "name": "observability-multicluster-observability-addon"}
2024-10-24T14:32:10.495Z	INFO	controller_certificates	CA secrets already existed	{"name": "observability-server-ca-certs"}
2024-10-24T14:32:10.495Z	INFO	controller_certificates	CA secrets already existed	{"name": "observability-client-ca-certs"}
2024-10-24T14:32:10.495Z	DEBUG	config	operand is	{"key": "observatorium", "name": "observability"}
2024-10-24T14:32:10.495Z	INFO	controller_certificates	Certificate secrets already existed	{"name": "observability-server-certs"}
2024-10-24T14:32:10.495Z	INFO	controller_certificates	Certificate secrets already existed	{"name": "observability-grafana-certs"}
2024-10-24T14:32:10.495Z	DEBUG	config	operand is	{"key": "observatorium", "name": "observability"}
2024-10-24T14:32:10.495Z	INFO	controller_multiclustermonitoring	storageClassSelected	{"storageClassSelected": "gp3-csi"}
2024-10-24T14:32:10.495Z	DEBUG	config	image replacement	{"componentName": "observatorium", "image": "registry.redhat.io/rhacm2/observatorium-rhel9@sha256:330c3274f16a34d79ba5ac53ddbd2fe47778aff9c01e8e26fdc5b753e634962f"}
2024-10-24T14:32:10.495Z	DEBUG	config	image replacement	{"componentName": "configmap_reloader", "image": "registry.redhat.io/openshift4/ose-configmap-reloader@sha256:fa5b2e42a27e3ab5f0a0d2a103b5602b81d1b29eb788b54cc60ad547744ad053"}
2024-10-24T14:32:10.495Z	DEBUG	config	image replacement	{"componentName": "memcached", "image": "registry.redhat.io/rhacm2/memcached-rhel9@sha256:9600034019ce695e89aecb6ac255d591b201fc40a7f3d9796f42d043f0340623"}
2024-10-24T14:32:10.495Z	DEBUG	config	image replacement	{"componentName": "memcached_exporter", "image": "registry.redhat.io/rhacm2/memcached-exporter-rhel9@sha256:2c6e39ecbeed3dc4d30225b9a2ed0840c6d41c032ee08d63c7f8f092f3ee81e6"}
2024-10-24T14:32:10.495Z	DEBUG	config	image replacement	{"componentName": "thanos_receive_controller", "image": "registry.redhat.io/rhacm2/thanos-receive-controller-rhel9@sha256:739292da294b1b536cfea4d4cb63bc39f95cb917695026b1660f9022a73d58ee"}
2024-10-24T14:32:10.495Z	DEBUG	config	image replacement	{"componentName": "memcached", "image": "registry.redhat.io/rhacm2/memcached-rhel9@sha256:9600034019ce695e89aecb6ac255d591b201fc40a7f3d9796f42d043f0340623"}
2024-10-24T14:32:10.495Z	DEBUG	config	image replacement	{"componentName": "memcached_exporter", "image": "registry.redhat.io/rhacm2/memcached-exporter-rhel9@sha256:2c6e39ecbeed3dc4d30225b9a2ed0840c6d41c032ee08d63c7f8f092f3ee81e6"}
2024-10-24T14:32:10.495Z	DEBUG	config	image replacement	{"componentName": "thanos", "image": "registry.redhat.io/rhacm2/thanos-rhel9@sha256:caf27fd686b2ae1d6cb0ebe02cf195a2e7caece3ac8bda0c0e88f92678da6bd2"}
2024-10-24T14:32:10.495Z	DEBUG	config	operand is	{"key": "observatorium", "name": "observability"}
2024-10-24T14:32:10.495Z	INFO	controller_multiclustermonitoring	Coleen Old observatorium CR spec	{"oldSpec": {"image":"registry.redhat.io/rhacm2/thanos-rhel9@sha256:caf27fd686b2ae1d6cb0ebe02cf195a2e7caece3ac8bda0c0e88f92678da6bd2","imagePullPolicy":"IfNotPresent","compact":{"replicas":1,"volumeClaimTemplate":{"spec":{"accessModes":["ReadWriteOnce"],"resources":{"requests":{"storage":"200Gi"}},"storageClassName":"gp3-csi"}},"retentionResolutionRaw":"365d","retentionResolution5m":"365d","retentionResolution1h":"365d","enableDownsampling":true,"resources":{"requests":{"cpu":"100m","memory":"512Mi"}},"serviceMonitor":true,"deleteDelay":"48h"},"receiveController":{"image":"registry.redhat.io/rhacm2/thanos-receive-controller-rhel9@sha256:739292da294b1b536cfea4d4cb63bc39f95cb917695026b1660f9022a73d58ee","imagePullPolicy":"IfNotPresent","version":"master-2022-04-01-b58820f","resources":{"requests":{"cpu":"4m","memory":"32Mi"}},"serviceMonitor":true},"receivers":{"replicas":3,"volumeClaimTemplate":{"spec":{"accessModes":["ReadWriteOnce"],"resources":{"requests":{"storage":"100Gi"}},"storageClassName":"gp3-csi"}},"replicationFactor":3,"resources":{"requests":{"cpu":"300m","memory":"512Mi"}},"serviceMonitor":true,"retention":"24h"},"queryFrontend":{"replicas":2,"resources":{"requests":{"cpu":"100m","memory":"256Mi"}},"serviceMonitor":true,"cache":{"image":"registry.redhat.io/rhacm2/memcached-rhel9@sha256:9600034019ce695e89aecb6ac255d591b201fc40a7f3d9796f42d043f0340623","imagePullPolicy":"IfNotPresent","version":"1.6.3-alpine","exporterImage":"registry.redhat.io/rhacm2/memcached-exporter-rhel9@sha256:2c6e39ecbeed3dc4d30225b9a2ed0840c6d41c032ee08d63c7f8f092f3ee81e6","exporterImagePullPolicy":"IfNotPresent","exporterVersion":"v0.9.0","replicas":3,"memoryLimitMb":1024,"maxItemSize":"1m","connectionLimit":1024,"resources":{"requests":{"cpu":"45m","memory":"128Mi"}},"exporterResources":{"requests":{"cpu":"5m","memory":"50Mi"}},"serviceMonitor":true}},"store":{"volumeClaimTemplate":{"spec":{"accessModes":["ReadWriteOnce"],"resources":{"requests":{"storage":"10Gi"}},"storageClassName":"gp3-csi"}},"shards":3,"cache":{"image":"registry.redhat.io/rhacm2/memcached-rhel9@sha256:9600034019ce695e89aecb6ac255d591b201fc40a7f3d9796f42d043f0340623","imagePullPolicy":"IfNotPresent","version":"1.6.3-alpine","exporterImage":"registry.redhat.io/rhacm2/memcached-exporter-rhel9@sha256:2c6e39ecbeed3dc4d30225b9a2ed0840c6d41c032ee08d63c7f8f092f3ee81e6","exporterImagePullPolicy":"IfNotPresent","exporterVersion":"v0.9.0","replicas":3,"memoryLimitMb":1024,"maxItemSize":"1m","connectionLimit":1024,"resources":{"requests":{"cpu":"45m","memory":"128Mi"}},"exporterResources":{"requests":{"cpu":"5m","memory":"50Mi"}},"serviceMonitor":true},"resources":{"requests":{"cpu":"100m","memory":"1Gi"}},"serviceMonitor":true},"rule":{"replicas":3,"volumeClaimTemplate":{"spec":{"accessModes":["ReadWriteOnce"],"resources":{"requests":{"storage":"1Gi"}},"storageClassName":"gp3-csi"}},"rulesConfig":[{"name":"thanos-ruler-default-rules","key":"default_rules.yaml"}],"extraVolumeMounts":[{"type":"configMap","mountPath":"/etc/thanos/configmaps/alertmanager-ca-bundle","name":"alertmanager-ca-bundle","key":"service-ca.crt"}],"alertmanagerConfigFile":{"name":"thanos-ruler-config","key":"config.yaml"},"reloaderImage":"registry.redhat.io/openshift4/ose-configmap-reloader@sha256:fa5b2e42a27e3ab5f0a0d2a103b5602b81d1b29eb788b54cc60ad547744ad053","reloaderImagePullPolicy":"IfNotPresent","resources":{"requests":{"cpu":"50m","memory":"512Mi"}},"reloaderResources":{"requests":{"cpu":"4m","memory":"25Mi"}},"serviceMonitor":true,"blockDuration":"2h","retention":"24h","evalInterval":"300s"},"query":{"replicas":2,"resources":{"requests":{"cpu":"300m","memory":"1Gi"}},"serviceMonitor":true,"lookbackDelta":"600s"}}}
2024-10-24T14:32:10.495Z	INFO	controller_multiclustermonitoring	Coleen New observatorium CR spec	{"newSpec": {"image":"registry.redhat.io/rhacm2/thanos-rhel9@sha256:caf27fd686b2ae1d6cb0ebe02cf195a2e7caece3ac8bda0c0e88f92678da6bd2","imagePullPolicy":"IfNotPresent","compact":{"replicas":1,"volumeClaimTemplate":{"spec":{"accessModes":["ReadWriteOnce"],"resources":{"requests":{"storage":"200Gi"}},"storageClassName":"gp3-csi"}},"retentionResolutionRaw":"365d","retentionResolution5m":"365d","retentionResolution1h":"365d","enableDownsampling":true,"resources":{"requests":{"cpu":"500m","memory":"1Gi"}},"serviceMonitor":true,"deleteDelay":"48h"},"receiveController":{"image":"registry.redhat.io/rhacm2/thanos-receive-controller-rhel9@sha256:739292da294b1b536cfea4d4cb63bc39f95cb917695026b1660f9022a73d58ee","imagePullPolicy":"IfNotPresent","version":"master-2022-04-01-b58820f","resources":{"requests":{"cpu":"4m","memory":"32Mi"}},"serviceMonitor":true},"receivers":{"replicas":3,"volumeClaimTemplate":{"spec":{"accessModes":["ReadWriteOnce"],"resources":{"requests":{"storage":"100Gi"}},"storageClassName":"gp3-csi"}},"replicationFactor":3,"resources":{"requests":{"cpu":"300m","memory":"512Mi"}},"serviceMonitor":true,"retention":"24h"},"queryFrontend":{"replicas":2,"resources":{"requests":{"cpu":"100m","memory":"256Mi"}},"serviceMonitor":true,"cache":{"image":"registry.redhat.io/rhacm2/memcached-rhel9@sha256:9600034019ce695e89aecb6ac255d591b201fc40a7f3d9796f42d043f0340623","imagePullPolicy":"IfNotPresent","version":"1.6.3-alpine","exporterImage":"registry.redhat.io/rhacm2/memcached-exporter-rhel9@sha256:2c6e39ecbeed3dc4d30225b9a2ed0840c6d41c032ee08d63c7f8f092f3ee81e6","exporterImagePullPolicy":"IfNotPresent","exporterVersion":"v0.9.0","replicas":3,"memoryLimitMb":1024,"maxItemSize":"1m","connectionLimit":1024,"resources":{"requests":{"cpu":"45m","memory":"128Mi"}},"exporterResources":{"requests":{"cpu":"5m","memory":"50Mi"}},"serviceMonitor":true}},"store":{"volumeClaimTemplate":{"spec":{"accessModes":["ReadWriteOnce"],"resources":{"requests":{"storage":"10Gi"}},"storageClassName":"gp3-csi"}},"shards":3,"cache":{"image":"registry.redhat.io/rhacm2/memcached-rhel9@sha256:9600034019ce695e89aecb6ac255d591b201fc40a7f3d9796f42d043f0340623","imagePullPolicy":"IfNotPresent","version":"1.6.3-alpine","exporterImage":"registry.redhat.io/rhacm2/memcached-exporter-rhel9@sha256:2c6e39ecbeed3dc4d30225b9a2ed0840c6d41c032ee08d63c7f8f092f3ee81e6","exporterImagePullPolicy":"IfNotPresent","exporterVersion":"v0.9.0","replicas":3,"memoryLimitMb":1024,"maxItemSize":"1m","connectionLimit":1024,"resources":{"requests":{"cpu":"45m","memory":"128Mi"}},"exporterResources":{"requests":{"cpu":"5m","memory":"50Mi"}},"serviceMonitor":true},"resources":{"requests":{"cpu":"100m","memory":"1Gi"}},"serviceMonitor":true},"rule":{"replicas":3,"volumeClaimTemplate":{"spec":{"accessModes":["ReadWriteOnce"],"resources":{"requests":{"storage":"1Gi"}},"storageClassName":"gp3-csi"}},"rulesConfig":[{"name":"thanos-ruler-default-rules","key":"default_rules.yaml"}],"extraVolumeMounts":[{"type":"configMap","mountPath":"/etc/thanos/configmaps/alertmanager-ca-bundle","name":"alertmanager-ca-bundle","key":"service-ca.crt"}],"alertmanagerConfigFile":{"name":"thanos-ruler-config","key":"config.yaml"},"reloaderImage":"registry.redhat.io/openshift4/ose-configmap-reloader@sha256:fa5b2e42a27e3ab5f0a0d2a103b5602b81d1b29eb788b54cc60ad547744ad053","reloaderImagePullPolicy":"IfNotPresent","resources":{"requests":{"cpu":"50m","memory":"512Mi"}},"reloaderResources":{"requests":{"cpu":"4m","memory":"25Mi"}},"serviceMonitor":true,"blockDuration":"2h","retention":"24h","evalInterval":"300s"},"query":{"replicas":2,"resources":{"requests":{"cpu":"300m","memory":"1Gi"}},"serviceMonitor":true,"lookbackDelta":"600s"}}}
2024-10-24T14:32:10.498Z	INFO	controller_multiclustermonitoring	StorageVersionMigration already existed/unchanged	{"name": "storage-version-migration-observability"}
2024-10-24T14:32:10.498Z	DEBUG	controller_multiclustermonitoring	status update goroutine is triggered.
2024-10-24T14:32:11.493Z	DEBUG	controller_multiclustermonitoring	check status ready goroutine is triggered.
2024-10-24T14:32:13.494Z	DEBUG	controller_multiclustermonitoring	check status ready goroutine is triggered.
2024-10-24T14:32:15.495Z	DEBUG	controller_multiclustermonitoring	check status ready goroutine is triggered.
2024-10-24T14:32:17.495Z	DEBUG	controller_multiclustermonitoring	check status ready goroutine is triggered.
2024-10-24T14:32:19.496Z	DEBUG	controller_multiclustermonitoring	check status ready goroutine is triggered.
2024-10-24T14:32:21.497Z	DEBUG	controller_multiclustermonitoring	check status ready goroutine is triggered.
2024-10-24T14:32:23.498Z	DEBUG	controller_multiclustermonitoring	check status ready goroutine is triggered.
2024-10-24T14:32:25.499Z	DEBUG	controller_multiclustermonitoring	check status ready goroutine is triggered.
2024-10-24T14:32:27.500Z	DEBUG	controller_multiclustermonitoring	check status ready goroutine is triggered.
2024-10-24T14:32:29.501Z	DEBUG	controller_multiclustermonitoring	check status ready goroutine is triggered.
2024-10-24T14:32:31.501Z	DEBUG	controller_multiclustermonitoring	check status ready goroutine is triggered.
2024-10-24T14:32:33.502Z	DEBUG	controller_multiclustermonitoring	check status ready goroutine is triggered.
2024-10-24T14:32:34.259Z	DEBUG	config	the length of mch-image-manifest configmap	{"imageManifests": 47}
2024-10-24T14:32:34.259Z	INFO	controller_multiclustermonitoring	Reconciling MultiClusterObservability	{"Request.Namespace": "open-cluster-management", "Request.Name": "mch-updated-request"}
2024-10-24T14:32:34.259Z	DEBUG	config	the length of mch-image-manifest configmap	{"imageManifests": 47}
2024-10-24T14:32:34.259Z	INFO	controller_placementrule	Reconciling PlacementRule	{"Request.Namespace": "open-cluster-management", "Request.Name": "mch-updated-request"}
2024-10-24T14:32:34.260Z	INFO	util	observability-controller clustermanagementaddon is present 
2024-10-24T14:32:34.260Z	INFO	controller_placementrule	load and update templates for managedcluster resources
2024-10-24T14:32:34.260Z	DEBUG	config	image replacement	{"componentName": "prometheus", "image": "registry.redhat.io/rhacm2/prometheus-rhel9@sha256:098027730324408f1548bb874ace8e477a90b2fbe170c5a2ebe0cb956370e116"}
2024-10-24T14:32:34.260Z	DEBUG	config	image replacement	{"componentName": "prometheus_config_reloader", "image": "registry.redhat.io/rhacm2/acm-prometheus-config-reloader-rhel9@sha256:ab1632ec7aca478cf368e80ac9d98da3f2306a0cae8a4e9d29f95e149fd47ced"}
2024-10-24T14:32:34.260Z	DEBUG	config	image replacement	{"componentName": "prometheus_operator", "image": "registry.redhat.io/rhacm2/acm-prometheus-rhel9@sha256:4234bab8666dad7917cfcf10fdaed87b60e549ef6f8fb23d1760881d922e03e9"}
2024-10-24T14:32:34.260Z	DEBUG	config	image replacement	{"componentName": "kube_state_metrics", "image": "registry.redhat.io/rhacm2/kube-state-metrics-rhel9@sha256:001d552710b7aa82dd460f906d840c7e32f6eed7882510c48b8ec4a7085ee2aa"}
2024-10-24T14:32:34.260Z	DEBUG	config	image replacement	{"componentName": "node_exporter", "image": "registry.redhat.io/rhacm2/node-exporter-rhel9@sha256:603dbc7b5dbfd86a289e5159bb159645ae3a2504ca0f60ddf4b81dc68686fee4"}
2024-10-24T14:32:34.260Z	DEBUG	config	image replacement	{"componentName": "kube_rbac_proxy", "image": "registry.redhat.io/rhacm2/kube-rbac-proxy-rhel9@sha256:c60a1d52359493a41b2b6f820d11716d67290e9b83dc18c16039dbc6f120e5f2"}
2024-10-24T14:32:34.260Z	DEBUG	config	image replacement	{"componentName": "metrics_collector", "image": "registry.redhat.io/rhacm2/metrics-collector-rhel9@sha256:6212529aca9b35102350887934901063c1f7837264f39a73ae13285bd871f60b"}
2024-10-24T14:32:34.261Z	DEBUG	config	image replacement	{"componentName": "endpoint_monitoring_operator", "image": "registry.redhat.io/rhacm2/endpoint-monitoring-rhel9-operator@sha256:d4f1566125857fb8374fe1935bf397a529d36b558fc6d504a6562c3b0dd5f3b5"}
2024-10-24T14:32:34.261Z	INFO	util	unable to get CRD with ApiextensionsV1 Client, not found.	{"CRD": "multiclusterglobalhubs.operator.open-cluster-management.io"}
2024-10-24T14:32:34.263Z	INFO	controller_placementrule	Monitoring operator should be installed in cluster	{"cluster_name": "managed-cluster-1", "request.name": "mch-updated-request", "request.namespace": "open-cluster-management", "openshiftVersion": "4.16.7"}
2024-10-24T14:32:34.263Z	INFO	controller_placementrule	observabilityaddon already existed/unchanged	{"namespace": "managed-cluster-1"}
2024-10-24T14:32:34.263Z	INFO	controller_placementrule	clusterrolebinding endpoint-observability-mco-rolebinding already existed/unchanged	{"namespace": "managed-cluster-1"}
2024-10-24T14:32:34.263Z	INFO	controller_placementrule	rolebinding endpoint-observability-res-rolebinding already existed/unchanged	{"namespace": "managed-cluster-1"}
2024-10-24T14:32:34.263Z	INFO	util	ManagedClusterAddOn is created or updated successfully	{"name": "observability-controller", "namespace": "managed-cluster-1"}
2024-10-24T14:32:34.263Z	INFO	controller_placementrule	Cluster: managed-cluster-1, Spec.NodeSelector (after): map[]
2024-10-24T14:32:34.263Z	INFO	controller_placementrule	Cluster: managed-cluster-1, Spec.Tolerations (after): []
2024-10-24T14:32:34.264Z	DEBUG	config	operand is	{"key": "grafana", "name": "observability-grafana"}
2024-10-24T14:32:34.264Z	DEBUG	config	image replacement	{"componentName": "grafana", "image": "registry.redhat.io/rhacm2/acm-grafana-rhel9@sha256:74ad9db2286eef85e6c278cad1840a144ab50e8db1fced736974432dc4b9e0dd"}
2024-10-24T14:32:34.264Z	DEBUG	config	image replacement	{"componentName": "grafana_dashboard_loader", "image": "registry.redhat.io/rhacm2/grafana-dashboard-loader-rhel9@sha256:e2ff942d47e7e703a5fb11a2aacaac610e53273c74284d3b6da88bc70b8e7b7a"}
2024-10-24T14:32:34.266Z	INFO	controller_placementrule	manifestwork already existed/unchanged	{"namespace": "managed-cluster-1"}
2024-10-24T14:32:34.266Z	INFO	controller_placementrule	Monitoring operator should be installed in cluster	{"cluster_name": "local-cluster", "request.name": "mch-updated-request", "request.namespace": "open-cluster-management", "openshiftVersion": "mimical"}
2024-10-24T14:32:34.266Z	INFO	controller_placementrule	clusterrolebinding endpoint-observability-mco-rolebinding already existed/unchanged	{"namespace": "open-cluster-management-observability"}
2024-10-24T14:32:34.266Z	INFO	controller_placementrule	rolebinding endpoint-observability-res-rolebinding already existed/unchanged	{"namespace": "open-cluster-management-observability"}
2024-10-24T14:32:34.266Z	INFO	util	ManagedClusterAddOn is created or updated successfully	{"name": "observability-controller", "namespace": "open-cluster-management-observability"}
2024-10-24T14:32:34.266Z	INFO	controller_placementrule	Cluster: local-cluster, Spec.NodeSelector (after): map[]
2024-10-24T14:32:34.266Z	INFO	controller_placementrule	Cluster: local-cluster, Spec.Tolerations (after): []
2024-10-24T14:32:34.266Z	INFO	controller_placementrule	Creating resource for hub metrics collection	{"cluster": "local-cluster"}
2024-10-24T14:32:34.266Z	INFO	controller_placementrule	Check Ismcoterminating	{"IsMCOTerminating": false}
2024-10-24T14:32:34.275Z	DEBUG	config	operand is	{"key": "alertmanager", "name": "observability-alertmanager"}
2024-10-24T14:32:34.275Z	DEBUG	config	operand is	{"key": "alertmanager", "name": "observability-alertmanager"}
2024-10-24T14:32:34.275Z	DEBUG	config	operand is	{"key": "alertmanager", "name": "observability-alertmanager"}
2024-10-24T14:32:34.275Z	DEBUG	config	operand is	{"key": "alertmanager", "name": "observability-alertmanager"}
2024-10-24T14:32:34.275Z	DEBUG	config	image replacement	{"componentName": "prometheus_alertmanager", "image": "registry.redhat.io/rhacm2/prometheus-alertmanager-rhel9@sha256:6429a938750a655c2081cf3d6021a7377f6a3aa5cd43587885d4d49a9e528ee4"}
2024-10-24T14:32:34.275Z	DEBUG	config	image replacement	{"componentName": "configmap_reloader", "image": "registry.redhat.io/openshift4/ose-configmap-reloader@sha256:fa5b2e42a27e3ab5f0a0d2a103b5602b81d1b29eb788b54cc60ad547744ad053"}
2024-10-24T14:32:34.279Z	DEBUG	config	image replacement	{"componentName": "kube_rbac_proxy", "image": "registry.redhat.io/rhacm2/kube-rbac-proxy-rhel9@sha256:c60a1d52359493a41b2b6f820d11716d67290e9b83dc18c16039dbc6f120e5f2"}
2024-10-24T14:32:34.284Z	DEBUG	config	operand is	{"key": "rbac-query-proxy", "name": "observability-rbac-query-proxy"}
2024-10-24T14:32:34.284Z	DEBUG	config	operand is	{"key": "observatorium", "name": "observability"}
2024-10-24T14:32:34.284Z	DEBUG	config	operand is	{"key": "observatorium", "name": "observability"}
2024-10-24T14:32:34.285Z	DEBUG	config	image replacement	{"componentName": "rbac_query_proxy", "image": "registry.redhat.io/rhacm2/rbac-query-proxy-rhel9@sha256:8a0b372f52004a9855d4d42c4bbd7d09d586e9d0fabdb73d525b1a23b030b1ed"}
2024-10-24T14:32:34.289Z	DEBUG	config	image replacement	{"componentName": "observatorium_operator", "image": "registry.redhat.io/rhacm2/observatorium-rhel9-operator@sha256:20bae12383bdb261dfbb7274975374fad90f4831ff9787a26aac626d26f1ef16"}
2024-10-24T14:32:34.289Z	DEBUG	config	operand is	{"key": "observatorium-operator", "name": "observability-observatorium-operator"}
2024-10-24T14:32:34.305Z	INFO	deploying	Skip creation	{"Kind": "/v1, Kind=ConfigMap", "Name": "observability-managed-cluster-label-allowlist"}
2024-10-24T14:32:34.338Z	INFO	deploying	Update	{"kind": "Secret", "kindVersion": "v1", "name": "grafana-config"}
W1024 14:32:34.639859       1 client_config.go:659] Neither --kubeconfig nor --master was specified.  Using the inClusterConfig.  This might not work.
2024/10/24 14:32:34 [INFO] signed certificate with serial number 606076804324317201959818928702080521997992711716
2024-10-24T14:32:34.674Z	INFO	deploying	Skip creation	{"Kind": "/v1, Kind=Secret", "Name": "alertmanager-config"}
2024-10-24T14:32:34.676Z	INFO	deploying	Skip creation	{"Kind": "/v1, Kind=Secret", "Name": "alertmanager-proxy"}
2024-10-24T14:32:34.692Z	INFO	deploying	Update	{"kind": "Secret", "kindVersion": "v1", "name": "alertmanager-kube-rbac-proxy-metric"}
2024-10-24T14:32:34.816Z	INFO	deploying	Skip creation	{"Kind": "/v1, Kind=Secret", "Name": "rbac-proxy-cookie-secret"}
2024-10-24T14:32:34.860Z	DEBUG	config	image replacement	{"componentName": "multicluster_observability_addon", "image": ""}
2024-10-24T14:32:34.860Z	DEBUG	config	operand is	{"key": "multicluster-observability-addon", "name": "observability-multicluster-observability-addon"}
2024-10-24T14:32:34.880Z	INFO	controller_certificates	CA secrets already existed	{"name": "observability-server-ca-certs"}
2024-10-24T14:32:34.880Z	INFO	controller_certificates	CA secrets already existed	{"name": "observability-client-ca-certs"}
2024-10-24T14:32:34.880Z	DEBUG	config	operand is	{"key": "observatorium", "name": "observability"}
2024-10-24T14:32:34.881Z	INFO	controller_certificates	Certificate secrets already existed	{"name": "observability-server-certs"}
2024-10-24T14:32:34.881Z	INFO	controller_certificates	Certificate secrets already existed	{"name": "observability-grafana-certs"}
2024-10-24T14:32:34.881Z	DEBUG	config	operand is	{"key": "observatorium", "name": "observability"}
2024-10-24T14:32:34.881Z	INFO	controller_multiclustermonitoring	storageClassSelected	{"storageClassSelected": "gp3-csi"}
2024-10-24T14:32:34.881Z	DEBUG	config	image replacement	{"componentName": "observatorium", "image": "registry.redhat.io/rhacm2/observatorium-rhel9@sha256:330c3274f16a34d79ba5ac53ddbd2fe47778aff9c01e8e26fdc5b753e634962f"}
2024-10-24T14:32:34.881Z	DEBUG	config	image replacement	{"componentName": "configmap_reloader", "image": "registry.redhat.io/openshift4/ose-configmap-reloader@sha256:fa5b2e42a27e3ab5f0a0d2a103b5602b81d1b29eb788b54cc60ad547744ad053"}
2024-10-24T14:32:34.881Z	DEBUG	config	image replacement	{"componentName": "memcached", "image": "registry.redhat.io/rhacm2/memcached-rhel9@sha256:9600034019ce695e89aecb6ac255d591b201fc40a7f3d9796f42d043f0340623"}
2024-10-24T14:32:34.881Z	DEBUG	config	image replacement	{"componentName": "memcached_exporter", "image": "registry.redhat.io/rhacm2/memcached-exporter-rhel9@sha256:2c6e39ecbeed3dc4d30225b9a2ed0840c6d41c032ee08d63c7f8f092f3ee81e6"}
2024-10-24T14:32:34.881Z	DEBUG	config	image replacement	{"componentName": "thanos_receive_controller", "image": "registry.redhat.io/rhacm2/thanos-receive-controller-rhel9@sha256:739292da294b1b536cfea4d4cb63bc39f95cb917695026b1660f9022a73d58ee"}
2024-10-24T14:32:34.881Z	DEBUG	config	image replacement	{"componentName": "memcached", "image": "registry.redhat.io/rhacm2/memcached-rhel9@sha256:9600034019ce695e89aecb6ac255d591b201fc40a7f3d9796f42d043f0340623"}
2024-10-24T14:32:34.881Z	DEBUG	config	image replacement	{"componentName": "memcached_exporter", "image": "registry.redhat.io/rhacm2/memcached-exporter-rhel9@sha256:2c6e39ecbeed3dc4d30225b9a2ed0840c6d41c032ee08d63c7f8f092f3ee81e6"}
2024-10-24T14:32:34.881Z	DEBUG	config	image replacement	{"componentName": "thanos", "image": "registry.redhat.io/rhacm2/thanos-rhel9@sha256:caf27fd686b2ae1d6cb0ebe02cf195a2e7caece3ac8bda0c0e88f92678da6bd2"}
2024-10-24T14:32:34.881Z	DEBUG	config	operand is	{"key": "observatorium", "name": "observability"}
2024-10-24T14:32:34.881Z	INFO	controller_multiclustermonitoring	Coleen Old observatorium CR spec	{"oldSpec": {"image":"registry.redhat.io/rhacm2/thanos-rhel9@sha256:caf27fd686b2ae1d6cb0ebe02cf195a2e7caece3ac8bda0c0e88f92678da6bd2","imagePullPolicy":"IfNotPresent","compact":{"replicas":1,"volumeClaimTemplate":{"spec":{"accessModes":["ReadWriteOnce"],"resources":{"requests":{"storage":"200Gi"}},"storageClassName":"gp3-csi"}},"retentionResolutionRaw":"365d","retentionResolution5m":"365d","retentionResolution1h":"365d","enableDownsampling":true,"resources":{"requests":{"cpu":"100m","memory":"512Mi"}},"serviceMonitor":true,"deleteDelay":"48h"},"receiveController":{"image":"registry.redhat.io/rhacm2/thanos-receive-controller-rhel9@sha256:739292da294b1b536cfea4d4cb63bc39f95cb917695026b1660f9022a73d58ee","imagePullPolicy":"IfNotPresent","version":"master-2022-04-01-b58820f","resources":{"requests":{"cpu":"4m","memory":"32Mi"}},"serviceMonitor":true},"receivers":{"replicas":3,"volumeClaimTemplate":{"spec":{"accessModes":["ReadWriteOnce"],"resources":{"requests":{"storage":"100Gi"}},"storageClassName":"gp3-csi"}},"replicationFactor":3,"resources":{"requests":{"cpu":"300m","memory":"512Mi"}},"serviceMonitor":true,"retention":"24h"},"queryFrontend":{"replicas":2,"resources":{"requests":{"cpu":"100m","memory":"256Mi"}},"serviceMonitor":true,"cache":{"image":"registry.redhat.io/rhacm2/memcached-rhel9@sha256:9600034019ce695e89aecb6ac255d591b201fc40a7f3d9796f42d043f0340623","imagePullPolicy":"IfNotPresent","version":"1.6.3-alpine","exporterImage":"registry.redhat.io/rhacm2/memcached-exporter-rhel9@sha256:2c6e39ecbeed3dc4d30225b9a2ed0840c6d41c032ee08d63c7f8f092f3ee81e6","exporterImagePullPolicy":"IfNotPresent","exporterVersion":"v0.9.0","replicas":3,"memoryLimitMb":1024,"maxItemSize":"1m","connectionLimit":1024,"resources":{"requests":{"cpu":"45m","memory":"128Mi"}},"exporterResources":{"requests":{"cpu":"5m","memory":"50Mi"}},"serviceMonitor":true}},"store":{"volumeClaimTemplate":{"spec":{"accessModes":["ReadWriteOnce"],"resources":{"requests":{"storage":"10Gi"}},"storageClassName":"gp3-csi"}},"shards":3,"cache":{"image":"registry.redhat.io/rhacm2/memcached-rhel9@sha256:9600034019ce695e89aecb6ac255d591b201fc40a7f3d9796f42d043f0340623","imagePullPolicy":"IfNotPresent","version":"1.6.3-alpine","exporterImage":"registry.redhat.io/rhacm2/memcached-exporter-rhel9@sha256:2c6e39ecbeed3dc4d30225b9a2ed0840c6d41c032ee08d63c7f8f092f3ee81e6","exporterImagePullPolicy":"IfNotPresent","exporterVersion":"v0.9.0","replicas":3,"memoryLimitMb":1024,"maxItemSize":"1m","connectionLimit":1024,"resources":{"requests":{"cpu":"45m","memory":"128Mi"}},"exporterResources":{"requests":{"cpu":"5m","memory":"50Mi"}},"serviceMonitor":true},"resources":{"requests":{"cpu":"100m","memory":"1Gi"}},"serviceMonitor":true},"rule":{"replicas":3,"volumeClaimTemplate":{"spec":{"accessModes":["ReadWriteOnce"],"resources":{"requests":{"storage":"1Gi"}},"storageClassName":"gp3-csi"}},"rulesConfig":[{"name":"thanos-ruler-default-rules","key":"default_rules.yaml"}],"extraVolumeMounts":[{"type":"configMap","mountPath":"/etc/thanos/configmaps/alertmanager-ca-bundle","name":"alertmanager-ca-bundle","key":"service-ca.crt"}],"alertmanagerConfigFile":{"name":"thanos-ruler-config","key":"config.yaml"},"reloaderImage":"registry.redhat.io/openshift4/ose-configmap-reloader@sha256:fa5b2e42a27e3ab5f0a0d2a103b5602b81d1b29eb788b54cc60ad547744ad053","reloaderImagePullPolicy":"IfNotPresent","resources":{"requests":{"cpu":"50m","memory":"512Mi"}},"reloaderResources":{"requests":{"cpu":"4m","memory":"25Mi"}},"serviceMonitor":true,"blockDuration":"2h","retention":"24h","evalInterval":"300s"},"query":{"replicas":2,"resources":{"requests":{"cpu":"300m","memory":"1Gi"}},"serviceMonitor":true,"lookbackDelta":"600s"}}}
2024-10-24T14:32:34.881Z	INFO	controller_multiclustermonitoring	Coleen New observatorium CR spec	{"newSpec": {"image":"registry.redhat.io/rhacm2/thanos-rhel9@sha256:caf27fd686b2ae1d6cb0ebe02cf195a2e7caece3ac8bda0c0e88f92678da6bd2","imagePullPolicy":"IfNotPresent","compact":{"replicas":1,"volumeClaimTemplate":{"spec":{"accessModes":["ReadWriteOnce"],"resources":{"requests":{"storage":"200Gi"}},"storageClassName":"gp3-csi"}},"retentionResolutionRaw":"365d","retentionResolution5m":"365d","retentionResolution1h":"365d","enableDownsampling":true,"resources":{"requests":{"cpu":"500m","memory":"1Gi"}},"serviceMonitor":true,"deleteDelay":"48h"},"receiveController":{"image":"registry.redhat.io/rhacm2/thanos-receive-controller-rhel9@sha256:739292da294b1b536cfea4d4cb63bc39f95cb917695026b1660f9022a73d58ee","imagePullPolicy":"IfNotPresent","version":"master-2022-04-01-b58820f","resources":{"requests":{"cpu":"4m","memory":"32Mi"}},"serviceMonitor":true},"receivers":{"replicas":3,"volumeClaimTemplate":{"spec":{"accessModes":["ReadWriteOnce"],"resources":{"requests":{"storage":"100Gi"}},"storageClassName":"gp3-csi"}},"replicationFactor":3,"resources":{"requests":{"cpu":"300m","memory":"512Mi"}},"serviceMonitor":true,"retention":"24h"},"queryFrontend":{"replicas":2,"resources":{"requests":{"cpu":"100m","memory":"256Mi"}},"serviceMonitor":true,"cache":{"image":"registry.redhat.io/rhacm2/memcached-rhel9@sha256:9600034019ce695e89aecb6ac255d591b201fc40a7f3d9796f42d043f0340623","imagePullPolicy":"IfNotPresent","version":"1.6.3-alpine","exporterImage":"registry.redhat.io/rhacm2/memcached-exporter-rhel9@sha256:2c6e39ecbeed3dc4d30225b9a2ed0840c6d41c032ee08d63c7f8f092f3ee81e6","exporterImagePullPolicy":"IfNotPresent","exporterVersion":"v0.9.0","replicas":3,"memoryLimitMb":1024,"maxItemSize":"1m","connectionLimit":1024,"resources":{"requests":{"cpu":"45m","memory":"128Mi"}},"exporterResources":{"requests":{"cpu":"5m","memory":"50Mi"}},"serviceMonitor":true}},"store":{"volumeClaimTemplate":{"spec":{"accessModes":["ReadWriteOnce"],"resources":{"requests":{"storage":"10Gi"}},"storageClassName":"gp3-csi"}},"shards":3,"cache":{"image":"registry.redhat.io/rhacm2/memcached-rhel9@sha256:9600034019ce695e89aecb6ac255d591b201fc40a7f3d9796f42d043f0340623","imagePullPolicy":"IfNotPresent","version":"1.6.3-alpine","exporterImage":"registry.redhat.io/rhacm2/memcached-exporter-rhel9@sha256:2c6e39ecbeed3dc4d30225b9a2ed0840c6d41c032ee08d63c7f8f092f3ee81e6","exporterImagePullPolicy":"IfNotPresent","exporterVersion":"v0.9.0","replicas":3,"memoryLimitMb":1024,"maxItemSize":"1m","connectionLimit":1024,"resources":{"requests":{"cpu":"45m","memory":"128Mi"}},"exporterResources":{"requests":{"cpu":"5m","memory":"50Mi"}},"serviceMonitor":true},"resources":{"requests":{"cpu":"100m","memory":"1Gi"}},"serviceMonitor":true},"rule":{"replicas":3,"volumeClaimTemplate":{"spec":{"accessModes":["ReadWriteOnce"],"resources":{"requests":{"storage":"1Gi"}},"storageClassName":"gp3-csi"}},"rulesConfig":[{"name":"thanos-ruler-default-rules","key":"default_rules.yaml"}],"extraVolumeMounts":[{"type":"configMap","mountPath":"/etc/thanos/configmaps/alertmanager-ca-bundle","name":"alertmanager-ca-bundle","key":"service-ca.crt"}],"alertmanagerConfigFile":{"name":"thanos-ruler-config","key":"config.yaml"},"reloaderImage":"registry.redhat.io/openshift4/ose-configmap-reloader@sha256:fa5b2e42a27e3ab5f0a0d2a103b5602b81d1b29eb788b54cc60ad547744ad053","reloaderImagePullPolicy":"IfNotPresent","resources":{"requests":{"cpu":"50m","memory":"512Mi"}},"reloaderResources":{"requests":{"cpu":"4m","memory":"25Mi"}},"serviceMonitor":true,"blockDuration":"2h","retention":"24h","evalInterval":"300s"},"query":{"replicas":2,"resources":{"requests":{"cpu":"300m","memory":"1Gi"}},"serviceMonitor":true,"lookbackDelta":"600s"}}}
2024-10-24T14:32:34.882Z	INFO	controller_multiclustermonitoring	StorageVersionMigration already existed/unchanged	{"name": "storage-version-migration-observability"}
2024-10-24T14:32:34.882Z	DEBUG	controller_multiclustermonitoring	status update goroutine is triggered.
2024-10-24T14:32:35.503Z	DEBUG	controller_multiclustermonitoring	check status ready goroutine is triggered.
2024-10-24T14:32:37.504Z	DEBUG	controller_multiclustermonitoring	check status ready goroutine is triggered.
2024-10-24T14:32:39.505Z	DEBUG	controller_multiclustermonitoring	check status ready goroutine is triggered.
2024-10-24T14:32:41.505Z	DEBUG	controller_multiclustermonitoring	check status ready goroutine is triggered.
2024-10-24T14:32:43.507Z	DEBUG	controller_multiclustermonitoring	check status ready goroutine is triggered.
2024-10-24T14:32:44.723Z	INFO	controller_multiclustermonitoring	Reconciling MultiClusterObservability	{"Request.Namespace": "", "Request.Name": "observability"}
2024-10-24T14:32:44.727Z	INFO	util	unable to get CRD with ApiextensionsV1 Client, not found.	{"CRD": "multiclusterglobalhubs.operator.open-cluster-management.io"}
2024-10-24T14:32:44.729Z	DEBUG	config	operand is	{"key": "grafana", "name": "observability-grafana"}
2024-10-24T14:32:44.729Z	DEBUG	config	image replacement	{"componentName": "grafana", "image": "registry.redhat.io/rhacm2/acm-grafana-rhel9@sha256:74ad9db2286eef85e6c278cad1840a144ab50e8db1fced736974432dc4b9e0dd"}
2024-10-24T14:32:44.729Z	DEBUG	config	image replacement	{"componentName": "grafana_dashboard_loader", "image": "registry.redhat.io/rhacm2/grafana-dashboard-loader-rhel9@sha256:e2ff942d47e7e703a5fb11a2aacaac610e53273c74284d3b6da88bc70b8e7b7a"}
2024-10-24T14:32:44.738Z	DEBUG	config	operand is	{"key": "alertmanager", "name": "observability-alertmanager"}
2024-10-24T14:32:44.738Z	DEBUG	config	operand is	{"key": "alertmanager", "name": "observability-alertmanager"}
2024-10-24T14:32:44.738Z	DEBUG	config	operand is	{"key": "alertmanager", "name": "observability-alertmanager"}
2024-10-24T14:32:44.738Z	DEBUG	config	operand is	{"key": "alertmanager", "name": "observability-alertmanager"}
2024-10-24T14:32:44.738Z	DEBUG	config	image replacement	{"componentName": "prometheus_alertmanager", "image": "registry.redhat.io/rhacm2/prometheus-alertmanager-rhel9@sha256:6429a938750a655c2081cf3d6021a7377f6a3aa5cd43587885d4d49a9e528ee4"}
2024-10-24T14:32:44.738Z	DEBUG	config	image replacement	{"componentName": "configmap_reloader", "image": "registry.redhat.io/openshift4/ose-configmap-reloader@sha256:fa5b2e42a27e3ab5f0a0d2a103b5602b81d1b29eb788b54cc60ad547744ad053"}
2024-10-24T14:32:44.741Z	DEBUG	config	image replacement	{"componentName": "kube_rbac_proxy", "image": "registry.redhat.io/rhacm2/kube-rbac-proxy-rhel9@sha256:c60a1d52359493a41b2b6f820d11716d67290e9b83dc18c16039dbc6f120e5f2"}
2024-10-24T14:32:44.744Z	DEBUG	config	operand is	{"key": "rbac-query-proxy", "name": "observability-rbac-query-proxy"}
2024-10-24T14:32:44.744Z	DEBUG	config	operand is	{"key": "observatorium", "name": "observability"}
2024-10-24T14:32:44.744Z	DEBUG	config	operand is	{"key": "observatorium", "name": "observability"}
2024-10-24T14:32:44.744Z	DEBUG	config	image replacement	{"componentName": "rbac_query_proxy", "image": "registry.redhat.io/rhacm2/rbac-query-proxy-rhel9@sha256:8a0b372f52004a9855d4d42c4bbd7d09d586e9d0fabdb73d525b1a23b030b1ed"}
2024-10-24T14:32:44.748Z	DEBUG	config	image replacement	{"componentName": "observatorium_operator", "image": "registry.redhat.io/rhacm2/observatorium-rhel9-operator@sha256:20bae12383bdb261dfbb7274975374fad90f4831ff9787a26aac626d26f1ef16"}
2024-10-24T14:32:44.748Z	DEBUG	config	operand is	{"key": "observatorium-operator", "name": "observability-observatorium-operator"}
2024-10-24T14:32:44.763Z	INFO	deploying	Skip creation	{"Kind": "/v1, Kind=ConfigMap", "Name": "observability-managed-cluster-label-allowlist"}
2024-10-24T14:32:44.773Z	INFO	deploying	Update	{"kind": "Secret", "kindVersion": "v1", "name": "grafana-config"}
2024-10-24T14:32:45.069Z	INFO	deploying	Skip creation	{"Kind": "/v1, Kind=Secret", "Name": "alertmanager-config"}
2024-10-24T14:32:45.071Z	INFO	deploying	Skip creation	{"Kind": "/v1, Kind=Secret", "Name": "alertmanager-proxy"}
2024-10-24T14:32:45.115Z	INFO	deploying	Update	{"kind": "Secret", "kindVersion": "v1", "name": "alertmanager-kube-rbac-proxy-metric"}
2024-10-24T14:32:45.272Z	INFO	deploying	Skip creation	{"Kind": "/v1, Kind=Secret", "Name": "rbac-proxy-cookie-secret"}
2024-10-24T14:32:45.318Z	DEBUG	config	image replacement	{"componentName": "multicluster_observability_addon", "image": ""}
2024-10-24T14:32:45.318Z	DEBUG	config	operand is	{"key": "multicluster-observability-addon", "name": "observability-multicluster-observability-addon"}
2024-10-24T14:32:45.340Z	INFO	controller_certificates	CA secrets already existed	{"name": "observability-server-ca-certs"}
2024-10-24T14:32:45.340Z	INFO	controller_certificates	CA secrets already existed	{"name": "observability-client-ca-certs"}
2024-10-24T14:32:45.340Z	DEBUG	config	operand is	{"key": "observatorium", "name": "observability"}
2024-10-24T14:32:45.340Z	INFO	controller_certificates	Certificate secrets already existed	{"name": "observability-server-certs"}
2024-10-24T14:32:45.340Z	INFO	controller_certificates	Certificate secrets already existed	{"name": "observability-grafana-certs"}
2024-10-24T14:32:45.340Z	DEBUG	config	operand is	{"key": "observatorium", "name": "observability"}
2024-10-24T14:32:45.340Z	INFO	controller_multiclustermonitoring	storageClassSelected	{"storageClassSelected": "gp3-csi"}
2024-10-24T14:32:45.340Z	DEBUG	config	image replacement	{"componentName": "observatorium", "image": "registry.redhat.io/rhacm2/observatorium-rhel9@sha256:330c3274f16a34d79ba5ac53ddbd2fe47778aff9c01e8e26fdc5b753e634962f"}
2024-10-24T14:32:45.340Z	DEBUG	config	image replacement	{"componentName": "configmap_reloader", "image": "registry.redhat.io/openshift4/ose-configmap-reloader@sha256:fa5b2e42a27e3ab5f0a0d2a103b5602b81d1b29eb788b54cc60ad547744ad053"}
2024-10-24T14:32:45.340Z	DEBUG	config	image replacement	{"componentName": "memcached", "image": "registry.redhat.io/rhacm2/memcached-rhel9@sha256:9600034019ce695e89aecb6ac255d591b201fc40a7f3d9796f42d043f0340623"}
2024-10-24T14:32:45.340Z	DEBUG	config	image replacement	{"componentName": "memcached_exporter", "image": "registry.redhat.io/rhacm2/memcached-exporter-rhel9@sha256:2c6e39ecbeed3dc4d30225b9a2ed0840c6d41c032ee08d63c7f8f092f3ee81e6"}
2024-10-24T14:32:45.340Z	DEBUG	config	image replacement	{"componentName": "thanos_receive_controller", "image": "registry.redhat.io/rhacm2/thanos-receive-controller-rhel9@sha256:739292da294b1b536cfea4d4cb63bc39f95cb917695026b1660f9022a73d58ee"}
2024-10-24T14:32:45.340Z	DEBUG	config	image replacement	{"componentName": "memcached", "image": "registry.redhat.io/rhacm2/memcached-rhel9@sha256:9600034019ce695e89aecb6ac255d591b201fc40a7f3d9796f42d043f0340623"}
2024-10-24T14:32:45.340Z	DEBUG	config	image replacement	{"componentName": "memcached_exporter", "image": "registry.redhat.io/rhacm2/memcached-exporter-rhel9@sha256:2c6e39ecbeed3dc4d30225b9a2ed0840c6d41c032ee08d63c7f8f092f3ee81e6"}
2024-10-24T14:32:45.340Z	DEBUG	config	image replacement	{"componentName": "thanos", "image": "registry.redhat.io/rhacm2/thanos-rhel9@sha256:caf27fd686b2ae1d6cb0ebe02cf195a2e7caece3ac8bda0c0e88f92678da6bd2"}
2024-10-24T14:32:45.340Z	DEBUG	config	operand is	{"key": "observatorium", "name": "observability"}
2024-10-24T14:32:45.340Z	INFO	controller_multiclustermonitoring	Coleen Old observatorium CR spec	{"oldSpec": {"image":"registry.redhat.io/rhacm2/thanos-rhel9@sha256:caf27fd686b2ae1d6cb0ebe02cf195a2e7caece3ac8bda0c0e88f92678da6bd2","imagePullPolicy":"IfNotPresent","compact":{"replicas":1,"volumeClaimTemplate":{"spec":{"accessModes":["ReadWriteOnce"],"resources":{"requests":{"storage":"200Gi"}},"storageClassName":"gp3-csi"}},"retentionResolutionRaw":"365d","retentionResolution5m":"365d","retentionResolution1h":"365d","enableDownsampling":true,"resources":{"requests":{"cpu":"100m","memory":"512Mi"}},"serviceMonitor":true,"deleteDelay":"48h"},"receiveController":{"image":"registry.redhat.io/rhacm2/thanos-receive-controller-rhel9@sha256:739292da294b1b536cfea4d4cb63bc39f95cb917695026b1660f9022a73d58ee","imagePullPolicy":"IfNotPresent","version":"master-2022-04-01-b58820f","resources":{"requests":{"cpu":"4m","memory":"32Mi"}},"serviceMonitor":true},"receivers":{"replicas":3,"volumeClaimTemplate":{"spec":{"accessModes":["ReadWriteOnce"],"resources":{"requests":{"storage":"100Gi"}},"storageClassName":"gp3-csi"}},"replicationFactor":3,"resources":{"requests":{"cpu":"300m","memory":"512Mi"}},"serviceMonitor":true,"retention":"24h"},"queryFrontend":{"replicas":2,"resources":{"requests":{"cpu":"100m","memory":"256Mi"}},"serviceMonitor":true,"cache":{"image":"registry.redhat.io/rhacm2/memcached-rhel9@sha256:9600034019ce695e89aecb6ac255d591b201fc40a7f3d9796f42d043f0340623","imagePullPolicy":"IfNotPresent","version":"1.6.3-alpine","exporterImage":"registry.redhat.io/rhacm2/memcached-exporter-rhel9@sha256:2c6e39ecbeed3dc4d30225b9a2ed0840c6d41c032ee08d63c7f8f092f3ee81e6","exporterImagePullPolicy":"IfNotPresent","exporterVersion":"v0.9.0","replicas":3,"memoryLimitMb":1024,"maxItemSize":"1m","connectionLimit":1024,"resources":{"requests":{"cpu":"45m","memory":"128Mi"}},"exporterResources":{"requests":{"cpu":"5m","memory":"50Mi"}},"serviceMonitor":true}},"store":{"volumeClaimTemplate":{"spec":{"accessModes":["ReadWriteOnce"],"resources":{"requests":{"storage":"10Gi"}},"storageClassName":"gp3-csi"}},"shards":3,"cache":{"image":"registry.redhat.io/rhacm2/memcached-rhel9@sha256:9600034019ce695e89aecb6ac255d591b201fc40a7f3d9796f42d043f0340623","imagePullPolicy":"IfNotPresent","version":"1.6.3-alpine","exporterImage":"registry.redhat.io/rhacm2/memcached-exporter-rhel9@sha256:2c6e39ecbeed3dc4d30225b9a2ed0840c6d41c032ee08d63c7f8f092f3ee81e6","exporterImagePullPolicy":"IfNotPresent","exporterVersion":"v0.9.0","replicas":3,"memoryLimitMb":1024,"maxItemSize":"1m","connectionLimit":1024,"resources":{"requests":{"cpu":"45m","memory":"128Mi"}},"exporterResources":{"requests":{"cpu":"5m","memory":"50Mi"}},"serviceMonitor":true},"resources":{"requests":{"cpu":"100m","memory":"1Gi"}},"serviceMonitor":true},"rule":{"replicas":3,"volumeClaimTemplate":{"spec":{"accessModes":["ReadWriteOnce"],"resources":{"requests":{"storage":"1Gi"}},"storageClassName":"gp3-csi"}},"rulesConfig":[{"name":"thanos-ruler-default-rules","key":"default_rules.yaml"}],"extraVolumeMounts":[{"type":"configMap","mountPath":"/etc/thanos/configmaps/alertmanager-ca-bundle","name":"alertmanager-ca-bundle","key":"service-ca.crt"}],"alertmanagerConfigFile":{"name":"thanos-ruler-config","key":"config.yaml"},"reloaderImage":"registry.redhat.io/openshift4/ose-configmap-reloader@sha256:fa5b2e42a27e3ab5f0a0d2a103b5602b81d1b29eb788b54cc60ad547744ad053","reloaderImagePullPolicy":"IfNotPresent","resources":{"requests":{"cpu":"50m","memory":"512Mi"}},"reloaderResources":{"requests":{"cpu":"4m","memory":"25Mi"}},"serviceMonitor":true,"blockDuration":"2h","retention":"24h","evalInterval":"300s"},"query":{"replicas":2,"resources":{"requests":{"cpu":"300m","memory":"1Gi"}},"serviceMonitor":true,"lookbackDelta":"600s"}}}
2024-10-24T14:32:45.340Z	INFO	controller_multiclustermonitoring	Coleen New observatorium CR spec	{"newSpec": {"image":"registry.redhat.io/rhacm2/thanos-rhel9@sha256:caf27fd686b2ae1d6cb0ebe02cf195a2e7caece3ac8bda0c0e88f92678da6bd2","imagePullPolicy":"IfNotPresent","compact":{"replicas":1,"volumeClaimTemplate":{"spec":{"accessModes":["ReadWriteOnce"],"resources":{"requests":{"storage":"200Gi"}},"storageClassName":"gp3-csi"}},"retentionResolutionRaw":"365d","retentionResolution5m":"365d","retentionResolution1h":"365d","enableDownsampling":true,"resources":{"requests":{"cpu":"500m","memory":"1Gi"}},"serviceMonitor":true,"deleteDelay":"48h"},"receiveController":{"image":"registry.redhat.io/rhacm2/thanos-receive-controller-rhel9@sha256:739292da294b1b536cfea4d4cb63bc39f95cb917695026b1660f9022a73d58ee","imagePullPolicy":"IfNotPresent","version":"master-2022-04-01-b58820f","resources":{"requests":{"cpu":"4m","memory":"32Mi"}},"serviceMonitor":true},"receivers":{"replicas":3,"volumeClaimTemplate":{"spec":{"accessModes":["ReadWriteOnce"],"resources":{"requests":{"storage":"100Gi"}},"storageClassName":"gp3-csi"}},"replicationFactor":3,"resources":{"requests":{"cpu":"300m","memory":"512Mi"}},"serviceMonitor":true,"retention":"24h"},"queryFrontend":{"replicas":2,"resources":{"requests":{"cpu":"100m","memory":"256Mi"}},"serviceMonitor":true,"cache":{"image":"registry.redhat.io/rhacm2/memcached-rhel9@sha256:9600034019ce695e89aecb6ac255d591b201fc40a7f3d9796f42d043f0340623","imagePullPolicy":"IfNotPresent","version":"1.6.3-alpine","exporterImage":"registry.redhat.io/rhacm2/memcached-exporter-rhel9@sha256:2c6e39ecbeed3dc4d30225b9a2ed0840c6d41c032ee08d63c7f8f092f3ee81e6","exporterImagePullPolicy":"IfNotPresent","exporterVersion":"v0.9.0","replicas":3,"memoryLimitMb":1024,"maxItemSize":"1m","connectionLimit":1024,"resources":{"requests":{"cpu":"45m","memory":"128Mi"}},"exporterResources":{"requests":{"cpu":"5m","memory":"50Mi"}},"serviceMonitor":true}},"store":{"volumeClaimTemplate":{"spec":{"accessModes":["ReadWriteOnce"],"resources":{"requests":{"storage":"10Gi"}},"storageClassName":"gp3-csi"}},"shards":3,"cache":{"image":"registry.redhat.io/rhacm2/memcached-rhel9@sha256:9600034019ce695e89aecb6ac255d591b201fc40a7f3d9796f42d043f0340623","imagePullPolicy":"IfNotPresent","version":"1.6.3-alpine","exporterImage":"registry.redhat.io/rhacm2/memcached-exporter-rhel9@sha256:2c6e39ecbeed3dc4d30225b9a2ed0840c6d41c032ee08d63c7f8f092f3ee81e6","exporterImagePullPolicy":"IfNotPresent","exporterVersion":"v0.9.0","replicas":3,"memoryLimitMb":1024,"maxItemSize":"1m","connectionLimit":1024,"resources":{"requests":{"cpu":"45m","memory":"128Mi"}},"exporterResources":{"requests":{"cpu":"5m","memory":"50Mi"}},"serviceMonitor":true},"resources":{"requests":{"cpu":"100m","memory":"1Gi"}},"serviceMonitor":true},"rule":{"replicas":3,"volumeClaimTemplate":{"spec":{"accessModes":["ReadWriteOnce"],"resources":{"requests":{"storage":"1Gi"}},"storageClassName":"gp3-csi"}},"rulesConfig":[{"name":"thanos-ruler-default-rules","key":"default_rules.yaml"}],"extraVolumeMounts":[{"type":"configMap","mountPath":"/etc/thanos/configmaps/alertmanager-ca-bundle","name":"alertmanager-ca-bundle","key":"service-ca.crt"}],"alertmanagerConfigFile":{"name":"thanos-ruler-config","key":"config.yaml"},"reloaderImage":"registry.redhat.io/openshift4/ose-configmap-reloader@sha256:fa5b2e42a27e3ab5f0a0d2a103b5602b81d1b29eb788b54cc60ad547744ad053","reloaderImagePullPolicy":"IfNotPresent","resources":{"requests":{"cpu":"50m","memory":"512Mi"}},"reloaderResources":{"requests":{"cpu":"4m","memory":"25Mi"}},"serviceMonitor":true,"blockDuration":"2h","retention":"24h","evalInterval":"300s"},"query":{"replicas":2,"resources":{"requests":{"cpu":"300m","memory":"1Gi"}},"serviceMonitor":true,"lookbackDelta":"600s"}}}
2024-10-24T14:32:45.341Z	INFO	controller_multiclustermonitoring	StorageVersionMigration already existed/unchanged	{"name": "storage-version-migration-observability"}
2024-10-24T14:32:45.341Z	DEBUG	controller_multiclustermonitoring	status update goroutine is triggered.
2024-10-24T14:32:45.348Z	INFO	controller_multiclustermonitoring	Reconciling MultiClusterObservability	{"Request.Namespace": "", "Request.Name": "observability"}
2024-10-24T14:32:45.350Z	INFO	util	unable to get CRD with ApiextensionsV1 Client, not found.	{"CRD": "multiclusterglobalhubs.operator.open-cluster-management.io"}
2024-10-24T14:32:45.353Z	DEBUG	config	operand is	{"key": "grafana", "name": "observability-grafana"}
2024-10-24T14:32:45.353Z	DEBUG	config	image replacement	{"componentName": "grafana", "image": "registry.redhat.io/rhacm2/acm-grafana-rhel9@sha256:74ad9db2286eef85e6c278cad1840a144ab50e8db1fced736974432dc4b9e0dd"}
2024-10-24T14:32:45.353Z	DEBUG	config	image replacement	{"componentName": "grafana_dashboard_loader", "image": "registry.redhat.io/rhacm2/grafana-dashboard-loader-rhel9@sha256:e2ff942d47e7e703a5fb11a2aacaac610e53273c74284d3b6da88bc70b8e7b7a"}
2024-10-24T14:32:45.358Z	DEBUG	config	operand is	{"key": "alertmanager", "name": "observability-alertmanager"}
2024-10-24T14:32:45.358Z	DEBUG	config	operand is	{"key": "alertmanager", "name": "observability-alertmanager"}
2024-10-24T14:32:45.358Z	DEBUG	config	operand is	{"key": "alertmanager", "name": "observability-alertmanager"}
2024-10-24T14:32:45.358Z	DEBUG	config	operand is	{"key": "alertmanager", "name": "observability-alertmanager"}
2024-10-24T14:32:45.358Z	DEBUG	config	image replacement	{"componentName": "prometheus_alertmanager", "image": "registry.redhat.io/rhacm2/prometheus-alertmanager-rhel9@sha256:6429a938750a655c2081cf3d6021a7377f6a3aa5cd43587885d4d49a9e528ee4"}
2024-10-24T14:32:45.358Z	DEBUG	config	image replacement	{"componentName": "configmap_reloader", "image": "registry.redhat.io/openshift4/ose-configmap-reloader@sha256:fa5b2e42a27e3ab5f0a0d2a103b5602b81d1b29eb788b54cc60ad547744ad053"}
2024-10-24T14:32:45.361Z	DEBUG	config	image replacement	{"componentName": "kube_rbac_proxy", "image": "registry.redhat.io/rhacm2/kube-rbac-proxy-rhel9@sha256:c60a1d52359493a41b2b6f820d11716d67290e9b83dc18c16039dbc6f120e5f2"}
2024-10-24T14:32:45.364Z	DEBUG	config	operand is	{"key": "rbac-query-proxy", "name": "observability-rbac-query-proxy"}
2024-10-24T14:32:45.364Z	DEBUG	config	operand is	{"key": "observatorium", "name": "observability"}
2024-10-24T14:32:45.364Z	DEBUG	config	operand is	{"key": "observatorium", "name": "observability"}
2024-10-24T14:32:45.364Z	DEBUG	config	image replacement	{"componentName": "rbac_query_proxy", "image": "registry.redhat.io/rhacm2/rbac-query-proxy-rhel9@sha256:8a0b372f52004a9855d4d42c4bbd7d09d586e9d0fabdb73d525b1a23b030b1ed"}
2024-10-24T14:32:45.368Z	DEBUG	config	image replacement	{"componentName": "observatorium_operator", "image": "registry.redhat.io/rhacm2/observatorium-rhel9-operator@sha256:20bae12383bdb261dfbb7274975374fad90f4831ff9787a26aac626d26f1ef16"}
2024-10-24T14:32:45.368Z	DEBUG	config	operand is	{"key": "observatorium-operator", "name": "observability-observatorium-operator"}
2024-10-24T14:32:45.383Z	INFO	deploying	Skip creation	{"Kind": "/v1, Kind=ConfigMap", "Name": "observability-managed-cluster-label-allowlist"}
2024-10-24T14:32:45.421Z	INFO	deploying	Update	{"kind": "Secret", "kindVersion": "v1", "name": "grafana-config"}
2024-10-24T14:32:45.508Z	DEBUG	controller_multiclustermonitoring	check status ready goroutine is triggered.
2024-10-24T14:32:47.121Z	INFO	deploying	Skip creation	{"Kind": "/v1, Kind=Secret", "Name": "alertmanager-config"}
2024-10-24T14:32:47.122Z	INFO	deploying	Skip creation	{"Kind": "/v1, Kind=Secret", "Name": "alertmanager-proxy"}
2024-10-24T14:32:47.166Z	INFO	deploying	Update	{"kind": "Secret", "kindVersion": "v1", "name": "alertmanager-kube-rbac-proxy-metric"}
2024-10-24T14:32:47.323Z	INFO	deploying	Skip creation	{"Kind": "/v1, Kind=Secret", "Name": "rbac-proxy-cookie-secret"}
2024-10-24T14:32:47.367Z	DEBUG	config	image replacement	{"componentName": "multicluster_observability_addon", "image": ""}
2024-10-24T14:32:47.368Z	DEBUG	config	operand is	{"key": "multicluster-observability-addon", "name": "observability-multicluster-observability-addon"}
2024-10-24T14:32:47.388Z	INFO	controller_certificates	CA secrets already existed	{"name": "observability-server-ca-certs"}
2024-10-24T14:32:47.388Z	INFO	controller_certificates	CA secrets already existed	{"name": "observability-client-ca-certs"}
2024-10-24T14:32:47.388Z	DEBUG	config	operand is	{"key": "observatorium", "name": "observability"}
2024-10-24T14:32:47.388Z	INFO	controller_certificates	Certificate secrets already existed	{"name": "observability-server-certs"}
2024-10-24T14:32:47.388Z	INFO	controller_certificates	Certificate secrets already existed	{"name": "observability-grafana-certs"}
2024-10-24T14:32:47.388Z	DEBUG	config	operand is	{"key": "observatorium", "name": "observability"}
2024-10-24T14:32:47.388Z	INFO	controller_multiclustermonitoring	storageClassSelected	{"storageClassSelected": "gp3-csi"}
2024-10-24T14:32:47.388Z	DEBUG	config	image replacement	{"componentName": "observatorium", "image": "registry.redhat.io/rhacm2/observatorium-rhel9@sha256:330c3274f16a34d79ba5ac53ddbd2fe47778aff9c01e8e26fdc5b753e634962f"}
2024-10-24T14:32:47.388Z	DEBUG	config	image replacement	{"componentName": "configmap_reloader", "image": "registry.redhat.io/openshift4/ose-configmap-reloader@sha256:fa5b2e42a27e3ab5f0a0d2a103b5602b81d1b29eb788b54cc60ad547744ad053"}
2024-10-24T14:32:47.388Z	DEBUG	config	image replacement	{"componentName": "memcached", "image": "registry.redhat.io/rhacm2/memcached-rhel9@sha256:9600034019ce695e89aecb6ac255d591b201fc40a7f3d9796f42d043f0340623"}
2024-10-24T14:32:47.388Z	DEBUG	config	image replacement	{"componentName": "memcached_exporter", "image": "registry.redhat.io/rhacm2/memcached-exporter-rhel9@sha256:2c6e39ecbeed3dc4d30225b9a2ed0840c6d41c032ee08d63c7f8f092f3ee81e6"}
2024-10-24T14:32:47.388Z	DEBUG	config	image replacement	{"componentName": "thanos_receive_controller", "image": "registry.redhat.io/rhacm2/thanos-receive-controller-rhel9@sha256:739292da294b1b536cfea4d4cb63bc39f95cb917695026b1660f9022a73d58ee"}
2024-10-24T14:32:47.388Z	DEBUG	config	image replacement	{"componentName": "memcached", "image": "registry.redhat.io/rhacm2/memcached-rhel9@sha256:9600034019ce695e89aecb6ac255d591b201fc40a7f3d9796f42d043f0340623"}
2024-10-24T14:32:47.388Z	DEBUG	config	image replacement	{"componentName": "memcached_exporter", "image": "registry.redhat.io/rhacm2/memcached-exporter-rhel9@sha256:2c6e39ecbeed3dc4d30225b9a2ed0840c6d41c032ee08d63c7f8f092f3ee81e6"}
2024-10-24T14:32:47.388Z	DEBUG	config	image replacement	{"componentName": "thanos", "image": "registry.redhat.io/rhacm2/thanos-rhel9@sha256:caf27fd686b2ae1d6cb0ebe02cf195a2e7caece3ac8bda0c0e88f92678da6bd2"}
2024-10-24T14:32:47.388Z	DEBUG	config	operand is	{"key": "observatorium", "name": "observability"}
2024-10-24T14:32:47.388Z	INFO	controller_multiclustermonitoring	Coleen Old observatorium CR spec	{"oldSpec": {"image":"registry.redhat.io/rhacm2/thanos-rhel9@sha256:caf27fd686b2ae1d6cb0ebe02cf195a2e7caece3ac8bda0c0e88f92678da6bd2","imagePullPolicy":"IfNotPresent","compact":{"replicas":1,"volumeClaimTemplate":{"spec":{"accessModes":["ReadWriteOnce"],"resources":{"requests":{"storage":"200Gi"}},"storageClassName":"gp3-csi"}},"retentionResolutionRaw":"365d","retentionResolution5m":"365d","retentionResolution1h":"365d","enableDownsampling":true,"resources":{"requests":{"cpu":"100m","memory":"512Mi"}},"serviceMonitor":true,"deleteDelay":"48h"},"receiveController":{"image":"registry.redhat.io/rhacm2/thanos-receive-controller-rhel9@sha256:739292da294b1b536cfea4d4cb63bc39f95cb917695026b1660f9022a73d58ee","imagePullPolicy":"IfNotPresent","version":"master-2022-04-01-b58820f","resources":{"requests":{"cpu":"4m","memory":"32Mi"}},"serviceMonitor":true},"receivers":{"replicas":3,"volumeClaimTemplate":{"spec":{"accessModes":["ReadWriteOnce"],"resources":{"requests":{"storage":"100Gi"}},"storageClassName":"gp3-csi"}},"replicationFactor":3,"resources":{"requests":{"cpu":"300m","memory":"512Mi"}},"serviceMonitor":true,"retention":"24h"},"queryFrontend":{"replicas":2,"resources":{"requests":{"cpu":"100m","memory":"256Mi"}},"serviceMonitor":true,"cache":{"image":"registry.redhat.io/rhacm2/memcached-rhel9@sha256:9600034019ce695e89aecb6ac255d591b201fc40a7f3d9796f42d043f0340623","imagePullPolicy":"IfNotPresent","version":"1.6.3-alpine","exporterImage":"registry.redhat.io/rhacm2/memcached-exporter-rhel9@sha256:2c6e39ecbeed3dc4d30225b9a2ed0840c6d41c032ee08d63c7f8f092f3ee81e6","exporterImagePullPolicy":"IfNotPresent","exporterVersion":"v0.9.0","replicas":3,"memoryLimitMb":1024,"maxItemSize":"1m","connectionLimit":1024,"resources":{"requests":{"cpu":"45m","memory":"128Mi"}},"exporterResources":{"requests":{"cpu":"5m","memory":"50Mi"}},"serviceMonitor":true}},"store":{"volumeClaimTemplate":{"spec":{"accessModes":["ReadWriteOnce"],"resources":{"requests":{"storage":"10Gi"}},"storageClassName":"gp3-csi"}},"shards":3,"cache":{"image":"registry.redhat.io/rhacm2/memcached-rhel9@sha256:9600034019ce695e89aecb6ac255d591b201fc40a7f3d9796f42d043f0340623","imagePullPolicy":"IfNotPresent","version":"1.6.3-alpine","exporterImage":"registry.redhat.io/rhacm2/memcached-exporter-rhel9@sha256:2c6e39ecbeed3dc4d30225b9a2ed0840c6d41c032ee08d63c7f8f092f3ee81e6","exporterImagePullPolicy":"IfNotPresent","exporterVersion":"v0.9.0","replicas":3,"memoryLimitMb":1024,"maxItemSize":"1m","connectionLimit":1024,"resources":{"requests":{"cpu":"45m","memory":"128Mi"}},"exporterResources":{"requests":{"cpu":"5m","memory":"50Mi"}},"serviceMonitor":true},"resources":{"requests":{"cpu":"100m","memory":"1Gi"}},"serviceMonitor":true},"rule":{"replicas":3,"volumeClaimTemplate":{"spec":{"accessModes":["ReadWriteOnce"],"resources":{"requests":{"storage":"1Gi"}},"storageClassName":"gp3-csi"}},"rulesConfig":[{"name":"thanos-ruler-default-rules","key":"default_rules.yaml"}],"extraVolumeMounts":[{"type":"configMap","mountPath":"/etc/thanos/configmaps/alertmanager-ca-bundle","name":"alertmanager-ca-bundle","key":"service-ca.crt"}],"alertmanagerConfigFile":{"name":"thanos-ruler-config","key":"config.yaml"},"reloaderImage":"registry.redhat.io/openshift4/ose-configmap-reloader@sha256:fa5b2e42a27e3ab5f0a0d2a103b5602b81d1b29eb788b54cc60ad547744ad053","reloaderImagePullPolicy":"IfNotPresent","resources":{"requests":{"cpu":"50m","memory":"512Mi"}},"reloaderResources":{"requests":{"cpu":"4m","memory":"25Mi"}},"serviceMonitor":true,"blockDuration":"2h","retention":"24h","evalInterval":"300s"},"query":{"replicas":2,"resources":{"requests":{"cpu":"300m","memory":"1Gi"}},"serviceMonitor":true,"lookbackDelta":"600s"}}}
2024-10-24T14:32:47.389Z	INFO	controller_multiclustermonitoring	Coleen New observatorium CR spec	{"newSpec": {"image":"registry.redhat.io/rhacm2/thanos-rhel9@sha256:caf27fd686b2ae1d6cb0ebe02cf195a2e7caece3ac8bda0c0e88f92678da6bd2","imagePullPolicy":"IfNotPresent","compact":{"replicas":1,"volumeClaimTemplate":{"spec":{"accessModes":["ReadWriteOnce"],"resources":{"requests":{"storage":"200Gi"}},"storageClassName":"gp3-csi"}},"retentionResolutionRaw":"365d","retentionResolution5m":"365d","retentionResolution1h":"365d","enableDownsampling":true,"resources":{"requests":{"cpu":"500m","memory":"1Gi"}},"serviceMonitor":true,"deleteDelay":"48h"},"receiveController":{"image":"registry.redhat.io/rhacm2/thanos-receive-controller-rhel9@sha256:739292da294b1b536cfea4d4cb63bc39f95cb917695026b1660f9022a73d58ee","imagePullPolicy":"IfNotPresent","version":"master-2022-04-01-b58820f","resources":{"requests":{"cpu":"4m","memory":"32Mi"}},"serviceMonitor":true},"receivers":{"replicas":3,"volumeClaimTemplate":{"spec":{"accessModes":["ReadWriteOnce"],"resources":{"requests":{"storage":"100Gi"}},"storageClassName":"gp3-csi"}},"replicationFactor":3,"resources":{"requests":{"cpu":"300m","memory":"512Mi"}},"serviceMonitor":true,"retention":"24h"},"queryFrontend":{"replicas":2,"resources":{"requests":{"cpu":"100m","memory":"256Mi"}},"serviceMonitor":true,"cache":{"image":"registry.redhat.io/rhacm2/memcached-rhel9@sha256:9600034019ce695e89aecb6ac255d591b201fc40a7f3d9796f42d043f0340623","imagePullPolicy":"IfNotPresent","version":"1.6.3-alpine","exporterImage":"registry.redhat.io/rhacm2/memcached-exporter-rhel9@sha256:2c6e39ecbeed3dc4d30225b9a2ed0840c6d41c032ee08d63c7f8f092f3ee81e6","exporterImagePullPolicy":"IfNotPresent","exporterVersion":"v0.9.0","replicas":3,"memoryLimitMb":1024,"maxItemSize":"1m","connectionLimit":1024,"resources":{"requests":{"cpu":"45m","memory":"128Mi"}},"exporterResources":{"requests":{"cpu":"5m","memory":"50Mi"}},"serviceMonitor":true}},"store":{"volumeClaimTemplate":{"spec":{"accessModes":["ReadWriteOnce"],"resources":{"requests":{"storage":"10Gi"}},"storageClassName":"gp3-csi"}},"shards":3,"cache":{"image":"registry.redhat.io/rhacm2/memcached-rhel9@sha256:9600034019ce695e89aecb6ac255d591b201fc40a7f3d9796f42d043f0340623","imagePullPolicy":"IfNotPresent","version":"1.6.3-alpine","exporterImage":"registry.redhat.io/rhacm2/memcached-exporter-rhel9@sha256:2c6e39ecbeed3dc4d30225b9a2ed0840c6d41c032ee08d63c7f8f092f3ee81e6","exporterImagePullPolicy":"IfNotPresent","exporterVersion":"v0.9.0","replicas":3,"memoryLimitMb":1024,"maxItemSize":"1m","connectionLimit":1024,"resources":{"requests":{"cpu":"45m","memory":"128Mi"}},"exporterResources":{"requests":{"cpu":"5m","memory":"50Mi"}},"serviceMonitor":true},"resources":{"requests":{"cpu":"100m","memory":"1Gi"}},"serviceMonitor":true},"rule":{"replicas":3,"volumeClaimTemplate":{"spec":{"accessModes":["ReadWriteOnce"],"resources":{"requests":{"storage":"1Gi"}},"storageClassName":"gp3-csi"}},"rulesConfig":[{"name":"thanos-ruler-default-rules","key":"default_rules.yaml"}],"extraVolumeMounts":[{"type":"configMap","mountPath":"/etc/thanos/configmaps/alertmanager-ca-bundle","name":"alertmanager-ca-bundle","key":"service-ca.crt"}],"alertmanagerConfigFile":{"name":"thanos-ruler-config","key":"config.yaml"},"reloaderImage":"registry.redhat.io/openshift4/ose-configmap-reloader@sha256:fa5b2e42a27e3ab5f0a0d2a103b5602b81d1b29eb788b54cc60ad547744ad053","reloaderImagePullPolicy":"IfNotPresent","resources":{"requests":{"cpu":"50m","memory":"512Mi"}},"reloaderResources":{"requests":{"cpu":"4m","memory":"25Mi"}},"serviceMonitor":true,"blockDuration":"2h","retention":"24h","evalInterval":"300s"},"query":{"replicas":2,"resources":{"requests":{"cpu":"300m","memory":"1Gi"}},"serviceMonitor":true,"lookbackDelta":"600s"}}}
2024-10-24T14:32:47.390Z	INFO	controller_multiclustermonitoring	StorageVersionMigration already existed/unchanged	{"name": "storage-version-migration-observability"}
2024-10-24T14:32:47.390Z	DEBUG	controller_multiclustermonitoring	status update goroutine is triggered.
2024-10-24T14:32:47.508Z	DEBUG	controller_multiclustermonitoring	check status ready goroutine is triggered.
2024-10-24T14:32:49.510Z	DEBUG	controller_multiclustermonitoring	check status ready goroutine is triggered.
2024-10-24T14:32:51.511Z	DEBUG	controller_multiclustermonitoring	check status ready goroutine is triggered.
2024-10-24T14:32:53.513Z	DEBUG	controller_multiclustermonitoring	check status ready goroutine is triggered.
2024-10-24T14:32:55.514Z	DEBUG	controller_multiclustermonitoring	check status ready goroutine is triggered.
2024-10-24T14:32:57.516Z	DEBUG	controller_multiclustermonitoring	check status ready goroutine is triggered.
2024-10-24T14:32:59.516Z	DEBUG	controller_multiclustermonitoring	check status ready goroutine is triggered.
2024-10-24T14:33:01.517Z	DEBUG	controller_multiclustermonitoring	check status ready goroutine is triggered.
2024-10-24T14:33:03.518Z	DEBUG	controller_multiclustermonitoring	check status ready goroutine is triggered.
2024-10-24T14:33:05.519Z	DEBUG	controller_multiclustermonitoring	check status ready goroutine is triggered.
2024-10-24T14:33:07.520Z	DEBUG	controller_multiclustermonitoring	check status ready goroutine is triggered.
2024-10-24T14:33:09.521Z	DEBUG	controller_multiclustermonitoring	check status ready goroutine is triggered.
2024-10-24T14:33:11.524Z	DEBUG	controller_multiclustermonitoring	check status ready goroutine is triggered.
2024-10-24T14:33:13.525Z	DEBUG	controller_multiclustermonitoring	check status ready goroutine is triggered.
2024-10-24T14:33:15.526Z	DEBUG	controller_multiclustermonitoring	check status ready goroutine is triggered.
2024-10-24T14:33:17.527Z	DEBUG	controller_multiclustermonitoring	check status ready goroutine is triggered.
2024-10-24T14:33:19.528Z	DEBUG	controller_multiclustermonitoring	check status ready goroutine is triggered.
2024-10-24T14:33:21.530Z	DEBUG	controller_multiclustermonitoring	check status ready goroutine is triggered.
2024-10-24T14:33:23.531Z	DEBUG	controller_multiclustermonitoring	check status ready goroutine is triggered.
2024-10-24T14:33:25.532Z	DEBUG	controller_multiclustermonitoring	check status ready goroutine is triggered.
2024-10-24T14:33:27.533Z	DEBUG	controller_multiclustermonitoring	check status ready goroutine is triggered.
2024-10-24T14:33:29.534Z	DEBUG	controller_multiclustermonitoring	check status ready goroutine is triggered.
2024-10-24T14:33:31.535Z	DEBUG	controller_multiclustermonitoring	check status ready goroutine is triggered.
2024-10-24T14:33:33.536Z	DEBUG	controller_multiclustermonitoring	check status ready goroutine is triggered.
2024-10-24T14:33:35.537Z	DEBUG	controller_multiclustermonitoring	check status ready goroutine is triggered.
2024-10-24T14:33:37.539Z	DEBUG	controller_multiclustermonitoring	check status ready goroutine is triggered.
2024-10-24T14:33:39.540Z	DEBUG	controller_multiclustermonitoring	check status ready goroutine is triggered.
2024-10-24T14:33:41.540Z	DEBUG	controller_multiclustermonitoring	check status ready goroutine is triggered.
2024-10-24T14:33:43.542Z	DEBUG	controller_multiclustermonitoring	check status ready goroutine is triggered.
2024-10-24T14:33:45.543Z	DEBUG	controller_multiclustermonitoring	check status ready goroutine is triggered.
2024-10-24T14:33:47.544Z	DEBUG	controller_multiclustermonitoring	check status ready goroutine is triggered.
2024-10-24T14:33:49.545Z	DEBUG	controller_multiclustermonitoring	check status ready goroutine is triggered.
2024-10-24T14:33:51.546Z	DEBUG	controller_multiclustermonitoring	check status ready goroutine is triggered.
2024-10-24T14:33:53.547Z	DEBUG	controller_multiclustermonitoring	check status ready goroutine is triggered.
2024-10-24T14:33:55.548Z	DEBUG	controller_multiclustermonitoring	check status ready goroutine is triggered.
2024-10-24T14:33:57.549Z	DEBUG	controller_multiclustermonitoring	check status ready goroutine is triggered.
2024-10-24T14:33:59.551Z	DEBUG	controller_multiclustermonitoring	check status ready goroutine is triggered.
2024-10-24T14:34:01.552Z	DEBUG	controller_multiclustermonitoring	check status ready goroutine is triggered.
2024-10-24T14:34:03.553Z	DEBUG	controller_multiclustermonitoring	check status ready goroutine is triggered.
2024-10-24T14:34:05.554Z	DEBUG	controller_multiclustermonitoring	check status ready goroutine is triggered.
2024-10-24T14:34:07.554Z	DEBUG	controller_multiclustermonitoring	check status ready goroutine is triggered.
2024-10-24T14:34:09.556Z	DEBUG	controller_multiclustermonitoring	check status ready goroutine is triggered.
2024-10-24T14:34:10.746Z	DEBUG	config	the length of mch-image-manifest configmap	{"imageManifests": 47}
2024-10-24T14:34:10.746Z	INFO	controller_multiclustermonitoring	Reconciling MultiClusterObservability	{"Request.Namespace": "open-cluster-management", "Request.Name": "mch-updated-request"}
2024-10-24T14:34:10.746Z	DEBUG	config	the length of mch-image-manifest configmap	{"imageManifests": 47}
2024-10-24T14:34:10.746Z	INFO	controller_placementrule	Reconciling PlacementRule	{"Request.Namespace": "open-cluster-management", "Request.Name": "mch-updated-request"}
2024-10-24T14:34:10.746Z	INFO	util	observability-controller clustermanagementaddon is present 
2024-10-24T14:34:10.746Z	INFO	controller_placementrule	load and update templates for managedcluster resources
2024-10-24T14:34:10.746Z	DEBUG	config	image replacement	{"componentName": "prometheus", "image": "registry.redhat.io/rhacm2/prometheus-rhel9@sha256:098027730324408f1548bb874ace8e477a90b2fbe170c5a2ebe0cb956370e116"}
2024-10-24T14:34:10.746Z	DEBUG	config	image replacement	{"componentName": "prometheus_config_reloader", "image": "registry.redhat.io/rhacm2/acm-prometheus-config-reloader-rhel9@sha256:ab1632ec7aca478cf368e80ac9d98da3f2306a0cae8a4e9d29f95e149fd47ced"}
2024-10-24T14:34:10.746Z	DEBUG	config	image replacement	{"componentName": "prometheus_operator", "image": "registry.redhat.io/rhacm2/acm-prometheus-rhel9@sha256:4234bab8666dad7917cfcf10fdaed87b60e549ef6f8fb23d1760881d922e03e9"}
2024-10-24T14:34:10.746Z	DEBUG	config	image replacement	{"componentName": "kube_state_metrics", "image": "registry.redhat.io/rhacm2/kube-state-metrics-rhel9@sha256:001d552710b7aa82dd460f906d840c7e32f6eed7882510c48b8ec4a7085ee2aa"}
2024-10-24T14:34:10.746Z	DEBUG	config	image replacement	{"componentName": "node_exporter", "image": "registry.redhat.io/rhacm2/node-exporter-rhel9@sha256:603dbc7b5dbfd86a289e5159bb159645ae3a2504ca0f60ddf4b81dc68686fee4"}
2024-10-24T14:34:10.746Z	DEBUG	config	image replacement	{"componentName": "kube_rbac_proxy", "image": "registry.redhat.io/rhacm2/kube-rbac-proxy-rhel9@sha256:c60a1d52359493a41b2b6f820d11716d67290e9b83dc18c16039dbc6f120e5f2"}
2024-10-24T14:34:10.746Z	DEBUG	config	image replacement	{"componentName": "metrics_collector", "image": "registry.redhat.io/rhacm2/metrics-collector-rhel9@sha256:6212529aca9b35102350887934901063c1f7837264f39a73ae13285bd871f60b"}
2024-10-24T14:34:10.747Z	DEBUG	config	image replacement	{"componentName": "endpoint_monitoring_operator", "image": "registry.redhat.io/rhacm2/endpoint-monitoring-rhel9-operator@sha256:d4f1566125857fb8374fe1935bf397a529d36b558fc6d504a6562c3b0dd5f3b5"}
2024-10-24T14:34:10.747Z	INFO	util	unable to get CRD with ApiextensionsV1 Client, not found.	{"CRD": "multiclusterglobalhubs.operator.open-cluster-management.io"}
2024-10-24T14:34:10.749Z	INFO	controller_placementrule	Monitoring operator should be installed in cluster	{"cluster_name": "managed-cluster-1", "request.name": "mch-updated-request", "request.namespace": "open-cluster-management", "openshiftVersion": "4.16.7"}
2024-10-24T14:34:10.749Z	INFO	controller_placementrule	observabilityaddon already existed/unchanged	{"namespace": "managed-cluster-1"}
2024-10-24T14:34:10.749Z	INFO	controller_placementrule	clusterrolebinding endpoint-observability-mco-rolebinding already existed/unchanged	{"namespace": "managed-cluster-1"}
2024-10-24T14:34:10.749Z	INFO	controller_placementrule	rolebinding endpoint-observability-res-rolebinding already existed/unchanged	{"namespace": "managed-cluster-1"}
2024-10-24T14:34:10.749Z	INFO	util	ManagedClusterAddOn is created or updated successfully	{"name": "observability-controller", "namespace": "managed-cluster-1"}
2024-10-24T14:34:10.749Z	INFO	controller_placementrule	Cluster: managed-cluster-1, Spec.NodeSelector (after): map[]
2024-10-24T14:34:10.749Z	INFO	controller_placementrule	Cluster: managed-cluster-1, Spec.Tolerations (after): []
2024-10-24T14:34:10.749Z	DEBUG	config	operand is	{"key": "grafana", "name": "observability-grafana"}
2024-10-24T14:34:10.749Z	DEBUG	config	image replacement	{"componentName": "grafana", "image": "registry.redhat.io/rhacm2/acm-grafana-rhel9@sha256:74ad9db2286eef85e6c278cad1840a144ab50e8db1fced736974432dc4b9e0dd"}
2024-10-24T14:34:10.749Z	DEBUG	config	image replacement	{"componentName": "grafana_dashboard_loader", "image": "registry.redhat.io/rhacm2/grafana-dashboard-loader-rhel9@sha256:e2ff942d47e7e703a5fb11a2aacaac610e53273c74284d3b6da88bc70b8e7b7a"}
2024-10-24T14:34:10.751Z	INFO	controller_placementrule	manifestwork already existed/unchanged	{"namespace": "managed-cluster-1"}
2024-10-24T14:34:10.751Z	INFO	controller_placementrule	Monitoring operator should be installed in cluster	{"cluster_name": "local-cluster", "request.name": "mch-updated-request", "request.namespace": "open-cluster-management", "openshiftVersion": "mimical"}
2024-10-24T14:34:10.751Z	INFO	controller_placementrule	clusterrolebinding endpoint-observability-mco-rolebinding already existed/unchanged	{"namespace": "open-cluster-management-observability"}
2024-10-24T14:34:10.751Z	INFO	controller_placementrule	rolebinding endpoint-observability-res-rolebinding already existed/unchanged	{"namespace": "open-cluster-management-observability"}
2024-10-24T14:34:10.751Z	INFO	util	ManagedClusterAddOn is created or updated successfully	{"name": "observability-controller", "namespace": "open-cluster-management-observability"}
2024-10-24T14:34:10.751Z	INFO	controller_placementrule	Cluster: local-cluster, Spec.NodeSelector (after): map[]
2024-10-24T14:34:10.751Z	INFO	controller_placementrule	Cluster: local-cluster, Spec.Tolerations (after): []
2024-10-24T14:34:10.751Z	INFO	controller_placementrule	Creating resource for hub metrics collection	{"cluster": "local-cluster"}
2024-10-24T14:34:10.751Z	INFO	controller_placementrule	Check Ismcoterminating	{"IsMCOTerminating": false}
2024-10-24T14:34:10.755Z	DEBUG	config	operand is	{"key": "alertmanager", "name": "observability-alertmanager"}
2024-10-24T14:34:10.755Z	DEBUG	config	operand is	{"key": "alertmanager", "name": "observability-alertmanager"}
2024-10-24T14:34:10.755Z	DEBUG	config	operand is	{"key": "alertmanager", "name": "observability-alertmanager"}
2024-10-24T14:34:10.755Z	DEBUG	config	operand is	{"key": "alertmanager", "name": "observability-alertmanager"}
2024-10-24T14:34:10.755Z	DEBUG	config	image replacement	{"componentName": "prometheus_alertmanager", "image": "registry.redhat.io/rhacm2/prometheus-alertmanager-rhel9@sha256:6429a938750a655c2081cf3d6021a7377f6a3aa5cd43587885d4d49a9e528ee4"}
2024-10-24T14:34:10.755Z	DEBUG	config	image replacement	{"componentName": "configmap_reloader", "image": "registry.redhat.io/openshift4/ose-configmap-reloader@sha256:fa5b2e42a27e3ab5f0a0d2a103b5602b81d1b29eb788b54cc60ad547744ad053"}
2024-10-24T14:34:10.757Z	DEBUG	config	image replacement	{"componentName": "kube_rbac_proxy", "image": "registry.redhat.io/rhacm2/kube-rbac-proxy-rhel9@sha256:c60a1d52359493a41b2b6f820d11716d67290e9b83dc18c16039dbc6f120e5f2"}
2024-10-24T14:34:10.761Z	DEBUG	config	operand is	{"key": "rbac-query-proxy", "name": "observability-rbac-query-proxy"}
2024-10-24T14:34:10.761Z	DEBUG	config	operand is	{"key": "observatorium", "name": "observability"}
2024-10-24T14:34:10.761Z	DEBUG	config	operand is	{"key": "observatorium", "name": "observability"}
2024-10-24T14:34:10.761Z	DEBUG	config	image replacement	{"componentName": "rbac_query_proxy", "image": "registry.redhat.io/rhacm2/rbac-query-proxy-rhel9@sha256:8a0b372f52004a9855d4d42c4bbd7d09d586e9d0fabdb73d525b1a23b030b1ed"}
2024-10-24T14:34:10.765Z	DEBUG	config	image replacement	{"componentName": "observatorium_operator", "image": "registry.redhat.io/rhacm2/observatorium-rhel9-operator@sha256:20bae12383bdb261dfbb7274975374fad90f4831ff9787a26aac626d26f1ef16"}
2024-10-24T14:34:10.765Z	DEBUG	config	operand is	{"key": "observatorium-operator", "name": "observability-observatorium-operator"}
2024-10-24T14:34:10.785Z	INFO	deploying	Skip creation	{"Kind": "/v1, Kind=ConfigMap", "Name": "observability-managed-cluster-label-allowlist"}
2024-10-24T14:34:10.793Z	INFO	deploying	Update	{"kind": "Secret", "kindVersion": "v1", "name": "grafana-config"}
W1024 14:34:11.142038       1 client_config.go:659] Neither --kubeconfig nor --master was specified.  Using the inClusterConfig.  This might not work.
2024/10/24 14:34:11 [INFO] signed certificate with serial number 461997222507423848411007154466070641836516036155
2024-10-24T14:34:11.180Z	INFO	deploying	Skip creation	{"Kind": "/v1, Kind=Secret", "Name": "alertmanager-config"}
2024-10-24T14:34:11.181Z	INFO	deploying	Skip creation	{"Kind": "/v1, Kind=Secret", "Name": "alertmanager-proxy"}
2024-10-24T14:34:11.192Z	INFO	deploying	Update	{"kind": "Secret", "kindVersion": "v1", "name": "alertmanager-kube-rbac-proxy-metric"}
2024-10-24T14:34:11.295Z	INFO	deploying	Skip creation	{"Kind": "/v1, Kind=Secret", "Name": "rbac-proxy-cookie-secret"}
2024-10-24T14:34:11.340Z	DEBUG	config	image replacement	{"componentName": "multicluster_observability_addon", "image": ""}
2024-10-24T14:34:11.340Z	DEBUG	config	operand is	{"key": "multicluster-observability-addon", "name": "observability-multicluster-observability-addon"}
2024-10-24T14:34:11.358Z	INFO	controller_certificates	CA secrets already existed	{"name": "observability-server-ca-certs"}
2024-10-24T14:34:11.358Z	INFO	controller_certificates	CA secrets already existed	{"name": "observability-client-ca-certs"}
2024-10-24T14:34:11.358Z	DEBUG	config	operand is	{"key": "observatorium", "name": "observability"}
2024-10-24T14:34:11.358Z	INFO	controller_certificates	Certificate secrets already existed	{"name": "observability-server-certs"}
2024-10-24T14:34:11.358Z	INFO	controller_certificates	Certificate secrets already existed	{"name": "observability-grafana-certs"}
2024-10-24T14:34:11.358Z	DEBUG	config	operand is	{"key": "observatorium", "name": "observability"}
2024-10-24T14:34:11.358Z	INFO	controller_multiclustermonitoring	storageClassSelected	{"storageClassSelected": "gp3-csi"}
2024-10-24T14:34:11.358Z	DEBUG	config	image replacement	{"componentName": "observatorium", "image": "registry.redhat.io/rhacm2/observatorium-rhel9@sha256:330c3274f16a34d79ba5ac53ddbd2fe47778aff9c01e8e26fdc5b753e634962f"}
2024-10-24T14:34:11.358Z	DEBUG	config	image replacement	{"componentName": "configmap_reloader", "image": "registry.redhat.io/openshift4/ose-configmap-reloader@sha256:fa5b2e42a27e3ab5f0a0d2a103b5602b81d1b29eb788b54cc60ad547744ad053"}
2024-10-24T14:34:11.358Z	DEBUG	config	image replacement	{"componentName": "memcached", "image": "registry.redhat.io/rhacm2/memcached-rhel9@sha256:9600034019ce695e89aecb6ac255d591b201fc40a7f3d9796f42d043f0340623"}
2024-10-24T14:34:11.358Z	DEBUG	config	image replacement	{"componentName": "memcached_exporter", "image": "registry.redhat.io/rhacm2/memcached-exporter-rhel9@sha256:2c6e39ecbeed3dc4d30225b9a2ed0840c6d41c032ee08d63c7f8f092f3ee81e6"}
2024-10-24T14:34:11.358Z	DEBUG	config	image replacement	{"componentName": "thanos_receive_controller", "image": "registry.redhat.io/rhacm2/thanos-receive-controller-rhel9@sha256:739292da294b1b536cfea4d4cb63bc39f95cb917695026b1660f9022a73d58ee"}
2024-10-24T14:34:11.358Z	DEBUG	config	image replacement	{"componentName": "memcached", "image": "registry.redhat.io/rhacm2/memcached-rhel9@sha256:9600034019ce695e89aecb6ac255d591b201fc40a7f3d9796f42d043f0340623"}
2024-10-24T14:34:11.358Z	DEBUG	config	image replacement	{"componentName": "memcached_exporter", "image": "registry.redhat.io/rhacm2/memcached-exporter-rhel9@sha256:2c6e39ecbeed3dc4d30225b9a2ed0840c6d41c032ee08d63c7f8f092f3ee81e6"}
2024-10-24T14:34:11.358Z	DEBUG	config	image replacement	{"componentName": "thanos", "image": "registry.redhat.io/rhacm2/thanos-rhel9@sha256:caf27fd686b2ae1d6cb0ebe02cf195a2e7caece3ac8bda0c0e88f92678da6bd2"}
2024-10-24T14:34:11.358Z	DEBUG	config	operand is	{"key": "observatorium", "name": "observability"}
2024-10-24T14:34:11.358Z	INFO	controller_multiclustermonitoring	Coleen Old observatorium CR spec	{"oldSpec": {"image":"registry.redhat.io/rhacm2/thanos-rhel9@sha256:caf27fd686b2ae1d6cb0ebe02cf195a2e7caece3ac8bda0c0e88f92678da6bd2","imagePullPolicy":"IfNotPresent","compact":{"replicas":1,"volumeClaimTemplate":{"spec":{"accessModes":["ReadWriteOnce"],"resources":{"requests":{"storage":"200Gi"}},"storageClassName":"gp3-csi"}},"retentionResolutionRaw":"365d","retentionResolution5m":"365d","retentionResolution1h":"365d","enableDownsampling":true,"resources":{"requests":{"cpu":"100m","memory":"512Mi"}},"serviceMonitor":true,"deleteDelay":"48h"},"receiveController":{"image":"registry.redhat.io/rhacm2/thanos-receive-controller-rhel9@sha256:739292da294b1b536cfea4d4cb63bc39f95cb917695026b1660f9022a73d58ee","imagePullPolicy":"IfNotPresent","version":"master-2022-04-01-b58820f","resources":{"requests":{"cpu":"4m","memory":"32Mi"}},"serviceMonitor":true},"receivers":{"replicas":3,"volumeClaimTemplate":{"spec":{"accessModes":["ReadWriteOnce"],"resources":{"requests":{"storage":"100Gi"}},"storageClassName":"gp3-csi"}},"replicationFactor":3,"resources":{"requests":{"cpu":"300m","memory":"512Mi"}},"serviceMonitor":true,"retention":"24h"},"queryFrontend":{"replicas":2,"resources":{"requests":{"cpu":"100m","memory":"256Mi"}},"serviceMonitor":true,"cache":{"image":"registry.redhat.io/rhacm2/memcached-rhel9@sha256:9600034019ce695e89aecb6ac255d591b201fc40a7f3d9796f42d043f0340623","imagePullPolicy":"IfNotPresent","version":"1.6.3-alpine","exporterImage":"registry.redhat.io/rhacm2/memcached-exporter-rhel9@sha256:2c6e39ecbeed3dc4d30225b9a2ed0840c6d41c032ee08d63c7f8f092f3ee81e6","exporterImagePullPolicy":"IfNotPresent","exporterVersion":"v0.9.0","replicas":3,"memoryLimitMb":1024,"maxItemSize":"1m","connectionLimit":1024,"resources":{"requests":{"cpu":"45m","memory":"128Mi"}},"exporterResources":{"requests":{"cpu":"5m","memory":"50Mi"}},"serviceMonitor":true}},"store":{"volumeClaimTemplate":{"spec":{"accessModes":["ReadWriteOnce"],"resources":{"requests":{"storage":"10Gi"}},"storageClassName":"gp3-csi"}},"shards":3,"cache":{"image":"registry.redhat.io/rhacm2/memcached-rhel9@sha256:9600034019ce695e89aecb6ac255d591b201fc40a7f3d9796f42d043f0340623","imagePullPolicy":"IfNotPresent","version":"1.6.3-alpine","exporterImage":"registry.redhat.io/rhacm2/memcached-exporter-rhel9@sha256:2c6e39ecbeed3dc4d30225b9a2ed0840c6d41c032ee08d63c7f8f092f3ee81e6","exporterImagePullPolicy":"IfNotPresent","exporterVersion":"v0.9.0","replicas":3,"memoryLimitMb":1024,"maxItemSize":"1m","connectionLimit":1024,"resources":{"requests":{"cpu":"45m","memory":"128Mi"}},"exporterResources":{"requests":{"cpu":"5m","memory":"50Mi"}},"serviceMonitor":true},"resources":{"requests":{"cpu":"100m","memory":"1Gi"}},"serviceMonitor":true},"rule":{"replicas":3,"volumeClaimTemplate":{"spec":{"accessModes":["ReadWriteOnce"],"resources":{"requests":{"storage":"1Gi"}},"storageClassName":"gp3-csi"}},"rulesConfig":[{"name":"thanos-ruler-default-rules","key":"default_rules.yaml"}],"extraVolumeMounts":[{"type":"configMap","mountPath":"/etc/thanos/configmaps/alertmanager-ca-bundle","name":"alertmanager-ca-bundle","key":"service-ca.crt"}],"alertmanagerConfigFile":{"name":"thanos-ruler-config","key":"config.yaml"},"reloaderImage":"registry.redhat.io/openshift4/ose-configmap-reloader@sha256:fa5b2e42a27e3ab5f0a0d2a103b5602b81d1b29eb788b54cc60ad547744ad053","reloaderImagePullPolicy":"IfNotPresent","resources":{"requests":{"cpu":"50m","memory":"512Mi"}},"reloaderResources":{"requests":{"cpu":"4m","memory":"25Mi"}},"serviceMonitor":true,"blockDuration":"2h","retention":"24h","evalInterval":"300s"},"query":{"replicas":2,"resources":{"requests":{"cpu":"300m","memory":"1Gi"}},"serviceMonitor":true,"lookbackDelta":"600s"}}}
2024-10-24T14:34:11.358Z	INFO	controller_multiclustermonitoring	Coleen New observatorium CR spec	{"newSpec": {"image":"registry.redhat.io/rhacm2/thanos-rhel9@sha256:caf27fd686b2ae1d6cb0ebe02cf195a2e7caece3ac8bda0c0e88f92678da6bd2","imagePullPolicy":"IfNotPresent","compact":{"replicas":1,"volumeClaimTemplate":{"spec":{"accessModes":["ReadWriteOnce"],"resources":{"requests":{"storage":"200Gi"}},"storageClassName":"gp3-csi"}},"retentionResolutionRaw":"365d","retentionResolution5m":"365d","retentionResolution1h":"365d","enableDownsampling":true,"resources":{"requests":{"cpu":"500m","memory":"1Gi"}},"serviceMonitor":true,"deleteDelay":"48h"},"receiveController":{"image":"registry.redhat.io/rhacm2/thanos-receive-controller-rhel9@sha256:739292da294b1b536cfea4d4cb63bc39f95cb917695026b1660f9022a73d58ee","imagePullPolicy":"IfNotPresent","version":"master-2022-04-01-b58820f","resources":{"requests":{"cpu":"4m","memory":"32Mi"}},"serviceMonitor":true},"receivers":{"replicas":3,"volumeClaimTemplate":{"spec":{"accessModes":["ReadWriteOnce"],"resources":{"requests":{"storage":"100Gi"}},"storageClassName":"gp3-csi"}},"replicationFactor":3,"resources":{"requests":{"cpu":"300m","memory":"512Mi"}},"serviceMonitor":true,"retention":"24h"},"queryFrontend":{"replicas":2,"resources":{"requests":{"cpu":"100m","memory":"256Mi"}},"serviceMonitor":true,"cache":{"image":"registry.redhat.io/rhacm2/memcached-rhel9@sha256:9600034019ce695e89aecb6ac255d591b201fc40a7f3d9796f42d043f0340623","imagePullPolicy":"IfNotPresent","version":"1.6.3-alpine","exporterImage":"registry.redhat.io/rhacm2/memcached-exporter-rhel9@sha256:2c6e39ecbeed3dc4d30225b9a2ed0840c6d41c032ee08d63c7f8f092f3ee81e6","exporterImagePullPolicy":"IfNotPresent","exporterVersion":"v0.9.0","replicas":3,"memoryLimitMb":1024,"maxItemSize":"1m","connectionLimit":1024,"resources":{"requests":{"cpu":"45m","memory":"128Mi"}},"exporterResources":{"requests":{"cpu":"5m","memory":"50Mi"}},"serviceMonitor":true}},"store":{"volumeClaimTemplate":{"spec":{"accessModes":["ReadWriteOnce"],"resources":{"requests":{"storage":"10Gi"}},"storageClassName":"gp3-csi"}},"shards":3,"cache":{"image":"registry.redhat.io/rhacm2/memcached-rhel9@sha256:9600034019ce695e89aecb6ac255d591b201fc40a7f3d9796f42d043f0340623","imagePullPolicy":"IfNotPresent","version":"1.6.3-alpine","exporterImage":"registry.redhat.io/rhacm2/memcached-exporter-rhel9@sha256:2c6e39ecbeed3dc4d30225b9a2ed0840c6d41c032ee08d63c7f8f092f3ee81e6","exporterImagePullPolicy":"IfNotPresent","exporterVersion":"v0.9.0","replicas":3,"memoryLimitMb":1024,"maxItemSize":"1m","connectionLimit":1024,"resources":{"requests":{"cpu":"45m","memory":"128Mi"}},"exporterResources":{"requests":{"cpu":"5m","memory":"50Mi"}},"serviceMonitor":true},"resources":{"requests":{"cpu":"100m","memory":"1Gi"}},"serviceMonitor":true},"rule":{"replicas":3,"volumeClaimTemplate":{"spec":{"accessModes":["ReadWriteOnce"],"resources":{"requests":{"storage":"1Gi"}},"storageClassName":"gp3-csi"}},"rulesConfig":[{"name":"thanos-ruler-default-rules","key":"default_rules.yaml"}],"extraVolumeMounts":[{"type":"configMap","mountPath":"/etc/thanos/configmaps/alertmanager-ca-bundle","name":"alertmanager-ca-bundle","key":"service-ca.crt"}],"alertmanagerConfigFile":{"name":"thanos-ruler-config","key":"config.yaml"},"reloaderImage":"registry.redhat.io/openshift4/ose-configmap-reloader@sha256:fa5b2e42a27e3ab5f0a0d2a103b5602b81d1b29eb788b54cc60ad547744ad053","reloaderImagePullPolicy":"IfNotPresent","resources":{"requests":{"cpu":"50m","memory":"512Mi"}},"reloaderResources":{"requests":{"cpu":"4m","memory":"25Mi"}},"serviceMonitor":true,"blockDuration":"2h","retention":"24h","evalInterval":"300s"},"query":{"replicas":2,"resources":{"requests":{"cpu":"300m","memory":"1Gi"}},"serviceMonitor":true,"lookbackDelta":"600s"}}}
2024-10-24T14:34:11.360Z	INFO	controller_multiclustermonitoring	StorageVersionMigration already existed/unchanged	{"name": "storage-version-migration-observability"}
2024-10-24T14:34:11.360Z	DEBUG	controller_multiclustermonitoring	status update goroutine is triggered.
2024-10-24T14:34:11.556Z	DEBUG	controller_multiclustermonitoring	check status ready goroutine is triggered.
2024-10-24T14:34:13.558Z	DEBUG	controller_multiclustermonitoring	check status ready goroutine is triggered.
2024-10-24T14:34:15.559Z	DEBUG	controller_multiclustermonitoring	check status ready goroutine is triggered.
2024-10-24T14:34:17.560Z	DEBUG	controller_multiclustermonitoring	check status ready goroutine is triggered.
2024-10-24T14:34:19.560Z	DEBUG	controller_multiclustermonitoring	check status ready goroutine is triggered.
2024-10-24T14:34:21.561Z	DEBUG	controller_multiclustermonitoring	check status ready goroutine is triggered.
2024-10-24T14:34:23.562Z	DEBUG	controller_multiclustermonitoring	check status ready goroutine is triggered.
2024-10-24T14:34:25.562Z	DEBUG	controller_multiclustermonitoring	check status ready goroutine is triggered.
2024-10-24T14:34:27.563Z	DEBUG	controller_multiclustermonitoring	check status ready goroutine is triggered.
2024-10-24T14:34:29.564Z	DEBUG	controller_multiclustermonitoring	check status ready goroutine is triggered.
2024-10-24T14:34:31.565Z	DEBUG	controller_multiclustermonitoring	check status ready goroutine is triggered.
2024-10-24T14:34:33.566Z	DEBUG	controller_multiclustermonitoring	check status ready goroutine is triggered.
2024-10-24T14:34:35.567Z	DEBUG	controller_multiclustermonitoring	check status ready goroutine is triggered.
2024-10-24T14:34:37.568Z	DEBUG	controller_multiclustermonitoring	check status ready goroutine is triggered.
2024-10-24T14:34:39.569Z	DEBUG	controller_multiclustermonitoring	check status ready goroutine is triggered.
2024-10-24T14:34:41.570Z	DEBUG	controller_multiclustermonitoring	check status ready goroutine is triggered.
2024-10-24T14:34:43.571Z	DEBUG	controller_multiclustermonitoring	check status ready goroutine is triggered.
2024-10-24T14:34:45.572Z	DEBUG	controller_multiclustermonitoring	check status ready goroutine is triggered.
2024-10-24T14:34:47.572Z	DEBUG	controller_multiclustermonitoring	check status ready goroutine is triggered.
2024-10-24T14:34:49.574Z	DEBUG	controller_multiclustermonitoring	check status ready goroutine is triggered.
2024-10-24T14:34:51.575Z	DEBUG	controller_multiclustermonitoring	check status ready goroutine is triggered.
2024-10-24T14:34:53.576Z	DEBUG	controller_multiclustermonitoring	check status ready goroutine is triggered.
2024-10-24T14:34:55.578Z	DEBUG	controller_multiclustermonitoring	check status ready goroutine is triggered.
2024-10-24T14:34:57.578Z	DEBUG	controller_multiclustermonitoring	check status ready goroutine is triggered.
2024-10-24T14:34:59.580Z	DEBUG	controller_multiclustermonitoring	check status ready goroutine is triggered.
2024-10-24T14:35:01.581Z	DEBUG	controller_multiclustermonitoring	check status ready goroutine is triggered.
2024-10-24T14:35:03.582Z	DEBUG	controller_multiclustermonitoring	check status ready goroutine is triggered.
2024-10-24T14:35:05.583Z	DEBUG	controller_multiclustermonitoring	check status ready goroutine is triggered.
2024-10-24T14:35:07.584Z	DEBUG	controller_multiclustermonitoring	check status ready goroutine is triggered.
2024-10-24T14:35:09.585Z	DEBUG	controller_multiclustermonitoring	check status ready goroutine is triggered.
2024-10-24T14:35:11.585Z	DEBUG	controller_multiclustermonitoring	check status ready goroutine is triggered.
2024-10-24T14:35:13.587Z	DEBUG	controller_multiclustermonitoring	check status ready goroutine is triggered.
2024-10-24T14:35:15.588Z	DEBUG	controller_multiclustermonitoring	check status ready goroutine is triggered.
2024-10-24T14:35:17.589Z	DEBUG	controller_multiclustermonitoring	check status ready goroutine is triggered.
2024-10-24T14:35:19.591Z	DEBUG	controller_multiclustermonitoring	check status ready goroutine is triggered.
2024-10-24T14:35:21.592Z	DEBUG	controller_multiclustermonitoring	check status ready goroutine is triggered.
2024-10-24T14:35:23.593Z	DEBUG	controller_multiclustermonitoring	check status ready goroutine is triggered.
2024-10-24T14:35:25.595Z	DEBUG	controller_multiclustermonitoring	check status ready goroutine is triggered.
2024-10-24T14:35:27.596Z	DEBUG	controller_multiclustermonitoring	check status ready goroutine is triggered.
2024-10-24T14:35:29.597Z	DEBUG	controller_multiclustermonitoring	check status ready goroutine is triggered.
2024-10-24T14:35:30.617Z	INFO	multiclusterobservability-resource	validate update	{"name": "observability"}
2024-10-24T14:35:30.625Z	INFO	controller_multiclustermonitoring	Reconciling MultiClusterObservability	{"Request.Namespace": "", "Request.Name": "observability"}
2024-10-24T14:35:30.626Z	INFO	util	unable to get CRD with ApiextensionsV1 Client, not found.	{"CRD": "multiclusterglobalhubs.operator.open-cluster-management.io"}
2024-10-24T14:35:30.734Z	INFO	controller_multiclustermonitoring	Update storage size for PVC	{"pvc": "data-observability-thanos-rule-0"}
2024-10-24T14:35:30.739Z	INFO	controller_multiclustermonitoring	Update storage size for PVC	{"pvc": "data-observability-thanos-rule-2"}
2024-10-24T14:35:30.746Z	INFO	controller_multiclustermonitoring	Update storage size for PVC	{"pvc": "data-observability-thanos-rule-1"}
2024-10-24T14:35:30.751Z	INFO	controller_multiclustermonitoring	Successfully delete sts due to storage size changed	{"sts": "observability-thanos-rule"}
2024-10-24T14:35:30.754Z	DEBUG	config	operand is	{"key": "grafana", "name": "observability-grafana"}
2024-10-24T14:35:30.754Z	DEBUG	config	image replacement	{"componentName": "grafana", "image": "registry.redhat.io/rhacm2/acm-grafana-rhel9@sha256:74ad9db2286eef85e6c278cad1840a144ab50e8db1fced736974432dc4b9e0dd"}
2024-10-24T14:35:30.754Z	DEBUG	config	image replacement	{"componentName": "grafana_dashboard_loader", "image": "registry.redhat.io/rhacm2/grafana-dashboard-loader-rhel9@sha256:e2ff942d47e7e703a5fb11a2aacaac610e53273c74284d3b6da88bc70b8e7b7a"}
2024-10-24T14:35:30.760Z	DEBUG	config	operand is	{"key": "alertmanager", "name": "observability-alertmanager"}
2024-10-24T14:35:30.760Z	DEBUG	config	operand is	{"key": "alertmanager", "name": "observability-alertmanager"}
2024-10-24T14:35:30.760Z	DEBUG	config	operand is	{"key": "alertmanager", "name": "observability-alertmanager"}
2024-10-24T14:35:30.760Z	DEBUG	config	operand is	{"key": "alertmanager", "name": "observability-alertmanager"}
2024-10-24T14:35:30.760Z	DEBUG	config	image replacement	{"componentName": "prometheus_alertmanager", "image": "registry.redhat.io/rhacm2/prometheus-alertmanager-rhel9@sha256:6429a938750a655c2081cf3d6021a7377f6a3aa5cd43587885d4d49a9e528ee4"}
2024-10-24T14:35:30.760Z	DEBUG	config	image replacement	{"componentName": "configmap_reloader", "image": "registry.redhat.io/openshift4/ose-configmap-reloader@sha256:fa5b2e42a27e3ab5f0a0d2a103b5602b81d1b29eb788b54cc60ad547744ad053"}
2024-10-24T14:35:30.762Z	DEBUG	config	image replacement	{"componentName": "kube_rbac_proxy", "image": "registry.redhat.io/rhacm2/kube-rbac-proxy-rhel9@sha256:c60a1d52359493a41b2b6f820d11716d67290e9b83dc18c16039dbc6f120e5f2"}
2024-10-24T14:35:30.765Z	DEBUG	config	operand is	{"key": "rbac-query-proxy", "name": "observability-rbac-query-proxy"}
2024-10-24T14:35:30.765Z	DEBUG	config	operand is	{"key": "observatorium", "name": "observability"}
2024-10-24T14:35:30.765Z	DEBUG	config	operand is	{"key": "observatorium", "name": "observability"}
2024-10-24T14:35:30.765Z	DEBUG	config	image replacement	{"componentName": "rbac_query_proxy", "image": "registry.redhat.io/rhacm2/rbac-query-proxy-rhel9@sha256:8a0b372f52004a9855d4d42c4bbd7d09d586e9d0fabdb73d525b1a23b030b1ed"}
2024-10-24T14:35:30.768Z	DEBUG	config	image replacement	{"componentName": "observatorium_operator", "image": "registry.redhat.io/rhacm2/observatorium-rhel9-operator@sha256:20bae12383bdb261dfbb7274975374fad90f4831ff9787a26aac626d26f1ef16"}
2024-10-24T14:35:30.768Z	DEBUG	config	operand is	{"key": "observatorium-operator", "name": "observability-observatorium-operator"}
2024-10-24T14:35:30.788Z	INFO	deploying	Skip creation	{"Kind": "/v1, Kind=ConfigMap", "Name": "observability-managed-cluster-label-allowlist"}
2024-10-24T14:35:30.800Z	INFO	deploying	Update	{"kind": "Secret", "kindVersion": "v1", "name": "grafana-config"}
2024-10-24T14:35:31.096Z	INFO	deploying	Skip creation	{"Kind": "/v1, Kind=Secret", "Name": "alertmanager-config"}
2024-10-24T14:35:31.098Z	INFO	deploying	Skip creation	{"Kind": "/v1, Kind=Secret", "Name": "alertmanager-proxy"}
2024-10-24T14:35:31.141Z	INFO	deploying	Update	{"kind": "Secret", "kindVersion": "v1", "name": "alertmanager-kube-rbac-proxy-metric"}
2024-10-24T14:35:31.302Z	INFO	deploying	Skip creation	{"Kind": "/v1, Kind=Secret", "Name": "rbac-proxy-cookie-secret"}
2024-10-24T14:35:31.345Z	DEBUG	config	image replacement	{"componentName": "multicluster_observability_addon", "image": ""}
2024-10-24T14:35:31.345Z	DEBUG	config	operand is	{"key": "multicluster-observability-addon", "name": "observability-multicluster-observability-addon"}
2024-10-24T14:35:31.364Z	INFO	controller_certificates	CA secrets already existed	{"name": "observability-server-ca-certs"}
2024-10-24T14:35:31.364Z	INFO	controller_certificates	CA secrets already existed	{"name": "observability-client-ca-certs"}
2024-10-24T14:35:31.364Z	DEBUG	config	operand is	{"key": "observatorium", "name": "observability"}
2024-10-24T14:35:31.364Z	INFO	controller_certificates	Certificate secrets already existed	{"name": "observability-server-certs"}
2024-10-24T14:35:31.364Z	INFO	controller_certificates	Certificate secrets already existed	{"name": "observability-grafana-certs"}
2024-10-24T14:35:31.364Z	DEBUG	config	operand is	{"key": "observatorium", "name": "observability"}
2024-10-24T14:35:31.365Z	INFO	controller_multiclustermonitoring	storageClassSelected	{"storageClassSelected": "gp3-csi"}
2024-10-24T14:35:31.365Z	DEBUG	config	image replacement	{"componentName": "observatorium", "image": "registry.redhat.io/rhacm2/observatorium-rhel9@sha256:330c3274f16a34d79ba5ac53ddbd2fe47778aff9c01e8e26fdc5b753e634962f"}
2024-10-24T14:35:31.365Z	DEBUG	config	image replacement	{"componentName": "configmap_reloader", "image": "registry.redhat.io/openshift4/ose-configmap-reloader@sha256:fa5b2e42a27e3ab5f0a0d2a103b5602b81d1b29eb788b54cc60ad547744ad053"}
2024-10-24T14:35:31.365Z	DEBUG	config	image replacement	{"componentName": "memcached", "image": "registry.redhat.io/rhacm2/memcached-rhel9@sha256:9600034019ce695e89aecb6ac255d591b201fc40a7f3d9796f42d043f0340623"}
2024-10-24T14:35:31.365Z	DEBUG	config	image replacement	{"componentName": "memcached_exporter", "image": "registry.redhat.io/rhacm2/memcached-exporter-rhel9@sha256:2c6e39ecbeed3dc4d30225b9a2ed0840c6d41c032ee08d63c7f8f092f3ee81e6"}
2024-10-24T14:35:31.365Z	DEBUG	config	image replacement	{"componentName": "thanos_receive_controller", "image": "registry.redhat.io/rhacm2/thanos-receive-controller-rhel9@sha256:739292da294b1b536cfea4d4cb63bc39f95cb917695026b1660f9022a73d58ee"}
2024-10-24T14:35:31.365Z	DEBUG	config	image replacement	{"componentName": "memcached", "image": "registry.redhat.io/rhacm2/memcached-rhel9@sha256:9600034019ce695e89aecb6ac255d591b201fc40a7f3d9796f42d043f0340623"}
2024-10-24T14:35:31.365Z	DEBUG	config	image replacement	{"componentName": "memcached_exporter", "image": "registry.redhat.io/rhacm2/memcached-exporter-rhel9@sha256:2c6e39ecbeed3dc4d30225b9a2ed0840c6d41c032ee08d63c7f8f092f3ee81e6"}
2024-10-24T14:35:31.365Z	DEBUG	config	image replacement	{"componentName": "thanos", "image": "registry.redhat.io/rhacm2/thanos-rhel9@sha256:caf27fd686b2ae1d6cb0ebe02cf195a2e7caece3ac8bda0c0e88f92678da6bd2"}
2024-10-24T14:35:31.365Z	DEBUG	config	operand is	{"key": "observatorium", "name": "observability"}
2024-10-24T14:35:31.365Z	INFO	controller_multiclustermonitoring	Coleen Old observatorium CR spec	{"oldSpec": {"image":"registry.redhat.io/rhacm2/thanos-rhel9@sha256:caf27fd686b2ae1d6cb0ebe02cf195a2e7caece3ac8bda0c0e88f92678da6bd2","imagePullPolicy":"IfNotPresent","compact":{"replicas":1,"volumeClaimTemplate":{"spec":{"accessModes":["ReadWriteOnce"],"resources":{"requests":{"storage":"200Gi"}},"storageClassName":"gp3-csi"}},"retentionResolutionRaw":"365d","retentionResolution5m":"365d","retentionResolution1h":"365d","enableDownsampling":true,"resources":{"requests":{"cpu":"100m","memory":"512Mi"}},"serviceMonitor":true,"deleteDelay":"48h"},"receiveController":{"image":"registry.redhat.io/rhacm2/thanos-receive-controller-rhel9@sha256:739292da294b1b536cfea4d4cb63bc39f95cb917695026b1660f9022a73d58ee","imagePullPolicy":"IfNotPresent","version":"master-2022-04-01-b58820f","resources":{"requests":{"cpu":"4m","memory":"32Mi"}},"serviceMonitor":true},"receivers":{"replicas":3,"volumeClaimTemplate":{"spec":{"accessModes":["ReadWriteOnce"],"resources":{"requests":{"storage":"100Gi"}},"storageClassName":"gp3-csi"}},"replicationFactor":3,"resources":{"requests":{"cpu":"300m","memory":"512Mi"}},"serviceMonitor":true,"retention":"24h"},"queryFrontend":{"replicas":2,"resources":{"requests":{"cpu":"100m","memory":"256Mi"}},"serviceMonitor":true,"cache":{"image":"registry.redhat.io/rhacm2/memcached-rhel9@sha256:9600034019ce695e89aecb6ac255d591b201fc40a7f3d9796f42d043f0340623","imagePullPolicy":"IfNotPresent","version":"1.6.3-alpine","exporterImage":"registry.redhat.io/rhacm2/memcached-exporter-rhel9@sha256:2c6e39ecbeed3dc4d30225b9a2ed0840c6d41c032ee08d63c7f8f092f3ee81e6","exporterImagePullPolicy":"IfNotPresent","exporterVersion":"v0.9.0","replicas":3,"memoryLimitMb":1024,"maxItemSize":"1m","connectionLimit":1024,"resources":{"requests":{"cpu":"45m","memory":"128Mi"}},"exporterResources":{"requests":{"cpu":"5m","memory":"50Mi"}},"serviceMonitor":true}},"store":{"volumeClaimTemplate":{"spec":{"accessModes":["ReadWriteOnce"],"resources":{"requests":{"storage":"10Gi"}},"storageClassName":"gp3-csi"}},"shards":3,"cache":{"image":"registry.redhat.io/rhacm2/memcached-rhel9@sha256:9600034019ce695e89aecb6ac255d591b201fc40a7f3d9796f42d043f0340623","imagePullPolicy":"IfNotPresent","version":"1.6.3-alpine","exporterImage":"registry.redhat.io/rhacm2/memcached-exporter-rhel9@sha256:2c6e39ecbeed3dc4d30225b9a2ed0840c6d41c032ee08d63c7f8f092f3ee81e6","exporterImagePullPolicy":"IfNotPresent","exporterVersion":"v0.9.0","replicas":3,"memoryLimitMb":1024,"maxItemSize":"1m","connectionLimit":1024,"resources":{"requests":{"cpu":"45m","memory":"128Mi"}},"exporterResources":{"requests":{"cpu":"5m","memory":"50Mi"}},"serviceMonitor":true},"resources":{"requests":{"cpu":"100m","memory":"1Gi"}},"serviceMonitor":true},"rule":{"replicas":3,"volumeClaimTemplate":{"spec":{"accessModes":["ReadWriteOnce"],"resources":{"requests":{"storage":"1Gi"}},"storageClassName":"gp3-csi"}},"rulesConfig":[{"name":"thanos-ruler-default-rules","key":"default_rules.yaml"}],"extraVolumeMounts":[{"type":"configMap","mountPath":"/etc/thanos/configmaps/alertmanager-ca-bundle","name":"alertmanager-ca-bundle","key":"service-ca.crt"}],"alertmanagerConfigFile":{"name":"thanos-ruler-config","key":"config.yaml"},"reloaderImage":"registry.redhat.io/openshift4/ose-configmap-reloader@sha256:fa5b2e42a27e3ab5f0a0d2a103b5602b81d1b29eb788b54cc60ad547744ad053","reloaderImagePullPolicy":"IfNotPresent","resources":{"requests":{"cpu":"50m","memory":"512Mi"}},"reloaderResources":{"requests":{"cpu":"4m","memory":"25Mi"}},"serviceMonitor":true,"blockDuration":"2h","retention":"24h","evalInterval":"300s"},"query":{"replicas":2,"resources":{"requests":{"cpu":"300m","memory":"1Gi"}},"serviceMonitor":true,"lookbackDelta":"600s"}}}
2024-10-24T14:35:31.365Z	INFO	controller_multiclustermonitoring	Coleen New observatorium CR spec	{"newSpec": {"image":"registry.redhat.io/rhacm2/thanos-rhel9@sha256:caf27fd686b2ae1d6cb0ebe02cf195a2e7caece3ac8bda0c0e88f92678da6bd2","imagePullPolicy":"IfNotPresent","compact":{"replicas":1,"volumeClaimTemplate":{"spec":{"accessModes":["ReadWriteOnce"],"resources":{"requests":{"storage":"200Gi"}},"storageClassName":"gp3-csi"}},"retentionResolutionRaw":"365d","retentionResolution5m":"365d","retentionResolution1h":"365d","enableDownsampling":true,"resources":{"requests":{"cpu":"500m","memory":"1Gi"}},"serviceMonitor":true,"deleteDelay":"48h"},"receiveController":{"image":"registry.redhat.io/rhacm2/thanos-receive-controller-rhel9@sha256:739292da294b1b536cfea4d4cb63bc39f95cb917695026b1660f9022a73d58ee","imagePullPolicy":"IfNotPresent","version":"master-2022-04-01-b58820f","resources":{"requests":{"cpu":"4m","memory":"32Mi"}},"serviceMonitor":true},"receivers":{"replicas":3,"volumeClaimTemplate":{"spec":{"accessModes":["ReadWriteOnce"],"resources":{"requests":{"storage":"100Gi"}},"storageClassName":"gp3-csi"}},"replicationFactor":3,"resources":{"requests":{"cpu":"300m","memory":"512Mi"}},"serviceMonitor":true,"retention":"24h"},"queryFrontend":{"replicas":2,"resources":{"requests":{"cpu":"100m","memory":"256Mi"}},"serviceMonitor":true,"cache":{"image":"registry.redhat.io/rhacm2/memcached-rhel9@sha256:9600034019ce695e89aecb6ac255d591b201fc40a7f3d9796f42d043f0340623","imagePullPolicy":"IfNotPresent","version":"1.6.3-alpine","exporterImage":"registry.redhat.io/rhacm2/memcached-exporter-rhel9@sha256:2c6e39ecbeed3dc4d30225b9a2ed0840c6d41c032ee08d63c7f8f092f3ee81e6","exporterImagePullPolicy":"IfNotPresent","exporterVersion":"v0.9.0","replicas":3,"memoryLimitMb":1024,"maxItemSize":"1m","connectionLimit":1024,"resources":{"requests":{"cpu":"45m","memory":"128Mi"}},"exporterResources":{"requests":{"cpu":"5m","memory":"50Mi"}},"serviceMonitor":true}},"store":{"volumeClaimTemplate":{"spec":{"accessModes":["ReadWriteOnce"],"resources":{"requests":{"storage":"10Gi"}},"storageClassName":"gp3-csi"}},"shards":3,"cache":{"image":"registry.redhat.io/rhacm2/memcached-rhel9@sha256:9600034019ce695e89aecb6ac255d591b201fc40a7f3d9796f42d043f0340623","imagePullPolicy":"IfNotPresent","version":"1.6.3-alpine","exporterImage":"registry.redhat.io/rhacm2/memcached-exporter-rhel9@sha256:2c6e39ecbeed3dc4d30225b9a2ed0840c6d41c032ee08d63c7f8f092f3ee81e6","exporterImagePullPolicy":"IfNotPresent","exporterVersion":"v0.9.0","replicas":3,"memoryLimitMb":1024,"maxItemSize":"1m","connectionLimit":1024,"resources":{"requests":{"cpu":"45m","memory":"128Mi"}},"exporterResources":{"requests":{"cpu":"5m","memory":"50Mi"}},"serviceMonitor":true},"resources":{"requests":{"cpu":"100m","memory":"1Gi"}},"serviceMonitor":true},"rule":{"replicas":3,"volumeClaimTemplate":{"spec":{"accessModes":["ReadWriteOnce"],"resources":{"requests":{"storage":"2Gi"}},"storageClassName":"gp3-csi"}},"rulesConfig":[{"name":"thanos-ruler-default-rules","key":"default_rules.yaml"}],"extraVolumeMounts":[{"type":"configMap","mountPath":"/etc/thanos/configmaps/alertmanager-ca-bundle","name":"alertmanager-ca-bundle","key":"service-ca.crt"}],"alertmanagerConfigFile":{"name":"thanos-ruler-config","key":"config.yaml"},"reloaderImage":"registry.redhat.io/openshift4/ose-configmap-reloader@sha256:fa5b2e42a27e3ab5f0a0d2a103b5602b81d1b29eb788b54cc60ad547744ad053","reloaderImagePullPolicy":"IfNotPresent","resources":{"requests":{"cpu":"50m","memory":"512Mi"}},"reloaderResources":{"requests":{"cpu":"4m","memory":"25Mi"}},"serviceMonitor":true,"blockDuration":"2h","retention":"24h","evalInterval":"300s"},"query":{"replicas":2,"resources":{"requests":{"cpu":"300m","memory":"1Gi"}},"serviceMonitor":true,"lookbackDelta":"600s"}}}
2024-10-24T14:35:31.366Z	INFO	controller_multiclustermonitoring	StorageVersionMigration already existed/unchanged	{"name": "storage-version-migration-observability"}
2024-10-24T14:35:31.366Z	DEBUG	controller_multiclustermonitoring	status update goroutine is triggered.
2024-10-24T14:35:31.379Z	INFO	controller_multiclustermonitoring	Reconciling MultiClusterObservability	{"Request.Namespace": "", "Request.Name": "observability"}
2024-10-24T14:35:31.382Z	INFO	util	unable to get CRD with ApiextensionsV1 Client, not found.	{"CRD": "multiclusterglobalhubs.operator.open-cluster-management.io"}
2024-10-24T14:35:31.384Z	DEBUG	config	operand is	{"key": "grafana", "name": "observability-grafana"}
2024-10-24T14:35:31.384Z	DEBUG	config	image replacement	{"componentName": "grafana", "image": "registry.redhat.io/rhacm2/acm-grafana-rhel9@sha256:74ad9db2286eef85e6c278cad1840a144ab50e8db1fced736974432dc4b9e0dd"}
2024-10-24T14:35:31.384Z	DEBUG	config	image replacement	{"componentName": "grafana_dashboard_loader", "image": "registry.redhat.io/rhacm2/grafana-dashboard-loader-rhel9@sha256:e2ff942d47e7e703a5fb11a2aacaac610e53273c74284d3b6da88bc70b8e7b7a"}
2024-10-24T14:35:31.394Z	DEBUG	config	operand is	{"key": "alertmanager", "name": "observability-alertmanager"}
2024-10-24T14:35:31.394Z	DEBUG	config	operand is	{"key": "alertmanager", "name": "observability-alertmanager"}
2024-10-24T14:35:31.394Z	DEBUG	config	operand is	{"key": "alertmanager", "name": "observability-alertmanager"}
2024-10-24T14:35:31.394Z	DEBUG	config	operand is	{"key": "alertmanager", "name": "observability-alertmanager"}
2024-10-24T14:35:31.394Z	DEBUG	config	image replacement	{"componentName": "prometheus_alertmanager", "image": "registry.redhat.io/rhacm2/prometheus-alertmanager-rhel9@sha256:6429a938750a655c2081cf3d6021a7377f6a3aa5cd43587885d4d49a9e528ee4"}
2024-10-24T14:35:31.394Z	DEBUG	config	image replacement	{"componentName": "configmap_reloader", "image": "registry.redhat.io/openshift4/ose-configmap-reloader@sha256:fa5b2e42a27e3ab5f0a0d2a103b5602b81d1b29eb788b54cc60ad547744ad053"}
2024-10-24T14:35:31.401Z	DEBUG	config	image replacement	{"componentName": "kube_rbac_proxy", "image": "registry.redhat.io/rhacm2/kube-rbac-proxy-rhel9@sha256:c60a1d52359493a41b2b6f820d11716d67290e9b83dc18c16039dbc6f120e5f2"}
2024-10-24T14:35:31.429Z	DEBUG	config	operand is	{"key": "rbac-query-proxy", "name": "observability-rbac-query-proxy"}
2024-10-24T14:35:31.429Z	DEBUG	config	operand is	{"key": "observatorium", "name": "observability"}
2024-10-24T14:35:31.429Z	DEBUG	config	operand is	{"key": "observatorium", "name": "observability"}
2024-10-24T14:35:31.429Z	DEBUG	config	image replacement	{"componentName": "rbac_query_proxy", "image": "registry.redhat.io/rhacm2/rbac-query-proxy-rhel9@sha256:8a0b372f52004a9855d4d42c4bbd7d09d586e9d0fabdb73d525b1a23b030b1ed"}
2024-10-24T14:35:31.432Z	DEBUG	config	image replacement	{"componentName": "observatorium_operator", "image": "registry.redhat.io/rhacm2/observatorium-rhel9-operator@sha256:20bae12383bdb261dfbb7274975374fad90f4831ff9787a26aac626d26f1ef16"}
2024-10-24T14:35:31.432Z	DEBUG	config	operand is	{"key": "observatorium-operator", "name": "observability-observatorium-operator"}
2024-10-24T14:35:31.443Z	INFO	deploying	Skip creation	{"Kind": "/v1, Kind=ConfigMap", "Name": "observability-managed-cluster-label-allowlist"}
2024-10-24T14:35:31.452Z	INFO	deploying	Update	{"kind": "Secret", "kindVersion": "v1", "name": "grafana-config"}
2024-10-24T14:35:31.598Z	DEBUG	controller_multiclustermonitoring	check status ready goroutine is triggered.
2024-10-24T14:35:33.144Z	INFO	deploying	Skip creation	{"Kind": "/v1, Kind=Secret", "Name": "alertmanager-config"}
2024-10-24T14:35:33.146Z	INFO	deploying	Skip creation	{"Kind": "/v1, Kind=Secret", "Name": "alertmanager-proxy"}
2024-10-24T14:35:33.191Z	INFO	deploying	Update	{"kind": "Secret", "kindVersion": "v1", "name": "alertmanager-kube-rbac-proxy-metric"}
2024-10-24T14:35:33.346Z	INFO	deploying	Skip creation	{"Kind": "/v1, Kind=Secret", "Name": "rbac-proxy-cookie-secret"}
2024-10-24T14:35:33.392Z	DEBUG	config	image replacement	{"componentName": "multicluster_observability_addon", "image": ""}
2024-10-24T14:35:33.392Z	DEBUG	config	operand is	{"key": "multicluster-observability-addon", "name": "observability-multicluster-observability-addon"}
2024-10-24T14:35:33.407Z	INFO	controller_certificates	CA secrets already existed	{"name": "observability-server-ca-certs"}
2024-10-24T14:35:33.408Z	INFO	controller_certificates	CA secrets already existed	{"name": "observability-client-ca-certs"}
2024-10-24T14:35:33.408Z	DEBUG	config	operand is	{"key": "observatorium", "name": "observability"}
2024-10-24T14:35:33.408Z	INFO	controller_certificates	Certificate secrets already existed	{"name": "observability-server-certs"}
2024-10-24T14:35:33.408Z	INFO	controller_certificates	Certificate secrets already existed	{"name": "observability-grafana-certs"}
2024-10-24T14:35:33.408Z	DEBUG	config	operand is	{"key": "observatorium", "name": "observability"}
2024-10-24T14:35:33.408Z	INFO	controller_multiclustermonitoring	storageClassSelected	{"storageClassSelected": "gp3-csi"}
2024-10-24T14:35:33.408Z	DEBUG	config	image replacement	{"componentName": "observatorium", "image": "registry.redhat.io/rhacm2/observatorium-rhel9@sha256:330c3274f16a34d79ba5ac53ddbd2fe47778aff9c01e8e26fdc5b753e634962f"}
2024-10-24T14:35:33.408Z	DEBUG	config	image replacement	{"componentName": "configmap_reloader", "image": "registry.redhat.io/openshift4/ose-configmap-reloader@sha256:fa5b2e42a27e3ab5f0a0d2a103b5602b81d1b29eb788b54cc60ad547744ad053"}
2024-10-24T14:35:33.408Z	DEBUG	config	image replacement	{"componentName": "memcached", "image": "registry.redhat.io/rhacm2/memcached-rhel9@sha256:9600034019ce695e89aecb6ac255d591b201fc40a7f3d9796f42d043f0340623"}
2024-10-24T14:35:33.408Z	DEBUG	config	image replacement	{"componentName": "memcached_exporter", "image": "registry.redhat.io/rhacm2/memcached-exporter-rhel9@sha256:2c6e39ecbeed3dc4d30225b9a2ed0840c6d41c032ee08d63c7f8f092f3ee81e6"}
2024-10-24T14:35:33.408Z	DEBUG	config	image replacement	{"componentName": "thanos_receive_controller", "image": "registry.redhat.io/rhacm2/thanos-receive-controller-rhel9@sha256:739292da294b1b536cfea4d4cb63bc39f95cb917695026b1660f9022a73d58ee"}
2024-10-24T14:35:33.408Z	DEBUG	config	image replacement	{"componentName": "memcached", "image": "registry.redhat.io/rhacm2/memcached-rhel9@sha256:9600034019ce695e89aecb6ac255d591b201fc40a7f3d9796f42d043f0340623"}
2024-10-24T14:35:33.408Z	DEBUG	config	image replacement	{"componentName": "memcached_exporter", "image": "registry.redhat.io/rhacm2/memcached-exporter-rhel9@sha256:2c6e39ecbeed3dc4d30225b9a2ed0840c6d41c032ee08d63c7f8f092f3ee81e6"}
2024-10-24T14:35:33.408Z	DEBUG	config	image replacement	{"componentName": "thanos", "image": "registry.redhat.io/rhacm2/thanos-rhel9@sha256:caf27fd686b2ae1d6cb0ebe02cf195a2e7caece3ac8bda0c0e88f92678da6bd2"}
2024-10-24T14:35:33.408Z	DEBUG	config	operand is	{"key": "observatorium", "name": "observability"}
2024-10-24T14:35:33.408Z	INFO	controller_multiclustermonitoring	Coleen Old observatorium CR spec	{"oldSpec": {"image":"registry.redhat.io/rhacm2/thanos-rhel9@sha256:caf27fd686b2ae1d6cb0ebe02cf195a2e7caece3ac8bda0c0e88f92678da6bd2","imagePullPolicy":"IfNotPresent","compact":{"replicas":1,"volumeClaimTemplate":{"spec":{"accessModes":["ReadWriteOnce"],"resources":{"requests":{"storage":"200Gi"}},"storageClassName":"gp3-csi"}},"retentionResolutionRaw":"365d","retentionResolution5m":"365d","retentionResolution1h":"365d","enableDownsampling":true,"resources":{"requests":{"cpu":"100m","memory":"512Mi"}},"serviceMonitor":true,"deleteDelay":"48h"},"receiveController":{"image":"registry.redhat.io/rhacm2/thanos-receive-controller-rhel9@sha256:739292da294b1b536cfea4d4cb63bc39f95cb917695026b1660f9022a73d58ee","imagePullPolicy":"IfNotPresent","version":"master-2022-04-01-b58820f","resources":{"requests":{"cpu":"4m","memory":"32Mi"}},"serviceMonitor":true},"receivers":{"replicas":3,"volumeClaimTemplate":{"spec":{"accessModes":["ReadWriteOnce"],"resources":{"requests":{"storage":"100Gi"}},"storageClassName":"gp3-csi"}},"replicationFactor":3,"resources":{"requests":{"cpu":"300m","memory":"512Mi"}},"serviceMonitor":true,"retention":"24h"},"queryFrontend":{"replicas":2,"resources":{"requests":{"cpu":"100m","memory":"256Mi"}},"serviceMonitor":true,"cache":{"image":"registry.redhat.io/rhacm2/memcached-rhel9@sha256:9600034019ce695e89aecb6ac255d591b201fc40a7f3d9796f42d043f0340623","imagePullPolicy":"IfNotPresent","version":"1.6.3-alpine","exporterImage":"registry.redhat.io/rhacm2/memcached-exporter-rhel9@sha256:2c6e39ecbeed3dc4d30225b9a2ed0840c6d41c032ee08d63c7f8f092f3ee81e6","exporterImagePullPolicy":"IfNotPresent","exporterVersion":"v0.9.0","replicas":3,"memoryLimitMb":1024,"maxItemSize":"1m","connectionLimit":1024,"resources":{"requests":{"cpu":"45m","memory":"128Mi"}},"exporterResources":{"requests":{"cpu":"5m","memory":"50Mi"}},"serviceMonitor":true}},"store":{"volumeClaimTemplate":{"spec":{"accessModes":["ReadWriteOnce"],"resources":{"requests":{"storage":"10Gi"}},"storageClassName":"gp3-csi"}},"shards":3,"cache":{"image":"registry.redhat.io/rhacm2/memcached-rhel9@sha256:9600034019ce695e89aecb6ac255d591b201fc40a7f3d9796f42d043f0340623","imagePullPolicy":"IfNotPresent","version":"1.6.3-alpine","exporterImage":"registry.redhat.io/rhacm2/memcached-exporter-rhel9@sha256:2c6e39ecbeed3dc4d30225b9a2ed0840c6d41c032ee08d63c7f8f092f3ee81e6","exporterImagePullPolicy":"IfNotPresent","exporterVersion":"v0.9.0","replicas":3,"memoryLimitMb":1024,"maxItemSize":"1m","connectionLimit":1024,"resources":{"requests":{"cpu":"45m","memory":"128Mi"}},"exporterResources":{"requests":{"cpu":"5m","memory":"50Mi"}},"serviceMonitor":true},"resources":{"requests":{"cpu":"100m","memory":"1Gi"}},"serviceMonitor":true},"rule":{"replicas":3,"volumeClaimTemplate":{"spec":{"accessModes":["ReadWriteOnce"],"resources":{"requests":{"storage":"1Gi"}},"storageClassName":"gp3-csi"}},"rulesConfig":[{"name":"thanos-ruler-default-rules","key":"default_rules.yaml"}],"extraVolumeMounts":[{"type":"configMap","mountPath":"/etc/thanos/configmaps/alertmanager-ca-bundle","name":"alertmanager-ca-bundle","key":"service-ca.crt"}],"alertmanagerConfigFile":{"name":"thanos-ruler-config","key":"config.yaml"},"reloaderImage":"registry.redhat.io/openshift4/ose-configmap-reloader@sha256:fa5b2e42a27e3ab5f0a0d2a103b5602b81d1b29eb788b54cc60ad547744ad053","reloaderImagePullPolicy":"IfNotPresent","resources":{"requests":{"cpu":"50m","memory":"512Mi"}},"reloaderResources":{"requests":{"cpu":"4m","memory":"25Mi"}},"serviceMonitor":true,"blockDuration":"2h","retention":"24h","evalInterval":"300s"},"query":{"replicas":2,"resources":{"requests":{"cpu":"300m","memory":"1Gi"}},"serviceMonitor":true,"lookbackDelta":"600s"}}}
2024-10-24T14:35:33.408Z	INFO	controller_multiclustermonitoring	Coleen New observatorium CR spec	{"newSpec": {"image":"registry.redhat.io/rhacm2/thanos-rhel9@sha256:caf27fd686b2ae1d6cb0ebe02cf195a2e7caece3ac8bda0c0e88f92678da6bd2","imagePullPolicy":"IfNotPresent","compact":{"replicas":1,"volumeClaimTemplate":{"spec":{"accessModes":["ReadWriteOnce"],"resources":{"requests":{"storage":"200Gi"}},"storageClassName":"gp3-csi"}},"retentionResolutionRaw":"365d","retentionResolution5m":"365d","retentionResolution1h":"365d","enableDownsampling":true,"resources":{"requests":{"cpu":"500m","memory":"1Gi"}},"serviceMonitor":true,"deleteDelay":"48h"},"receiveController":{"image":"registry.redhat.io/rhacm2/thanos-receive-controller-rhel9@sha256:739292da294b1b536cfea4d4cb63bc39f95cb917695026b1660f9022a73d58ee","imagePullPolicy":"IfNotPresent","version":"master-2022-04-01-b58820f","resources":{"requests":{"cpu":"4m","memory":"32Mi"}},"serviceMonitor":true},"receivers":{"replicas":3,"volumeClaimTemplate":{"spec":{"accessModes":["ReadWriteOnce"],"resources":{"requests":{"storage":"100Gi"}},"storageClassName":"gp3-csi"}},"replicationFactor":3,"resources":{"requests":{"cpu":"300m","memory":"512Mi"}},"serviceMonitor":true,"retention":"24h"},"queryFrontend":{"replicas":2,"resources":{"requests":{"cpu":"100m","memory":"256Mi"}},"serviceMonitor":true,"cache":{"image":"registry.redhat.io/rhacm2/memcached-rhel9@sha256:9600034019ce695e89aecb6ac255d591b201fc40a7f3d9796f42d043f0340623","imagePullPolicy":"IfNotPresent","version":"1.6.3-alpine","exporterImage":"registry.redhat.io/rhacm2/memcached-exporter-rhel9@sha256:2c6e39ecbeed3dc4d30225b9a2ed0840c6d41c032ee08d63c7f8f092f3ee81e6","exporterImagePullPolicy":"IfNotPresent","exporterVersion":"v0.9.0","replicas":3,"memoryLimitMb":1024,"maxItemSize":"1m","connectionLimit":1024,"resources":{"requests":{"cpu":"45m","memory":"128Mi"}},"exporterResources":{"requests":{"cpu":"5m","memory":"50Mi"}},"serviceMonitor":true}},"store":{"volumeClaimTemplate":{"spec":{"accessModes":["ReadWriteOnce"],"resources":{"requests":{"storage":"10Gi"}},"storageClassName":"gp3-csi"}},"shards":3,"cache":{"image":"registry.redhat.io/rhacm2/memcached-rhel9@sha256:9600034019ce695e89aecb6ac255d591b201fc40a7f3d9796f42d043f0340623","imagePullPolicy":"IfNotPresent","version":"1.6.3-alpine","exporterImage":"registry.redhat.io/rhacm2/memcached-exporter-rhel9@sha256:2c6e39ecbeed3dc4d30225b9a2ed0840c6d41c032ee08d63c7f8f092f3ee81e6","exporterImagePullPolicy":"IfNotPresent","exporterVersion":"v0.9.0","replicas":3,"memoryLimitMb":1024,"maxItemSize":"1m","connectionLimit":1024,"resources":{"requests":{"cpu":"45m","memory":"128Mi"}},"exporterResources":{"requests":{"cpu":"5m","memory":"50Mi"}},"serviceMonitor":true},"resources":{"requests":{"cpu":"100m","memory":"1Gi"}},"serviceMonitor":true},"rule":{"replicas":3,"volumeClaimTemplate":{"spec":{"accessModes":["ReadWriteOnce"],"resources":{"requests":{"storage":"2Gi"}},"storageClassName":"gp3-csi"}},"rulesConfig":[{"name":"thanos-ruler-default-rules","key":"default_rules.yaml"}],"extraVolumeMounts":[{"type":"configMap","mountPath":"/etc/thanos/configmaps/alertmanager-ca-bundle","name":"alertmanager-ca-bundle","key":"service-ca.crt"}],"alertmanagerConfigFile":{"name":"thanos-ruler-config","key":"config.yaml"},"reloaderImage":"registry.redhat.io/openshift4/ose-configmap-reloader@sha256:fa5b2e42a27e3ab5f0a0d2a103b5602b81d1b29eb788b54cc60ad547744ad053","reloaderImagePullPolicy":"IfNotPresent","resources":{"requests":{"cpu":"50m","memory":"512Mi"}},"reloaderResources":{"requests":{"cpu":"4m","memory":"25Mi"}},"serviceMonitor":true,"blockDuration":"2h","retention":"24h","evalInterval":"300s"},"query":{"replicas":2,"resources":{"requests":{"cpu":"300m","memory":"1Gi"}},"serviceMonitor":true,"lookbackDelta":"600s"}}}
2024-10-24T14:35:33.410Z	INFO	controller_multiclustermonitoring	StorageVersionMigration already existed/unchanged	{"name": "storage-version-migration-observability"}
2024-10-24T14:35:33.410Z	DEBUG	controller_multiclustermonitoring	status update goroutine is triggered.
2024-10-24T14:35:33.600Z	DEBUG	controller_multiclustermonitoring	check status ready goroutine is triggered.
2024-10-24T14:35:35.603Z	DEBUG	controller_multiclustermonitoring	check status ready goroutine is triggered.
2024-10-24T14:35:37.606Z	DEBUG	controller_multiclustermonitoring	check status ready goroutine is triggered.
2024-10-24T14:35:39.609Z	DEBUG	controller_multiclustermonitoring	check status ready goroutine is triggered.
2024-10-24T14:35:41.611Z	DEBUG	controller_multiclustermonitoring	check status ready goroutine is triggered.
2024-10-24T14:35:43.613Z	DEBUG	controller_multiclustermonitoring	check status ready goroutine is triggered.
2024-10-24T14:35:45.617Z	DEBUG	controller_multiclustermonitoring	check status ready goroutine is triggered.
2024-10-24T14:35:47.619Z	DEBUG	controller_multiclustermonitoring	check status ready goroutine is triggered.
2024-10-24T14:35:49.622Z	DEBUG	controller_multiclustermonitoring	check status ready goroutine is triggered.
2024-10-24T14:35:51.625Z	DEBUG	controller_multiclustermonitoring	check status ready goroutine is triggered.
2024-10-24T14:35:53.628Z	DEBUG	controller_multiclustermonitoring	check status ready goroutine is triggered.
2024-10-24T14:35:55.631Z	DEBUG	controller_multiclustermonitoring	check status ready goroutine is triggered.
2024-10-24T14:35:57.634Z	DEBUG	controller_multiclustermonitoring	check status ready goroutine is triggered.
2024-10-24T14:35:59.637Z	DEBUG	controller_multiclustermonitoring	check status ready goroutine is triggered.
2024-10-24T14:36:01.640Z	DEBUG	controller_multiclustermonitoring	check status ready goroutine is triggered.
2024-10-24T14:36:03.642Z	DEBUG	controller_multiclustermonitoring	check status ready goroutine is triggered.
2024-10-24T14:36:05.645Z	DEBUG	controller_multiclustermonitoring	check status ready goroutine is triggered.
2024-10-24T14:36:07.647Z	DEBUG	controller_multiclustermonitoring	check status ready goroutine is triggered.
2024-10-24T14:36:09.650Z	DEBUG	controller_multiclustermonitoring	check status ready goroutine is triggered.
2024-10-24T14:36:11.653Z	DEBUG	controller_multiclustermonitoring	check status ready goroutine is triggered.
2024-10-24T14:36:13.655Z	DEBUG	controller_multiclustermonitoring	check status ready goroutine is triggered.
2024-10-24T14:36:15.658Z	DEBUG	controller_multiclustermonitoring	check status ready goroutine is triggered.
2024-10-24T14:36:17.661Z	DEBUG	controller_multiclustermonitoring	check status ready goroutine is triggered.
2024-10-24T14:36:19.664Z	DEBUG	controller_multiclustermonitoring	check status ready goroutine is triggered.
2024-10-24T14:36:21.667Z	DEBUG	controller_multiclustermonitoring	check status ready goroutine is triggered.
2024-10-24T14:36:23.670Z	DEBUG	controller_multiclustermonitoring	check status ready goroutine is triggered.
2024-10-24T14:36:25.674Z	DEBUG	controller_multiclustermonitoring	check status ready goroutine is triggered.
2024-10-24T14:36:27.677Z	DEBUG	controller_multiclustermonitoring	check status ready goroutine is triggered.
2024-10-24T14:36:29.680Z	DEBUG	controller_multiclustermonitoring	check status ready goroutine is triggered.
2024-10-24T14:36:31.683Z	DEBUG	controller_multiclustermonitoring	check status ready goroutine is triggered.
2024-10-24T14:36:33.685Z	DEBUG	controller_multiclustermonitoring	check status ready goroutine is triggered.
2024-10-24T14:36:35.687Z	DEBUG	controller_multiclustermonitoring	check status ready goroutine is triggered.
2024-10-24T14:36:37.691Z	DEBUG	controller_multiclustermonitoring	check status ready goroutine is triggered.
2024-10-24T14:36:39.695Z	DEBUG	controller_multiclustermonitoring	check status ready goroutine is triggered.
2024-10-24T14:36:41.697Z	DEBUG	controller_multiclustermonitoring	check status ready goroutine is triggered.
2024-10-24T14:36:43.700Z	DEBUG	controller_multiclustermonitoring	check status ready goroutine is triggered.
2024-10-24T14:36:45.703Z	DEBUG	controller_multiclustermonitoring	check status ready goroutine is triggered.
2024-10-24T14:36:47.709Z	DEBUG	controller_multiclustermonitoring	check status ready goroutine is triggered.
2024-10-24T14:36:49.712Z	DEBUG	controller_multiclustermonitoring	check status ready goroutine is triggered.
2024-10-24T14:36:51.729Z	DEBUG	controller_multiclustermonitoring	check status ready goroutine is triggered.
2024-10-24T14:36:53.732Z	DEBUG	controller_multiclustermonitoring	check status ready goroutine is triggered.
2024-10-24T14:36:55.735Z	DEBUG	controller_multiclustermonitoring	check status ready goroutine is triggered.
2024-10-24T14:36:57.738Z	DEBUG	controller_multiclustermonitoring	check status ready goroutine is triggered.
2024-10-24T14:36:59.741Z	DEBUG	controller_multiclustermonitoring	check status ready goroutine is triggered.
2024-10-24T14:37:01.744Z	DEBUG	controller_multiclustermonitoring	check status ready goroutine is triggered.
2024-10-24T14:37:03.747Z	DEBUG	controller_multiclustermonitoring	check status ready goroutine is triggered.
2024-10-24T14:37:05.750Z	DEBUG	controller_multiclustermonitoring	check status ready goroutine is triggered.
2024-10-24T14:37:07.752Z	DEBUG	controller_multiclustermonitoring	check status ready goroutine is triggered.
2024-10-24T14:37:09.754Z	DEBUG	controller_multiclustermonitoring	check status ready goroutine is triggered.
2024-10-24T14:37:11.757Z	DEBUG	controller_multiclustermonitoring	check status ready goroutine is triggered.
2024-10-24T14:37:13.759Z	DEBUG	controller_multiclustermonitoring	check status ready goroutine is triggered.
2024-10-24T14:37:15.763Z	DEBUG	controller_multiclustermonitoring	check status ready goroutine is triggered.
2024-10-24T14:37:17.765Z	DEBUG	controller_multiclustermonitoring	check status ready goroutine is triggered.
2024-10-24T14:37:19.767Z	DEBUG	controller_multiclustermonitoring	check status ready goroutine is triggered.
2024-10-24T14:37:21.770Z	DEBUG	controller_multiclustermonitoring	check status ready goroutine is triggered.
2024-10-24T14:37:23.774Z	DEBUG	controller_multiclustermonitoring	check status ready goroutine is triggered.
2024-10-24T14:37:25.777Z	DEBUG	controller_multiclustermonitoring	check status ready goroutine is triggered.
2024-10-24T14:37:27.780Z	DEBUG	controller_multiclustermonitoring	check status ready goroutine is triggered.
2024-10-24T14:37:29.783Z	DEBUG	controller_multiclustermonitoring	check status ready goroutine is triggered.
2024-10-24T14:37:31.786Z	DEBUG	controller_multiclustermonitoring	check status ready goroutine is triggered.
2024-10-24T14:37:33.788Z	DEBUG	controller_multiclustermonitoring	check status ready goroutine is triggered.
2024-10-24T14:37:35.368Z	DEBUG	config	the length of mch-image-manifest configmap	{"imageManifests": 47}
2024-10-24T14:37:35.368Z	INFO	controller_multiclustermonitoring	Reconciling MultiClusterObservability	{"Request.Namespace": "open-cluster-management", "Request.Name": "mch-updated-request"}
2024-10-24T14:37:35.368Z	DEBUG	config	the length of mch-image-manifest configmap	{"imageManifests": 47}
2024-10-24T14:37:35.368Z	INFO	controller_placementrule	Reconciling PlacementRule	{"Request.Namespace": "open-cluster-management", "Request.Name": "mch-updated-request"}
2024-10-24T14:37:35.368Z	INFO	util	observability-controller clustermanagementaddon is present 
2024-10-24T14:37:35.368Z	INFO	controller_placementrule	load and update templates for managedcluster resources
2024-10-24T14:37:35.368Z	DEBUG	config	image replacement	{"componentName": "prometheus_config_reloader", "image": "registry.redhat.io/rhacm2/acm-prometheus-config-reloader-rhel9@sha256:ab1632ec7aca478cf368e80ac9d98da3f2306a0cae8a4e9d29f95e149fd47ced"}
2024-10-24T14:37:35.368Z	DEBUG	config	image replacement	{"componentName": "prometheus_operator", "image": "registry.redhat.io/rhacm2/acm-prometheus-rhel9@sha256:4234bab8666dad7917cfcf10fdaed87b60e549ef6f8fb23d1760881d922e03e9"}
2024-10-24T14:37:35.368Z	DEBUG	config	image replacement	{"componentName": "kube_state_metrics", "image": "registry.redhat.io/rhacm2/kube-state-metrics-rhel9@sha256:001d552710b7aa82dd460f906d840c7e32f6eed7882510c48b8ec4a7085ee2aa"}
2024-10-24T14:37:35.368Z	DEBUG	config	image replacement	{"componentName": "node_exporter", "image": "registry.redhat.io/rhacm2/node-exporter-rhel9@sha256:603dbc7b5dbfd86a289e5159bb159645ae3a2504ca0f60ddf4b81dc68686fee4"}
2024-10-24T14:37:35.368Z	DEBUG	config	image replacement	{"componentName": "kube_rbac_proxy", "image": "registry.redhat.io/rhacm2/kube-rbac-proxy-rhel9@sha256:c60a1d52359493a41b2b6f820d11716d67290e9b83dc18c16039dbc6f120e5f2"}
2024-10-24T14:37:35.368Z	DEBUG	config	image replacement	{"componentName": "metrics_collector", "image": "registry.redhat.io/rhacm2/metrics-collector-rhel9@sha256:6212529aca9b35102350887934901063c1f7837264f39a73ae13285bd871f60b"}
2024-10-24T14:37:35.369Z	DEBUG	config	image replacement	{"componentName": "prometheus", "image": "registry.redhat.io/rhacm2/prometheus-rhel9@sha256:098027730324408f1548bb874ace8e477a90b2fbe170c5a2ebe0cb956370e116"}
2024-10-24T14:37:35.369Z	INFO	util	unable to get CRD with ApiextensionsV1 Client, not found.	{"CRD": "multiclusterglobalhubs.operator.open-cluster-management.io"}
2024-10-24T14:37:35.369Z	DEBUG	config	image replacement	{"componentName": "endpoint_monitoring_operator", "image": "registry.redhat.io/rhacm2/endpoint-monitoring-rhel9-operator@sha256:d4f1566125857fb8374fe1935bf397a529d36b558fc6d504a6562c3b0dd5f3b5"}
2024-10-24T14:37:35.371Z	INFO	controller_placementrule	Monitoring operator should be installed in cluster	{"cluster_name": "managed-cluster-1", "request.name": "mch-updated-request", "request.namespace": "open-cluster-management", "openshiftVersion": "4.16.7"}
2024-10-24T14:37:35.371Z	INFO	controller_placementrule	observabilityaddon already existed/unchanged	{"namespace": "managed-cluster-1"}
2024-10-24T14:37:35.371Z	INFO	controller_placementrule	clusterrolebinding endpoint-observability-mco-rolebinding already existed/unchanged	{"namespace": "managed-cluster-1"}
2024-10-24T14:37:35.371Z	INFO	controller_placementrule	rolebinding endpoint-observability-res-rolebinding already existed/unchanged	{"namespace": "managed-cluster-1"}
2024-10-24T14:37:35.371Z	INFO	util	ManagedClusterAddOn is created or updated successfully	{"name": "observability-controller", "namespace": "managed-cluster-1"}
2024-10-24T14:37:35.371Z	INFO	controller_placementrule	Cluster: managed-cluster-1, Spec.NodeSelector (after): map[]
2024-10-24T14:37:35.371Z	INFO	controller_placementrule	Cluster: managed-cluster-1, Spec.Tolerations (after): []
2024-10-24T14:37:35.371Z	DEBUG	config	operand is	{"key": "grafana", "name": "observability-grafana"}
2024-10-24T14:37:35.371Z	DEBUG	config	image replacement	{"componentName": "grafana", "image": "registry.redhat.io/rhacm2/acm-grafana-rhel9@sha256:74ad9db2286eef85e6c278cad1840a144ab50e8db1fced736974432dc4b9e0dd"}
2024-10-24T14:37:35.371Z	DEBUG	config	image replacement	{"componentName": "grafana_dashboard_loader", "image": "registry.redhat.io/rhacm2/grafana-dashboard-loader-rhel9@sha256:e2ff942d47e7e703a5fb11a2aacaac610e53273c74284d3b6da88bc70b8e7b7a"}
2024-10-24T14:37:35.373Z	INFO	controller_placementrule	manifestwork already existed/unchanged	{"namespace": "managed-cluster-1"}
2024-10-24T14:37:35.373Z	INFO	controller_placementrule	Monitoring operator should be installed in cluster	{"cluster_name": "local-cluster", "request.name": "mch-updated-request", "request.namespace": "open-cluster-management", "openshiftVersion": "mimical"}
2024-10-24T14:37:35.373Z	INFO	controller_placementrule	clusterrolebinding endpoint-observability-mco-rolebinding already existed/unchanged	{"namespace": "open-cluster-management-observability"}
2024-10-24T14:37:35.373Z	INFO	controller_placementrule	rolebinding endpoint-observability-res-rolebinding already existed/unchanged	{"namespace": "open-cluster-management-observability"}
2024-10-24T14:37:35.373Z	INFO	util	ManagedClusterAddOn is created or updated successfully	{"name": "observability-controller", "namespace": "open-cluster-management-observability"}
2024-10-24T14:37:35.373Z	INFO	controller_placementrule	Cluster: local-cluster, Spec.NodeSelector (after): map[]
2024-10-24T14:37:35.373Z	INFO	controller_placementrule	Cluster: local-cluster, Spec.Tolerations (after): []
2024-10-24T14:37:35.373Z	INFO	controller_placementrule	Creating resource for hub metrics collection	{"cluster": "local-cluster"}
2024-10-24T14:37:35.373Z	INFO	controller_placementrule	Check Ismcoterminating	{"IsMCOTerminating": false}
2024-10-24T14:37:35.376Z	DEBUG	config	operand is	{"key": "alertmanager", "name": "observability-alertmanager"}
2024-10-24T14:37:35.376Z	DEBUG	config	operand is	{"key": "alertmanager", "name": "observability-alertmanager"}
2024-10-24T14:37:35.376Z	DEBUG	config	operand is	{"key": "alertmanager", "name": "observability-alertmanager"}
2024-10-24T14:37:35.376Z	DEBUG	config	operand is	{"key": "alertmanager", "name": "observability-alertmanager"}
2024-10-24T14:37:35.376Z	DEBUG	config	image replacement	{"componentName": "prometheus_alertmanager", "image": "registry.redhat.io/rhacm2/prometheus-alertmanager-rhel9@sha256:6429a938750a655c2081cf3d6021a7377f6a3aa5cd43587885d4d49a9e528ee4"}
2024-10-24T14:37:35.376Z	DEBUG	config	image replacement	{"componentName": "configmap_reloader", "image": "registry.redhat.io/openshift4/ose-configmap-reloader@sha256:fa5b2e42a27e3ab5f0a0d2a103b5602b81d1b29eb788b54cc60ad547744ad053"}
2024-10-24T14:37:35.380Z	DEBUG	config	image replacement	{"componentName": "kube_rbac_proxy", "image": "registry.redhat.io/rhacm2/kube-rbac-proxy-rhel9@sha256:c60a1d52359493a41b2b6f820d11716d67290e9b83dc18c16039dbc6f120e5f2"}
2024-10-24T14:37:35.383Z	DEBUG	config	operand is	{"key": "rbac-query-proxy", "name": "observability-rbac-query-proxy"}
2024-10-24T14:37:35.383Z	DEBUG	config	operand is	{"key": "observatorium", "name": "observability"}
2024-10-24T14:37:35.383Z	DEBUG	config	operand is	{"key": "observatorium", "name": "observability"}
2024-10-24T14:37:35.383Z	DEBUG	config	image replacement	{"componentName": "rbac_query_proxy", "image": "registry.redhat.io/rhacm2/rbac-query-proxy-rhel9@sha256:8a0b372f52004a9855d4d42c4bbd7d09d586e9d0fabdb73d525b1a23b030b1ed"}
2024-10-24T14:37:35.386Z	DEBUG	config	image replacement	{"componentName": "observatorium_operator", "image": "registry.redhat.io/rhacm2/observatorium-rhel9-operator@sha256:20bae12383bdb261dfbb7274975374fad90f4831ff9787a26aac626d26f1ef16"}
2024-10-24T14:37:35.386Z	DEBUG	config	operand is	{"key": "observatorium-operator", "name": "observability-observatorium-operator"}
2024-10-24T14:37:35.399Z	INFO	deploying	Skip creation	{"Kind": "/v1, Kind=ConfigMap", "Name": "observability-managed-cluster-label-allowlist"}
2024-10-24T14:37:35.406Z	INFO	deploying	Update	{"kind": "Secret", "kindVersion": "v1", "name": "grafana-config"}
W1024 14:37:35.532064       1 client_config.go:659] Neither --kubeconfig nor --master was specified.  Using the inClusterConfig.  This might not work.
2024/10/24 14:37:35 [INFO] signed certificate with serial number 494277701584782455865684927050042839882656632657
2024-10-24T14:37:35.704Z	INFO	deploying	Skip creation	{"Kind": "/v1, Kind=Secret", "Name": "alertmanager-config"}
2024-10-24T14:37:35.705Z	INFO	deploying	Skip creation	{"Kind": "/v1, Kind=Secret", "Name": "alertmanager-proxy"}
2024-10-24T14:37:35.751Z	INFO	deploying	Update	{"kind": "Secret", "kindVersion": "v1", "name": "alertmanager-kube-rbac-proxy-metric"}
2024-10-24T14:37:35.791Z	DEBUG	controller_multiclustermonitoring	check status ready goroutine is triggered.
2024-10-24T14:37:35.905Z	INFO	deploying	Skip creation	{"Kind": "/v1, Kind=Secret", "Name": "rbac-proxy-cookie-secret"}
2024-10-24T14:37:35.952Z	DEBUG	config	image replacement	{"componentName": "multicluster_observability_addon", "image": ""}
2024-10-24T14:37:35.952Z	DEBUG	config	operand is	{"key": "multicluster-observability-addon", "name": "observability-multicluster-observability-addon"}
2024-10-24T14:37:35.971Z	INFO	controller_certificates	CA secrets already existed	{"name": "observability-server-ca-certs"}
2024-10-24T14:37:35.971Z	INFO	controller_certificates	CA secrets already existed	{"name": "observability-client-ca-certs"}
2024-10-24T14:37:35.971Z	DEBUG	config	operand is	{"key": "observatorium", "name": "observability"}
2024-10-24T14:37:35.971Z	INFO	controller_certificates	Certificate secrets already existed	{"name": "observability-server-certs"}
2024-10-24T14:37:35.971Z	INFO	controller_certificates	Certificate secrets already existed	{"name": "observability-grafana-certs"}
2024-10-24T14:37:35.971Z	DEBUG	config	operand is	{"key": "observatorium", "name": "observability"}
2024-10-24T14:37:35.971Z	INFO	controller_multiclustermonitoring	storageClassSelected	{"storageClassSelected": "gp3-csi"}
2024-10-24T14:37:35.971Z	DEBUG	config	image replacement	{"componentName": "observatorium", "image": "registry.redhat.io/rhacm2/observatorium-rhel9@sha256:330c3274f16a34d79ba5ac53ddbd2fe47778aff9c01e8e26fdc5b753e634962f"}
2024-10-24T14:37:35.971Z	DEBUG	config	image replacement	{"componentName": "configmap_reloader", "image": "registry.redhat.io/openshift4/ose-configmap-reloader@sha256:fa5b2e42a27e3ab5f0a0d2a103b5602b81d1b29eb788b54cc60ad547744ad053"}
2024-10-24T14:37:35.971Z	DEBUG	config	image replacement	{"componentName": "memcached", "image": "registry.redhat.io/rhacm2/memcached-rhel9@sha256:9600034019ce695e89aecb6ac255d591b201fc40a7f3d9796f42d043f0340623"}
2024-10-24T14:37:35.971Z	DEBUG	config	image replacement	{"componentName": "memcached_exporter", "image": "registry.redhat.io/rhacm2/memcached-exporter-rhel9@sha256:2c6e39ecbeed3dc4d30225b9a2ed0840c6d41c032ee08d63c7f8f092f3ee81e6"}
2024-10-24T14:37:35.971Z	DEBUG	config	image replacement	{"componentName": "thanos_receive_controller", "image": "registry.redhat.io/rhacm2/thanos-receive-controller-rhel9@sha256:739292da294b1b536cfea4d4cb63bc39f95cb917695026b1660f9022a73d58ee"}
2024-10-24T14:37:35.971Z	DEBUG	config	image replacement	{"componentName": "memcached", "image": "registry.redhat.io/rhacm2/memcached-rhel9@sha256:9600034019ce695e89aecb6ac255d591b201fc40a7f3d9796f42d043f0340623"}
2024-10-24T14:37:35.971Z	DEBUG	config	image replacement	{"componentName": "memcached_exporter", "image": "registry.redhat.io/rhacm2/memcached-exporter-rhel9@sha256:2c6e39ecbeed3dc4d30225b9a2ed0840c6d41c032ee08d63c7f8f092f3ee81e6"}
2024-10-24T14:37:35.971Z	DEBUG	config	image replacement	{"componentName": "thanos", "image": "registry.redhat.io/rhacm2/thanos-rhel9@sha256:caf27fd686b2ae1d6cb0ebe02cf195a2e7caece3ac8bda0c0e88f92678da6bd2"}
2024-10-24T14:37:35.971Z	DEBUG	config	operand is	{"key": "observatorium", "name": "observability"}
2024-10-24T14:37:35.971Z	INFO	controller_multiclustermonitoring	Coleen Old observatorium CR spec	{"oldSpec": {"image":"registry.redhat.io/rhacm2/thanos-rhel9@sha256:caf27fd686b2ae1d6cb0ebe02cf195a2e7caece3ac8bda0c0e88f92678da6bd2","imagePullPolicy":"IfNotPresent","compact":{"replicas":1,"volumeClaimTemplate":{"spec":{"accessModes":["ReadWriteOnce"],"resources":{"requests":{"storage":"200Gi"}},"storageClassName":"gp3-csi"}},"retentionResolutionRaw":"365d","retentionResolution5m":"365d","retentionResolution1h":"365d","enableDownsampling":true,"resources":{"requests":{"cpu":"100m","memory":"512Mi"}},"serviceMonitor":true,"deleteDelay":"48h"},"receiveController":{"image":"registry.redhat.io/rhacm2/thanos-receive-controller-rhel9@sha256:739292da294b1b536cfea4d4cb63bc39f95cb917695026b1660f9022a73d58ee","imagePullPolicy":"IfNotPresent","version":"master-2022-04-01-b58820f","resources":{"requests":{"cpu":"4m","memory":"32Mi"}},"serviceMonitor":true},"receivers":{"replicas":3,"volumeClaimTemplate":{"spec":{"accessModes":["ReadWriteOnce"],"resources":{"requests":{"storage":"100Gi"}},"storageClassName":"gp3-csi"}},"replicationFactor":3,"resources":{"requests":{"cpu":"300m","memory":"512Mi"}},"serviceMonitor":true,"retention":"24h"},"queryFrontend":{"replicas":2,"resources":{"requests":{"cpu":"100m","memory":"256Mi"}},"serviceMonitor":true,"cache":{"image":"registry.redhat.io/rhacm2/memcached-rhel9@sha256:9600034019ce695e89aecb6ac255d591b201fc40a7f3d9796f42d043f0340623","imagePullPolicy":"IfNotPresent","version":"1.6.3-alpine","exporterImage":"registry.redhat.io/rhacm2/memcached-exporter-rhel9@sha256:2c6e39ecbeed3dc4d30225b9a2ed0840c6d41c032ee08d63c7f8f092f3ee81e6","exporterImagePullPolicy":"IfNotPresent","exporterVersion":"v0.9.0","replicas":3,"memoryLimitMb":1024,"maxItemSize":"1m","connectionLimit":1024,"resources":{"requests":{"cpu":"45m","memory":"128Mi"}},"exporterResources":{"requests":{"cpu":"5m","memory":"50Mi"}},"serviceMonitor":true}},"store":{"volumeClaimTemplate":{"spec":{"accessModes":["ReadWriteOnce"],"resources":{"requests":{"storage":"10Gi"}},"storageClassName":"gp3-csi"}},"shards":3,"cache":{"image":"registry.redhat.io/rhacm2/memcached-rhel9@sha256:9600034019ce695e89aecb6ac255d591b201fc40a7f3d9796f42d043f0340623","imagePullPolicy":"IfNotPresent","version":"1.6.3-alpine","exporterImage":"registry.redhat.io/rhacm2/memcached-exporter-rhel9@sha256:2c6e39ecbeed3dc4d30225b9a2ed0840c6d41c032ee08d63c7f8f092f3ee81e6","exporterImagePullPolicy":"IfNotPresent","exporterVersion":"v0.9.0","replicas":3,"memoryLimitMb":1024,"maxItemSize":"1m","connectionLimit":1024,"resources":{"requests":{"cpu":"45m","memory":"128Mi"}},"exporterResources":{"requests":{"cpu":"5m","memory":"50Mi"}},"serviceMonitor":true},"resources":{"requests":{"cpu":"100m","memory":"1Gi"}},"serviceMonitor":true},"rule":{"replicas":3,"volumeClaimTemplate":{"spec":{"accessModes":["ReadWriteOnce"],"resources":{"requests":{"storage":"1Gi"}},"storageClassName":"gp3-csi"}},"rulesConfig":[{"name":"thanos-ruler-default-rules","key":"default_rules.yaml"}],"extraVolumeMounts":[{"type":"configMap","mountPath":"/etc/thanos/configmaps/alertmanager-ca-bundle","name":"alertmanager-ca-bundle","key":"service-ca.crt"}],"alertmanagerConfigFile":{"name":"thanos-ruler-config","key":"config.yaml"},"reloaderImage":"registry.redhat.io/openshift4/ose-configmap-reloader@sha256:fa5b2e42a27e3ab5f0a0d2a103b5602b81d1b29eb788b54cc60ad547744ad053","reloaderImagePullPolicy":"IfNotPresent","resources":{"requests":{"cpu":"50m","memory":"512Mi"}},"reloaderResources":{"requests":{"cpu":"4m","memory":"25Mi"}},"serviceMonitor":true,"blockDuration":"2h","retention":"24h","evalInterval":"300s"},"query":{"replicas":2,"resources":{"requests":{"cpu":"300m","memory":"1Gi"}},"serviceMonitor":true,"lookbackDelta":"600s"}}}
2024-10-24T14:37:35.972Z	INFO	controller_multiclustermonitoring	Coleen New observatorium CR spec	{"newSpec": {"image":"registry.redhat.io/rhacm2/thanos-rhel9@sha256:caf27fd686b2ae1d6cb0ebe02cf195a2e7caece3ac8bda0c0e88f92678da6bd2","imagePullPolicy":"IfNotPresent","compact":{"replicas":1,"volumeClaimTemplate":{"spec":{"accessModes":["ReadWriteOnce"],"resources":{"requests":{"storage":"200Gi"}},"storageClassName":"gp3-csi"}},"retentionResolutionRaw":"365d","retentionResolution5m":"365d","retentionResolution1h":"365d","enableDownsampling":true,"resources":{"requests":{"cpu":"500m","memory":"1Gi"}},"serviceMonitor":true,"deleteDelay":"48h"},"receiveController":{"image":"registry.redhat.io/rhacm2/thanos-receive-controller-rhel9@sha256:739292da294b1b536cfea4d4cb63bc39f95cb917695026b1660f9022a73d58ee","imagePullPolicy":"IfNotPresent","version":"master-2022-04-01-b58820f","resources":{"requests":{"cpu":"4m","memory":"32Mi"}},"serviceMonitor":true},"receivers":{"replicas":3,"volumeClaimTemplate":{"spec":{"accessModes":["ReadWriteOnce"],"resources":{"requests":{"storage":"100Gi"}},"storageClassName":"gp3-csi"}},"replicationFactor":3,"resources":{"requests":{"cpu":"300m","memory":"512Mi"}},"serviceMonitor":true,"retention":"24h"},"queryFrontend":{"replicas":2,"resources":{"requests":{"cpu":"100m","memory":"256Mi"}},"serviceMonitor":true,"cache":{"image":"registry.redhat.io/rhacm2/memcached-rhel9@sha256:9600034019ce695e89aecb6ac255d591b201fc40a7f3d9796f42d043f0340623","imagePullPolicy":"IfNotPresent","version":"1.6.3-alpine","exporterImage":"registry.redhat.io/rhacm2/memcached-exporter-rhel9@sha256:2c6e39ecbeed3dc4d30225b9a2ed0840c6d41c032ee08d63c7f8f092f3ee81e6","exporterImagePullPolicy":"IfNotPresent","exporterVersion":"v0.9.0","replicas":3,"memoryLimitMb":1024,"maxItemSize":"1m","connectionLimit":1024,"resources":{"requests":{"cpu":"45m","memory":"128Mi"}},"exporterResources":{"requests":{"cpu":"5m","memory":"50Mi"}},"serviceMonitor":true}},"store":{"volumeClaimTemplate":{"spec":{"accessModes":["ReadWriteOnce"],"resources":{"requests":{"storage":"10Gi"}},"storageClassName":"gp3-csi"}},"shards":3,"cache":{"image":"registry.redhat.io/rhacm2/memcached-rhel9@sha256:9600034019ce695e89aecb6ac255d591b201fc40a7f3d9796f42d043f0340623","imagePullPolicy":"IfNotPresent","version":"1.6.3-alpine","exporterImage":"registry.redhat.io/rhacm2/memcached-exporter-rhel9@sha256:2c6e39ecbeed3dc4d30225b9a2ed0840c6d41c032ee08d63c7f8f092f3ee81e6","exporterImagePullPolicy":"IfNotPresent","exporterVersion":"v0.9.0","replicas":3,"memoryLimitMb":1024,"maxItemSize":"1m","connectionLimit":1024,"resources":{"requests":{"cpu":"45m","memory":"128Mi"}},"exporterResources":{"requests":{"cpu":"5m","memory":"50Mi"}},"serviceMonitor":true},"resources":{"requests":{"cpu":"100m","memory":"1Gi"}},"serviceMonitor":true},"rule":{"replicas":3,"volumeClaimTemplate":{"spec":{"accessModes":["ReadWriteOnce"],"resources":{"requests":{"storage":"2Gi"}},"storageClassName":"gp3-csi"}},"rulesConfig":[{"name":"thanos-ruler-default-rules","key":"default_rules.yaml"}],"extraVolumeMounts":[{"type":"configMap","mountPath":"/etc/thanos/configmaps/alertmanager-ca-bundle","name":"alertmanager-ca-bundle","key":"service-ca.crt"}],"alertmanagerConfigFile":{"name":"thanos-ruler-config","key":"config.yaml"},"reloaderImage":"registry.redhat.io/openshift4/ose-configmap-reloader@sha256:fa5b2e42a27e3ab5f0a0d2a103b5602b81d1b29eb788b54cc60ad547744ad053","reloaderImagePullPolicy":"IfNotPresent","resources":{"requests":{"cpu":"50m","memory":"512Mi"}},"reloaderResources":{"requests":{"cpu":"4m","memory":"25Mi"}},"serviceMonitor":true,"blockDuration":"2h","retention":"24h","evalInterval":"300s"},"query":{"replicas":2,"resources":{"requests":{"cpu":"300m","memory":"1Gi"}},"serviceMonitor":true,"lookbackDelta":"600s"}}}
2024-10-24T14:37:35.973Z	INFO	controller_multiclustermonitoring	StorageVersionMigration already existed/unchanged	{"name": "storage-version-migration-observability"}
2024-10-24T14:37:35.973Z	DEBUG	controller_multiclustermonitoring	status update goroutine is triggered.
2024-10-24T14:37:37.793Z	DEBUG	controller_multiclustermonitoring	check status ready goroutine is triggered.
2024-10-24T14:37:39.796Z	DEBUG	controller_multiclustermonitoring	check status ready goroutine is triggered.
2024-10-24T14:37:41.799Z	DEBUG	controller_multiclustermonitoring	check status ready goroutine is triggered.
2024-10-24T14:37:43.802Z	DEBUG	controller_multiclustermonitoring	check status ready goroutine is triggered.
2024-10-24T14:37:45.804Z	DEBUG	controller_multiclustermonitoring	check status ready goroutine is triggered.
2024-10-24T14:37:47.806Z	DEBUG	controller_multiclustermonitoring	check status ready goroutine is triggered.
2024-10-24T14:37:49.809Z	DEBUG	controller_multiclustermonitoring	check status ready goroutine is triggered.
2024-10-24T14:37:51.812Z	DEBUG	controller_multiclustermonitoring	check status ready goroutine is triggered.
2024-10-24T14:37:53.815Z	DEBUG	controller_multiclustermonitoring	check status ready goroutine is triggered.
2024-10-24T14:37:55.818Z	DEBUG	controller_multiclustermonitoring	check status ready goroutine is triggered.
2024-10-24T14:37:57.820Z	DEBUG	controller_multiclustermonitoring	check status ready goroutine is triggered.
2024-10-24T14:37:59.823Z	DEBUG	controller_multiclustermonitoring	check status ready goroutine is triggered.
2024-10-24T14:38:01.827Z	DEBUG	controller_multiclustermonitoring	check status ready goroutine is triggered.
2024-10-24T14:38:03.830Z	DEBUG	controller_multiclustermonitoring	check status ready goroutine is triggered.
2024-10-24T14:38:05.832Z	DEBUG	controller_multiclustermonitoring	check status ready goroutine is triggered.
2024-10-24T14:38:07.835Z	DEBUG	controller_multiclustermonitoring	check status ready goroutine is triggered.
2024-10-24T14:38:09.838Z	DEBUG	controller_multiclustermonitoring	check status ready goroutine is triggered.
2024-10-24T14:38:11.841Z	DEBUG	controller_multiclustermonitoring	check status ready goroutine is triggered.
2024-10-24T14:38:13.845Z	DEBUG	controller_multiclustermonitoring	check status ready goroutine is triggered.
2024-10-24T14:38:15.848Z	DEBUG	controller_multiclustermonitoring	check status ready goroutine is triggered.
2024-10-24T14:38:17.851Z	DEBUG	controller_multiclustermonitoring	check status ready goroutine is triggered.
2024-10-24T14:38:19.854Z	DEBUG	controller_multiclustermonitoring	check status ready goroutine is triggered.
2024-10-24T14:38:21.856Z	DEBUG	controller_multiclustermonitoring	check status ready goroutine is triggered.
2024-10-24T14:38:23.860Z	DEBUG	controller_multiclustermonitoring	check status ready goroutine is triggered.
2024-10-24T14:38:25.863Z	DEBUG	controller_multiclustermonitoring	check status ready goroutine is triggered.
2024-10-24T14:38:27.866Z	DEBUG	controller_multiclustermonitoring	check status ready goroutine is triggered.
2024-10-24T14:38:29.868Z	DEBUG	controller_multiclustermonitoring	check status ready goroutine is triggered.
2024-10-24T14:38:31.871Z	DEBUG	controller_multiclustermonitoring	check status ready goroutine is triggered.
2024-10-24T14:38:33.874Z	DEBUG	controller_multiclustermonitoring	check status ready goroutine is triggered.
2024-10-24T14:38:35.877Z	DEBUG	controller_multiclustermonitoring	check status ready goroutine is triggered.
2024-10-24T14:38:37.879Z	DEBUG	controller_multiclustermonitoring	check status ready goroutine is triggered.
2024-10-24T14:38:39.884Z	DEBUG	controller_multiclustermonitoring	check status ready goroutine is triggered.
2024-10-24T14:38:41.887Z	DEBUG	controller_multiclustermonitoring	check status ready goroutine is triggered.
2024-10-24T14:38:43.890Z	DEBUG	controller_multiclustermonitoring	check status ready goroutine is triggered.
2024-10-24T14:38:45.893Z	DEBUG	controller_multiclustermonitoring	check status ready goroutine is triggered.
2024-10-24T14:38:47.896Z	DEBUG	controller_multiclustermonitoring	check status ready goroutine is triggered.
2024-10-24T14:38:49.898Z	DEBUG	controller_multiclustermonitoring	check status ready goroutine is triggered.
2024-10-24T14:38:51.901Z	DEBUG	controller_multiclustermonitoring	check status ready goroutine is triggered.
2024-10-24T14:38:53.903Z	DEBUG	controller_multiclustermonitoring	check status ready goroutine is triggered.
2024-10-24T14:38:55.906Z	DEBUG	controller_multiclustermonitoring	check status ready goroutine is triggered.
2024-10-24T14:38:57.909Z	DEBUG	controller_multiclustermonitoring	check status ready goroutine is triggered.
2024-10-24T14:38:59.912Z	DEBUG	controller_multiclustermonitoring	check status ready goroutine is triggered.
2024-10-24T14:39:01.914Z	DEBUG	controller_multiclustermonitoring	check status ready goroutine is triggered.
2024-10-24T14:39:03.917Z	DEBUG	controller_multiclustermonitoring	check status ready goroutine is triggered.
2024-10-24T14:39:05.919Z	DEBUG	controller_multiclustermonitoring	check status ready goroutine is triggered.
2024-10-24T14:39:07.922Z	DEBUG	controller_multiclustermonitoring	check status ready goroutine is triggered.
2024-10-24T14:39:09.925Z	DEBUG	controller_multiclustermonitoring	check status ready goroutine is triggered.
2024-10-24T14:39:11.929Z	DEBUG	controller_multiclustermonitoring	check status ready goroutine is triggered.
2024-10-24T14:39:13.933Z	DEBUG	controller_multiclustermonitoring	check status ready goroutine is triggered.
2024-10-24T14:39:15.936Z	DEBUG	controller_multiclustermonitoring	check status ready goroutine is triggered.
2024-10-24T14:39:17.939Z	DEBUG	controller_multiclustermonitoring	check status ready goroutine is triggered.
2024-10-24T14:39:18.761Z	DEBUG	config	the length of mch-image-manifest configmap	{"imageManifests": 47}
2024-10-24T14:39:18.761Z	INFO	controller_placementrule	Reconciling PlacementRule	{"Request.Namespace": "open-cluster-management", "Request.Name": "mch-updated-request"}
2024-10-24T14:39:18.762Z	INFO	util	observability-controller clustermanagementaddon is present 
2024-10-24T14:39:18.762Z	INFO	controller_placementrule	load and update templates for managedcluster resources
2024-10-24T14:39:18.762Z	DEBUG	config	image replacement	{"componentName": "prometheus_operator", "image": "registry.redhat.io/rhacm2/acm-prometheus-rhel9@sha256:4234bab8666dad7917cfcf10fdaed87b60e549ef6f8fb23d1760881d922e03e9"}
2024-10-24T14:39:18.762Z	DEBUG	config	image replacement	{"componentName": "kube_state_metrics", "image": "registry.redhat.io/rhacm2/kube-state-metrics-rhel9@sha256:001d552710b7aa82dd460f906d840c7e32f6eed7882510c48b8ec4a7085ee2aa"}
2024-10-24T14:39:18.762Z	DEBUG	config	image replacement	{"componentName": "node_exporter", "image": "registry.redhat.io/rhacm2/node-exporter-rhel9@sha256:603dbc7b5dbfd86a289e5159bb159645ae3a2504ca0f60ddf4b81dc68686fee4"}
2024-10-24T14:39:18.762Z	DEBUG	config	image replacement	{"componentName": "kube_rbac_proxy", "image": "registry.redhat.io/rhacm2/kube-rbac-proxy-rhel9@sha256:c60a1d52359493a41b2b6f820d11716d67290e9b83dc18c16039dbc6f120e5f2"}
2024-10-24T14:39:18.762Z	DEBUG	config	image replacement	{"componentName": "metrics_collector", "image": "registry.redhat.io/rhacm2/metrics-collector-rhel9@sha256:6212529aca9b35102350887934901063c1f7837264f39a73ae13285bd871f60b"}
2024-10-24T14:39:18.762Z	DEBUG	config	image replacement	{"componentName": "prometheus", "image": "registry.redhat.io/rhacm2/prometheus-rhel9@sha256:098027730324408f1548bb874ace8e477a90b2fbe170c5a2ebe0cb956370e116"}
2024-10-24T14:39:18.762Z	DEBUG	config	image replacement	{"componentName": "prometheus_config_reloader", "image": "registry.redhat.io/rhacm2/acm-prometheus-config-reloader-rhel9@sha256:ab1632ec7aca478cf368e80ac9d98da3f2306a0cae8a4e9d29f95e149fd47ced"}
2024-10-24T14:39:18.762Z	DEBUG	config	the length of mch-image-manifest configmap	{"imageManifests": 47}
2024-10-24T14:39:18.762Z	INFO	controller_multiclustermonitoring	Reconciling MultiClusterObservability	{"Request.Namespace": "open-cluster-management", "Request.Name": "mch-updated-request"}
2024-10-24T14:39:18.763Z	DEBUG	config	image replacement	{"componentName": "endpoint_monitoring_operator", "image": "registry.redhat.io/rhacm2/endpoint-monitoring-rhel9-operator@sha256:d4f1566125857fb8374fe1935bf397a529d36b558fc6d504a6562c3b0dd5f3b5"}
2024-10-24T14:39:18.764Z	INFO	util	unable to get CRD with ApiextensionsV1 Client, not found.	{"CRD": "multiclusterglobalhubs.operator.open-cluster-management.io"}
2024-10-24T14:39:18.764Z	INFO	controller_placementrule	Monitoring operator should be installed in cluster	{"cluster_name": "managed-cluster-1", "request.name": "mch-updated-request", "request.namespace": "open-cluster-management", "openshiftVersion": "4.16.7"}
2024-10-24T14:39:18.764Z	INFO	controller_placementrule	observabilityaddon already existed/unchanged	{"namespace": "managed-cluster-1"}
2024-10-24T14:39:18.764Z	INFO	controller_placementrule	clusterrolebinding endpoint-observability-mco-rolebinding already existed/unchanged	{"namespace": "managed-cluster-1"}
2024-10-24T14:39:18.765Z	INFO	controller_placementrule	rolebinding endpoint-observability-res-rolebinding already existed/unchanged	{"namespace": "managed-cluster-1"}
2024-10-24T14:39:18.765Z	INFO	util	ManagedClusterAddOn is created or updated successfully	{"name": "observability-controller", "namespace": "managed-cluster-1"}
2024-10-24T14:39:18.765Z	INFO	controller_placementrule	Cluster: managed-cluster-1, Spec.NodeSelector (after): map[]
2024-10-24T14:39:18.765Z	INFO	controller_placementrule	Cluster: managed-cluster-1, Spec.Tolerations (after): []
2024-10-24T14:39:18.766Z	DEBUG	config	operand is	{"key": "grafana", "name": "observability-grafana"}
2024-10-24T14:39:18.766Z	DEBUG	config	image replacement	{"componentName": "grafana", "image": "registry.redhat.io/rhacm2/acm-grafana-rhel9@sha256:74ad9db2286eef85e6c278cad1840a144ab50e8db1fced736974432dc4b9e0dd"}
2024-10-24T14:39:18.766Z	DEBUG	config	image replacement	{"componentName": "grafana_dashboard_loader", "image": "registry.redhat.io/rhacm2/grafana-dashboard-loader-rhel9@sha256:e2ff942d47e7e703a5fb11a2aacaac610e53273c74284d3b6da88bc70b8e7b7a"}
2024-10-24T14:39:18.767Z	INFO	controller_placementrule	manifestwork already existed/unchanged	{"namespace": "managed-cluster-1"}
2024-10-24T14:39:18.767Z	INFO	controller_placementrule	Monitoring operator should be installed in cluster	{"cluster_name": "local-cluster", "request.name": "mch-updated-request", "request.namespace": "open-cluster-management", "openshiftVersion": "mimical"}
2024-10-24T14:39:18.767Z	INFO	controller_placementrule	clusterrolebinding endpoint-observability-mco-rolebinding already existed/unchanged	{"namespace": "open-cluster-management-observability"}
2024-10-24T14:39:18.767Z	INFO	controller_placementrule	rolebinding endpoint-observability-res-rolebinding already existed/unchanged	{"namespace": "open-cluster-management-observability"}
2024-10-24T14:39:18.767Z	INFO	util	ManagedClusterAddOn is created or updated successfully	{"name": "observability-controller", "namespace": "open-cluster-management-observability"}
2024-10-24T14:39:18.767Z	INFO	controller_placementrule	Cluster: local-cluster, Spec.NodeSelector (after): map[]
2024-10-24T14:39:18.767Z	INFO	controller_placementrule	Cluster: local-cluster, Spec.Tolerations (after): []
2024-10-24T14:39:18.767Z	INFO	controller_placementrule	Creating resource for hub metrics collection	{"cluster": "local-cluster"}
2024-10-24T14:39:18.767Z	INFO	controller_placementrule	Check Ismcoterminating	{"IsMCOTerminating": false}
2024-10-24T14:39:18.772Z	DEBUG	config	operand is	{"key": "alertmanager", "name": "observability-alertmanager"}
2024-10-24T14:39:18.772Z	DEBUG	config	operand is	{"key": "alertmanager", "name": "observability-alertmanager"}
2024-10-24T14:39:18.772Z	DEBUG	config	operand is	{"key": "alertmanager", "name": "observability-alertmanager"}
2024-10-24T14:39:18.772Z	DEBUG	config	operand is	{"key": "alertmanager", "name": "observability-alertmanager"}
2024-10-24T14:39:18.772Z	DEBUG	config	image replacement	{"componentName": "prometheus_alertmanager", "image": "registry.redhat.io/rhacm2/prometheus-alertmanager-rhel9@sha256:6429a938750a655c2081cf3d6021a7377f6a3aa5cd43587885d4d49a9e528ee4"}
2024-10-24T14:39:18.772Z	DEBUG	config	image replacement	{"componentName": "configmap_reloader", "image": "registry.redhat.io/openshift4/ose-configmap-reloader@sha256:fa5b2e42a27e3ab5f0a0d2a103b5602b81d1b29eb788b54cc60ad547744ad053"}
2024-10-24T14:39:18.775Z	DEBUG	config	image replacement	{"componentName": "kube_rbac_proxy", "image": "registry.redhat.io/rhacm2/kube-rbac-proxy-rhel9@sha256:c60a1d52359493a41b2b6f820d11716d67290e9b83dc18c16039dbc6f120e5f2"}
2024-10-24T14:39:18.778Z	DEBUG	config	operand is	{"key": "rbac-query-proxy", "name": "observability-rbac-query-proxy"}
2024-10-24T14:39:18.778Z	DEBUG	config	operand is	{"key": "observatorium", "name": "observability"}
2024-10-24T14:39:18.778Z	DEBUG	config	operand is	{"key": "observatorium", "name": "observability"}
2024-10-24T14:39:18.778Z	DEBUG	config	image replacement	{"componentName": "rbac_query_proxy", "image": "registry.redhat.io/rhacm2/rbac-query-proxy-rhel9@sha256:8a0b372f52004a9855d4d42c4bbd7d09d586e9d0fabdb73d525b1a23b030b1ed"}
2024-10-24T14:39:18.783Z	DEBUG	config	image replacement	{"componentName": "observatorium_operator", "image": "registry.redhat.io/rhacm2/observatorium-rhel9-operator@sha256:20bae12383bdb261dfbb7274975374fad90f4831ff9787a26aac626d26f1ef16"}
2024-10-24T14:39:18.783Z	DEBUG	config	operand is	{"key": "observatorium-operator", "name": "observability-observatorium-operator"}
2024-10-24T14:39:18.798Z	INFO	deploying	Skip creation	{"Kind": "/v1, Kind=ConfigMap", "Name": "observability-managed-cluster-label-allowlist"}
2024-10-24T14:39:18.808Z	INFO	deploying	Update	{"kind": "Secret", "kindVersion": "v1", "name": "grafana-config"}
W1024 14:39:19.129186       1 client_config.go:659] Neither --kubeconfig nor --master was specified.  Using the inClusterConfig.  This might not work.
2024/10/24 14:39:19 [INFO] signed certificate with serial number 415261290193189906686764425053125980684009344598
2024-10-24T14:39:19.189Z	INFO	deploying	Skip creation	{"Kind": "/v1, Kind=Secret", "Name": "alertmanager-config"}
2024-10-24T14:39:19.191Z	INFO	deploying	Skip creation	{"Kind": "/v1, Kind=Secret", "Name": "alertmanager-proxy"}
2024-10-24T14:39:19.202Z	INFO	deploying	Update	{"kind": "Secret", "kindVersion": "v1", "name": "alertmanager-kube-rbac-proxy-metric"}
2024-10-24T14:39:19.303Z	INFO	deploying	Skip creation	{"Kind": "/v1, Kind=Secret", "Name": "rbac-proxy-cookie-secret"}
2024-10-24T14:39:19.351Z	DEBUG	config	image replacement	{"componentName": "multicluster_observability_addon", "image": ""}
2024-10-24T14:39:19.351Z	DEBUG	config	operand is	{"key": "multicluster-observability-addon", "name": "observability-multicluster-observability-addon"}
2024-10-24T14:39:19.368Z	INFO	controller_certificates	CA secrets already existed	{"name": "observability-server-ca-certs"}
2024-10-24T14:39:19.368Z	INFO	controller_certificates	CA secrets already existed	{"name": "observability-client-ca-certs"}
2024-10-24T14:39:19.368Z	DEBUG	config	operand is	{"key": "observatorium", "name": "observability"}
2024-10-24T14:39:19.368Z	INFO	controller_certificates	Certificate secrets already existed	{"name": "observability-server-certs"}
2024-10-24T14:39:19.368Z	INFO	controller_certificates	Certificate secrets already existed	{"name": "observability-grafana-certs"}
2024-10-24T14:39:19.368Z	DEBUG	config	operand is	{"key": "observatorium", "name": "observability"}
2024-10-24T14:39:19.368Z	INFO	controller_multiclustermonitoring	storageClassSelected	{"storageClassSelected": "gp3-csi"}
2024-10-24T14:39:19.368Z	DEBUG	config	image replacement	{"componentName": "observatorium", "image": "registry.redhat.io/rhacm2/observatorium-rhel9@sha256:330c3274f16a34d79ba5ac53ddbd2fe47778aff9c01e8e26fdc5b753e634962f"}
2024-10-24T14:39:19.368Z	DEBUG	config	image replacement	{"componentName": "configmap_reloader", "image": "registry.redhat.io/openshift4/ose-configmap-reloader@sha256:fa5b2e42a27e3ab5f0a0d2a103b5602b81d1b29eb788b54cc60ad547744ad053"}
2024-10-24T14:39:19.368Z	DEBUG	config	image replacement	{"componentName": "memcached", "image": "registry.redhat.io/rhacm2/memcached-rhel9@sha256:9600034019ce695e89aecb6ac255d591b201fc40a7f3d9796f42d043f0340623"}
2024-10-24T14:39:19.368Z	DEBUG	config	image replacement	{"componentName": "memcached_exporter", "image": "registry.redhat.io/rhacm2/memcached-exporter-rhel9@sha256:2c6e39ecbeed3dc4d30225b9a2ed0840c6d41c032ee08d63c7f8f092f3ee81e6"}
2024-10-24T14:39:19.368Z	DEBUG	config	image replacement	{"componentName": "thanos_receive_controller", "image": "registry.redhat.io/rhacm2/thanos-receive-controller-rhel9@sha256:739292da294b1b536cfea4d4cb63bc39f95cb917695026b1660f9022a73d58ee"}
2024-10-24T14:39:19.368Z	DEBUG	config	image replacement	{"componentName": "memcached", "image": "registry.redhat.io/rhacm2/memcached-rhel9@sha256:9600034019ce695e89aecb6ac255d591b201fc40a7f3d9796f42d043f0340623"}
2024-10-24T14:39:19.368Z	DEBUG	config	image replacement	{"componentName": "memcached_exporter", "image": "registry.redhat.io/rhacm2/memcached-exporter-rhel9@sha256:2c6e39ecbeed3dc4d30225b9a2ed0840c6d41c032ee08d63c7f8f092f3ee81e6"}
2024-10-24T14:39:19.368Z	DEBUG	config	image replacement	{"componentName": "thanos", "image": "registry.redhat.io/rhacm2/thanos-rhel9@sha256:caf27fd686b2ae1d6cb0ebe02cf195a2e7caece3ac8bda0c0e88f92678da6bd2"}
2024-10-24T14:39:19.368Z	DEBUG	config	operand is	{"key": "observatorium", "name": "observability"}
2024-10-24T14:39:19.368Z	INFO	controller_multiclustermonitoring	Coleen Old observatorium CR spec	{"oldSpec": {"image":"registry.redhat.io/rhacm2/thanos-rhel9@sha256:caf27fd686b2ae1d6cb0ebe02cf195a2e7caece3ac8bda0c0e88f92678da6bd2","imagePullPolicy":"IfNotPresent","compact":{"replicas":1,"volumeClaimTemplate":{"spec":{"accessModes":["ReadWriteOnce"],"resources":{"requests":{"storage":"200Gi"}},"storageClassName":"gp3-csi"}},"retentionResolutionRaw":"365d","retentionResolution5m":"365d","retentionResolution1h":"365d","enableDownsampling":true,"resources":{"requests":{"cpu":"100m","memory":"512Mi"}},"serviceMonitor":true,"deleteDelay":"48h"},"receiveController":{"image":"registry.redhat.io/rhacm2/thanos-receive-controller-rhel9@sha256:739292da294b1b536cfea4d4cb63bc39f95cb917695026b1660f9022a73d58ee","imagePullPolicy":"IfNotPresent","version":"master-2022-04-01-b58820f","resources":{"requests":{"cpu":"4m","memory":"32Mi"}},"serviceMonitor":true},"receivers":{"replicas":3,"volumeClaimTemplate":{"spec":{"accessModes":["ReadWriteOnce"],"resources":{"requests":{"storage":"100Gi"}},"storageClassName":"gp3-csi"}},"replicationFactor":3,"resources":{"requests":{"cpu":"300m","memory":"512Mi"}},"serviceMonitor":true,"retention":"24h"},"queryFrontend":{"replicas":2,"resources":{"requests":{"cpu":"100m","memory":"256Mi"}},"serviceMonitor":true,"cache":{"image":"registry.redhat.io/rhacm2/memcached-rhel9@sha256:9600034019ce695e89aecb6ac255d591b201fc40a7f3d9796f42d043f0340623","imagePullPolicy":"IfNotPresent","version":"1.6.3-alpine","exporterImage":"registry.redhat.io/rhacm2/memcached-exporter-rhel9@sha256:2c6e39ecbeed3dc4d30225b9a2ed0840c6d41c032ee08d63c7f8f092f3ee81e6","exporterImagePullPolicy":"IfNotPresent","exporterVersion":"v0.9.0","replicas":3,"memoryLimitMb":1024,"maxItemSize":"1m","connectionLimit":1024,"resources":{"requests":{"cpu":"45m","memory":"128Mi"}},"exporterResources":{"requests":{"cpu":"5m","memory":"50Mi"}},"serviceMonitor":true}},"store":{"volumeClaimTemplate":{"spec":{"accessModes":["ReadWriteOnce"],"resources":{"requests":{"storage":"10Gi"}},"storageClassName":"gp3-csi"}},"shards":3,"cache":{"image":"registry.redhat.io/rhacm2/memcached-rhel9@sha256:9600034019ce695e89aecb6ac255d591b201fc40a7f3d9796f42d043f0340623","imagePullPolicy":"IfNotPresent","version":"1.6.3-alpine","exporterImage":"registry.redhat.io/rhacm2/memcached-exporter-rhel9@sha256:2c6e39ecbeed3dc4d30225b9a2ed0840c6d41c032ee08d63c7f8f092f3ee81e6","exporterImagePullPolicy":"IfNotPresent","exporterVersion":"v0.9.0","replicas":3,"memoryLimitMb":1024,"maxItemSize":"1m","connectionLimit":1024,"resources":{"requests":{"cpu":"45m","memory":"128Mi"}},"exporterResources":{"requests":{"cpu":"5m","memory":"50Mi"}},"serviceMonitor":true},"resources":{"requests":{"cpu":"100m","memory":"1Gi"}},"serviceMonitor":true},"rule":{"replicas":3,"volumeClaimTemplate":{"spec":{"accessModes":["ReadWriteOnce"],"resources":{"requests":{"storage":"1Gi"}},"storageClassName":"gp3-csi"}},"rulesConfig":[{"name":"thanos-ruler-default-rules","key":"default_rules.yaml"}],"extraVolumeMounts":[{"type":"configMap","mountPath":"/etc/thanos/configmaps/alertmanager-ca-bundle","name":"alertmanager-ca-bundle","key":"service-ca.crt"}],"alertmanagerConfigFile":{"name":"thanos-ruler-config","key":"config.yaml"},"reloaderImage":"registry.redhat.io/openshift4/ose-configmap-reloader@sha256:fa5b2e42a27e3ab5f0a0d2a103b5602b81d1b29eb788b54cc60ad547744ad053","reloaderImagePullPolicy":"IfNotPresent","resources":{"requests":{"cpu":"50m","memory":"512Mi"}},"reloaderResources":{"requests":{"cpu":"4m","memory":"25Mi"}},"serviceMonitor":true,"blockDuration":"2h","retention":"24h","evalInterval":"300s"},"query":{"replicas":2,"resources":{"requests":{"cpu":"300m","memory":"1Gi"}},"serviceMonitor":true,"lookbackDelta":"600s"}}}
2024-10-24T14:39:19.368Z	INFO	controller_multiclustermonitoring	Coleen New observatorium CR spec	{"newSpec": {"image":"registry.redhat.io/rhacm2/thanos-rhel9@sha256:caf27fd686b2ae1d6cb0ebe02cf195a2e7caece3ac8bda0c0e88f92678da6bd2","imagePullPolicy":"IfNotPresent","compact":{"replicas":1,"volumeClaimTemplate":{"spec":{"accessModes":["ReadWriteOnce"],"resources":{"requests":{"storage":"200Gi"}},"storageClassName":"gp3-csi"}},"retentionResolutionRaw":"365d","retentionResolution5m":"365d","retentionResolution1h":"365d","enableDownsampling":true,"resources":{"requests":{"cpu":"500m","memory":"1Gi"}},"serviceMonitor":true,"deleteDelay":"48h"},"receiveController":{"image":"registry.redhat.io/rhacm2/thanos-receive-controller-rhel9@sha256:739292da294b1b536cfea4d4cb63bc39f95cb917695026b1660f9022a73d58ee","imagePullPolicy":"IfNotPresent","version":"master-2022-04-01-b58820f","resources":{"requests":{"cpu":"4m","memory":"32Mi"}},"serviceMonitor":true},"receivers":{"replicas":3,"volumeClaimTemplate":{"spec":{"accessModes":["ReadWriteOnce"],"resources":{"requests":{"storage":"100Gi"}},"storageClassName":"gp3-csi"}},"replicationFactor":3,"resources":{"requests":{"cpu":"300m","memory":"512Mi"}},"serviceMonitor":true,"retention":"24h"},"queryFrontend":{"replicas":2,"resources":{"requests":{"cpu":"100m","memory":"256Mi"}},"serviceMonitor":true,"cache":{"image":"registry.redhat.io/rhacm2/memcached-rhel9@sha256:9600034019ce695e89aecb6ac255d591b201fc40a7f3d9796f42d043f0340623","imagePullPolicy":"IfNotPresent","version":"1.6.3-alpine","exporterImage":"registry.redhat.io/rhacm2/memcached-exporter-rhel9@sha256:2c6e39ecbeed3dc4d30225b9a2ed0840c6d41c032ee08d63c7f8f092f3ee81e6","exporterImagePullPolicy":"IfNotPresent","exporterVersion":"v0.9.0","replicas":3,"memoryLimitMb":1024,"maxItemSize":"1m","connectionLimit":1024,"resources":{"requests":{"cpu":"45m","memory":"128Mi"}},"exporterResources":{"requests":{"cpu":"5m","memory":"50Mi"}},"serviceMonitor":true}},"store":{"volumeClaimTemplate":{"spec":{"accessModes":["ReadWriteOnce"],"resources":{"requests":{"storage":"10Gi"}},"storageClassName":"gp3-csi"}},"shards":3,"cache":{"image":"registry.redhat.io/rhacm2/memcached-rhel9@sha256:9600034019ce695e89aecb6ac255d591b201fc40a7f3d9796f42d043f0340623","imagePullPolicy":"IfNotPresent","version":"1.6.3-alpine","exporterImage":"registry.redhat.io/rhacm2/memcached-exporter-rhel9@sha256:2c6e39ecbeed3dc4d30225b9a2ed0840c6d41c032ee08d63c7f8f092f3ee81e6","exporterImagePullPolicy":"IfNotPresent","exporterVersion":"v0.9.0","replicas":3,"memoryLimitMb":1024,"maxItemSize":"1m","connectionLimit":1024,"resources":{"requests":{"cpu":"45m","memory":"128Mi"}},"exporterResources":{"requests":{"cpu":"5m","memory":"50Mi"}},"serviceMonitor":true},"resources":{"requests":{"cpu":"100m","memory":"1Gi"}},"serviceMonitor":true},"rule":{"replicas":3,"volumeClaimTemplate":{"spec":{"accessModes":["ReadWriteOnce"],"resources":{"requests":{"storage":"2Gi"}},"storageClassName":"gp3-csi"}},"rulesConfig":[{"name":"thanos-ruler-default-rules","key":"default_rules.yaml"}],"extraVolumeMounts":[{"type":"configMap","mountPath":"/etc/thanos/configmaps/alertmanager-ca-bundle","name":"alertmanager-ca-bundle","key":"service-ca.crt"}],"alertmanagerConfigFile":{"name":"thanos-ruler-config","key":"config.yaml"},"reloaderImage":"registry.redhat.io/openshift4/ose-configmap-reloader@sha256:fa5b2e42a27e3ab5f0a0d2a103b5602b81d1b29eb788b54cc60ad547744ad053","reloaderImagePullPolicy":"IfNotPresent","resources":{"requests":{"cpu":"50m","memory":"512Mi"}},"reloaderResources":{"requests":{"cpu":"4m","memory":"25Mi"}},"serviceMonitor":true,"blockDuration":"2h","retention":"24h","evalInterval":"300s"},"query":{"replicas":2,"resources":{"requests":{"cpu":"300m","memory":"1Gi"}},"serviceMonitor":true,"lookbackDelta":"600s"}}}
2024-10-24T14:39:19.370Z	INFO	controller_multiclustermonitoring	StorageVersionMigration already existed/unchanged	{"name": "storage-version-migration-observability"}
2024-10-24T14:39:19.370Z	DEBUG	controller_multiclustermonitoring	status update goroutine is triggered.
2024-10-24T14:39:19.942Z	DEBUG	controller_multiclustermonitoring	check status ready goroutine is triggered.
E1024 14:39:21.408201       1 reflector.go:158] "Unhandled Error" err="pkg/mod/k8s.io/client-go@v0.31.0-alpha.2/tools/cache/reflector.go:243: Failed to watch *v1.ImageStream: unknown (get imagestreams.image.openshift.io)" logger="UnhandledError"
2024-10-24T14:39:21.945Z	DEBUG	controller_multiclustermonitoring	check status ready goroutine is triggered.
W1024 14:39:22.435290       1 reflector.go:561] pkg/mod/k8s.io/client-go@v0.31.0-alpha.2/tools/cache/reflector.go:243: failed to list *v1.ImageStream: imagestreams.image.openshift.io is forbidden: User "system:serviceaccount:open-cluster-management:multicluster-observability-operator" cannot list resource "imagestreams" in API group "image.openshift.io" at the cluster scope
E1024 14:39:22.435340       1 reflector.go:158] "Unhandled Error" err="pkg/mod/k8s.io/client-go@v0.31.0-alpha.2/tools/cache/reflector.go:243: Failed to watch *v1.ImageStream: failed to list *v1.ImageStream: imagestreams.image.openshift.io is forbidden: User \"system:serviceaccount:open-cluster-management:multicluster-observability-operator\" cannot list resource \"imagestreams\" in API group \"image.openshift.io\" at the cluster scope" logger="UnhandledError"
2024-10-24T14:39:23.948Z	DEBUG	controller_multiclustermonitoring	check status ready goroutine is triggered.
W1024 14:39:25.636889       1 reflector.go:561] pkg/mod/k8s.io/client-go@v0.31.0-alpha.2/tools/cache/reflector.go:243: failed to list *v1.ImageStream: imagestreams.image.openshift.io is forbidden: User "system:serviceaccount:open-cluster-management:multicluster-observability-operator" cannot list resource "imagestreams" in API group "image.openshift.io" at the cluster scope
E1024 14:39:25.636953       1 reflector.go:158] "Unhandled Error" err="pkg/mod/k8s.io/client-go@v0.31.0-alpha.2/tools/cache/reflector.go:243: Failed to watch *v1.ImageStream: failed to list *v1.ImageStream: imagestreams.image.openshift.io is forbidden: User \"system:serviceaccount:open-cluster-management:multicluster-observability-operator\" cannot list resource \"imagestreams\" in API group \"image.openshift.io\" at the cluster scope" logger="UnhandledError"
2024-10-24T14:39:25.950Z	DEBUG	controller_multiclustermonitoring	check status ready goroutine is triggered.
2024-10-24T14:39:27.952Z	DEBUG	controller_multiclustermonitoring	check status ready goroutine is triggered.
2024-10-24T14:39:29.954Z	DEBUG	controller_multiclustermonitoring	check status ready goroutine is triggered.
W1024 14:39:30.814167       1 reflector.go:561] pkg/mod/k8s.io/client-go@v0.31.0-alpha.2/tools/cache/reflector.go:243: failed to list *v1.ImageStream: imagestreams.image.openshift.io is forbidden: User "system:serviceaccount:open-cluster-management:multicluster-observability-operator" cannot list resource "imagestreams" in API group "image.openshift.io" at the cluster scope
E1024 14:39:30.814214       1 reflector.go:158] "Unhandled Error" err="pkg/mod/k8s.io/client-go@v0.31.0-alpha.2/tools/cache/reflector.go:243: Failed to watch *v1.ImageStream: failed to list *v1.ImageStream: imagestreams.image.openshift.io is forbidden: User \"system:serviceaccount:open-cluster-management:multicluster-observability-operator\" cannot list resource \"imagestreams\" in API group \"image.openshift.io\" at the cluster scope" logger="UnhandledError"
2024-10-24T14:39:31.957Z	DEBUG	controller_multiclustermonitoring	check status ready goroutine is triggered.
2024-10-24T14:39:33.959Z	DEBUG	controller_multiclustermonitoring	check status ready goroutine is triggered.
2024-10-24T14:39:35.962Z	DEBUG	controller_multiclustermonitoring	check status ready goroutine is triggered.
2024-10-24T14:39:37.965Z	DEBUG	controller_multiclustermonitoring	check status ready goroutine is triggered.
2024-10-24T14:39:39.967Z	DEBUG	controller_multiclustermonitoring	check status ready goroutine is triggered.
2024-10-24T14:39:41.970Z	DEBUG	controller_multiclustermonitoring	check status ready goroutine is triggered.
W1024 14:39:42.193666       1 reflector.go:561] pkg/mod/k8s.io/client-go@v0.31.0-alpha.2/tools/cache/reflector.go:243: failed to list *v1.ImageStream: imagestreams.image.openshift.io is forbidden: User "system:serviceaccount:open-cluster-management:multicluster-observability-operator" cannot list resource "imagestreams" in API group "image.openshift.io" at the cluster scope
E1024 14:39:42.193722       1 reflector.go:158] "Unhandled Error" err="pkg/mod/k8s.io/client-go@v0.31.0-alpha.2/tools/cache/reflector.go:243: Failed to watch *v1.ImageStream: failed to list *v1.ImageStream: imagestreams.image.openshift.io is forbidden: User \"system:serviceaccount:open-cluster-management:multicluster-observability-operator\" cannot list resource \"imagestreams\" in API group \"image.openshift.io\" at the cluster scope" logger="UnhandledError"
2024-10-24T14:39:43.974Z	DEBUG	controller_multiclustermonitoring	check status ready goroutine is triggered.
2024-10-24T14:39:45.976Z	DEBUG	controller_multiclustermonitoring	check status ready goroutine is triggered.
2024-10-24T14:39:47.979Z	DEBUG	controller_multiclustermonitoring	check status ready goroutine is triggered.
2024-10-24T14:39:49.981Z	DEBUG	controller_multiclustermonitoring	check status ready goroutine is triggered.
2024-10-24T14:39:51.983Z	DEBUG	controller_multiclustermonitoring	check status ready goroutine is triggered.
2024-10-24T14:39:53.987Z	DEBUG	controller_multiclustermonitoring	check status ready goroutine is triggered.
2024-10-24T14:39:55.989Z	DEBUG	controller_multiclustermonitoring	check status ready goroutine is triggered.
2024-10-24T14:39:57.994Z	DEBUG	controller_multiclustermonitoring	check status ready goroutine is triggered.
2024-10-24T14:39:59.997Z	DEBUG	controller_multiclustermonitoring	check status ready goroutine is triggered.
2024-10-24T14:40:02.000Z	DEBUG	controller_multiclustermonitoring	check status ready goroutine is triggered.
W1024 14:40:02.964335       1 reflector.go:561] pkg/mod/k8s.io/client-go@v0.31.0-alpha.2/tools/cache/reflector.go:243: failed to list *v1.ImageStream: imagestreams.image.openshift.io is forbidden: User "system:serviceaccount:open-cluster-management:multicluster-observability-operator" cannot list resource "imagestreams" in API group "image.openshift.io" at the cluster scope
E1024 14:40:02.964382       1 reflector.go:158] "Unhandled Error" err="pkg/mod/k8s.io/client-go@v0.31.0-alpha.2/tools/cache/reflector.go:243: Failed to watch *v1.ImageStream: failed to list *v1.ImageStream: imagestreams.image.openshift.io is forbidden: User \"system:serviceaccount:open-cluster-management:multicluster-observability-operator\" cannot list resource \"imagestreams\" in API group \"image.openshift.io\" at the cluster scope" logger="UnhandledError"
2024-10-24T14:40:04.002Z	DEBUG	controller_multiclustermonitoring	check status ready goroutine is triggered.
2024-10-24T14:40:06.004Z	DEBUG	controller_multiclustermonitoring	check status ready goroutine is triggered.
2024-10-24T14:40:08.009Z	DEBUG	controller_multiclustermonitoring	check status ready goroutine is triggered.
2024-10-24T14:40:10.012Z	DEBUG	controller_multiclustermonitoring	check status ready goroutine is triggered.
2024-10-24T14:40:12.015Z	DEBUG	controller_multiclustermonitoring	check status ready goroutine is triggered.
2024-10-24T14:40:14.017Z	DEBUG	controller_multiclustermonitoring	check status ready goroutine is triggered.
2024-10-24T14:40:16.020Z	DEBUG	controller_multiclustermonitoring	check status ready goroutine is triggered.
2024-10-24T14:40:18.025Z	DEBUG	controller_multiclustermonitoring	check status ready goroutine is triggered.
2024-10-24T14:40:20.027Z	DEBUG	controller_multiclustermonitoring	check status ready goroutine is triggered.
2024-10-24T14:40:22.029Z	DEBUG	controller_multiclustermonitoring	check status ready goroutine is triggered.
2024-10-24T14:40:24.032Z	DEBUG	controller_multiclustermonitoring	check status ready goroutine is triggered.
2024-10-24T14:40:26.035Z	DEBUG	controller_multiclustermonitoring	check status ready goroutine is triggered.
2024-10-24T14:40:28.039Z	DEBUG	controller_multiclustermonitoring	check status ready goroutine is triggered.
2024-10-24T14:40:30.042Z	DEBUG	controller_multiclustermonitoring	check status ready goroutine is triggered.
2024-10-24T14:40:32.044Z	DEBUG	controller_multiclustermonitoring	check status ready goroutine is triggered.
2024-10-24T14:40:34.047Z	DEBUG	controller_multiclustermonitoring	check status ready goroutine is triggered.
2024-10-24T14:40:36.050Z	DEBUG	controller_multiclustermonitoring	check status ready goroutine is triggered.
2024-10-24T14:40:38.054Z	DEBUG	controller_multiclustermonitoring	check status ready goroutine is triggered.
2024-10-24T14:40:40.057Z	DEBUG	controller_multiclustermonitoring	check status ready goroutine is triggered.
2024-10-24T14:40:42.060Z	DEBUG	controller_multiclustermonitoring	check status ready goroutine is triggered.
W1024 14:40:42.503789       1 reflector.go:561] pkg/mod/k8s.io/client-go@v0.31.0-alpha.2/tools/cache/reflector.go:243: failed to list *v1.ImageStream: imagestreams.image.openshift.io is forbidden: User "system:serviceaccount:open-cluster-management:multicluster-observability-operator" cannot list resource "imagestreams" in API group "image.openshift.io" at the cluster scope
E1024 14:40:42.503846       1 reflector.go:158] "Unhandled Error" err="pkg/mod/k8s.io/client-go@v0.31.0-alpha.2/tools/cache/reflector.go:243: Failed to watch *v1.ImageStream: failed to list *v1.ImageStream: imagestreams.image.openshift.io is forbidden: User \"system:serviceaccount:open-cluster-management:multicluster-observability-operator\" cannot list resource \"imagestreams\" in API group \"image.openshift.io\" at the cluster scope" logger="UnhandledError"
2024-10-24T14:40:44.062Z	DEBUG	controller_multiclustermonitoring	check status ready goroutine is triggered.
2024-10-24T14:40:46.065Z	DEBUG	controller_multiclustermonitoring	check status ready goroutine is triggered.
2024-10-24T14:40:48.069Z	DEBUG	controller_multiclustermonitoring	check status ready goroutine is triggered.
2024-10-24T14:40:50.071Z	DEBUG	controller_multiclustermonitoring	check status ready goroutine is triggered.
2024-10-24T14:40:52.073Z	DEBUG	controller_multiclustermonitoring	check status ready goroutine is triggered.
2024-10-24T14:40:54.075Z	DEBUG	controller_multiclustermonitoring	check status ready goroutine is triggered.
2024-10-24T14:40:56.078Z	DEBUG	controller_multiclustermonitoring	check status ready goroutine is triggered.
2024-10-24T14:40:58.083Z	DEBUG	controller_multiclustermonitoring	check status ready goroutine is triggered.
2024-10-24T14:41:00.087Z	DEBUG	controller_multiclustermonitoring	check status ready goroutine is triggered.
2024-10-24T14:41:02.089Z	DEBUG	controller_multiclustermonitoring	check status ready goroutine is triggered.
2024-10-24T14:41:04.093Z	DEBUG	controller_multiclustermonitoring	check status ready goroutine is triggered.
2024-10-24T14:41:06.095Z	DEBUG	controller_multiclustermonitoring	check status ready goroutine is triggered.
2024-10-24T14:41:08.100Z	DEBUG	controller_multiclustermonitoring	check status ready goroutine is triggered.
2024-10-24T14:41:10.104Z	DEBUG	controller_multiclustermonitoring	check status ready goroutine is triggered.
2024-10-24T14:41:12.107Z	DEBUG	controller_multiclustermonitoring	check status ready goroutine is triggered.
2024-10-24T14:41:14.110Z	DEBUG	controller_multiclustermonitoring	check status ready goroutine is triggered.
2024-10-24T14:41:16.112Z	DEBUG	controller_multiclustermonitoring	check status ready goroutine is triggered.
2024-10-24T14:41:18.118Z	DEBUG	controller_multiclustermonitoring	check status ready goroutine is triggered.
2024-10-24T14:41:20.120Z	DEBUG	controller_multiclustermonitoring	check status ready goroutine is triggered.
2024-10-24T14:41:22.123Z	DEBUG	controller_multiclustermonitoring	check status ready goroutine is triggered.
2024-10-24T14:41:24.129Z	DEBUG	controller_multiclustermonitoring	check status ready goroutine is triggered.
2024-10-24T14:41:26.131Z	DEBUG	controller_multiclustermonitoring	check status ready goroutine is triggered.
2024-10-24T14:41:28.135Z	DEBUG	controller_multiclustermonitoring	check status ready goroutine is triggered.
2024-10-24T14:41:30.138Z	DEBUG	controller_multiclustermonitoring	check status ready goroutine is triggered.
W1024 14:41:30.698755       1 reflector.go:561] pkg/mod/k8s.io/client-go@v0.31.0-alpha.2/tools/cache/reflector.go:243: failed to list *v1.ImageStream: imagestreams.image.openshift.io is forbidden: User "system:serviceaccount:open-cluster-management:multicluster-observability-operator" cannot list resource "imagestreams" in API group "image.openshift.io" at the cluster scope
E1024 14:41:30.698808       1 reflector.go:158] "Unhandled Error" err="pkg/mod/k8s.io/client-go@v0.31.0-alpha.2/tools/cache/reflector.go:243: Failed to watch *v1.ImageStream: failed to list *v1.ImageStream: imagestreams.image.openshift.io is forbidden: User \"system:serviceaccount:open-cluster-management:multicluster-observability-operator\" cannot list resource \"imagestreams\" in API group \"image.openshift.io\" at the cluster scope" logger="UnhandledError"
2024-10-24T14:41:32.141Z	DEBUG	controller_multiclustermonitoring	check status ready goroutine is triggered.
2024-10-24T14:41:34.143Z	DEBUG	controller_multiclustermonitoring	check status ready goroutine is triggered.
2024-10-24T14:41:36.146Z	DEBUG	controller_multiclustermonitoring	check status ready goroutine is triggered.
2024-10-24T14:41:38.152Z	DEBUG	controller_multiclustermonitoring	check status ready goroutine is triggered.
2024-10-24T14:41:40.156Z	DEBUG	controller_multiclustermonitoring	check status ready goroutine is triggered.
2024-10-24T14:41:42.159Z	DEBUG	controller_multiclustermonitoring	check status ready goroutine is triggered.
2024-10-24T14:41:44.161Z	DEBUG	controller_multiclustermonitoring	check status ready goroutine is triggered.
2024-10-24T14:41:46.165Z	DEBUG	controller_multiclustermonitoring	check status ready goroutine is triggered.
2024-10-24T14:41:48.169Z	DEBUG	controller_multiclustermonitoring	check status ready goroutine is triggered.
2024-10-24T14:41:50.172Z	DEBUG	controller_multiclustermonitoring	check status ready goroutine is triggered.
2024-10-24T14:41:52.175Z	DEBUG	controller_multiclustermonitoring	check status ready goroutine is triggered.
2024-10-24T14:41:54.177Z	DEBUG	controller_multiclustermonitoring	check status ready goroutine is triggered.
2024-10-24T14:41:56.180Z	DEBUG	controller_multiclustermonitoring	check status ready goroutine is triggered.
2024-10-24T14:41:58.185Z	DEBUG	controller_multiclustermonitoring	check status ready goroutine is triggered.
2024-10-24T14:42:00.188Z	DEBUG	controller_multiclustermonitoring	check status ready goroutine is triggered.
2024-10-24T14:42:02.191Z	DEBUG	controller_multiclustermonitoring	check status ready goroutine is triggered.
2024-10-24T14:42:04.194Z	DEBUG	controller_multiclustermonitoring	check status ready goroutine is triggered.
2024-10-24T14:42:06.197Z	DEBUG	controller_multiclustermonitoring	check status ready goroutine is triggered.
2024-10-24T14:42:08.202Z	DEBUG	controller_multiclustermonitoring	check status ready goroutine is triggered.
2024-10-24T14:42:10.204Z	DEBUG	controller_multiclustermonitoring	check status ready goroutine is triggered.
2024-10-24T14:42:12.207Z	DEBUG	controller_multiclustermonitoring	check status ready goroutine is triggered.
2024-10-24T14:42:14.210Z	DEBUG	controller_multiclustermonitoring	check status ready goroutine is triggered.
2024-10-24T14:42:16.212Z	DEBUG	controller_multiclustermonitoring	check status ready goroutine is triggered.
2024-10-24T14:42:18.216Z	DEBUG	controller_multiclustermonitoring	check status ready goroutine is triggered.
2024-10-24T14:42:20.218Z	DEBUG	controller_multiclustermonitoring	check status ready goroutine is triggered.
2024-10-24T14:42:22.221Z	DEBUG	controller_multiclustermonitoring	check status ready goroutine is triggered.
2024-10-24T14:42:24.223Z	DEBUG	controller_multiclustermonitoring	check status ready goroutine is triggered.
